
> @rightfit/database@1.0.0 build
> tsc

../../apps/api/src/middleware/__tests__/auth.test.ts(6,71): error TS2307: Cannot find module '../../../../tests/setup/test-helpers' or its corresponding type declarations.
../../apps/api/src/middleware/requireServiceProvider.ts(2,24): error TS2307: Cannot find module '@rightfit/database' or its corresponding type declarations.
../../apps/api/src/routes/certificates.ts(5,33): error TS2307: Cannot find module '@rightfit/database' or its corresponding type declarations.
../../apps/api/src/routes/cleaning-contracts.ts(5,24): error TS2307: Cannot find module '@rightfit/database' or its corresponding type declarations.
../../apps/api/src/routes/cleaning-quotes.ts(4,24): error TS2307: Cannot find module '@rightfit/database' or its corresponding type declarations.
../../apps/api/src/routes/cleaning-timesheets.ts(90,45): error TS7006: Parameter 'ts' implicitly has an 'any' type.
../../apps/api/src/routes/navigation.ts(12,24): error TS2307: Cannot find module '@rightfit/database' or its corresponding type declarations.
../../apps/api/src/routes/navigation.ts(180,11): error TS6133: 'userId' is declared but its value is never read.
../../apps/api/src/routes/notifications.ts(2,30): error TS2307: Cannot find module '@rightfit/database' or its corresponding type declarations.
../../apps/api/src/routes/uploads.ts(11,17): error TS6133: 'req' is declared but its value is never read.
../../apps/api/src/routes/uploads.ts(11,22): error TS6133: 'file' is declared but its value is never read.
../../apps/api/src/routes/uploads.ts(19,14): error TS6133: 'req' is declared but its value is never read.
../../apps/api/src/routes/uploads.ts(29,21): error TS6133: 'req' is declared but its value is never read.
../../apps/api/src/routes/workers.ts(9,24): error TS2307: Cannot find module '@rightfit/database' or its corresponding type declarations.
../../apps/api/src/services/AuthService.ts(1,24): error TS2307: Cannot find module '@rightfit/database' or its corresponding type declarations.
../../apps/api/src/services/AuthService.ts(118,7): error TS2353: Object literal may only specify known properties, and 'service_provider_id' does not exist in type 'AuthResponse'.
../../apps/api/src/services/CertificatesService.ts(1,60): error TS2307: Cannot find module '@rightfit/database' or its corresponding type declarations.
../../apps/api/src/services/CertificatesService.ts(154,30): error TS7006: Parameter 'cert' implicitly has an 'any' type.
../../apps/api/src/services/CertificatesService.ts(303,30): error TS7006: Parameter 'cert' implicitly has an 'any' type.
../../apps/api/src/services/CertificatesService.ts(334,30): error TS7006: Parameter 'cert' implicitly has an 'any' type.
../../apps/api/src/services/ChecklistTemplatesService.ts(1,24): error TS2307: Cannot find module '@rightfit/database' or its corresponding type declarations.
../../apps/api/src/services/CleaningContractService.ts(115,22): error TS2353: Object literal may only specify known properties, and 'billing_period_start' does not exist in type 'CleaningInvoiceOrderByWithRelationInput | CleaningInvoiceOrderByWithRelationInput[]'.
../../apps/api/src/services/CleaningInvoiceService.ts(1,24): error TS2307: Cannot find module '@rightfit/database' or its corresponding type declarations.
../../apps/api/src/services/CleaningJobHistoryService.ts(1,46): error TS2307: Cannot find module '@rightfit/database' or its corresponding type declarations.
../../apps/api/src/services/CleaningJobTimesheetService.ts(1,24): error TS2307: Cannot find module '@rightfit/database' or its corresponding type declarations.
../../apps/api/src/services/CleaningJobTimesheetService.ts(317,43): error TS7006: Parameter 'sum' implicitly has an 'any' type.
../../apps/api/src/services/CleaningJobTimesheetService.ts(317,48): error TS7006: Parameter 't' implicitly has an 'any' type.
../../apps/api/src/services/CleaningJobTimesheetService.ts(321,46): error TS7006: Parameter 't' implicitly has an 'any' type.
../../apps/api/src/services/CleaningJobsService.ts(1,24): error TS2307: Cannot find module '@rightfit/database' or its corresponding type declarations.
../../apps/api/src/services/CleaningQuoteService.ts(1,24): error TS2307: Cannot find module '@rightfit/database' or its corresponding type declarations.
../../apps/api/src/services/ContractorsService.ts(1,42): error TS2307: Cannot find module '@rightfit/database' or its corresponding type declarations.
../../apps/api/src/services/CustomerPortalService.ts(1,24): error TS2307: Cannot find module '@rightfit/database' or its corresponding type declarations.
../../apps/api/src/services/CustomerPortalService.ts(410,41): error TS7006: Parameter 'p' implicitly has an 'any' type.
../../apps/api/src/services/CustomerPortalService.ts(529,41): error TS7006: Parameter 'p' implicitly has an 'any' type.
../../apps/api/src/services/CustomerPortalService.ts(895,15): error TS7006: Parameter 'inv' implicitly has an 'any' type.
../../apps/api/src/services/CustomerPortalService.ts(896,16): error TS7006: Parameter 'sum' implicitly has an 'any' type.
../../apps/api/src/services/CustomerPortalService.ts(896,21): error TS7006: Parameter 'inv' implicitly has an 'any' type.
../../apps/api/src/services/CustomerPortalService.ts(899,15): error TS7006: Parameter 'inv' implicitly has an 'any' type.
../../apps/api/src/services/CustomerPortalService.ts(903,16): error TS7006: Parameter 'sum' implicitly has an 'any' type.
../../apps/api/src/services/CustomerPortalService.ts(903,21): error TS7006: Parameter 'inv' implicitly has an 'any' type.
../../apps/api/src/services/CustomerPortalService.ts(906,15): error TS7006: Parameter 'inv' implicitly has an 'any' type.
../../apps/api/src/services/CustomerPortalService.ts(907,16): error TS7006: Parameter 'sum' implicitly has an 'any' type.
../../apps/api/src/services/CustomerPortalService.ts(907,21): error TS7006: Parameter 'inv' implicitly has an 'any' type.
../../apps/api/src/services/CustomerPropertiesService.ts(1,24): error TS2307: Cannot find module '@rightfit/database' or its corresponding type declarations.
../../apps/api/src/services/CustomerPropertiesService.ts(36,17): error TS6133: 'getServiceProviderId' is declared but its value is never read.
../../apps/api/src/services/CustomerPropertiesService.ts(262,22): error TS7006: Parameter 'link' implicitly has an 'any' type.
../../apps/api/src/services/CustomersService.ts(1,52): error TS2307: Cannot find module '@rightfit/database' or its corresponding type declarations.
../../apps/api/src/services/FinancialService.ts(1,41): error TS2307: Cannot find module '@rightfit/database' or its corresponding type declarations.
../../apps/api/src/services/FinancialService.ts(208,16): error TS7006: Parameter 't' implicitly has an 'any' type.
../../apps/api/src/services/FinancialService.ts(209,16): error TS7006: Parameter 'sum' implicitly has an 'any' type.
../../apps/api/src/services/FinancialService.ts(209,21): error TS7006: Parameter 't' implicitly has an 'any' type.
../../apps/api/src/services/FinancialService.ts(212,16): error TS7006: Parameter 't' implicitly has an 'any' type.
../../apps/api/src/services/FinancialService.ts(213,16): error TS7006: Parameter 'sum' implicitly has an 'any' type.
../../apps/api/src/services/FinancialService.ts(213,21): error TS7006: Parameter 't' implicitly has an 'any' type.
../../apps/api/src/services/FinancialService.ts(218,16): error TS7006: Parameter 't' implicitly has an 'any' type.
../../apps/api/src/services/FinancialService.ts(219,17): error TS7006: Parameter 't' implicitly has an 'any' type.
../../apps/api/src/services/FinancialService.ts(391,41): error TS7006: Parameter 'sum' implicitly has an 'any' type.
../../apps/api/src/services/FinancialService.ts(391,46): error TS7006: Parameter 'e' implicitly has an 'any' type.
../../apps/api/src/services/FinancialService.ts(475,36): error TS7006: Parameter 't' implicitly has an 'any' type.
../../apps/api/src/services/GlobalActivityService.ts(1,24): error TS2307: Cannot find module '@rightfit/database' or its corresponding type declarations.
../../apps/api/src/services/GlobalActivityService.ts(72,29): error TS7006: Parameter 'entry' implicitly has an 'any' type.
../../apps/api/src/services/GlobalActivityService.ts(75,24): error TS7006: Parameter 'entry' implicitly has an 'any' type.
../../apps/api/src/services/GlobalActivityService.ts(85,27): error TS7006: Parameter 'entry' implicitly has an 'any' type.
../../apps/api/src/services/GlobalActivityService.ts(147,48): error TS7006: Parameter 'p' implicitly has an 'any' type.
../../apps/api/src/services/GlobalActivityService.ts(148,43): error TS7006: Parameter 'w' implicitly has an 'any' type.
../../apps/api/src/services/GlobalActivityService.ts(149,61): error TS7006: Parameter 'sp' implicitly has an 'any' type.
../../apps/api/src/services/GlobalActivityService.ts(153,15): error TS7006: Parameter 'entry' implicitly has an 'any' type.
../../apps/api/src/services/GlobalActivityService.ts(155,37): error TS2339: Property 'customer' does not exist on type '{}'.
../../apps/api/src/services/GlobalActivityService.ts(157,12): error TS7006: Parameter 'entry' implicitly has an 'any' type.
../../apps/api/src/services/GlobalActivityService.ts(167,35): error TS2339: Property 'property_name' does not exist on type '{}'.
../../apps/api/src/services/GlobalActivityService.ts(173,15): error TS7006: Parameter 'entry' implicitly has an 'any' type.
../../apps/api/src/services/GlobalActivityService.ts(176,37): error TS2339: Property 'customer' does not exist on type '{}'.
../../apps/api/src/services/GlobalActivityService.ts(178,12): error TS7006: Parameter 'entry' implicitly has an 'any' type.
../../apps/api/src/services/GlobalActivityService.ts(184,23): error TS2339: Property 'first_name' does not exist on type '{}'.
../../apps/api/src/services/GlobalActivityService.ts(184,44): error TS2339: Property 'last_name' does not exist on type '{}'.
../../apps/api/src/services/GlobalActivityService.ts(196,36): error TS2339: Property 'property_name' does not exist on type '{}'.
../../apps/api/src/services/GlobalActivityService.ts(204,15): error TS7006: Parameter 'entry' implicitly has an 'any' type.
../../apps/api/src/services/GlobalActivityService.ts(207,51): error TS2339: Property 'tenant_id' does not exist on type '{}'.
../../apps/api/src/services/GlobalActivityService.ts(209,12): error TS7006: Parameter 'entry' implicitly has an 'any' type.
../../apps/api/src/services/GlobalActivityService.ts(300,44): error TS7006: Parameter 'j' implicitly has an 'any' type.
../../apps/api/src/services/GlobalActivityService.ts(426,48): error TS7006: Parameter 'p' implicitly has an 'any' type.
../../apps/api/src/services/GlobalActivityService.ts(427,43): error TS7006: Parameter 'w' implicitly has an 'any' type.
../../apps/api/src/services/GlobalActivityService.ts(428,61): error TS7006: Parameter 'sp' implicitly has an 'any' type.
../../apps/api/src/services/GlobalActivityService.ts(434,37): error TS2339: Property 'customer' does not exist on type '{}'.
../../apps/api/src/services/GlobalActivityService.ts(446,35): error TS2339: Property 'property_name' does not exist on type '{}'.
../../apps/api/src/services/GlobalActivityService.ts(455,37): error TS2339: Property 'customer' does not exist on type '{}'.
../../apps/api/src/services/GlobalActivityService.ts(463,23): error TS2339: Property 'first_name' does not exist on type '{}'.
../../apps/api/src/services/GlobalActivityService.ts(463,44): error TS2339: Property 'last_name' does not exist on type '{}'.
../../apps/api/src/services/GlobalActivityService.ts(475,36): error TS2339: Property 'property_name' does not exist on type '{}'.
../../apps/api/src/services/GlobalActivityService.ts(486,51): error TS2339: Property 'tenant_id' does not exist on type '{}'.
../../apps/api/src/services/GuestAIService.ts(1,24): error TS2307: Cannot find module '@rightfit/database' or its corresponding type declarations.
../../apps/api/src/services/GuestAIService.ts(388,45): error TS7006: Parameter 'a' implicitly has an 'any' type.
../../apps/api/src/services/GuestIssuesService.ts(1,24): error TS2307: Cannot find module '@rightfit/database' or its corresponding type declarations.
../../apps/api/src/services/InvoiceService.ts(1,24): error TS2307: Cannot find module '@rightfit/database' or its corresponding type declarations.
../../apps/api/src/services/NavigationService.ts(17,24): error TS2307: Cannot find module '@rightfit/database' or its corresponding type declarations.
../../apps/api/src/services/NavigationService.ts(259,29): error TS2339: Property 'encode' does not exist on type 'typeof import("/home/orrox/projects/rightfit-cleaning-staging/node_modules/@types/open-location-code/index")'.
../../apps/api/src/services/NavigationService.ts(266,38): error TS2339: Property 'decode' does not exist on type 'typeof import("/home/orrox/projects/rightfit-cleaning-staging/node_modules/@types/open-location-code/index")'.
../../apps/api/src/services/NavigationService.ts(387,50): error TS7006: Parameter 'property' implicitly has an 'any' type.
../../apps/api/src/services/NavigationService.ts(409,9): error TS7006: Parameter 'job' implicitly has an 'any' type.
../../apps/api/src/services/NavigationService.ts(414,10): error TS7006: Parameter 'a' implicitly has an 'any' type.
../../apps/api/src/services/NavigationService.ts(414,13): error TS7006: Parameter 'b' implicitly has an 'any' type.
../../apps/api/src/services/NavigationService.ts(440,35): error TS7006: Parameter 'a' implicitly has an 'any' type.
../../apps/api/src/services/NavigationService.ts(440,38): error TS7006: Parameter 'b' implicitly has an 'any' type.
../../apps/api/src/services/NotificationService.ts(1,30): error TS2307: Cannot find module '@rightfit/database' or its corresponding type declarations.
../../apps/api/src/services/PhotosService.ts(1,49): error TS2307: Cannot find module '@rightfit/database' or its corresponding type declarations.
../../apps/api/src/services/PropertiesService.ts(1,24): error TS2307: Cannot find module '@rightfit/database' or its corresponding type declarations.
../../apps/api/src/services/PropertiesService.ts(41,47): error TS7006: Parameter 'p' implicitly has an 'any' type.
../../apps/api/src/services/PropertiesService.ts(99,53): error TS7006: Parameter 'share' implicitly has an 'any' type.
../../apps/api/src/services/PropertyCalendarService.ts(44,9): error TS2353: Object literal may only specify known properties, and 'guest_checkout_datetime' does not exist in type 'Without<PropertyCalendarCreateInput, PropertyCalendarUncheckedCreateInput> & PropertyCalendarUncheckedCreateInput'.
../../apps/api/src/services/PropertyCalendarService.ts(98,9): error TS2353: Object literal may only specify known properties, and 'guest_checkout_datetime' does not exist in type 'PropertyCalendarOrderByWithRelationInput | PropertyCalendarOrderByWithRelationInput[]'.
../../apps/api/src/services/PropertyCalendarService.ts(116,9): error TS2353: Object literal may only specify known properties, and 'guest_checkout_datetime' does not exist in type 'PropertyCalendarWhereInput'.
../../apps/api/src/services/PropertyCalendarService.ts(129,9): error TS2353: Object literal may only specify known properties, and 'guest_checkout_datetime' does not exist in type 'PropertyCalendarOrderByWithRelationInput | PropertyCalendarOrderByWithRelationInput[]'.
../../apps/api/src/services/PropertyCalendarService.ts(145,9): error TS2353: Object literal may only specify known properties, and 'cleaning_job_id' does not exist in type 'PropertyCalendarWhereInput'.
../../apps/api/src/services/PropertyCalendarService.ts(166,9): error TS2353: Object literal may only specify known properties, and 'clean_window_end' does not exist in type 'PropertyCalendarOrderByWithRelationInput | PropertyCalendarOrderByWithRelationInput[]'.
../../apps/api/src/services/PropertyCalendarService.ts(185,20): error TS2339: Property 'guest_checkout_datetime' does not exist on type '{ property: { id: string; address: string; created_at: Date; updated_at: Date; is_active: boolean; property_name: string; customer_id: string; postcode: string; property_type: string; ... 21 more ...; geocoded_at: Date | null; }; } & { ...; }'.
../../apps/api/src/services/PropertyCalendarService.ts(188,20): error TS2339: Property 'next_guest_checkin_datetime' does not exist on type '{ property: { id: string; address: string; created_at: Date; updated_at: Date; is_active: boolean; property_name: string; customer_id: string; postcode: string; property_type: string; ... 21 more ...; geocoded_at: Date | null; }; } & { ...; }'.
../../apps/api/src/services/PropertyCalendarService.ts(250,9): error TS2353: Object literal may only specify known properties, and 'guest_checkout_datetime' does not exist in type 'PropertyCalendarWhereInput'.
../../apps/api/src/services/PropertyCalendarService.ts(259,9): error TS2353: Object literal may only specify known properties, and 'guest_checkout_datetime' does not exist in type 'PropertyCalendarOrderByWithRelationInput | PropertyCalendarOrderByWithRelationInput[]'.
../../apps/api/src/services/PropertyCalendarService.ts(273,32): error TS2339: Property 'guest_checkout_datetime' does not exist on type '{ property: { id: string; address: string; created_at: Date; updated_at: Date; is_active: boolean; property_name: string; customer_id: string; postcode: string; property_type: string; ... 21 more ...; geocoded_at: Date | null; }; } & { ...; }'.
../../apps/api/src/services/PropertyCalendarService.ts(274,31): error TS2339: Property 'next_guest_checkin_datetime' does not exist on type '{ property: { id: string; address: string; created_at: Date; updated_at: Date; is_active: boolean; property_name: string; customer_id: string; postcode: string; property_type: string; ... 21 more ...; geocoded_at: Date | null; }; } & { ...; }'.
../../apps/api/src/services/PropertyCalendarService.ts(298,11): error TS2353: Object literal may only specify known properties, and 'guest_checkout_datetime' does not exist in type 'PropertyCalendarWhereInput'.
../../apps/api/src/services/PropertyCalendarService.ts(306,11): error TS2353: Object literal may only specify known properties, and 'guest_checkout_datetime' does not exist in type 'PropertyCalendarWhereInput'.
../../apps/api/src/services/PropertyCalendarService.ts(314,11): error TS2353: Object literal may only specify known properties, and 'cleaning_job_id' does not exist in type 'PropertyCalendarWhereInput'.
../../apps/api/src/services/PropertyCalendarService.ts(324,11): error TS2353: Object literal may only specify known properties, and 'cleaning_job_id' does not exist in type 'PropertyCalendarWhereInput'.
../../apps/api/src/services/PropertyHistoryService.ts(1,51): error TS2307: Cannot find module '@rightfit/database' or its corresponding type declarations.
../../apps/api/src/services/PropertySharesService.ts(1,24): error TS2305: Module '"@prisma/client"' has no exported member 'ShareType'.
../../apps/api/src/services/PropertySharesService.ts(51,33): error TS2339: Property 'propertyShare' does not exist on type 'PrismaClient<PrismaClientOptions, never, DefaultArgs>'.
../../apps/api/src/services/PropertySharesService.ts(89,32): error TS2339: Property 'propertyShare' does not exist on type 'PrismaClient<PrismaClientOptions, never, DefaultArgs>'.
../../apps/api/src/services/PropertySharesService.ts(139,40): error TS2339: Property 'propertyShare' does not exist on type 'PrismaClient<PrismaClientOptions, never, DefaultArgs>'.
../../apps/api/src/services/PropertySharesService.ts(154,27): error TS2339: Property 'propertyShare' does not exist on type 'PrismaClient<PrismaClientOptions, never, DefaultArgs>'.
../../apps/api/src/services/PropertySharesService.ts(180,32): error TS2339: Property 'propertyShare' does not exist on type 'PrismaClient<PrismaClientOptions, never, DefaultArgs>'.
../../apps/api/src/services/PropertySharesService.ts(210,32): error TS2339: Property 'propertyShare' does not exist on type 'PrismaClient<PrismaClientOptions, never, DefaultArgs>'.
../../apps/api/src/services/PropertySharesService.ts(221,34): error TS2339: Property 'propertyShare' does not exist on type 'PrismaClient<PrismaClientOptions, never, DefaultArgs>'.
../../apps/api/src/services/PropertySharesService.ts(249,32): error TS2339: Property 'propertyShare' does not exist on type 'PrismaClient<PrismaClientOptions, never, DefaultArgs>'.
../../apps/api/src/services/PropertySharesService.ts(260,18): error TS2339: Property 'propertyShare' does not exist on type 'PrismaClient<PrismaClientOptions, never, DefaultArgs>'.
../../apps/api/src/services/PropertySharesService.ts(286,33): error TS2339: Property 'propertyShare' does not exist on type 'PrismaClient<PrismaClientOptions, never, DefaultArgs>'.
../../apps/api/src/services/PropertySharesService.ts(336,41): error TS2339: Property 'propertyShare' does not exist on type 'PrismaClient<PrismaClientOptions, never, DefaultArgs>'.
../../apps/api/src/services/PushNotificationService.ts(1,48): error TS2307: Cannot find module '@rightfit/database' or its corresponding type declarations.
../../apps/api/src/services/PushNotificationService.ts(55,56): error TS7006: Parameter 'device' implicitly has an 'any' type.
../../apps/api/src/services/QuotesService.ts(1,24): error TS2307: Cannot find module '@rightfit/database' or its corresponding type declarations.
../../apps/api/src/services/ServicesService.ts(1,24): error TS2307: Cannot find module '@rightfit/database' or its corresponding type declarations.
../../apps/api/src/services/TenantService.ts(1,24): error TS2307: Cannot find module '@rightfit/database' or its corresponding type declarations.
../../apps/api/src/services/TenantService.ts(380,33): error TS7006: Parameter 'pt' implicitly has an 'any' type.
../../apps/api/src/services/TrafficService.ts(178,61): error TS7053: Element implicitly has an 'any' type because expression of type '1' can't be used to index type 'Number'.
  Property '1' does not exist on type 'Number'.
../../apps/api/src/services/TrafficService.ts(179,61): error TS7053: Element implicitly has an 'any' type because expression of type '0' can't be used to index type 'Number'.
  Property '0' does not exist on type 'Number'.
../../apps/api/src/services/WeatherService.ts(47,11): error TS6196: 'WeatherAlert' is declared but never used.
../../apps/api/src/services/WorkerAvailabilityService.ts(1,24): error TS2307: Cannot find module '@rightfit/database' or its corresponding type declarations.
../../apps/api/src/services/WorkerCertificatesService.ts(1,49): error TS2307: Cannot find module '@rightfit/database' or its corresponding type declarations.
../../apps/api/src/services/WorkerIssuesService.ts(1,24): error TS2307: Cannot find module '@rightfit/database' or its corresponding type declarations.
../../apps/api/src/services/WorkerIssuesService.ts(191,11): error TS6133: 'maintenanceJob' is declared but its value is never read.
../../apps/api/src/services/WorkerPhotosService.ts(1,30): error TS2307: Cannot find module '@rightfit/database' or its corresponding type declarations.
../../apps/api/src/services/WorkerPhotosService.ts(53,13): error TS6133: 'photoId' is declared but its value is never read.
../../apps/api/src/services/WorkersService.ts(1,24): error TS2307: Cannot find module '@rightfit/database' or its corresponding type declarations.
../../apps/api/src/services/__tests__/AuthService.test.ts(2,24): error TS2307: Cannot find module '@rightfit/database' or its corresponding type declarations.
../../apps/api/src/services/__tests__/CleaningJobsService.test.ts(8,28): error TS2307: Cannot find module '../../__mocks__/prisma' or its corresponding type declarations.
../../apps/api/src/services/__tests__/CleaningJobsService.test.ts(34,36): error TS2554: Expected 2 arguments, but got 1.
../../apps/api/src/services/__tests__/CleaningJobsService.test.ts(54,28): error TS2554: Expected 2 arguments, but got 1.
../../apps/api/src/services/__tests__/CleaningJobsService.test.ts(73,36): error TS2554: Expected 2 arguments, but got 1.
../../apps/api/src/services/__tests__/CleaningJobsService.test.ts(98,36): error TS2339: Property 'findById' does not exist on type 'CleaningJobsService'.
../../apps/api/src/services/__tests__/CleaningJobsService.test.ts(110,36): error TS2339: Property 'findById' does not exist on type 'CleaningJobsService'.
../../apps/api/src/services/__tests__/CleaningJobsService.test.ts(209,36): error TS2554: Expected 3-4 arguments, but got 2.
../../apps/api/src/services/__tests__/CleaningJobsService.test.ts(229,21): error TS2554: Expected 2 arguments, but got 1.
../../apps/api/src/services/__tests__/CleaningJobsService.test.ts(247,36): error TS2339: Property 'assignWorker' does not exist on type 'CleaningJobsService'.
../../apps/api/src/services/__tests__/CleaningJobsService.test.ts(272,36): error TS2339: Property 'markComplete' does not exist on type 'CleaningJobsService'.
../../apps/api/src/services/__tests__/PropertiesService.test.ts(2,24): error TS2307: Cannot find module '@rightfit/database' or its corresponding type declarations.
../../apps/api/src/services/__tests__/PushNotificationService.test.ts(36,34): error TS2307: Cannot find module '@rightfit/database' or its corresponding type declarations.
../../apps/api/src/services/__tests__/WorkOrdersService.test.ts(44,31): error TS2307: Cannot find module '../WorkOrdersService' or its corresponding type declarations.
../../apps/api/src/utils/idGenerator.ts(1,24): error TS2307: Cannot find module '@rightfit/database' or its corresponding type declarations.
../../apps/api/src/utils/storage.ts(15,17): error TS6133: 'req' is declared but its value is never read.
../../apps/api/src/utils/storage.ts(15,31): error TS6133: 'file' is declared but its value is never read.
../../apps/api/src/utils/storage.ts(31,21): error TS6133: 'req' is declared but its value is never read.
../../apps/web-cleaning/src/App.tsx(2,30): error TS6142: Module './contexts/AuthContext' was resolved to '/home/orrox/projects/rightfit-cleaning-staging/apps/web-cleaning/src/contexts/AuthContext.tsx', but '--jsx' is not set.
../../apps/web-cleaning/src/App.tsx(3,31): error TS6142: Module './contexts/ThemeContext' was resolved to '/home/orrox/projects/rightfit-cleaning-staging/apps/web-cleaning/src/contexts/ThemeContext.tsx', but '--jsx' is not set.
../../apps/web-cleaning/src/App.tsx(6,28): error TS6142: Module './components/ProtectedRoute' was resolved to '/home/orrox/projects/rightfit-cleaning-staging/apps/web-cleaning/src/components/ProtectedRoute.tsx', but '--jsx' is not set.
../../apps/web-cleaning/src/App.tsx(7,19): error TS6142: Module './pages/Login' was resolved to '/home/orrox/projects/rightfit-cleaning-staging/apps/web-cleaning/src/pages/Login.tsx', but '--jsx' is not set.
../../apps/web-cleaning/src/App.tsx(8,22): error TS6142: Module './pages/Register' was resolved to '/home/orrox/projects/rightfit-cleaning-staging/apps/web-cleaning/src/pages/Register.tsx', but '--jsx' is not set.
../../apps/web-cleaning/src/App.tsx(9,31): error TS6142: Module './pages/dashboards/CleaningDashboard' was resolved to '/home/orrox/projects/rightfit-cleaning-staging/apps/web-cleaning/src/pages/dashboards/CleaningDashboard.tsx', but '--jsx' is not set.
../../apps/web-cleaning/src/App.tsx(10,26): error TS6142: Module './pages/cleaning/CleaningJobs' was resolved to '/home/orrox/projects/rightfit-cleaning-staging/apps/web-cleaning/src/pages/cleaning/CleaningJobs.tsx', but '--jsx' is not set.
../../apps/web-cleaning/src/App.tsx(11,31): error TS6142: Module './pages/cleaning/CreateCleaningJob' was resolved to '/home/orrox/projects/rightfit-cleaning-staging/apps/web-cleaning/src/pages/cleaning/CreateCleaningJob.tsx', but '--jsx' is not set.
../../apps/web-cleaning/src/App.tsx(12,32): error TS6142: Module './pages/cleaning/CleaningJobDetails' was resolved to '/home/orrox/projects/rightfit-cleaning-staging/apps/web-cleaning/src/pages/cleaning/CleaningJobDetails.tsx', but '--jsx' is not set.
../../apps/web-cleaning/src/App.tsx(13,24): error TS6142: Module './pages/Properties' was resolved to '/home/orrox/projects/rightfit-cleaning-staging/apps/web-cleaning/src/pages/Properties.tsx', but '--jsx' is not set.
../../apps/web-cleaning/src/App.tsx(14,29): error TS6142: Module './pages/PropertyDetails' was resolved to '/home/orrox/projects/rightfit-cleaning-staging/apps/web-cleaning/src/pages/PropertyDetails.tsx', but '--jsx' is not set.
../../apps/web-cleaning/src/App.tsx(15,25): error TS6142: Module './pages/AddProperty' was resolved to '/home/orrox/projects/rightfit-cleaning-staging/apps/web-cleaning/src/pages/AddProperty.tsx', but '--jsx' is not set.
../../apps/web-cleaning/src/App.tsx(16,26): error TS6142: Module './pages/EditProperty' was resolved to '/home/orrox/projects/rightfit-cleaning-staging/apps/web-cleaning/src/pages/EditProperty.tsx', but '--jsx' is not set.
../../apps/web-cleaning/src/App.tsx(17,23): error TS6142: Module './pages/Customers' was resolved to '/home/orrox/projects/rightfit-cleaning-staging/apps/web-cleaning/src/pages/Customers.tsx', but '--jsx' is not set.
../../apps/web-cleaning/src/App.tsx(18,29): error TS6142: Module './pages/CustomerDetails' was resolved to '/home/orrox/projects/rightfit-cleaning-staging/apps/web-cleaning/src/pages/CustomerDetails.tsx', but '--jsx' is not set.
../../apps/web-cleaning/src/App.tsx(19,25): error TS6142: Module './pages/AddCustomer' was resolved to '/home/orrox/projects/rightfit-cleaning-staging/apps/web-cleaning/src/pages/AddCustomer.tsx', but '--jsx' is not set.
../../apps/web-cleaning/src/App.tsx(20,26): error TS6142: Module './pages/EditCustomer' was resolved to '/home/orrox/projects/rightfit-cleaning-staging/apps/web-cleaning/src/pages/EditCustomer.tsx', but '--jsx' is not set.
../../apps/web-cleaning/src/App.tsx(21,22): error TS6142: Module './pages/Invoices' was resolved to '/home/orrox/projects/rightfit-cleaning-staging/apps/web-cleaning/src/pages/Invoices.tsx', but '--jsx' is not set.
../../apps/web-cleaning/src/App.tsx(22,28): error TS6142: Module './pages/InvoiceDetails' was resolved to '/home/orrox/projects/rightfit-cleaning-staging/apps/web-cleaning/src/pages/InvoiceDetails.tsx', but '--jsx' is not set.
../../apps/web-cleaning/src/App.tsx(23,27): error TS6142: Module './pages/CreateInvoice' was resolved to '/home/orrox/projects/rightfit-cleaning-staging/apps/web-cleaning/src/pages/CreateInvoice.tsx', but '--jsx' is not set.
../../apps/web-cleaning/src/App.tsx(24,25): error TS6142: Module './pages/EditInvoice' was resolved to '/home/orrox/projects/rightfit-cleaning-staging/apps/web-cleaning/src/pages/EditInvoice.tsx', but '--jsx' is not set.
../../apps/web-cleaning/src/App.tsx(25,20): error TS6142: Module './pages/Quotes' was resolved to '/home/orrox/projects/rightfit-cleaning-staging/apps/web-cleaning/src/pages/Quotes.tsx', but '--jsx' is not set.
../../apps/web-cleaning/src/App.tsx(26,26): error TS6142: Module './pages/QuoteDetails' was resolved to '/home/orrox/projects/rightfit-cleaning-staging/apps/web-cleaning/src/pages/QuoteDetails.tsx', but '--jsx' is not set.
../../apps/web-cleaning/src/App.tsx(27,25): error TS6142: Module './pages/CreateQuote' was resolved to '/home/orrox/projects/rightfit-cleaning-staging/apps/web-cleaning/src/pages/CreateQuote.tsx', but '--jsx' is not set.
../../apps/web-cleaning/src/App.tsx(28,23): error TS6142: Module './pages/EditQuote' was resolved to '/home/orrox/projects/rightfit-cleaning-staging/apps/web-cleaning/src/pages/EditQuote.tsx', but '--jsx' is not set.
../../apps/web-cleaning/src/App.tsx(29,21): error TS6142: Module './pages/Workers' was resolved to '/home/orrox/projects/rightfit-cleaning-staging/apps/web-cleaning/src/pages/Workers.tsx', but '--jsx' is not set.
../../apps/web-cleaning/src/App.tsx(30,27): error TS6142: Module './pages/WorkerDetails' was resolved to '/home/orrox/projects/rightfit-cleaning-staging/apps/web-cleaning/src/pages/WorkerDetails.tsx', but '--jsx' is not set.
../../apps/web-cleaning/src/App.tsx(31,23): error TS6142: Module './pages/Financial' was resolved to '/home/orrox/projects/rightfit-cleaning-staging/apps/web-cleaning/src/pages/Financial.tsx', but '--jsx' is not set.
../../apps/web-cleaning/src/App.tsx(32,26): error TS6142: Module './pages/Certificates' was resolved to '/home/orrox/projects/rightfit-cleaning-staging/apps/web-cleaning/src/pages/Certificates.tsx', but '--jsx' is not set.
../../apps/web-cleaning/src/App.tsx(33,31): error TS6142: Module './pages/CleaningContracts' was resolved to '/home/orrox/projects/rightfit-cleaning-staging/apps/web-cleaning/src/pages/CleaningContracts.tsx', but '--jsx' is not set.
../../apps/web-cleaning/src/App.tsx(34,29): error TS6142: Module './pages/ContractDetails' was resolved to '/home/orrox/projects/rightfit-cleaning-staging/apps/web-cleaning/src/pages/ContractDetails.tsx', but '--jsx' is not set.
../../apps/web-cleaning/src/App.tsx(35,28): error TS6142: Module './pages/CreateContract' was resolved to '/home/orrox/projects/rightfit-cleaning-staging/apps/web-cleaning/src/pages/CreateContract.tsx', but '--jsx' is not set.
../../apps/web-cleaning/src/App.tsx(36,30): error TS6142: Module './pages/PropertyCalendar' was resolved to '/home/orrox/projects/rightfit-cleaning-staging/apps/web-cleaning/src/pages/PropertyCalendar.tsx', but '--jsx' is not set.
../../apps/web-cleaning/src/App.tsx(37,32): error TS6142: Module './pages/ChecklistTemplates' was resolved to '/home/orrox/projects/rightfit-cleaning-staging/apps/web-cleaning/src/pages/ChecklistTemplates.tsx', but '--jsx' is not set.
../../apps/web-cleaning/src/App.tsx(38,32): error TS6142: Module './pages/WorkerAccessDenied' was resolved to '/home/orrox/projects/rightfit-cleaning-staging/apps/web-cleaning/src/pages/WorkerAccessDenied.tsx', but '--jsx' is not set.
../../apps/web-cleaning/src/App.tsx(39,27): error TS6142: Module './pages/WorkerReports' was resolved to '/home/orrox/projects/rightfit-cleaning-staging/apps/web-cleaning/src/pages/WorkerReports.tsx', but '--jsx' is not set.
../../apps/web-cleaning/src/App.tsx(43,5): error TS17004: Cannot use JSX unless the '--jsx' flag is provided.
../../apps/web-cleaning/src/App.tsx(44,7): error TS17004: Cannot use JSX unless the '--jsx' flag is provided.
../../apps/web-cleaning/src/App.tsx(45,9): error TS17004: Cannot use JSX unless the '--jsx' flag is provided.
../../apps/web-cleaning/src/App.tsx(46,11): error TS17004: Cannot use JSX unless the '--jsx' flag is provided.
../../apps/web-cleaning/src/App.tsx(47,11): error TS17004: Cannot use JSX unless the '--jsx' flag is provided.
../../apps/web-cleaning/src/App.tsx(48,13): error TS17004: Cannot use JSX unless the '--jsx' flag is provided.
../../apps/web-cleaning/src/App.tsx(48,43): error TS17004: Cannot use JSX unless the '--jsx' flag is provided.
../../apps/web-cleaning/src/App.tsx(49,13): error TS17004: Cannot use JSX unless the '--jsx' flag is provided.
../../apps/web-cleaning/src/App.tsx(49,46): error TS17004: Cannot use JSX unless the '--jsx' flag is provided.
../../apps/web-cleaning/src/App.tsx(50,13): error TS17004: Cannot use JSX unless the '--jsx' flag is provided.
../../apps/web-cleaning/src/App.tsx(50,58): error TS17004: Cannot use JSX unless the '--jsx' flag is provided.
../../apps/web-cleaning/src/App.tsx(51,13): error TS17004: Cannot use JSX unless the '--jsx' flag is provided.
../../apps/web-cleaning/src/App.tsx(54,17): error TS17004: Cannot use JSX unless the '--jsx' flag is provided.
../../apps/web-cleaning/src/App.tsx(55,19): error TS17004: Cannot use JSX unless the '--jsx' flag is provided.
../../apps/web-cleaning/src/App.tsx(56,21): error TS17004: Cannot use JSX unless the '--jsx' flag is provided.
../../apps/web-cleaning/src/App.tsx(61,13): error TS17004: Cannot use JSX unless the '--jsx' flag is provided.
../../apps/web-cleaning/src/App.tsx(64,17): error TS17004: Cannot use JSX unless the '--jsx' flag is provided.
../../apps/web-cleaning/src/App.tsx(65,19): error TS17004: Cannot use JSX unless the '--jsx' flag is provided.
../../apps/web-cleaning/src/App.tsx(66,21): error TS17004: Cannot use JSX unless the '--jsx' flag is provided.
../../apps/web-cleaning/src/App.tsx(71,13): error TS17004: Cannot use JSX unless the '--jsx' flag is provided.
../../apps/web-cleaning/src/App.tsx(74,17): error TS17004: Cannot use JSX unless the '--jsx' flag is provided.
../../apps/web-cleaning/src/App.tsx(75,19): error TS17004: Cannot use JSX unless the '--jsx' flag is provided.
../../apps/web-cleaning/src/App.tsx(76,21): error TS17004: Cannot use JSX unless the '--jsx' flag is provided.
../../apps/web-cleaning/src/App.tsx(81,13): error TS17004: Cannot use JSX unless the '--jsx' flag is provided.
../../apps/web-cleaning/src/App.tsx(84,17): error TS17004: Cannot use JSX unless the '--jsx' flag is provided.
../../apps/web-cleaning/src/App.tsx(85,19): error TS17004: Cannot use JSX unless the '--jsx' flag is provided.
../../apps/web-cleaning/src/App.tsx(86,21): error TS17004: Cannot use JSX unless the '--jsx' flag is provided.
../../apps/web-cleaning/src/App.tsx(91,13): error TS17004: Cannot use JSX unless the '--jsx' flag is provided.
../../apps/web-cleaning/src/App.tsx(94,17): error TS17004: Cannot use JSX unless the '--jsx' flag is provided.
../../apps/web-cleaning/src/App.tsx(95,19): error TS17004: Cannot use JSX unless the '--jsx' flag is provided.
../../apps/web-cleaning/src/App.tsx(96,21): error TS17004: Cannot use JSX unless the '--jsx' flag is provided.
../../apps/web-cleaning/src/App.tsx(101,13): error TS17004: Cannot use JSX unless the '--jsx' flag is provided.
../../apps/web-cleaning/src/App.tsx(104,17): error TS17004: Cannot use JSX unless the '--jsx' flag is provided.
../../apps/web-cleaning/src/App.tsx(105,19): error TS17004: Cannot use JSX unless the '--jsx' flag is provided.
../../apps/web-cleaning/src/App.tsx(106,21): error TS17004: Cannot use JSX unless the '--jsx' flag is provided.
../../apps/web-cleaning/src/App.tsx(111,13): error TS17004: Cannot use JSX unless the '--jsx' flag is provided.
../../apps/web-cleaning/src/App.tsx(114,17): error TS17004: Cannot use JSX unless the '--jsx' flag is provided.
../../apps/web-cleaning/src/App.tsx(115,19): error TS17004: Cannot use JSX unless the '--jsx' flag is provided.
../../apps/web-cleaning/src/App.tsx(116,21): error TS17004: Cannot use JSX unless the '--jsx' flag is provided.
../../apps/web-cleaning/src/App.tsx(121,13): error TS17004: Cannot use JSX unless the '--jsx' flag is provided.
../../apps/web-cleaning/src/App.tsx(124,17): error TS17004: Cannot use JSX unless the '--jsx' flag is provided.
../../apps/web-cleaning/src/App.tsx(125,19): error TS17004: Cannot use JSX unless the '--jsx' flag is provided.
../../apps/web-cleaning/src/App.tsx(126,21): error TS17004: Cannot use JSX unless the '--jsx' flag is provided.
../../apps/web-cleaning/src/App.tsx(131,13): error TS17004: Cannot use JSX unless the '--jsx' flag is provided.
../../apps/web-cleaning/src/App.tsx(134,17): error TS17004: Cannot use JSX unless the '--jsx' flag is provided.
../../apps/web-cleaning/src/App.tsx(135,19): error TS17004: Cannot use JSX unless the '--jsx' flag is provided.
../../apps/web-cleaning/src/App.tsx(136,21): error TS17004: Cannot use JSX unless the '--jsx' flag is provided.
../../apps/web-cleaning/src/App.tsx(141,13): error TS17004: Cannot use JSX unless the '--jsx' flag is provided.
../../apps/web-cleaning/src/App.tsx(144,17): error TS17004: Cannot use JSX unless the '--jsx' flag is provided.
../../apps/web-cleaning/src/App.tsx(145,19): error TS17004: Cannot use JSX unless the '--jsx' flag is provided.
../../apps/web-cleaning/src/App.tsx(146,21): error TS17004: Cannot use JSX unless the '--jsx' flag is provided.
../../apps/web-cleaning/src/App.tsx(151,13): error TS17004: Cannot use JSX unless the '--jsx' flag is provided.
../../apps/web-cleaning/src/App.tsx(154,17): error TS17004: Cannot use JSX unless the '--jsx' flag is provided.
../../apps/web-cleaning/src/App.tsx(155,19): error TS17004: Cannot use JSX unless the '--jsx' flag is provided.
../../apps/web-cleaning/src/App.tsx(156,21): error TS17004: Cannot use JSX unless the '--jsx' flag is provided.
../../apps/web-cleaning/src/App.tsx(161,13): error TS17004: Cannot use JSX unless the '--jsx' flag is provided.
../../apps/web-cleaning/src/App.tsx(164,17): error TS17004: Cannot use JSX unless the '--jsx' flag is provided.
../../apps/web-cleaning/src/App.tsx(165,19): error TS17004: Cannot use JSX unless the '--jsx' flag is provided.
../../apps/web-cleaning/src/App.tsx(166,21): error TS17004: Cannot use JSX unless the '--jsx' flag is provided.
../../apps/web-cleaning/src/App.tsx(171,13): error TS17004: Cannot use JSX unless the '--jsx' flag is provided.
../../apps/web-cleaning/src/App.tsx(174,17): error TS17004: Cannot use JSX unless the '--jsx' flag is provided.
../../apps/web-cleaning/src/App.tsx(175,19): error TS17004: Cannot use JSX unless the '--jsx' flag is provided.
../../apps/web-cleaning/src/App.tsx(176,21): error TS17004: Cannot use JSX unless the '--jsx' flag is provided.
../../apps/web-cleaning/src/App.tsx(181,13): error TS17004: Cannot use JSX unless the '--jsx' flag is provided.
../../apps/web-cleaning/src/App.tsx(184,17): error TS17004: Cannot use JSX unless the '--jsx' flag is provided.
../../apps/web-cleaning/src/App.tsx(185,19): error TS17004: Cannot use JSX unless the '--jsx' flag is provided.
../../apps/web-cleaning/src/App.tsx(186,21): error TS17004: Cannot use JSX unless the '--jsx' flag is provided.
../../apps/web-cleaning/src/App.tsx(191,13): error TS17004: Cannot use JSX unless the '--jsx' flag is provided.
../../apps/web-cleaning/src/App.tsx(194,17): error TS17004: Cannot use JSX unless the '--jsx' flag is provided.
../../apps/web-cleaning/src/App.tsx(195,19): error TS17004: Cannot use JSX unless the '--jsx' flag is provided.
../../apps/web-cleaning/src/App.tsx(196,21): error TS17004: Cannot use JSX unless the '--jsx' flag is provided.
../../apps/web-cleaning/src/App.tsx(201,13): error TS17004: Cannot use JSX unless the '--jsx' flag is provided.
../../apps/web-cleaning/src/App.tsx(204,17): error TS17004: Cannot use JSX unless the '--jsx' flag is provided.
../../apps/web-cleaning/src/App.tsx(205,19): error TS17004: Cannot use JSX unless the '--jsx' flag is provided.
../../apps/web-cleaning/src/App.tsx(206,21): error TS17004: Cannot use JSX unless the '--jsx' flag is provided.
../../apps/web-cleaning/src/App.tsx(211,13): error TS17004: Cannot use JSX unless the '--jsx' flag is provided.
../../apps/web-cleaning/src/App.tsx(214,17): error TS17004: Cannot use JSX unless the '--jsx' flag is provided.
../../apps/web-cleaning/src/App.tsx(215,19): error TS17004: Cannot use JSX unless the '--jsx' flag is provided.
../../apps/web-cleaning/src/App.tsx(216,21): error TS17004: Cannot use JSX unless the '--jsx' flag is provided.
../../apps/web-cleaning/src/App.tsx(221,13): error TS17004: Cannot use JSX unless the '--jsx' flag is provided.
../../apps/web-cleaning/src/App.tsx(224,17): error TS17004: Cannot use JSX unless the '--jsx' flag is provided.
../../apps/web-cleaning/src/App.tsx(225,19): error TS17004: Cannot use JSX unless the '--jsx' flag is provided.
../../apps/web-cleaning/src/App.tsx(226,21): error TS17004: Cannot use JSX unless the '--jsx' flag is provided.
../../apps/web-cleaning/src/App.tsx(231,13): error TS17004: Cannot use JSX unless the '--jsx' flag is provided.
../../apps/web-cleaning/src/App.tsx(234,17): error TS17004: Cannot use JSX unless the '--jsx' flag is provided.
../../apps/web-cleaning/src/App.tsx(235,19): error TS17004: Cannot use JSX unless the '--jsx' flag is provided.
../../apps/web-cleaning/src/App.tsx(236,21): error TS17004: Cannot use JSX unless the '--jsx' flag is provided.
../../apps/web-cleaning/src/App.tsx(241,13): error TS17004: Cannot use JSX unless the '--jsx' flag is provided.
../../apps/web-cleaning/src/App.tsx(244,17): error TS17004: Cannot use JSX unless the '--jsx' flag is provided.
../../apps/web-cleaning/src/App.tsx(245,19): error TS17004: Cannot use JSX unless the '--jsx' flag is provided.
../../apps/web-cleaning/src/App.tsx(246,21): error TS17004: Cannot use JSX unless the '--jsx' flag is provided.
../../apps/web-cleaning/src/App.tsx(251,13): error TS17004: Cannot use JSX unless the '--jsx' flag is provided.
../../apps/web-cleaning/src/App.tsx(254,17): error TS17004: Cannot use JSX unless the '--jsx' flag is provided.
../../apps/web-cleaning/src/App.tsx(255,19): error TS17004: Cannot use JSX unless the '--jsx' flag is provided.
../../apps/web-cleaning/src/App.tsx(256,21): error TS17004: Cannot use JSX unless the '--jsx' flag is provided.
../../apps/web-cleaning/src/App.tsx(261,13): error TS17004: Cannot use JSX unless the '--jsx' flag is provided.
../../apps/web-cleaning/src/App.tsx(264,17): error TS17004: Cannot use JSX unless the '--jsx' flag is provided.
../../apps/web-cleaning/src/App.tsx(265,19): error TS17004: Cannot use JSX unless the '--jsx' flag is provided.
../../apps/web-cleaning/src/App.tsx(266,21): error TS17004: Cannot use JSX unless the '--jsx' flag is provided.
../../apps/web-cleaning/src/App.tsx(271,13): error TS17004: Cannot use JSX unless the '--jsx' flag is provided.
../../apps/web-cleaning/src/App.tsx(274,17): error TS17004: Cannot use JSX unless the '--jsx' flag is provided.
../../apps/web-cleaning/src/App.tsx(275,19): error TS17004: Cannot use JSX unless the '--jsx' flag is provided.
../../apps/web-cleaning/src/App.tsx(276,21): error TS17004: Cannot use JSX unless the '--jsx' flag is provided.
../../apps/web-cleaning/src/App.tsx(281,13): error TS17004: Cannot use JSX unless the '--jsx' flag is provided.
../../apps/web-cleaning/src/App.tsx(284,17): error TS17004: Cannot use JSX unless the '--jsx' flag is provided.
../../apps/web-cleaning/src/App.tsx(285,19): error TS17004: Cannot use JSX unless the '--jsx' flag is provided.
../../apps/web-cleaning/src/App.tsx(286,21): error TS17004: Cannot use JSX unless the '--jsx' flag is provided.
../../apps/web-cleaning/src/App.tsx(291,13): error TS17004: Cannot use JSX unless the '--jsx' flag is provided.
../../apps/web-cleaning/src/App.tsx(294,17): error TS17004: Cannot use JSX unless the '--jsx' flag is provided.
../../apps/web-cleaning/src/App.tsx(295,19): error TS17004: Cannot use JSX unless the '--jsx' flag is provided.
../../apps/web-cleaning/src/App.tsx(296,21): error TS17004: Cannot use JSX unless the '--jsx' flag is provided.
../../apps/web-cleaning/src/App.tsx(301,13): error TS17004: Cannot use JSX unless the '--jsx' flag is provided.
../../apps/web-cleaning/src/App.tsx(304,17): error TS17004: Cannot use JSX unless the '--jsx' flag is provided.
../../apps/web-cleaning/src/App.tsx(305,19): error TS17004: Cannot use JSX unless the '--jsx' flag is provided.
../../apps/web-cleaning/src/App.tsx(306,21): error TS17004: Cannot use JSX unless the '--jsx' flag is provided.
../../apps/web-cleaning/src/App.tsx(311,13): error TS17004: Cannot use JSX unless the '--jsx' flag is provided.
../../apps/web-cleaning/src/App.tsx(314,17): error TS17004: Cannot use JSX unless the '--jsx' flag is provided.
../../apps/web-cleaning/src/App.tsx(315,19): error TS17004: Cannot use JSX unless the '--jsx' flag is provided.
../../apps/web-cleaning/src/App.tsx(316,21): error TS17004: Cannot use JSX unless the '--jsx' flag is provided.
../../apps/web-cleaning/src/App.tsx(321,13): error TS17004: Cannot use JSX unless the '--jsx' flag is provided.
../../apps/web-cleaning/src/App.tsx(324,17): error TS17004: Cannot use JSX unless the '--jsx' flag is provided.
../../apps/web-cleaning/src/App.tsx(325,19): error TS17004: Cannot use JSX unless the '--jsx' flag is provided.
../../apps/web-cleaning/src/App.tsx(326,21): error TS17004: Cannot use JSX unless the '--jsx' flag is provided.
../../apps/web-cleaning/src/App.tsx(331,13): error TS17004: Cannot use JSX unless the '--jsx' flag is provided.
../../apps/web-cleaning/src/App.tsx(334,17): error TS17004: Cannot use JSX unless the '--jsx' flag is provided.
../../apps/web-cleaning/src/App.tsx(335,19): error TS17004: Cannot use JSX unless the '--jsx' flag is provided.
../../apps/web-cleaning/src/App.tsx(336,21): error TS17004: Cannot use JSX unless the '--jsx' flag is provided.
../../apps/web-cleaning/src/App.tsx(341,13): error TS17004: Cannot use JSX unless the '--jsx' flag is provided.
../../apps/web-cleaning/src/App.tsx(344,17): error TS17004: Cannot use JSX unless the '--jsx' flag is provided.
../../apps/web-cleaning/src/App.tsx(345,19): error TS17004: Cannot use JSX unless the '--jsx' flag is provided.
../../apps/web-cleaning/src/App.tsx(346,21): error TS17004: Cannot use JSX unless the '--jsx' flag is provided.
../../apps/web-cleaning/src/App.tsx(351,13): error TS17004: Cannot use JSX unless the '--jsx' flag is provided.
../../apps/web-cleaning/src/App.tsx(354,17): error TS17004: Cannot use JSX unless the '--jsx' flag is provided.
../../apps/web-cleaning/src/App.tsx(355,19): error TS17004: Cannot use JSX unless the '--jsx' flag is provided.
../../apps/web-cleaning/src/App.tsx(356,21): error TS17004: Cannot use JSX unless the '--jsx' flag is provided.
../../apps/web-cleaning/src/App.tsx(361,13): error TS17004: Cannot use JSX unless the '--jsx' flag is provided.
../../apps/web-cleaning/src/App.tsx(361,38): error TS17004: Cannot use JSX unless the '--jsx' flag is provided.
../../apps/web-cleaning/src/components/GlobalActivityTimeline.tsx(138,7): error TS17004: Cannot use JSX unless the '--jsx' flag is provided.
../../apps/web-cleaning/src/components/GlobalActivityTimeline.tsx(139,9): error TS17004: Cannot use JSX unless the '--jsx' flag is provided.
../../apps/web-cleaning/src/components/GlobalActivityTimeline.tsx(148,7): error TS17004: Cannot use JSX unless the '--jsx' flag is provided.
../../apps/web-cleaning/src/components/GlobalActivityTimeline.tsx(149,9): error TS17004: Cannot use JSX unless the '--jsx' flag is provided.
../../apps/web-cleaning/src/components/GlobalActivityTimeline.tsx(158,7): error TS17004: Cannot use JSX unless the '--jsx' flag is provided.
../../apps/web-cleaning/src/components/GlobalActivityTimeline.tsx(159,9): error TS17004: Cannot use JSX unless the '--jsx' flag is provided.
../../apps/web-cleaning/src/components/GlobalActivityTimeline.tsx(170,5): error TS17004: Cannot use JSX unless the '--jsx' flag is provided.
../../apps/web-cleaning/src/components/GlobalActivityTimeline.tsx(171,7): error TS17004: Cannot use JSX unless the '--jsx' flag is provided.
../../apps/web-cleaning/src/components/GlobalActivityTimeline.tsx(173,9): error TS17004: Cannot use JSX unless the '--jsx' flag is provided.
../../apps/web-cleaning/src/components/GlobalActivityTimeline.tsx(181,11): error TS17004: Cannot use JSX unless the '--jsx' flag is provided.
../../apps/web-cleaning/src/components/GlobalActivityTimeline.tsx(186,11): error TS17004: Cannot use JSX unless the '--jsx' flag is provided.
../../apps/web-cleaning/src/components/GlobalActivityTimeline.tsx(188,15): error TS17004: Cannot use JSX unless the '--jsx' flag is provided.
../../apps/web-cleaning/src/components/GlobalActivityTimeline.tsx(205,37): error TS2339: Property 'style' does not exist on type 'EventTarget & HTMLButtonElement'.
../../apps/web-cleaning/src/components/GlobalActivityTimeline.tsx(210,37): error TS2339: Property 'style' does not exist on type 'EventTarget & HTMLButtonElement'.
../../apps/web-cleaning/src/components/GlobalActivityTimeline.tsx(220,9): error TS17004: Cannot use JSX unless the '--jsx' flag is provided.
../../apps/web-cleaning/src/components/GlobalActivityTimeline.tsx(222,11): error TS17004: Cannot use JSX unless the '--jsx' flag is provided.
../../apps/web-cleaning/src/components/GlobalActivityTimeline.tsx(232,11): error TS17004: Cannot use JSX unless the '--jsx' flag is provided.
../../apps/web-cleaning/src/components/GlobalActivityTimeline.tsx(236,17): error TS17004: Cannot use JSX unless the '--jsx' flag is provided.
../../apps/web-cleaning/src/components/GlobalActivityTimeline.tsx(246,19): error TS17004: Cannot use JSX unless the '--jsx' flag is provided.
../../apps/web-cleaning/src/components/GlobalActivityTimeline.tsx(266,19): error TS17004: Cannot use JSX unless the '--jsx' flag is provided.
../../apps/web-cleaning/src/components/GlobalActivityTimeline.tsx(267,21): error TS17004: Cannot use JSX unless the '--jsx' flag is provided.
../../apps/web-cleaning/src/components/GlobalActivityTimeline.tsx(269,23): error TS17004: Cannot use JSX unless the '--jsx' flag is provided.
../../apps/web-cleaning/src/components/GlobalActivityTimeline.tsx(281,23): error TS17004: Cannot use JSX unless the '--jsx' flag is provided.
../../apps/web-cleaning/src/components/GlobalActivityTimeline.tsx(286,21): error TS17004: Cannot use JSX unless the '--jsx' flag is provided.
../../apps/web-cleaning/src/components/GlobalActivityTimeline.tsx(293,25): error TS17004: Cannot use JSX unless the '--jsx' flag is provided.
../../apps/web-cleaning/src/components/GlobalActivityTimeline.tsx(303,45): error TS2339: Property 'style' does not exist on type 'EventTarget & HTMLAnchorElement'.
../../apps/web-cleaning/src/components/GlobalActivityTimeline.tsx(306,45): error TS2339: Property 'style' does not exist on type 'EventTarget & HTMLAnchorElement'.
../../apps/web-cleaning/src/components/GlobalActivityTimeline.tsx(317,21): error TS17004: Cannot use JSX unless the '--jsx' flag is provided.
../../apps/web-cleaning/src/components/GlobalActivityTimeline.tsx(319,25): error TS17004: Cannot use JSX unless the '--jsx' flag is provided.
../../apps/web-cleaning/src/components/GlobalActivityTimeline.tsx(322,25): error TS17004: Cannot use JSX unless the '--jsx' flag is provided.
../../apps/web-cleaning/src/components/GlobalActivityTimeline.tsx(334,11): error TS17004: Cannot use JSX unless the '--jsx' flag is provided.
../../apps/web-cleaning/src/components/GlobalActivityTimeline.tsx(335,13): error TS17004: Cannot use JSX unless the '--jsx' flag is provided.
../../apps/web-cleaning/src/components/GlobalActivityTimeline.tsx(349,33): error TS2339: Property 'style' does not exist on type 'EventTarget & HTMLButtonElement'.
../../apps/web-cleaning/src/components/GlobalActivityTimeline.tsx(352,33): error TS2339: Property 'style' does not exist on type 'EventTarget & HTMLButtonElement'.
../../apps/web-cleaning/src/components/JobHistoryTimeline.tsx(5,7): error TS6133: 'SERVICE_PROVIDER_ID' is declared but its value is never read.
../../apps/web-cleaning/src/components/JobHistoryTimeline.tsx(118,7): error TS17004: Cannot use JSX unless the '--jsx' flag is provided.
../../apps/web-cleaning/src/components/JobHistoryTimeline.tsx(119,9): error TS17004: Cannot use JSX unless the '--jsx' flag is provided.
../../apps/web-cleaning/src/components/JobHistoryTimeline.tsx(128,7): error TS17004: Cannot use JSX unless the '--jsx' flag is provided.
../../apps/web-cleaning/src/components/JobHistoryTimeline.tsx(129,9): error TS17004: Cannot use JSX unless the '--jsx' flag is provided.
../../apps/web-cleaning/src/components/JobHistoryTimeline.tsx(138,7): error TS17004: Cannot use JSX unless the '--jsx' flag is provided.
../../apps/web-cleaning/src/components/JobHistoryTimeline.tsx(139,9): error TS17004: Cannot use JSX unless the '--jsx' flag is provided.
../../apps/web-cleaning/src/components/JobHistoryTimeline.tsx(150,5): error TS17004: Cannot use JSX unless the '--jsx' flag is provided.
../../apps/web-cleaning/src/components/JobHistoryTimeline.tsx(151,7): error TS17004: Cannot use JSX unless the '--jsx' flag is provided.
../../apps/web-cleaning/src/components/JobHistoryTimeline.tsx(152,9): error TS17004: Cannot use JSX unless the '--jsx' flag is provided.
../../apps/web-cleaning/src/components/JobHistoryTimeline.tsx(158,11): error TS17004: Cannot use JSX unless the '--jsx' flag is provided.
../../apps/web-cleaning/src/components/JobHistoryTimeline.tsx(161,11): error TS17004: Cannot use JSX unless the '--jsx' flag is provided.
../../apps/web-cleaning/src/components/JobHistoryTimeline.tsx(166,9): error TS17004: Cannot use JSX unless the '--jsx' flag is provided.
../../apps/web-cleaning/src/components/JobHistoryTimeline.tsx(168,11): error TS17004: Cannot use JSX unless the '--jsx' flag is provided.
../../apps/web-cleaning/src/components/JobHistoryTimeline.tsx(178,11): error TS17004: Cannot use JSX unless the '--jsx' flag is provided.
../../apps/web-cleaning/src/components/JobHistoryTimeline.tsx(179,43): error TS6133: 'index' is declared but its value is never read.
../../apps/web-cleaning/src/components/JobHistoryTimeline.tsx(180,15): error TS17004: Cannot use JSX unless the '--jsx' flag is provided.
../../apps/web-cleaning/src/components/JobHistoryTimeline.tsx(190,17): error TS17004: Cannot use JSX unless the '--jsx' flag is provided.
../../apps/web-cleaning/src/components/JobHistoryTimeline.tsx(210,17): error TS17004: Cannot use JSX unless the '--jsx' flag is provided.
../../apps/web-cleaning/src/components/JobHistoryTimeline.tsx(211,19): error TS17004: Cannot use JSX unless the '--jsx' flag is provided.
../../apps/web-cleaning/src/components/JobHistoryTimeline.tsx(218,23): error TS17004: Cannot use JSX unless the '--jsx' flag is provided.
../../apps/web-cleaning/src/components/JobHistoryTimeline.tsx(228,43): error TS2339: Property 'style' does not exist on type 'EventTarget & HTMLAnchorElement'.
../../apps/web-cleaning/src/components/JobHistoryTimeline.tsx(231,43): error TS2339: Property 'style' does not exist on type 'EventTarget & HTMLAnchorElement'.
../../apps/web-cleaning/src/components/JobHistoryTimeline.tsx(240,19): error TS17004: Cannot use JSX unless the '--jsx' flag is provided.
../../apps/web-cleaning/src/components/JobHistoryTimeline.tsx(244,21): error TS17004: Cannot use JSX unless the '--jsx' flag is provided.
../../apps/web-cleaning/src/components/JobHistoryTimeline.tsx(253,25): error TS17004: Cannot use JSX unless the '--jsx' flag is provided.
../../apps/web-cleaning/src/components/JobHistoryTimeline.tsx(254,27): error TS17004: Cannot use JSX unless the '--jsx' flag is provided.
../../apps/web-cleaning/src/components/JobHistoryTimeline.tsx(258,25): error TS17004: Cannot use JSX unless the '--jsx' flag is provided.
../../apps/web-cleaning/src/components/JobHistoryTimeline.tsx(259,27): error TS17004: Cannot use JSX unless the '--jsx' flag is provided.
../../apps/web-cleaning/src/components/JobHistoryTimeline.tsx(272,11): error TS17004: Cannot use JSX unless the '--jsx' flag is provided.
../../apps/web-cleaning/src/components/JobHistoryTimeline.tsx(273,13): error TS17004: Cannot use JSX unless the '--jsx' flag is provided.
../../apps/web-cleaning/src/components/JobHistoryTimeline.tsx(287,33): error TS2339: Property 'style' does not exist on type 'EventTarget & HTMLButtonElement'.
../../apps/web-cleaning/src/components/JobHistoryTimeline.tsx(290,33): error TS2339: Property 'style' does not exist on type 'EventTarget & HTMLButtonElement'.
../../apps/web-cleaning/src/components/PhotoQualityWarning.tsx(36,15): error TS17004: Cannot use JSX unless the '--jsx' flag is provided.
../../apps/web-cleaning/src/components/PhotoQualityWarning.tsx(43,15): error TS17004: Cannot use JSX unless the '--jsx' flag is provided.
../../apps/web-cleaning/src/components/PhotoQualityWarning.tsx(48,15): error TS17004: Cannot use JSX unless the '--jsx' flag is provided.
../../apps/web-cleaning/src/components/PhotoQualityWarning.tsx(59,5): error TS17004: Cannot use JSX unless the '--jsx' flag is provided.
../../apps/web-cleaning/src/components/PhotoQualityWarning.tsx(60,7): error TS17004: Cannot use JSX unless the '--jsx' flag is provided.
../../apps/web-cleaning/src/components/PhotoQualityWarning.tsx(61,9): error TS17004: Cannot use JSX unless the '--jsx' flag is provided.
../../apps/web-cleaning/src/components/PhotoQualityWarning.tsx(62,11): error TS17004: Cannot use JSX unless the '--jsx' flag is provided.
../../apps/web-cleaning/src/components/PhotoQualityWarning.tsx(66,7): error TS17004: Cannot use JSX unless the '--jsx' flag is provided.
../../apps/web-cleaning/src/components/PhotoQualityWarning.tsx(67,9): error TS17004: Cannot use JSX unless the '--jsx' flag is provided.
../../apps/web-cleaning/src/components/PhotoQualityWarning.tsx(68,11): error TS17004: Cannot use JSX unless the '--jsx' flag is provided.
../../apps/web-cleaning/src/components/PhotoQualityWarning.tsx(73,11): error TS17004: Cannot use JSX unless the '--jsx' flag is provided.
../../apps/web-cleaning/src/components/PhotoQualityWarning.tsx(74,13): error TS17004: Cannot use JSX unless the '--jsx' flag is provided.
../../apps/web-cleaning/src/components/PhotoQualityWarning.tsx(77,13): error TS17004: Cannot use JSX unless the '--jsx' flag is provided.
../../apps/web-cleaning/src/components/PhotoQualityWarning.tsx(79,17): error TS17004: Cannot use JSX unless the '--jsx' flag is provided.
../../apps/web-cleaning/src/components/PhotoQualityWarning.tsx(80,19): error TS17004: Cannot use JSX unless the '--jsx' flag is provided.
../../apps/web-cleaning/src/components/PhotoQualityWarning.tsx(81,21): error TS17004: Cannot use JSX unless the '--jsx' flag is provided.
../../apps/web-cleaning/src/components/PhotoQualityWarning.tsx(83,19): error TS17004: Cannot use JSX unless the '--jsx' flag is provided.
../../apps/web-cleaning/src/components/PhotoQualityWarning.tsx(91,11): error TS17004: Cannot use JSX unless the '--jsx' flag is provided.
../../apps/web-cleaning/src/components/PhotoQualityWarning.tsx(92,13): error TS17004: Cannot use JSX unless the '--jsx' flag is provided.
../../apps/web-cleaning/src/components/PhotoQualityWarning.tsx(95,13): error TS17004: Cannot use JSX unless the '--jsx' flag is provided.
../../apps/web-cleaning/src/components/PhotoQualityWarning.tsx(97,17): error TS17004: Cannot use JSX unless the '--jsx' flag is provided.
../../apps/web-cleaning/src/components/PhotoQualityWarning.tsx(98,19): error TS17004: Cannot use JSX unless the '--jsx' flag is provided.
../../apps/web-cleaning/src/components/PhotoQualityWarning.tsx(99,19): error TS17004: Cannot use JSX unless the '--jsx' flag is provided.
../../apps/web-cleaning/src/components/PhotoQualityWarning.tsx(106,9): error TS17004: Cannot use JSX unless the '--jsx' flag is provided.
../../apps/web-cleaning/src/components/PhotoQualityWarning.tsx(111,7): error TS17004: Cannot use JSX unless the '--jsx' flag is provided.
../../apps/web-cleaning/src/components/PhotoQualityWarning.tsx(112,9): error TS17004: Cannot use JSX unless the '--jsx' flag is provided.
../../apps/web-cleaning/src/components/PhotoQualityWarning.tsx(115,9): error TS17004: Cannot use JSX unless the '--jsx' flag is provided.
../../apps/web-cleaning/src/components/PropertyGuestCalendar.tsx(7,1): error TS6133: 'CalendarMonthIcon' is declared but its value is never read.
../../apps/web-cleaning/src/components/PropertyGuestCalendar.tsx(122,10): error TS2304: Cannot find name 'confirm'.
../../apps/web-cleaning/src/components/PropertyGuestCalendar.tsx(159,7): error TS17004: Cannot use JSX unless the '--jsx' flag is provided.
../../apps/web-cleaning/src/components/PropertyGuestCalendar.tsx(160,9): error TS17004: Cannot use JSX unless the '--jsx' flag is provided.
../../apps/web-cleaning/src/components/PropertyGuestCalendar.tsx(161,11): error TS17004: Cannot use JSX unless the '--jsx' flag is provided.
../../apps/web-cleaning/src/components/PropertyGuestCalendar.tsx(164,9): error TS17004: Cannot use JSX unless the '--jsx' flag is provided.
../../apps/web-cleaning/src/components/PropertyGuestCalendar.tsx(165,11): error TS17004: Cannot use JSX unless the '--jsx' flag is provided.
../../apps/web-cleaning/src/components/PropertyGuestCalendar.tsx(166,13): error TS17004: Cannot use JSX unless the '--jsx' flag is provided.
../../apps/web-cleaning/src/components/PropertyGuestCalendar.tsx(174,5): error TS17004: Cannot use JSX unless the '--jsx' flag is provided.
../../apps/web-cleaning/src/components/PropertyGuestCalendar.tsx(175,7): error TS17004: Cannot use JSX unless the '--jsx' flag is provided.
../../apps/web-cleaning/src/components/PropertyGuestCalendar.tsx(176,9): error TS17004: Cannot use JSX unless the '--jsx' flag is provided.
../../apps/web-cleaning/src/components/PropertyGuestCalendar.tsx(177,11): error TS17004: Cannot use JSX unless the '--jsx' flag is provided.
../../apps/web-cleaning/src/components/PropertyGuestCalendar.tsx(181,11): error TS17004: Cannot use JSX unless the '--jsx' flag is provided.
../../apps/web-cleaning/src/components/PropertyGuestCalendar.tsx(182,13): error TS17004: Cannot use JSX unless the '--jsx' flag is provided.
../../apps/web-cleaning/src/components/PropertyGuestCalendar.tsx(189,9): error TS17004: Cannot use JSX unless the '--jsx' flag is provided.
../../apps/web-cleaning/src/components/PropertyGuestCalendar.tsx(190,11): error TS17004: Cannot use JSX unless the '--jsx' flag is provided.
../../apps/web-cleaning/src/components/PropertyGuestCalendar.tsx(194,11): error TS17004: Cannot use JSX unless the '--jsx' flag is provided.
../../apps/web-cleaning/src/components/PropertyGuestCalendar.tsx(195,13): error TS17004: Cannot use JSX unless the '--jsx' flag is provided.
../../apps/web-cleaning/src/components/PropertyGuestCalendar.tsx(196,15): error TS17004: Cannot use JSX unless the '--jsx' flag is provided.
../../apps/web-cleaning/src/components/PropertyGuestCalendar.tsx(199,15): error TS17004: Cannot use JSX unless the '--jsx' flag is provided.
../../apps/web-cleaning/src/components/PropertyGuestCalendar.tsx(203,80): error TS2339: Property 'value' does not exist on type 'EventTarget & HTMLInputElement'.
../../apps/web-cleaning/src/components/PropertyGuestCalendar.tsx(210,13): error TS17004: Cannot use JSX unless the '--jsx' flag is provided.
../../apps/web-cleaning/src/components/PropertyGuestCalendar.tsx(211,15): error TS17004: Cannot use JSX unless the '--jsx' flag is provided.
../../apps/web-cleaning/src/components/PropertyGuestCalendar.tsx(214,15): error TS17004: Cannot use JSX unless the '--jsx' flag is provided.
../../apps/web-cleaning/src/components/PropertyGuestCalendar.tsx(218,84): error TS2339: Property 'value' does not exist on type 'EventTarget & HTMLInputElement'.
../../apps/web-cleaning/src/components/PropertyGuestCalendar.tsx(226,11): error TS17004: Cannot use JSX unless the '--jsx' flag is provided.
../../apps/web-cleaning/src/components/PropertyGuestCalendar.tsx(227,13): error TS17004: Cannot use JSX unless the '--jsx' flag is provided.
../../apps/web-cleaning/src/components/PropertyGuestCalendar.tsx(228,13): error TS17004: Cannot use JSX unless the '--jsx' flag is provided.
../../apps/web-cleaning/src/components/PropertyGuestCalendar.tsx(230,75): error TS2339: Property 'value' does not exist on type 'EventTarget & HTMLTextAreaElement'.
../../apps/web-cleaning/src/components/PropertyGuestCalendar.tsx(237,11): error TS17004: Cannot use JSX unless the '--jsx' flag is provided.
../../apps/web-cleaning/src/components/PropertyGuestCalendar.tsx(238,13): error TS17004: Cannot use JSX unless the '--jsx' flag is provided.
../../apps/web-cleaning/src/components/PropertyGuestCalendar.tsx(239,13): error TS17004: Cannot use JSX unless the '--jsx' flag is provided.
../../apps/web-cleaning/src/components/PropertyGuestCalendar.tsx(247,9): error TS17004: Cannot use JSX unless the '--jsx' flag is provided.
../../apps/web-cleaning/src/components/PropertyGuestCalendar.tsx(248,11): error TS17004: Cannot use JSX unless the '--jsx' flag is provided.
../../apps/web-cleaning/src/components/PropertyGuestCalendar.tsx(249,13): error TS17004: Cannot use JSX unless the '--jsx' flag is provided.
../../apps/web-cleaning/src/components/PropertyGuestCalendar.tsx(250,15): error TS17004: Cannot use JSX unless the '--jsx' flag is provided.
../../apps/web-cleaning/src/components/PropertyGuestCalendar.tsx(253,11): error TS17004: Cannot use JSX unless the '--jsx' flag is provided.
../../apps/web-cleaning/src/components/PropertyGuestCalendar.tsx(254,11): error TS17004: Cannot use JSX unless the '--jsx' flag is provided.
../../apps/web-cleaning/src/components/PropertyGuestCalendar.tsx(257,9): error TS17004: Cannot use JSX unless the '--jsx' flag is provided.
../../apps/web-cleaning/src/components/PropertyGuestCalendar.tsx(291,15): error TS17004: Cannot use JSX unless the '--jsx' flag is provided.
../../apps/web-cleaning/src/components/PropertyGuestCalendar.tsx(295,17): error TS17004: Cannot use JSX unless the '--jsx' flag is provided.
../../apps/web-cleaning/src/components/PropertyGuestCalendar.tsx(296,19): error TS17004: Cannot use JSX unless the '--jsx' flag is provided.
../../apps/web-cleaning/src/components/PropertyGuestCalendar.tsx(297,21): error TS17004: Cannot use JSX unless the '--jsx' flag is provided.
../../apps/web-cleaning/src/components/PropertyGuestCalendar.tsx(298,23): error TS17004: Cannot use JSX unless the '--jsx' flag is provided.
../../apps/web-cleaning/src/components/PropertyGuestCalendar.tsx(300,21): error TS17004: Cannot use JSX unless the '--jsx' flag is provided.
../../apps/web-cleaning/src/components/PropertyGuestCalendar.tsx(301,23): error TS17004: Cannot use JSX unless the '--jsx' flag is provided.
../../apps/web-cleaning/src/components/PropertyGuestCalendar.tsx(303,27): error TS17004: Cannot use JSX unless the '--jsx' flag is provided.
../../apps/web-cleaning/src/components/PropertyGuestCalendar.tsx(303,34): error TS2322: Type '{ children: string; color: string; }' is not assignable to type 'IntrinsicAttributes & BadgeProps'.
  Property 'color' does not exist on type 'IntrinsicAttributes & BadgeProps'.
../../apps/web-cleaning/src/components/PropertyGuestCalendar.tsx(306,27): error TS17004: Cannot use JSX unless the '--jsx' flag is provided.
../../apps/web-cleaning/src/components/PropertyGuestCalendar.tsx(307,29): error TS2322: Type '{ children: string; color: string; onClick: () => void; className: string; }' is not assignable to type 'IntrinsicAttributes & BadgeProps'.
  Property 'color' does not exist on type 'IntrinsicAttributes & BadgeProps'.
../../apps/web-cleaning/src/components/PropertyGuestCalendar.tsx(316,23): error TS17004: Cannot use JSX unless the '--jsx' flag is provided.
../../apps/web-cleaning/src/components/PropertyGuestCalendar.tsx(317,25): error TS17004: Cannot use JSX unless the '--jsx' flag is provided.
../../apps/web-cleaning/src/components/PropertyGuestCalendar.tsx(318,27): error TS17004: Cannot use JSX unless the '--jsx' flag is provided.
../../apps/web-cleaning/src/components/PropertyGuestCalendar.tsx(321,27): error TS17004: Cannot use JSX unless the '--jsx' flag is provided.
../../apps/web-cleaning/src/components/PropertyGuestCalendar.tsx(329,27): error TS17004: Cannot use JSX unless the '--jsx' flag is provided.
../../apps/web-cleaning/src/components/PropertyGuestCalendar.tsx(337,25): error TS17004: Cannot use JSX unless the '--jsx' flag is provided.
../../apps/web-cleaning/src/components/PropertyGuestCalendar.tsx(338,27): error TS17004: Cannot use JSX unless the '--jsx' flag is provided.
../../apps/web-cleaning/src/components/PropertyGuestCalendar.tsx(341,27): error TS17004: Cannot use JSX unless the '--jsx' flag is provided.
../../apps/web-cleaning/src/components/PropertyGuestCalendar.tsx(349,27): error TS17004: Cannot use JSX unless the '--jsx' flag is provided.
../../apps/web-cleaning/src/components/PropertyGuestCalendar.tsx(358,23): error TS17004: Cannot use JSX unless the '--jsx' flag is provided.
../../apps/web-cleaning/src/components/PropertyGuestCalendar.tsx(359,25): error TS17004: Cannot use JSX unless the '--jsx' flag is provided.
../../apps/web-cleaning/src/components/PropertyGuestCalendar.tsx(360,47): error TS17004: Cannot use JSX unless the '--jsx' flag is provided.
../../apps/web-cleaning/src/components/PropertyGuestCalendar.tsx(362,25): error TS17004: Cannot use JSX unless the '--jsx' flag is provided.
../../apps/web-cleaning/src/components/PropertyGuestCalendar.tsx(368,25): error TS17004: Cannot use JSX unless the '--jsx' flag is provided.
../../apps/web-cleaning/src/components/PropertyGuestCalendar.tsx(375,19): error TS17004: Cannot use JSX unless the '--jsx' flag is provided.
../../apps/web-cleaning/src/components/PropertyGuestCalendar.tsx(376,21): error TS17004: Cannot use JSX unless the '--jsx' flag is provided.
../../apps/web-cleaning/src/components/PropertyGuestCalendar.tsx(381,23): error TS17004: Cannot use JSX unless the '--jsx' flag is provided.
../../apps/web-cleaning/src/components/PropertyGuestCalendar.tsx(383,21): error TS17004: Cannot use JSX unless the '--jsx' flag is provided.
../../apps/web-cleaning/src/components/PropertyGuestCalendar.tsx(388,23): error TS17004: Cannot use JSX unless the '--jsx' flag is provided.
../../apps/web-cleaning/src/components/PropertyHistoryTimeline.tsx(188,7): error TS17004: Cannot use JSX unless the '--jsx' flag is provided.
../../apps/web-cleaning/src/components/PropertyHistoryTimeline.tsx(189,9): error TS17004: Cannot use JSX unless the '--jsx' flag is provided.
../../apps/web-cleaning/src/components/PropertyHistoryTimeline.tsx(198,7): error TS17004: Cannot use JSX unless the '--jsx' flag is provided.
../../apps/web-cleaning/src/components/PropertyHistoryTimeline.tsx(199,9): error TS17004: Cannot use JSX unless the '--jsx' flag is provided.
../../apps/web-cleaning/src/components/PropertyHistoryTimeline.tsx(208,7): error TS17004: Cannot use JSX unless the '--jsx' flag is provided.
../../apps/web-cleaning/src/components/PropertyHistoryTimeline.tsx(209,9): error TS17004: Cannot use JSX unless the '--jsx' flag is provided.
../../apps/web-cleaning/src/components/PropertyHistoryTimeline.tsx(220,5): error TS17004: Cannot use JSX unless the '--jsx' flag is provided.
../../apps/web-cleaning/src/components/PropertyHistoryTimeline.tsx(221,7): error TS17004: Cannot use JSX unless the '--jsx' flag is provided.
../../apps/web-cleaning/src/components/PropertyHistoryTimeline.tsx(222,9): error TS17004: Cannot use JSX unless the '--jsx' flag is provided.
../../apps/web-cleaning/src/components/PropertyHistoryTimeline.tsx(228,11): error TS17004: Cannot use JSX unless the '--jsx' flag is provided.
../../apps/web-cleaning/src/components/PropertyHistoryTimeline.tsx(231,11): error TS17004: Cannot use JSX unless the '--jsx' flag is provided.
../../apps/web-cleaning/src/components/PropertyHistoryTimeline.tsx(236,9): error TS17004: Cannot use JSX unless the '--jsx' flag is provided.
../../apps/web-cleaning/src/components/PropertyHistoryTimeline.tsx(238,11): error TS17004: Cannot use JSX unless the '--jsx' flag is provided.
../../apps/web-cleaning/src/components/PropertyHistoryTimeline.tsx(248,11): error TS17004: Cannot use JSX unless the '--jsx' flag is provided.
../../apps/web-cleaning/src/components/PropertyHistoryTimeline.tsx(255,17): error TS17004: Cannot use JSX unless the '--jsx' flag is provided.
../../apps/web-cleaning/src/components/PropertyHistoryTimeline.tsx(265,19): error TS17004: Cannot use JSX unless the '--jsx' flag is provided.
../../apps/web-cleaning/src/components/PropertyHistoryTimeline.tsx(285,19): error TS17004: Cannot use JSX unless the '--jsx' flag is provided.
../../apps/web-cleaning/src/components/PropertyHistoryTimeline.tsx(286,21): error TS17004: Cannot use JSX unless the '--jsx' flag is provided.
../../apps/web-cleaning/src/components/PropertyHistoryTimeline.tsx(293,25): error TS17004: Cannot use JSX unless the '--jsx' flag is provided.
../../apps/web-cleaning/src/components/PropertyHistoryTimeline.tsx(307,45): error TS2339: Property 'style' does not exist on type 'EventTarget & HTMLAnchorElement'.
../../apps/web-cleaning/src/components/PropertyHistoryTimeline.tsx(310,45): error TS2339: Property 'style' does not exist on type 'EventTarget & HTMLAnchorElement'.
../../apps/web-cleaning/src/components/PropertyHistoryTimeline.tsx(319,21): error TS17004: Cannot use JSX unless the '--jsx' flag is provided.
../../apps/web-cleaning/src/components/PropertyHistoryTimeline.tsx(323,23): error TS17004: Cannot use JSX unless the '--jsx' flag is provided.
../../apps/web-cleaning/src/components/PropertyHistoryTimeline.tsx(332,27): error TS17004: Cannot use JSX unless the '--jsx' flag is provided.
../../apps/web-cleaning/src/components/PropertyHistoryTimeline.tsx(333,29): error TS17004: Cannot use JSX unless the '--jsx' flag is provided.
../../apps/web-cleaning/src/components/PropertyHistoryTimeline.tsx(337,27): error TS17004: Cannot use JSX unless the '--jsx' flag is provided.
../../apps/web-cleaning/src/components/PropertyHistoryTimeline.tsx(338,29): error TS17004: Cannot use JSX unless the '--jsx' flag is provided.
../../apps/web-cleaning/src/components/PropertyHistoryTimeline.tsx(352,11): error TS17004: Cannot use JSX unless the '--jsx' flag is provided.
../../apps/web-cleaning/src/components/PropertyHistoryTimeline.tsx(353,13): error TS17004: Cannot use JSX unless the '--jsx' flag is provided.
../../apps/web-cleaning/src/components/PropertyHistoryTimeline.tsx(367,33): error TS2339: Property 'style' does not exist on type 'EventTarget & HTMLButtonElement'.
../../apps/web-cleaning/src/components/PropertyHistoryTimeline.tsx(370,33): error TS2339: Property 'style' does not exist on type 'EventTarget & HTMLButtonElement'.
../../apps/web-cleaning/src/components/ProtectedRoute.tsx(2,25): error TS6142: Module '../contexts/AuthContext' was resolved to '/home/orrox/projects/rightfit-cleaning-staging/apps/web-cleaning/src/contexts/AuthContext.tsx', but '--jsx' is not set.
../../apps/web-cleaning/src/components/ProtectedRoute.tsx(14,7): error TS17004: Cannot use JSX unless the '--jsx' flag is provided.
../../apps/web-cleaning/src/components/ProtectedRoute.tsx(15,9): error TS17004: Cannot use JSX unless the '--jsx' flag is provided.
../../apps/web-cleaning/src/components/ProtectedRoute.tsx(21,12): error TS17004: Cannot use JSX unless the '--jsx' flag is provided.
../../apps/web-cleaning/src/components/ProtectedRoute.tsx(27,12): error TS17004: Cannot use JSX unless the '--jsx' flag is provided.
../../apps/web-cleaning/src/components/ProtectedRoute.tsx(30,10): error TS17004: Cannot use JSX unless the '--jsx' flag is provided.
../../apps/web-cleaning/src/components/WorkerHistoryTimeline.tsx(198,7): error TS17004: Cannot use JSX unless the '--jsx' flag is provided.
../../apps/web-cleaning/src/components/WorkerHistoryTimeline.tsx(199,9): error TS17004: Cannot use JSX unless the '--jsx' flag is provided.
../../apps/web-cleaning/src/components/WorkerHistoryTimeline.tsx(208,7): error TS17004: Cannot use JSX unless the '--jsx' flag is provided.
../../apps/web-cleaning/src/components/WorkerHistoryTimeline.tsx(209,9): error TS17004: Cannot use JSX unless the '--jsx' flag is provided.
../../apps/web-cleaning/src/components/WorkerHistoryTimeline.tsx(218,7): error TS17004: Cannot use JSX unless the '--jsx' flag is provided.
../../apps/web-cleaning/src/components/WorkerHistoryTimeline.tsx(219,9): error TS17004: Cannot use JSX unless the '--jsx' flag is provided.
../../apps/web-cleaning/src/components/WorkerHistoryTimeline.tsx(230,5): error TS17004: Cannot use JSX unless the '--jsx' flag is provided.
../../apps/web-cleaning/src/components/WorkerHistoryTimeline.tsx(231,7): error TS17004: Cannot use JSX unless the '--jsx' flag is provided.
../../apps/web-cleaning/src/components/WorkerHistoryTimeline.tsx(232,9): error TS17004: Cannot use JSX unless the '--jsx' flag is provided.
../../apps/web-cleaning/src/components/WorkerHistoryTimeline.tsx(238,11): error TS17004: Cannot use JSX unless the '--jsx' flag is provided.
../../apps/web-cleaning/src/components/WorkerHistoryTimeline.tsx(241,11): error TS17004: Cannot use JSX unless the '--jsx' flag is provided.
../../apps/web-cleaning/src/components/WorkerHistoryTimeline.tsx(246,9): error TS17004: Cannot use JSX unless the '--jsx' flag is provided.
../../apps/web-cleaning/src/components/WorkerHistoryTimeline.tsx(248,11): error TS17004: Cannot use JSX unless the '--jsx' flag is provided.
../../apps/web-cleaning/src/components/WorkerHistoryTimeline.tsx(258,11): error TS17004: Cannot use JSX unless the '--jsx' flag is provided.
../../apps/web-cleaning/src/components/WorkerHistoryTimeline.tsx(259,43): error TS6133: 'index' is declared but its value is never read.
../../apps/web-cleaning/src/components/WorkerHistoryTimeline.tsx(260,15): error TS17004: Cannot use JSX unless the '--jsx' flag is provided.
../../apps/web-cleaning/src/components/WorkerHistoryTimeline.tsx(270,17): error TS17004: Cannot use JSX unless the '--jsx' flag is provided.
../../apps/web-cleaning/src/components/WorkerHistoryTimeline.tsx(290,17): error TS17004: Cannot use JSX unless the '--jsx' flag is provided.
../../apps/web-cleaning/src/components/WorkerHistoryTimeline.tsx(291,19): error TS17004: Cannot use JSX unless the '--jsx' flag is provided.
../../apps/web-cleaning/src/components/WorkerHistoryTimeline.tsx(299,23): error TS17004: Cannot use JSX unless the '--jsx' flag is provided.
../../apps/web-cleaning/src/components/WorkerHistoryTimeline.tsx(313,43): error TS2339: Property 'style' does not exist on type 'EventTarget & HTMLAnchorElement'.
../../apps/web-cleaning/src/components/WorkerHistoryTimeline.tsx(316,43): error TS2339: Property 'style' does not exist on type 'EventTarget & HTMLAnchorElement'.
../../apps/web-cleaning/src/components/WorkerHistoryTimeline.tsx(325,19): error TS17004: Cannot use JSX unless the '--jsx' flag is provided.
../../apps/web-cleaning/src/components/WorkerHistoryTimeline.tsx(329,21): error TS17004: Cannot use JSX unless the '--jsx' flag is provided.
../../apps/web-cleaning/src/components/WorkerHistoryTimeline.tsx(338,25): error TS17004: Cannot use JSX unless the '--jsx' flag is provided.
../../apps/web-cleaning/src/components/WorkerHistoryTimeline.tsx(339,27): error TS17004: Cannot use JSX unless the '--jsx' flag is provided.
../../apps/web-cleaning/src/components/WorkerHistoryTimeline.tsx(343,25): error TS17004: Cannot use JSX unless the '--jsx' flag is provided.
../../apps/web-cleaning/src/components/WorkerHistoryTimeline.tsx(344,27): error TS17004: Cannot use JSX unless the '--jsx' flag is provided.
../../apps/web-cleaning/src/components/WorkerHistoryTimeline.tsx(351,21): error TS17004: Cannot use JSX unless the '--jsx' flag is provided.
../../apps/web-cleaning/src/components/WorkerHistoryTimeline.tsx(360,21): error TS17004: Cannot use JSX unless the '--jsx' flag is provided.
../../apps/web-cleaning/src/components/WorkerHistoryTimeline.tsx(376,11): error TS17004: Cannot use JSX unless the '--jsx' flag is provided.
../../apps/web-cleaning/src/components/WorkerHistoryTimeline.tsx(377,13): error TS17004: Cannot use JSX unless the '--jsx' flag is provided.
../../apps/web-cleaning/src/components/WorkerHistoryTimeline.tsx(391,33): error TS2339: Property 'style' does not exist on type 'EventTarget & HTMLButtonElement'.
../../apps/web-cleaning/src/components/WorkerHistoryTimeline.tsx(394,33): error TS2339: Property 'style' does not exist on type 'EventTarget & HTMLButtonElement'.
../../apps/web-cleaning/src/components/__tests__/Button.a11y.test.tsx(9,41): error TS2307: Cannot find module 'jest-axe' or its corresponding type declarations.
../../apps/web-cleaning/src/components/__tests__/Button.a11y.test.tsx(10,24): error TS2307: Cannot find module '../Button' or its corresponding type declarations.
../../apps/web-cleaning/src/components/__tests__/Button.a11y.test.tsx(17,34): error TS17004: Cannot use JSX unless the '--jsx' flag is provided.
../../apps/web-cleaning/src/components/__tests__/Button.a11y.test.tsx(19,21): error TS2339: Property 'toHaveNoViolations' does not exist on type 'Assertion<any>'.
../../apps/web-cleaning/src/components/__tests__/Button.a11y.test.tsx(23,34): error TS17004: Cannot use JSX unless the '--jsx' flag is provided.
../../apps/web-cleaning/src/components/__tests__/Button.a11y.test.tsx(25,21): error TS2339: Property 'toHaveNoViolations' does not exist on type 'Assertion<any>'.
../../apps/web-cleaning/src/components/__tests__/Button.a11y.test.tsx(29,34): error TS17004: Cannot use JSX unless the '--jsx' flag is provided.
../../apps/web-cleaning/src/components/__tests__/Button.a11y.test.tsx(31,21): error TS2339: Property 'toHaveNoViolations' does not exist on type 'Assertion<any>'.
../../apps/web-cleaning/src/components/__tests__/Button.a11y.test.tsx(33,30): error TS2339: Property 'querySelector' does not exist on type 'HTMLElement'.
../../apps/web-cleaning/src/components/__tests__/Button.a11y.test.tsx(38,24): error TS17004: Cannot use JSX unless the '--jsx' flag is provided.
../../apps/web-cleaning/src/components/__tests__/Button.a11y.test.tsx(38,48): error TS17004: Cannot use JSX unless the '--jsx' flag is provided.
../../apps/web-cleaning/src/components/__tests__/Button.a11y.test.tsx(40,7): error TS17004: Cannot use JSX unless the '--jsx' flag is provided.
../../apps/web-cleaning/src/components/__tests__/Button.a11y.test.tsx(40,21): error TS17004: Cannot use JSX unless the '--jsx' flag is provided.
../../apps/web-cleaning/src/components/__tests__/Button.a11y.test.tsx(46,21): error TS2339: Property 'toHaveNoViolations' does not exist on type 'Assertion<any>'.
../../apps/web-cleaning/src/components/__tests__/Button.a11y.test.tsx(48,30): error TS2339: Property 'querySelector' does not exist on type 'HTMLElement'.
../../apps/web-cleaning/src/components/__tests__/Button.a11y.test.tsx(53,24): error TS17004: Cannot use JSX unless the '--jsx' flag is provided.
../../apps/web-cleaning/src/components/__tests__/Button.a11y.test.tsx(53,48): error TS17004: Cannot use JSX unless the '--jsx' flag is provided.
../../apps/web-cleaning/src/components/__tests__/Button.a11y.test.tsx(55,7): error TS17004: Cannot use JSX unless the '--jsx' flag is provided.
../../apps/web-cleaning/src/components/__tests__/Button.a11y.test.tsx(55,21): error TS17004: Cannot use JSX unless the '--jsx' flag is provided.
../../apps/web-cleaning/src/components/__tests__/Button.a11y.test.tsx(59,21): error TS2339: Property 'toHaveNoViolations' does not exist on type 'Assertion<any>'.
../../apps/web-cleaning/src/components/__tests__/Button.a11y.test.tsx(61,30): error TS2339: Property 'querySelector' does not exist on type 'HTMLElement'.
../../apps/web-cleaning/src/components/__tests__/Button.a11y.test.tsx(69,36): error TS17004: Cannot use JSX unless the '--jsx' flag is provided.
../../apps/web-cleaning/src/components/__tests__/Button.a11y.test.tsx(71,23): error TS2339: Property 'toHaveNoViolations' does not exist on type 'Assertion<any>'.
../../apps/web-cleaning/src/components/__tests__/Button.a11y.test.tsx(76,34): error TS17004: Cannot use JSX unless the '--jsx' flag is provided.
../../apps/web-cleaning/src/components/__tests__/Button.a11y.test.tsx(77,30): error TS2339: Property 'querySelector' does not exist on type 'HTMLElement'.
../../apps/web-cleaning/src/components/__tests__/Button.a11y.test.tsx(81,21): error TS2339: Property 'toHaveNoViolations' does not exist on type 'Assertion<any>'.
../../apps/web-cleaning/src/components/__tests__/Button.a11y.test.tsx(85,34): error TS17004: Cannot use JSX unless the '--jsx' flag is provided.
../../apps/web-cleaning/src/components/__tests__/Button.a11y.test.tsx(88,21): error TS2339: Property 'toHaveNoViolations' does not exist on type 'Assertion<any>'.
../../apps/web-cleaning/src/components/__tests__/Button.a11y.test.tsx(90,30): error TS2339: Property 'querySelector' does not exist on type 'HTMLElement'.
../../apps/web-cleaning/src/components/__tests__/Button.test.tsx(7,24): error TS2307: Cannot find module '../Button' or its corresponding type declarations.
../../apps/web-cleaning/src/components/__tests__/Button.test.tsx(11,12): error TS17004: Cannot use JSX unless the '--jsx' flag is provided.
../../apps/web-cleaning/src/components/__tests__/Button.test.tsx(17,12): error TS17004: Cannot use JSX unless the '--jsx' flag is provided.
../../apps/web-cleaning/src/components/__tests__/Button.test.tsx(24,12): error TS17004: Cannot use JSX unless the '--jsx' flag is provided.
../../apps/web-cleaning/src/components/__tests__/Button.test.tsx(31,12): error TS17004: Cannot use JSX unless the '--jsx' flag is provided.
../../apps/web-cleaning/src/components/__tests__/Button.test.tsx(38,34): error TS17004: Cannot use JSX unless the '--jsx' flag is provided.
../../apps/web-cleaning/src/components/__tests__/Button.test.tsx(39,30): error TS2339: Property 'querySelector' does not exist on type 'HTMLElement'.
../../apps/web-cleaning/src/components/__tests__/Button.test.tsx(44,34): error TS17004: Cannot use JSX unless the '--jsx' flag is provided.
../../apps/web-cleaning/src/components/__tests__/Button.test.tsx(45,30): error TS2339: Property 'querySelector' does not exist on type 'HTMLElement'.
../../apps/web-cleaning/src/components/__tests__/Button.test.tsx(50,34): error TS17004: Cannot use JSX unless the '--jsx' flag is provided.
../../apps/web-cleaning/src/components/__tests__/Button.test.tsx(51,30): error TS2339: Property 'querySelector' does not exist on type 'HTMLElement'.
../../apps/web-cleaning/src/components/__tests__/Button.test.tsx(56,12): error TS17004: Cannot use JSX unless the '--jsx' flag is provided.
../../apps/web-cleaning/src/components/__tests__/Button.test.tsx(61,12): error TS17004: Cannot use JSX unless the '--jsx' flag is provided.
../../apps/web-cleaning/src/components/__tests__/Button.test.tsx(67,34): error TS17004: Cannot use JSX unless the '--jsx' flag is provided.
../../apps/web-cleaning/src/components/__tests__/Button.test.tsx(68,30): error TS2339: Property 'querySelector' does not exist on type 'HTMLElement'.
../../apps/web-cleaning/src/components/__tests__/Button.test.tsx(73,24): error TS17004: Cannot use JSX unless the '--jsx' flag is provided.
../../apps/web-cleaning/src/components/__tests__/Button.test.tsx(74,12): error TS17004: Cannot use JSX unless the '--jsx' flag is provided.
../../apps/web-cleaning/src/components/__tests__/Button.test.tsx(74,26): error TS17004: Cannot use JSX unless the '--jsx' flag is provided.
../../apps/web-cleaning/src/components/__tests__/Button.test.tsx(79,12): error TS17004: Cannot use JSX unless the '--jsx' flag is provided.
../../apps/web-cleaning/src/components/__tests__/Button.test.tsx(85,12): error TS17004: Cannot use JSX unless the '--jsx' flag is provided.
../../apps/web-cleaning/src/components/__tests__/Button.test.tsx(92,12): error TS17004: Cannot use JSX unless the '--jsx' flag is provided.
../../apps/web-cleaning/src/components/__tests__/Button.test.tsx(97,34): error TS17004: Cannot use JSX unless the '--jsx' flag is provided.
../../apps/web-cleaning/src/components/__tests__/Button.test.tsx(98,30): error TS2339: Property 'querySelector' does not exist on type 'HTMLElement'.
../../apps/web-cleaning/src/components/__tests__/Button.test.tsx(104,12): error TS17004: Cannot use JSX unless the '--jsx' flag is provided.
../../apps/web-cleaning/src/components/calendar/CreateCalendarEntryModal.tsx(4,25): error TS6142: Module '../../contexts/AuthContext' was resolved to '/home/orrox/projects/rightfit-cleaning-staging/apps/web-cleaning/src/contexts/AuthContext.tsx', but '--jsx' is not set.
../../apps/web-cleaning/src/components/calendar/CreateCalendarEntryModal.tsx(27,9): error TS6133: 'user' is declared but its value is never read.
../../apps/web-cleaning/src/components/calendar/CreateCalendarEntryModal.tsx(104,5): error TS17004: Cannot use JSX unless the '--jsx' flag is provided.
../../apps/web-cleaning/src/components/calendar/CreateCalendarEntryModal.tsx(105,7): error TS17004: Cannot use JSX unless the '--jsx' flag is provided.
../../apps/web-cleaning/src/components/calendar/CreateCalendarEntryModal.tsx(107,9): error TS17004: Cannot use JSX unless the '--jsx' flag is provided.
../../apps/web-cleaning/src/components/calendar/CreateCalendarEntryModal.tsx(108,11): error TS17004: Cannot use JSX unless the '--jsx' flag is provided.
../../apps/web-cleaning/src/components/calendar/CreateCalendarEntryModal.tsx(111,11): error TS17004: Cannot use JSX unless the '--jsx' flag is provided.
../../apps/web-cleaning/src/components/calendar/CreateCalendarEntryModal.tsx(115,13): error TS17004: Cannot use JSX unless the '--jsx' flag is provided.
../../apps/web-cleaning/src/components/calendar/CreateCalendarEntryModal.tsx(120,9): error TS17004: Cannot use JSX unless the '--jsx' flag is provided.
../../apps/web-cleaning/src/components/calendar/CreateCalendarEntryModal.tsx(122,11): error TS17004: Cannot use JSX unless the '--jsx' flag is provided.
../../apps/web-cleaning/src/components/calendar/CreateCalendarEntryModal.tsx(123,13): error TS17004: Cannot use JSX unless the '--jsx' flag is provided.
../../apps/web-cleaning/src/components/calendar/CreateCalendarEntryModal.tsx(127,15): error TS17004: Cannot use JSX unless the '--jsx' flag is provided.
../../apps/web-cleaning/src/components/calendar/CreateCalendarEntryModal.tsx(128,17): error TS17004: Cannot use JSX unless the '--jsx' flag is provided.
../../apps/web-cleaning/src/components/calendar/CreateCalendarEntryModal.tsx(131,15): error TS17004: Cannot use JSX unless the '--jsx' flag is provided.
../../apps/web-cleaning/src/components/calendar/CreateCalendarEntryModal.tsx(132,17): error TS2322: Type '{ placeholder: string; options: { value: string; label: string; }[]; value: string; onChange: (e: ChangeEvent<HTMLSelectElement>) => void; required: true; }' is not assignable to type 'IntrinsicAttributes & SelectProps & RefAttributes<HTMLSelectElement>'.
  Property 'placeholder' does not exist on type 'IntrinsicAttributes & SelectProps & RefAttributes<HTMLSelectElement>'.
../../apps/web-cleaning/src/components/calendar/CreateCalendarEntryModal.tsx(138,83): error TS2339: Property 'value' does not exist on type 'EventTarget & HTMLSelectElement'.
../../apps/web-cleaning/src/components/calendar/CreateCalendarEntryModal.tsx(145,11): error TS17004: Cannot use JSX unless the '--jsx' flag is provided.
../../apps/web-cleaning/src/components/calendar/CreateCalendarEntryModal.tsx(146,13): error TS17004: Cannot use JSX unless the '--jsx' flag is provided.
../../apps/web-cleaning/src/components/calendar/CreateCalendarEntryModal.tsx(149,13): error TS17004: Cannot use JSX unless the '--jsx' flag is provided.
../../apps/web-cleaning/src/components/calendar/CreateCalendarEntryModal.tsx(150,15): error TS17004: Cannot use JSX unless the '--jsx' flag is provided.
../../apps/web-cleaning/src/components/calendar/CreateCalendarEntryModal.tsx(153,91): error TS2339: Property 'value' does not exist on type 'EventTarget & HTMLInputElement'.
../../apps/web-cleaning/src/components/calendar/CreateCalendarEntryModal.tsx(156,15): error TS17004: Cannot use JSX unless the '--jsx' flag is provided.
../../apps/web-cleaning/src/components/calendar/CreateCalendarEntryModal.tsx(159,91): error TS2339: Property 'value' does not exist on type 'EventTarget & HTMLInputElement'.
../../apps/web-cleaning/src/components/calendar/CreateCalendarEntryModal.tsx(163,13): error TS17004: Cannot use JSX unless the '--jsx' flag is provided.
../../apps/web-cleaning/src/components/calendar/CreateCalendarEntryModal.tsx(169,11): error TS17004: Cannot use JSX unless the '--jsx' flag is provided.
../../apps/web-cleaning/src/components/calendar/CreateCalendarEntryModal.tsx(170,13): error TS17004: Cannot use JSX unless the '--jsx' flag is provided.
../../apps/web-cleaning/src/components/calendar/CreateCalendarEntryModal.tsx(173,13): error TS17004: Cannot use JSX unless the '--jsx' flag is provided.
../../apps/web-cleaning/src/components/calendar/CreateCalendarEntryModal.tsx(174,15): error TS17004: Cannot use JSX unless the '--jsx' flag is provided.
../../apps/web-cleaning/src/components/calendar/CreateCalendarEntryModal.tsx(177,95): error TS2339: Property 'value' does not exist on type 'EventTarget & HTMLInputElement'.
../../apps/web-cleaning/src/components/calendar/CreateCalendarEntryModal.tsx(181,15): error TS17004: Cannot use JSX unless the '--jsx' flag is provided.
../../apps/web-cleaning/src/components/calendar/CreateCalendarEntryModal.tsx(184,95): error TS2339: Property 'value' does not exist on type 'EventTarget & HTMLInputElement'.
../../apps/web-cleaning/src/components/calendar/CreateCalendarEntryModal.tsx(188,13): error TS17004: Cannot use JSX unless the '--jsx' flag is provided.
../../apps/web-cleaning/src/components/calendar/CreateCalendarEntryModal.tsx(194,11): error TS17004: Cannot use JSX unless the '--jsx' flag is provided.
../../apps/web-cleaning/src/components/calendar/CreateCalendarEntryModal.tsx(195,13): error TS17004: Cannot use JSX unless the '--jsx' flag is provided.
../../apps/web-cleaning/src/components/calendar/CreateCalendarEntryModal.tsx(198,13): error TS17004: Cannot use JSX unless the '--jsx' flag is provided.
../../apps/web-cleaning/src/components/calendar/CreateCalendarEntryModal.tsx(200,75): error TS2339: Property 'value' does not exist on type 'EventTarget & HTMLTextAreaElement'.
../../apps/web-cleaning/src/components/calendar/CreateCalendarEntryModal.tsx(207,11): error TS17004: Cannot use JSX unless the '--jsx' flag is provided.
../../apps/web-cleaning/src/components/calendar/CreateCalendarEntryModal.tsx(208,13): error TS17004: Cannot use JSX unless the '--jsx' flag is provided.
../../apps/web-cleaning/src/components/calendar/CreateCalendarEntryModal.tsx(208,35): error TS2322: Type '"outline"' is not assignable to type 'ButtonVariant | undefined'.
../../apps/web-cleaning/src/components/calendar/CreateCalendarEntryModal.tsx(211,13): error TS17004: Cannot use JSX unless the '--jsx' flag is provided.
../../apps/web-cleaning/src/components/calendar/CreateCalendarEntryModal.tsx(212,26): error TS17004: Cannot use JSX unless the '--jsx' flag is provided.
../../apps/web-cleaning/src/components/calendar/CreateCalendarEntryModal.tsx(212,35): error TS2322: Type '"small"' is not assignable to type 'SpinnerSize | undefined'.
../../apps/web-cleaning/src/components/calendar/CreateJobFromCalendarModal.tsx(4,25): error TS6142: Module '../../contexts/AuthContext' was resolved to '/home/orrox/projects/rightfit-cleaning-staging/apps/web-cleaning/src/contexts/AuthContext.tsx', but '--jsx' is not set.
../../apps/web-cleaning/src/components/calendar/CreateJobFromCalendarModal.tsx(8,1): error TS6133: 'Textarea' is declared but its value is never read.
../../apps/web-cleaning/src/components/calendar/CreateJobFromCalendarModal.tsx(57,9): error TS6133: 'user' is declared but its value is never read.
../../apps/web-cleaning/src/components/calendar/CreateJobFromCalendarModal.tsx(200,5): error TS17004: Cannot use JSX unless the '--jsx' flag is provided.
../../apps/web-cleaning/src/components/calendar/CreateJobFromCalendarModal.tsx(201,7): error TS17004: Cannot use JSX unless the '--jsx' flag is provided.
../../apps/web-cleaning/src/components/calendar/CreateJobFromCalendarModal.tsx(203,9): error TS17004: Cannot use JSX unless the '--jsx' flag is provided.
../../apps/web-cleaning/src/components/calendar/CreateJobFromCalendarModal.tsx(204,11): error TS17004: Cannot use JSX unless the '--jsx' flag is provided.
../../apps/web-cleaning/src/components/calendar/CreateJobFromCalendarModal.tsx(205,13): error TS17004: Cannot use JSX unless the '--jsx' flag is provided.
../../apps/web-cleaning/src/components/calendar/CreateJobFromCalendarModal.tsx(208,13): error TS17004: Cannot use JSX unless the '--jsx' flag is provided.
../../apps/web-cleaning/src/components/calendar/CreateJobFromCalendarModal.tsx(212,11): error TS17004: Cannot use JSX unless the '--jsx' flag is provided.
../../apps/web-cleaning/src/components/calendar/CreateJobFromCalendarModal.tsx(216,13): error TS17004: Cannot use JSX unless the '--jsx' flag is provided.
../../apps/web-cleaning/src/components/calendar/CreateJobFromCalendarModal.tsx(221,11): error TS17004: Cannot use JSX unless the '--jsx' flag is provided.
../../apps/web-cleaning/src/components/calendar/CreateJobFromCalendarModal.tsx(222,13): error TS17004: Cannot use JSX unless the '--jsx' flag is provided.
../../apps/web-cleaning/src/components/calendar/CreateJobFromCalendarModal.tsx(222,22): error TS2322: Type '"large"' is not assignable to type 'SpinnerSize | undefined'.
../../apps/web-cleaning/src/components/calendar/CreateJobFromCalendarModal.tsx(225,11): error TS17004: Cannot use JSX unless the '--jsx' flag is provided.
../../apps/web-cleaning/src/components/calendar/CreateJobFromCalendarModal.tsx(227,13): error TS17004: Cannot use JSX unless the '--jsx' flag is provided.
../../apps/web-cleaning/src/components/calendar/CreateJobFromCalendarModal.tsx(228,15): error TS17004: Cannot use JSX unless the '--jsx' flag is provided.
../../apps/web-cleaning/src/components/calendar/CreateJobFromCalendarModal.tsx(229,17): error TS17004: Cannot use JSX unless the '--jsx' flag is provided.
../../apps/web-cleaning/src/components/calendar/CreateJobFromCalendarModal.tsx(230,19): error TS17004: Cannot use JSX unless the '--jsx' flag is provided.
../../apps/web-cleaning/src/components/calendar/CreateJobFromCalendarModal.tsx(231,19): error TS17004: Cannot use JSX unless the '--jsx' flag is provided.
../../apps/web-cleaning/src/components/calendar/CreateJobFromCalendarModal.tsx(235,17): error TS17004: Cannot use JSX unless the '--jsx' flag is provided.
../../apps/web-cleaning/src/components/calendar/CreateJobFromCalendarModal.tsx(236,19): error TS17004: Cannot use JSX unless the '--jsx' flag is provided.
../../apps/web-cleaning/src/components/calendar/CreateJobFromCalendarModal.tsx(237,19): error TS17004: Cannot use JSX unless the '--jsx' flag is provided.
../../apps/web-cleaning/src/components/calendar/CreateJobFromCalendarModal.tsx(246,15): error TS17004: Cannot use JSX unless the '--jsx' flag is provided.
../../apps/web-cleaning/src/components/calendar/CreateJobFromCalendarModal.tsx(247,17): error TS17004: Cannot use JSX unless the '--jsx' flag is provided.
../../apps/web-cleaning/src/components/calendar/CreateJobFromCalendarModal.tsx(250,17): error TS17004: Cannot use JSX unless the '--jsx' flag is provided.
../../apps/web-cleaning/src/components/calendar/CreateJobFromCalendarModal.tsx(261,15): error TS17004: Cannot use JSX unless the '--jsx' flag is provided.
../../apps/web-cleaning/src/components/calendar/CreateJobFromCalendarModal.tsx(262,17): error TS17004: Cannot use JSX unless the '--jsx' flag is provided.
../../apps/web-cleaning/src/components/calendar/CreateJobFromCalendarModal.tsx(265,17): error TS17004: Cannot use JSX unless the '--jsx' flag is provided.
../../apps/web-cleaning/src/components/calendar/CreateJobFromCalendarModal.tsx(266,19): error TS2322: Type '{ placeholder: string; options: { value: string; label: string; }[]; value: string; onChange: (e: ChangeEvent<HTMLSelectElement>) => void; required: true; }' is not assignable to type 'IntrinsicAttributes & SelectProps & RefAttributes<HTMLSelectElement>'.
  Property 'placeholder' does not exist on type 'IntrinsicAttributes & SelectProps & RefAttributes<HTMLSelectElement>'.
../../apps/web-cleaning/src/components/calendar/CreateJobFromCalendarModal.tsx(272,84): error TS2339: Property 'value' does not exist on type 'EventTarget & HTMLSelectElement'.
../../apps/web-cleaning/src/components/calendar/CreateJobFromCalendarModal.tsx(279,13): error TS17004: Cannot use JSX unless the '--jsx' flag is provided.
../../apps/web-cleaning/src/components/calendar/CreateJobFromCalendarModal.tsx(280,15): error TS17004: Cannot use JSX unless the '--jsx' flag is provided.
../../apps/web-cleaning/src/components/calendar/CreateJobFromCalendarModal.tsx(283,15): error TS17004: Cannot use JSX unless the '--jsx' flag is provided.
../../apps/web-cleaning/src/components/calendar/CreateJobFromCalendarModal.tsx(284,17): error TS2322: Type '{ placeholder: string; options: { value: string; label: string; }[]; value: string; onChange: (e: ChangeEvent<HTMLSelectElement>) => void; required: true; }' is not assignable to type 'IntrinsicAttributes & SelectProps & RefAttributes<HTMLSelectElement>'.
  Property 'placeholder' does not exist on type 'IntrinsicAttributes & SelectProps & RefAttributes<HTMLSelectElement>'.
../../apps/web-cleaning/src/components/calendar/CreateJobFromCalendarModal.tsx(290,90): error TS2339: Property 'value' does not exist on type 'EventTarget & HTMLSelectElement'.
../../apps/web-cleaning/src/components/calendar/CreateJobFromCalendarModal.tsx(294,17): error TS17004: Cannot use JSX unless the '--jsx' flag is provided.
../../apps/web-cleaning/src/components/calendar/CreateJobFromCalendarModal.tsx(301,13): error TS17004: Cannot use JSX unless the '--jsx' flag is provided.
../../apps/web-cleaning/src/components/calendar/CreateJobFromCalendarModal.tsx(302,15): error TS17004: Cannot use JSX unless the '--jsx' flag is provided.
../../apps/web-cleaning/src/components/calendar/CreateJobFromCalendarModal.tsx(305,15): error TS17004: Cannot use JSX unless the '--jsx' flag is provided.
../../apps/web-cleaning/src/components/calendar/CreateJobFromCalendarModal.tsx(306,17): error TS17004: Cannot use JSX unless the '--jsx' flag is provided.
../../apps/web-cleaning/src/components/calendar/CreateJobFromCalendarModal.tsx(309,88): error TS2339: Property 'value' does not exist on type 'EventTarget & HTMLInputElement'.
../../apps/web-cleaning/src/components/calendar/CreateJobFromCalendarModal.tsx(314,17): error TS17004: Cannot use JSX unless the '--jsx' flag is provided.
../../apps/web-cleaning/src/components/calendar/CreateJobFromCalendarModal.tsx(317,94): error TS2339: Property 'value' does not exist on type 'EventTarget & HTMLInputElement'.
../../apps/web-cleaning/src/components/calendar/CreateJobFromCalendarModal.tsx(320,17): error TS17004: Cannot use JSX unless the '--jsx' flag is provided.
../../apps/web-cleaning/src/components/calendar/CreateJobFromCalendarModal.tsx(323,92): error TS2339: Property 'value' does not exist on type 'EventTarget & HTMLInputElement'.
../../apps/web-cleaning/src/components/calendar/CreateJobFromCalendarModal.tsx(327,15): error TS17004: Cannot use JSX unless the '--jsx' flag is provided.
../../apps/web-cleaning/src/components/calendar/CreateJobFromCalendarModal.tsx(334,15): error TS17004: Cannot use JSX unless the '--jsx' flag is provided.
../../apps/web-cleaning/src/components/calendar/CreateJobFromCalendarModal.tsx(335,17): error TS17004: Cannot use JSX unless the '--jsx' flag is provided.
../../apps/web-cleaning/src/components/calendar/CreateJobFromCalendarModal.tsx(338,17): error TS17004: Cannot use JSX unless the '--jsx' flag is provided.
../../apps/web-cleaning/src/components/calendar/CreateJobFromCalendarModal.tsx(343,86): error TS2339: Property 'value' does not exist on type 'EventTarget & HTMLInputElement'.
../../apps/web-cleaning/src/components/calendar/CreateJobFromCalendarModal.tsx(347,17): error TS17004: Cannot use JSX unless the '--jsx' flag is provided.
../../apps/web-cleaning/src/components/calendar/CreateJobFromCalendarModal.tsx(354,13): error TS17004: Cannot use JSX unless the '--jsx' flag is provided.
../../apps/web-cleaning/src/components/calendar/CreateJobFromCalendarModal.tsx(355,15): error TS17004: Cannot use JSX unless the '--jsx' flag is provided.
../../apps/web-cleaning/src/components/calendar/CreateJobFromCalendarModal.tsx(355,37): error TS2322: Type '"outline"' is not assignable to type 'ButtonVariant | undefined'.
../../apps/web-cleaning/src/components/calendar/CreateJobFromCalendarModal.tsx(358,15): error TS17004: Cannot use JSX unless the '--jsx' flag is provided.
../../apps/web-cleaning/src/components/calendar/CreateJobFromCalendarModal.tsx(359,28): error TS17004: Cannot use JSX unless the '--jsx' flag is provided.
../../apps/web-cleaning/src/components/calendar/CreateJobFromCalendarModal.tsx(359,37): error TS2322: Type '"small"' is not assignable to type 'SpinnerSize | undefined'.
../../apps/web-cleaning/src/components/calendar/QuickEditJobModal.tsx(80,9): error TS18049: 'startTime' is possibly 'null' or 'undefined'.
../../apps/web-cleaning/src/components/calendar/QuickEditJobModal.tsx(80,22): error TS18049: 'endTime' is possibly 'null' or 'undefined'.
../../apps/web-cleaning/src/components/calendar/QuickEditJobModal.tsx(89,9): error TS2322: Type 'string | null | undefined' is not assignable to type 'string | undefined'.
  Type 'null' is not assignable to type 'string | undefined'.
../../apps/web-cleaning/src/components/calendar/QuickEditJobModal.tsx(90,9): error TS2322: Type 'string | null | undefined' is not assignable to type 'string | undefined'.
  Type 'null' is not assignable to type 'string | undefined'.
../../apps/web-cleaning/src/components/calendar/QuickEditJobModal.tsx(91,9): error TS2322: Type 'string | null' is not assignable to type 'string | undefined'.
  Type 'null' is not assignable to type 'string | undefined'.
../../apps/web-cleaning/src/components/calendar/QuickEditJobModal.tsx(92,9): error TS2322: Type '"SCHEDULED" | "IN_PROGRESS" | "COMPLETED" | "CANCELLED"' is not assignable to type '"SCHEDULED" | "PENDING" | undefined'.
  Type '"IN_PROGRESS"' is not assignable to type '"SCHEDULED" | "PENDING" | undefined'.
../../apps/web-cleaning/src/components/calendar/QuickEditJobModal.tsx(116,5): error TS17004: Cannot use JSX unless the '--jsx' flag is provided.
../../apps/web-cleaning/src/components/calendar/QuickEditJobModal.tsx(122,9): error TS17004: Cannot use JSX unless the '--jsx' flag is provided.
../../apps/web-cleaning/src/components/calendar/QuickEditJobModal.tsx(123,11): error TS17004: Cannot use JSX unless the '--jsx' flag is provided.
../../apps/web-cleaning/src/components/calendar/QuickEditJobModal.tsx(130,11): error TS17004: Cannot use JSX unless the '--jsx' flag is provided.
../../apps/web-cleaning/src/components/calendar/QuickEditJobModal.tsx(140,7): error TS17004: Cannot use JSX unless the '--jsx' flag is provided.
../../apps/web-cleaning/src/components/calendar/QuickEditJobModal.tsx(142,9): error TS17004: Cannot use JSX unless the '--jsx' flag is provided.
../../apps/web-cleaning/src/components/calendar/QuickEditJobModal.tsx(148,11): error TS17004: Cannot use JSX unless the '--jsx' flag is provided.
../../apps/web-cleaning/src/components/calendar/QuickEditJobModal.tsx(151,11): error TS17004: Cannot use JSX unless the '--jsx' flag is provided.
../../apps/web-cleaning/src/components/calendar/QuickEditJobModal.tsx(152,23): error TS2769: No overload matches this call.
  Overload 1 of 4, '(value: string | number | Date): Date', gave the following error.
    Argument of type 'string | null | undefined' is not assignable to parameter of type 'string | number | Date'.
      Type 'undefined' is not assignable to type 'string | number | Date'.
  Overload 2 of 4, '(value: string | number): Date', gave the following error.
    Argument of type 'string | null | undefined' is not assignable to parameter of type 'string | number'.
      Type 'undefined' is not assignable to type 'string | number'.
../../apps/web-cleaning/src/components/calendar/QuickEditJobModal.tsx(162,9): error TS17004: Cannot use JSX unless the '--jsx' flag is provided.
../../apps/web-cleaning/src/components/calendar/QuickEditJobModal.tsx(163,11): error TS17004: Cannot use JSX unless the '--jsx' flag is provided.
../../apps/web-cleaning/src/components/calendar/QuickEditJobModal.tsx(165,13): error TS2322: Type 'string | null | undefined' is not assignable to type 'string | number | readonly string[] | undefined'.
  Type 'null' is not assignable to type 'string | number | readonly string[] | undefined'.
../../apps/web-cleaning/src/components/calendar/QuickEditJobModal.tsx(166,52): error TS2339: Property 'value' does not exist on type 'EventTarget & HTMLSelectElement'.
../../apps/web-cleaning/src/components/calendar/QuickEditJobModal.tsx(173,9): error TS17004: Cannot use JSX unless the '--jsx' flag is provided.
../../apps/web-cleaning/src/components/calendar/QuickEditJobModal.tsx(174,11): error TS17004: Cannot use JSX unless the '--jsx' flag is provided.
../../apps/web-cleaning/src/components/calendar/QuickEditJobModal.tsx(176,13): error TS2322: Type 'string | null | undefined' is not assignable to type 'string | number | readonly string[] | undefined'.
  Type 'null' is not assignable to type 'string | number | readonly string[] | undefined'.
../../apps/web-cleaning/src/components/calendar/QuickEditJobModal.tsx(177,50): error TS2339: Property 'value' does not exist on type 'EventTarget & HTMLSelectElement'.
../../apps/web-cleaning/src/components/calendar/QuickEditJobModal.tsx(185,9): error TS17004: Cannot use JSX unless the '--jsx' flag is provided.
../../apps/web-cleaning/src/components/calendar/QuickEditJobModal.tsx(186,11): error TS17004: Cannot use JSX unless the '--jsx' flag is provided.
../../apps/web-cleaning/src/components/calendar/QuickEditJobModal.tsx(189,51): error TS2339: Property 'value' does not exist on type 'EventTarget & HTMLSelectElement'.
../../apps/web-cleaning/src/components/calendar/QuickEditJobModal.tsx(198,9): error TS17004: Cannot use JSX unless the '--jsx' flag is provided.
../../apps/web-cleaning/src/components/calendar/QuickEditJobModal.tsx(199,11): error TS17004: Cannot use JSX unless the '--jsx' flag is provided.
../../apps/web-cleaning/src/components/calendar/QuickEditJobModal.tsx(202,49): error TS2339: Property 'value' does not exist on type 'EventTarget & HTMLSelectElement'.
../../apps/web-cleaning/src/components/calendar/QuickEditJobModal.tsx(210,9): error TS17004: Cannot use JSX unless the '--jsx' flag is provided.
../../apps/web-cleaning/src/components/calendar/QuickEditJobModal.tsx(218,11): error TS17004: Cannot use JSX unless the '--jsx' flag is provided.
../../apps/web-cleaning/src/components/calendar/QuickEditJobModal.tsx(218,57): error TS2345: Argument of type 'string | null | undefined' is not assignable to parameter of type 'string'.
  Type 'undefined' is not assignable to type 'string'.
../../apps/web-cleaning/src/components/contracts/ContractDetailsModal.tsx(54,10): error TS6133: 'loadingProperties' is declared but its value is never read.
../../apps/web-cleaning/src/components/contracts/ContractDetailsModal.tsx(135,10): error TS2304: Cannot find name 'confirm'.
../../apps/web-cleaning/src/components/contracts/ContractDetailsModal.tsx(151,9): error TS6133: 'handleUpdatePropertyFee' is declared but its value is never read.
../../apps/web-cleaning/src/components/contracts/ContractDetailsModal.tsx(177,5): error TS17004: Cannot use JSX unless the '--jsx' flag is provided.
../../apps/web-cleaning/src/components/contracts/ContractDetailsModal.tsx(180,7): error TS2322: Type 'Element' is not assignable to type 'string'.
../../apps/web-cleaning/src/components/contracts/ContractDetailsModal.tsx(181,9): error TS17004: Cannot use JSX unless the '--jsx' flag is provided.
../../apps/web-cleaning/src/components/contracts/ContractDetailsModal.tsx(182,11): error TS17004: Cannot use JSX unless the '--jsx' flag is provided.
../../apps/web-cleaning/src/components/contracts/ContractDetailsModal.tsx(183,11): error TS17004: Cannot use JSX unless the '--jsx' flag is provided.
../../apps/web-cleaning/src/components/contracts/ContractDetailsModal.tsx(190,9): error TS17004: Cannot use JSX unless the '--jsx' flag is provided.
../../apps/web-cleaning/src/components/contracts/ContractDetailsModal.tsx(191,11): error TS17004: Cannot use JSX unless the '--jsx' flag is provided.
../../apps/web-cleaning/src/components/contracts/ContractDetailsModal.tsx(195,7): error TS17004: Cannot use JSX unless the '--jsx' flag is provided.
../../apps/web-cleaning/src/components/contracts/ContractDetailsModal.tsx(197,11): error TS17004: Cannot use JSX unless the '--jsx' flag is provided.
../../apps/web-cleaning/src/components/contracts/ContractDetailsModal.tsx(198,13): error TS17004: Cannot use JSX unless the '--jsx' flag is provided.
../../apps/web-cleaning/src/components/contracts/ContractDetailsModal.tsx(199,15): error TS17004: Cannot use JSX unless the '--jsx' flag is provided.
../../apps/web-cleaning/src/components/contracts/ContractDetailsModal.tsx(200,15): error TS17004: Cannot use JSX unless the '--jsx' flag is provided.
../../apps/web-cleaning/src/components/contracts/ContractDetailsModal.tsx(205,13): error TS17004: Cannot use JSX unless the '--jsx' flag is provided.
../../apps/web-cleaning/src/components/contracts/ContractDetailsModal.tsx(206,15): error TS17004: Cannot use JSX unless the '--jsx' flag is provided.
../../apps/web-cleaning/src/components/contracts/ContractDetailsModal.tsx(207,15): error TS17004: Cannot use JSX unless the '--jsx' flag is provided.
../../apps/web-cleaning/src/components/contracts/ContractDetailsModal.tsx(212,13): error TS17004: Cannot use JSX unless the '--jsx' flag is provided.
../../apps/web-cleaning/src/components/contracts/ContractDetailsModal.tsx(213,15): error TS17004: Cannot use JSX unless the '--jsx' flag is provided.
../../apps/web-cleaning/src/components/contracts/ContractDetailsModal.tsx(214,15): error TS17004: Cannot use JSX unless the '--jsx' flag is provided.
../../apps/web-cleaning/src/components/contracts/ContractDetailsModal.tsx(219,13): error TS17004: Cannot use JSX unless the '--jsx' flag is provided.
../../apps/web-cleaning/src/components/contracts/ContractDetailsModal.tsx(220,15): error TS17004: Cannot use JSX unless the '--jsx' flag is provided.
../../apps/web-cleaning/src/components/contracts/ContractDetailsModal.tsx(224,17): error TS17004: Cannot use JSX unless the '--jsx' flag is provided.
../../apps/web-cleaning/src/components/contracts/ContractDetailsModal.tsx(224,26): error TS2322: Type '"small"' is not assignable to type 'SpinnerSize | undefined'.
../../apps/web-cleaning/src/components/contracts/ContractDetailsModal.tsx(226,17): error TS17004: Cannot use JSX unless the '--jsx' flag is provided.
../../apps/web-cleaning/src/components/contracts/ContractDetailsModal.tsx(232,13): error TS17004: Cannot use JSX unless the '--jsx' flag is provided.
../../apps/web-cleaning/src/components/contracts/ContractDetailsModal.tsx(233,15): error TS17004: Cannot use JSX unless the '--jsx' flag is provided.
../../apps/web-cleaning/src/components/contracts/ContractDetailsModal.tsx(234,15): error TS17004: Cannot use JSX unless the '--jsx' flag is provided.
../../apps/web-cleaning/src/components/contracts/ContractDetailsModal.tsx(237,13): error TS17004: Cannot use JSX unless the '--jsx' flag is provided.
../../apps/web-cleaning/src/components/contracts/ContractDetailsModal.tsx(238,15): error TS17004: Cannot use JSX unless the '--jsx' flag is provided.
../../apps/web-cleaning/src/components/contracts/ContractDetailsModal.tsx(239,15): error TS17004: Cannot use JSX unless the '--jsx' flag is provided.
../../apps/web-cleaning/src/components/contracts/ContractDetailsModal.tsx(246,13): error TS17004: Cannot use JSX unless the '--jsx' flag is provided.
../../apps/web-cleaning/src/components/contracts/ContractDetailsModal.tsx(247,15): error TS17004: Cannot use JSX unless the '--jsx' flag is provided.
../../apps/web-cleaning/src/components/contracts/ContractDetailsModal.tsx(248,15): error TS17004: Cannot use JSX unless the '--jsx' flag is provided.
../../apps/web-cleaning/src/components/contracts/ContractDetailsModal.tsx(253,11): error TS17004: Cannot use JSX unless the '--jsx' flag is provided.
../../apps/web-cleaning/src/components/contracts/ContractDetailsModal.tsx(254,13): error TS17004: Cannot use JSX unless the '--jsx' flag is provided.
../../apps/web-cleaning/src/components/contracts/ContractDetailsModal.tsx(255,15): error TS17004: Cannot use JSX unless the '--jsx' flag is provided.
../../apps/web-cleaning/src/components/contracts/ContractDetailsModal.tsx(259,17): error TS17004: Cannot use JSX unless the '--jsx' flag is provided.
../../apps/web-cleaning/src/components/contracts/ContractDetailsModal.tsx(259,25): error TS2322: Type '"small"' is not assignable to type 'ButtonSize | undefined'.
../../apps/web-cleaning/src/components/contracts/ContractDetailsModal.tsx(260,19): error TS17004: Cannot use JSX unless the '--jsx' flag is provided.
../../apps/web-cleaning/src/components/contracts/ContractDetailsModal.tsx(268,15): error TS17004: Cannot use JSX unless the '--jsx' flag is provided.
../../apps/web-cleaning/src/components/contracts/ContractDetailsModal.tsx(269,17): error TS17004: Cannot use JSX unless the '--jsx' flag is provided.
../../apps/web-cleaning/src/components/contracts/ContractDetailsModal.tsx(270,19): error TS17004: Cannot use JSX unless the '--jsx' flag is provided.
../../apps/web-cleaning/src/components/contracts/ContractDetailsModal.tsx(271,21): error TS2322: Type '{ placeholder: string; options: { value: string; label: string; }[]; value: string; onChange: (e: ChangeEvent<HTMLSelectElement>) => void; }' is not assignable to type 'IntrinsicAttributes & SelectProps & RefAttributes<HTMLSelectElement>'.
  Property 'placeholder' does not exist on type 'IntrinsicAttributes & SelectProps & RefAttributes<HTMLSelectElement>'.
../../apps/web-cleaning/src/components/contracts/ContractDetailsModal.tsx(277,69): error TS2339: Property 'value' does not exist on type 'EventTarget & HTMLSelectElement'.
../../apps/web-cleaning/src/components/contracts/ContractDetailsModal.tsx(281,21): error TS17004: Cannot use JSX unless the '--jsx' flag is provided.
../../apps/web-cleaning/src/components/contracts/ContractDetailsModal.tsx(286,64): error TS2339: Property 'value' does not exist on type 'EventTarget & HTMLInputElement'.
../../apps/web-cleaning/src/components/contracts/ContractDetailsModal.tsx(291,19): error TS17004: Cannot use JSX unless the '--jsx' flag is provided.
../../apps/web-cleaning/src/components/contracts/ContractDetailsModal.tsx(292,21): error TS17004: Cannot use JSX unless the '--jsx' flag is provided.
../../apps/web-cleaning/src/components/contracts/ContractDetailsModal.tsx(292,57): error TS2322: Type '"small"' is not assignable to type 'ButtonSize | undefined'.
../../apps/web-cleaning/src/components/contracts/ContractDetailsModal.tsx(293,33): error TS17004: Cannot use JSX unless the '--jsx' flag is provided.
../../apps/web-cleaning/src/components/contracts/ContractDetailsModal.tsx(293,42): error TS2322: Type '"small"' is not assignable to type 'SpinnerSize | undefined'.
../../apps/web-cleaning/src/components/contracts/ContractDetailsModal.tsx(295,21): error TS17004: Cannot use JSX unless the '--jsx' flag is provided.
../../apps/web-cleaning/src/components/contracts/ContractDetailsModal.tsx(295,29): error TS2322: Type '"outline"' is not assignable to type 'ButtonVariant | undefined'.
../../apps/web-cleaning/src/components/contracts/ContractDetailsModal.tsx(295,47): error TS2322: Type '"small"' is not assignable to type 'ButtonSize | undefined'.
../../apps/web-cleaning/src/components/contracts/ContractDetailsModal.tsx(305,15): error TS17004: Cannot use JSX unless the '--jsx' flag is provided.
../../apps/web-cleaning/src/components/contracts/ContractDetailsModal.tsx(306,17): error TS17004: Cannot use JSX unless the '--jsx' flag is provided.
../../apps/web-cleaning/src/components/contracts/ContractDetailsModal.tsx(307,17): error TS17004: Cannot use JSX unless the '--jsx' flag is provided.
../../apps/web-cleaning/src/components/contracts/ContractDetailsModal.tsx(310,15): error TS17004: Cannot use JSX unless the '--jsx' flag is provided.
../../apps/web-cleaning/src/components/contracts/ContractDetailsModal.tsx(312,19): error TS17004: Cannot use JSX unless the '--jsx' flag is provided.
../../apps/web-cleaning/src/components/contracts/ContractDetailsModal.tsx(313,21): error TS17004: Cannot use JSX unless the '--jsx' flag is provided.
../../apps/web-cleaning/src/components/contracts/ContractDetailsModal.tsx(314,23): error TS17004: Cannot use JSX unless the '--jsx' flag is provided.
../../apps/web-cleaning/src/components/contracts/ContractDetailsModal.tsx(315,25): error TS17004: Cannot use JSX unless the '--jsx' flag is provided.
../../apps/web-cleaning/src/components/contracts/ContractDetailsModal.tsx(318,25): error TS17004: Cannot use JSX unless the '--jsx' flag is provided.
../../apps/web-cleaning/src/components/contracts/ContractDetailsModal.tsx(322,27): error TS17004: Cannot use JSX unless the '--jsx' flag is provided.
../../apps/web-cleaning/src/components/contracts/ContractDetailsModal.tsx(329,23): error TS17004: Cannot use JSX unless the '--jsx' flag is provided.
../../apps/web-cleaning/src/components/contracts/ContractDetailsModal.tsx(331,27): error TS17004: Cannot use JSX unless the '--jsx' flag is provided.
../../apps/web-cleaning/src/components/contracts/ContractDetailsModal.tsx(332,29): error TS2322: Type '"outline"' is not assignable to type 'ButtonVariant | undefined'.
../../apps/web-cleaning/src/components/contracts/ContractDetailsModal.tsx(333,29): error TS2322: Type '"small"' is not assignable to type 'ButtonSize | undefined'.
../../apps/web-cleaning/src/components/contracts/ContractDetailsModal.tsx(336,29): error TS17004: Cannot use JSX unless the '--jsx' flag is provided.
../../apps/web-cleaning/src/components/contracts/CreateContractModal.tsx(4,25): error TS6142: Module '../../contexts/AuthContext' was resolved to '/home/orrox/projects/rightfit-cleaning-staging/apps/web-cleaning/src/contexts/AuthContext.tsx', but '--jsx' is not set.
../../apps/web-cleaning/src/components/contracts/CreateContractModal.tsx(121,5): error TS17004: Cannot use JSX unless the '--jsx' flag is provided.
../../apps/web-cleaning/src/components/contracts/CreateContractModal.tsx(122,7): error TS17004: Cannot use JSX unless the '--jsx' flag is provided.
../../apps/web-cleaning/src/components/contracts/CreateContractModal.tsx(124,9): error TS17004: Cannot use JSX unless the '--jsx' flag is provided.
../../apps/web-cleaning/src/components/contracts/CreateContractModal.tsx(125,11): error TS17004: Cannot use JSX unless the '--jsx' flag is provided.
../../apps/web-cleaning/src/components/contracts/CreateContractModal.tsx(128,11): error TS17004: Cannot use JSX unless the '--jsx' flag is provided.
../../apps/web-cleaning/src/components/contracts/CreateContractModal.tsx(132,13): error TS17004: Cannot use JSX unless the '--jsx' flag is provided.
../../apps/web-cleaning/src/components/contracts/CreateContractModal.tsx(137,9): error TS17004: Cannot use JSX unless the '--jsx' flag is provided.
../../apps/web-cleaning/src/components/contracts/CreateContractModal.tsx(139,11): error TS17004: Cannot use JSX unless the '--jsx' flag is provided.
../../apps/web-cleaning/src/components/contracts/CreateContractModal.tsx(140,13): error TS17004: Cannot use JSX unless the '--jsx' flag is provided.
../../apps/web-cleaning/src/components/contracts/CreateContractModal.tsx(144,15): error TS17004: Cannot use JSX unless the '--jsx' flag is provided.
../../apps/web-cleaning/src/components/contracts/CreateContractModal.tsx(145,17): error TS17004: Cannot use JSX unless the '--jsx' flag is provided.
../../apps/web-cleaning/src/components/contracts/CreateContractModal.tsx(148,15): error TS17004: Cannot use JSX unless the '--jsx' flag is provided.
../../apps/web-cleaning/src/components/contracts/CreateContractModal.tsx(149,17): error TS2322: Type '{ placeholder: string; options: { value: string; label: string; }[]; value: string; onChange: (e: ChangeEvent<HTMLSelectElement>) => void; required: true; }' is not assignable to type 'IntrinsicAttributes & SelectProps & RefAttributes<HTMLSelectElement>'.
  Property 'placeholder' does not exist on type 'IntrinsicAttributes & SelectProps & RefAttributes<HTMLSelectElement>'.
../../apps/web-cleaning/src/components/contracts/CreateContractModal.tsx(155,83): error TS2339: Property 'value' does not exist on type 'EventTarget & HTMLSelectElement'.
../../apps/web-cleaning/src/components/contracts/CreateContractModal.tsx(162,11): error TS17004: Cannot use JSX unless the '--jsx' flag is provided.
../../apps/web-cleaning/src/components/contracts/CreateContractModal.tsx(163,13): error TS17004: Cannot use JSX unless the '--jsx' flag is provided.
../../apps/web-cleaning/src/components/contracts/CreateContractModal.tsx(164,15): error TS17004: Cannot use JSX unless the '--jsx' flag is provided.
../../apps/web-cleaning/src/components/contracts/CreateContractModal.tsx(169,11): error TS17004: Cannot use JSX unless the '--jsx' flag is provided.
../../apps/web-cleaning/src/components/contracts/CreateContractModal.tsx(170,13): error TS17004: Cannot use JSX unless the '--jsx' flag is provided.
../../apps/web-cleaning/src/components/contracts/CreateContractModal.tsx(173,13): error TS17004: Cannot use JSX unless the '--jsx' flag is provided.
../../apps/web-cleaning/src/components/contracts/CreateContractModal.tsx(174,15): error TS17004: Cannot use JSX unless the '--jsx' flag is provided.
../../apps/web-cleaning/src/components/contracts/CreateContractModal.tsx(177,94): error TS2339: Property 'value' does not exist on type 'EventTarget & HTMLInputElement'.
../../apps/web-cleaning/src/components/contracts/CreateContractModal.tsx(180,15): error TS17004: Cannot use JSX unless the '--jsx' flag is provided.
../../apps/web-cleaning/src/components/contracts/CreateContractModal.tsx(183,94): error TS2339: Property 'value' does not exist on type 'EventTarget & HTMLInputElement'.
../../apps/web-cleaning/src/components/contracts/CreateContractModal.tsx(186,15): error TS17004: Cannot use JSX unless the '--jsx' flag is provided.
../../apps/web-cleaning/src/components/contracts/CreateContractModal.tsx(187,17): error TS17004: Cannot use JSX unless the '--jsx' flag is provided.
../../apps/web-cleaning/src/components/contracts/CreateContractModal.tsx(190,87): error TS2339: Property 'value' does not exist on type 'EventTarget & HTMLInputElement'.
../../apps/web-cleaning/src/components/contracts/CreateContractModal.tsx(193,17): error TS17004: Cannot use JSX unless the '--jsx' flag is provided.
../../apps/web-cleaning/src/components/contracts/CreateContractModal.tsx(196,91): error TS2339: Property 'value' does not exist on type 'EventTarget & HTMLInputElement'.
../../apps/web-cleaning/src/components/contracts/CreateContractModal.tsx(200,15): error TS17004: Cannot use JSX unless the '--jsx' flag is provided.
../../apps/web-cleaning/src/components/contracts/CreateContractModal.tsx(203,88): error TS2339: Property 'value' does not exist on type 'EventTarget & HTMLInputElement'.
../../apps/web-cleaning/src/components/contracts/CreateContractModal.tsx(210,11): error TS17004: Cannot use JSX unless the '--jsx' flag is provided.
../../apps/web-cleaning/src/components/contracts/CreateContractModal.tsx(211,13): error TS17004: Cannot use JSX unless the '--jsx' flag is provided.
../../apps/web-cleaning/src/components/contracts/CreateContractModal.tsx(214,13): error TS17004: Cannot use JSX unless the '--jsx' flag is provided.
../../apps/web-cleaning/src/components/contracts/CreateContractModal.tsx(215,15): error TS17004: Cannot use JSX unless the '--jsx' flag is provided.
../../apps/web-cleaning/src/components/contracts/CreateContractModal.tsx(221,17): error TS2322: Type '{ name: string; value: string; checked: boolean; onChange: () => void; label: string; description: string; }' is not assignable to type 'IntrinsicAttributes & RadioProps & RefAttributes<HTMLInputElement>'.
  Property 'description' does not exist on type 'IntrinsicAttributes & RadioProps & RefAttributes<HTMLInputElement>'.
../../apps/web-cleaning/src/components/contracts/CreateContractModal.tsx(223,15): error TS17004: Cannot use JSX unless the '--jsx' flag is provided.
../../apps/web-cleaning/src/components/contracts/CreateContractModal.tsx(229,17): error TS2322: Type '{ name: string; value: string; checked: boolean; onChange: () => void; label: string; description: string; }' is not assignable to type 'IntrinsicAttributes & RadioProps & RefAttributes<HTMLInputElement>'.
  Property 'description' does not exist on type 'IntrinsicAttributes & RadioProps & RefAttributes<HTMLInputElement>'.
../../apps/web-cleaning/src/components/contracts/CreateContractModal.tsx(235,11): error TS17004: Cannot use JSX unless the '--jsx' flag is provided.
../../apps/web-cleaning/src/components/contracts/CreateContractModal.tsx(236,13): error TS17004: Cannot use JSX unless the '--jsx' flag is provided.
../../apps/web-cleaning/src/components/contracts/CreateContractModal.tsx(237,15): error TS17004: Cannot use JSX unless the '--jsx' flag is provided.
../../apps/web-cleaning/src/components/contracts/CreateContractModal.tsx(240,15): error TS17004: Cannot use JSX unless the '--jsx' flag is provided.
../../apps/web-cleaning/src/components/contracts/CreateContractModal.tsx(243,91): error TS2339: Property 'value' does not exist on type 'EventTarget & HTMLInputElement'.
../../apps/web-cleaning/src/components/contracts/CreateContractModal.tsx(248,13): error TS17004: Cannot use JSX unless the '--jsx' flag is provided.
../../apps/web-cleaning/src/components/contracts/CreateContractModal.tsx(249,15): error TS17004: Cannot use JSX unless the '--jsx' flag is provided.
../../apps/web-cleaning/src/components/contracts/CreateContractModal.tsx(252,15): error TS17004: Cannot use JSX unless the '--jsx' flag is provided.
../../apps/web-cleaning/src/components/contracts/CreateContractModal.tsx(255,89): error TS2339: Property 'value' does not exist on type 'EventTarget & HTMLInputElement'.
../../apps/web-cleaning/src/components/contracts/CreateContractModal.tsx(262,11): error TS17004: Cannot use JSX unless the '--jsx' flag is provided.
../../apps/web-cleaning/src/components/contracts/CreateContractModal.tsx(263,13): error TS17004: Cannot use JSX unless the '--jsx' flag is provided.
../../apps/web-cleaning/src/components/contracts/CreateContractModal.tsx(264,15): error TS17004: Cannot use JSX unless the '--jsx' flag is provided.
../../apps/web-cleaning/src/components/contracts/CreateContractModal.tsx(267,15): error TS17004: Cannot use JSX unless the '--jsx' flag is provided.
../../apps/web-cleaning/src/components/contracts/CreateContractModal.tsx(272,83): error TS2339: Property 'value' does not exist on type 'EventTarget & HTMLInputElement'.
../../apps/web-cleaning/src/components/contracts/CreateContractModal.tsx(277,17): error TS17004: Cannot use JSX unless the '--jsx' flag is provided.
../../apps/web-cleaning/src/components/contracts/CreateContractModal.tsx(283,13): error TS17004: Cannot use JSX unless the '--jsx' flag is provided.
../../apps/web-cleaning/src/components/contracts/CreateContractModal.tsx(284,15): error TS17004: Cannot use JSX unless the '--jsx' flag is provided.
../../apps/web-cleaning/src/components/contracts/CreateContractModal.tsx(287,15): error TS17004: Cannot use JSX unless the '--jsx' flag is provided.
../../apps/web-cleaning/src/components/contracts/CreateContractModal.tsx(292,83): error TS2339: Property 'value' does not exist on type 'EventTarget & HTMLInputElement'.
../../apps/web-cleaning/src/components/contracts/CreateContractModal.tsx(295,15): error TS17004: Cannot use JSX unless the '--jsx' flag is provided.
../../apps/web-cleaning/src/components/contracts/CreateContractModal.tsx(300,11): error TS17004: Cannot use JSX unless the '--jsx' flag is provided.
../../apps/web-cleaning/src/components/contracts/CreateContractModal.tsx(301,13): error TS17004: Cannot use JSX unless the '--jsx' flag is provided.
../../apps/web-cleaning/src/components/contracts/CreateContractModal.tsx(304,13): error TS17004: Cannot use JSX unless the '--jsx' flag is provided.
../../apps/web-cleaning/src/components/contracts/CreateContractModal.tsx(306,75): error TS2339: Property 'value' does not exist on type 'EventTarget & HTMLTextAreaElement'.
../../apps/web-cleaning/src/components/contracts/CreateContractModal.tsx(313,11): error TS17004: Cannot use JSX unless the '--jsx' flag is provided.
../../apps/web-cleaning/src/components/contracts/CreateContractModal.tsx(314,13): error TS17004: Cannot use JSX unless the '--jsx' flag is provided.
../../apps/web-cleaning/src/components/contracts/CreateContractModal.tsx(314,35): error TS2322: Type '"outline"' is not assignable to type 'ButtonVariant | undefined'.
../../apps/web-cleaning/src/components/contracts/CreateContractModal.tsx(317,13): error TS17004: Cannot use JSX unless the '--jsx' flag is provided.
../../apps/web-cleaning/src/components/contracts/CreateContractModal.tsx(318,26): error TS17004: Cannot use JSX unless the '--jsx' flag is provided.
../../apps/web-cleaning/src/components/contracts/CreateContractModal.tsx(318,35): error TS2322: Type '"small"' is not assignable to type 'SpinnerSize | undefined'.
../../apps/web-cleaning/src/components/dashboard/ActivityFeed.tsx(37,7): error TS17004: Cannot use JSX unless the '--jsx' flag is provided.
../../apps/web-cleaning/src/components/dashboard/ActivityFeed.tsx(39,11): error TS17004: Cannot use JSX unless the '--jsx' flag is provided.
../../apps/web-cleaning/src/components/dashboard/ActivityFeed.tsx(40,13): error TS17004: Cannot use JSX unless the '--jsx' flag is provided.
../../apps/web-cleaning/src/components/dashboard/ActivityFeed.tsx(41,13): error TS17004: Cannot use JSX unless the '--jsx' flag is provided.
../../apps/web-cleaning/src/components/dashboard/ActivityFeed.tsx(42,15): error TS17004: Cannot use JSX unless the '--jsx' flag is provided.
../../apps/web-cleaning/src/components/dashboard/ActivityFeed.tsx(43,15): error TS17004: Cannot use JSX unless the '--jsx' flag is provided.
../../apps/web-cleaning/src/components/dashboard/ActivityFeed.tsx(52,5): error TS17004: Cannot use JSX unless the '--jsx' flag is provided.
../../apps/web-cleaning/src/components/dashboard/ActivityFeed.tsx(54,9): error TS17004: Cannot use JSX unless the '--jsx' flag is provided.
../../apps/web-cleaning/src/components/dashboard/ActivityFeed.tsx(55,11): error TS17004: Cannot use JSX unless the '--jsx' flag is provided.
../../apps/web-cleaning/src/components/dashboard/ActivityFeed.tsx(57,15): error TS17004: Cannot use JSX unless the '--jsx' flag is provided.
../../apps/web-cleaning/src/components/dashboard/ActivityFeed.tsx(59,15): error TS17004: Cannot use JSX unless the '--jsx' flag is provided.
../../apps/web-cleaning/src/components/dashboard/ActivityFeed.tsx(65,11): error TS17004: Cannot use JSX unless the '--jsx' flag is provided.
../../apps/web-cleaning/src/components/dashboard/ActivityFeed.tsx(66,13): error TS17004: Cannot use JSX unless the '--jsx' flag is provided.
../../apps/web-cleaning/src/components/dashboard/ActivityFeed.tsx(67,15): error TS17004: Cannot use JSX unless the '--jsx' flag is provided.
../../apps/web-cleaning/src/components/dashboard/ActivityFeed.tsx(69,34): error TS17004: Cannot use JSX unless the '--jsx' flag is provided.
../../apps/web-cleaning/src/components/dashboard/ActivityFeed.tsx(70,13): error TS17004: Cannot use JSX unless the '--jsx' flag is provided.
../../apps/web-cleaning/src/components/dashboard/ActivityFeed.tsx(73,25): error TS17004: Cannot use JSX unless the '--jsx' flag is provided.
../../apps/web-cleaning/src/components/dashboard/ActivityFeed.tsx(78,9): error TS17004: Cannot use JSX unless the '--jsx' flag is provided.
../../apps/web-cleaning/src/components/dashboard/StatsCard.tsx(33,7): error TS17004: Cannot use JSX unless the '--jsx' flag is provided.
../../apps/web-cleaning/src/components/dashboard/StatsCard.tsx(34,9): error TS17004: Cannot use JSX unless the '--jsx' flag is provided.
../../apps/web-cleaning/src/components/dashboard/StatsCard.tsx(35,9): error TS17004: Cannot use JSX unless the '--jsx' flag is provided.
../../apps/web-cleaning/src/components/dashboard/StatsCard.tsx(41,5): error TS17004: Cannot use JSX unless the '--jsx' flag is provided.
../../apps/web-cleaning/src/components/dashboard/StatsCard.tsx(42,7): error TS17004: Cannot use JSX unless the '--jsx' flag is provided.
../../apps/web-cleaning/src/components/dashboard/StatsCard.tsx(43,9): error TS17004: Cannot use JSX unless the '--jsx' flag is provided.
../../apps/web-cleaning/src/components/dashboard/StatsCard.tsx(44,18): error TS17004: Cannot use JSX unless the '--jsx' flag is provided.
../../apps/web-cleaning/src/components/dashboard/StatsCard.tsx(47,7): error TS17004: Cannot use JSX unless the '--jsx' flag is provided.
../../apps/web-cleaning/src/components/dashboard/StatsCard.tsx(50,9): error TS17004: Cannot use JSX unless the '--jsx' flag is provided.
../../apps/web-cleaning/src/components/dashboard/StatsCard.tsx(51,11): error TS17004: Cannot use JSX unless the '--jsx' flag is provided.
../../apps/web-cleaning/src/components/dashboard/StatsCard.tsx(53,15): error TS17004: Cannot use JSX unless the '--jsx' flag is provided.
../../apps/web-cleaning/src/components/dashboard/StatsCard.tsx(55,15): error TS17004: Cannot use JSX unless the '--jsx' flag is provided.
../../apps/web-cleaning/src/components/dashboard/StatsCard.tsx(58,11): error TS17004: Cannot use JSX unless the '--jsx' flag is provided.
../../apps/web-cleaning/src/components/layout/AppLayout.tsx(5,25): error TS6142: Module '../../contexts/AuthContext' was resolved to '/home/orrox/projects/rightfit-cleaning-staging/apps/web-cleaning/src/contexts/AuthContext.tsx', but '--jsx' is not set.
../../apps/web-cleaning/src/components/layout/AppLayout.tsx(38,9): error TS17004: Cannot use JSX unless the '--jsx' flag is provided.
../../apps/web-cleaning/src/components/layout/AppLayout.tsx(39,11): error TS17004: Cannot use JSX unless the '--jsx' flag is provided.
../../apps/web-cleaning/src/components/layout/AppLayout.tsx(40,11): error TS17004: Cannot use JSX unless the '--jsx' flag is provided.
../../apps/web-cleaning/src/components/layout/AppLayout.tsx(41,11): error TS17004: Cannot use JSX unless the '--jsx' flag is provided.
../../apps/web-cleaning/src/components/layout/AppLayout.tsx(42,11): error TS17004: Cannot use JSX unless the '--jsx' flag is provided.
../../apps/web-cleaning/src/components/layout/AppLayout.tsx(52,9): error TS17004: Cannot use JSX unless the '--jsx' flag is provided.
../../apps/web-cleaning/src/components/layout/AppLayout.tsx(53,11): error TS17004: Cannot use JSX unless the '--jsx' flag is provided.
../../apps/web-cleaning/src/components/layout/AppLayout.tsx(60,11): error TS17004: Cannot use JSX unless the '--jsx' flag is provided.
../../apps/web-cleaning/src/components/layout/AppLayout.tsx(78,9): error TS17004: Cannot use JSX unless the '--jsx' flag is provided.
../../apps/web-cleaning/src/components/layout/AppLayout.tsx(79,11): error TS17004: Cannot use JSX unless the '--jsx' flag is provided.
../../apps/web-cleaning/src/components/layout/AppLayout.tsx(95,9): error TS17004: Cannot use JSX unless the '--jsx' flag is provided.
../../apps/web-cleaning/src/components/layout/AppLayout.tsx(96,11): error TS17004: Cannot use JSX unless the '--jsx' flag is provided.
../../apps/web-cleaning/src/components/layout/AppLayout.tsx(103,11): error TS17004: Cannot use JSX unless the '--jsx' flag is provided.
../../apps/web-cleaning/src/components/layout/AppLayout.tsx(119,9): error TS17004: Cannot use JSX unless the '--jsx' flag is provided.
../../apps/web-cleaning/src/components/layout/AppLayout.tsx(120,11): error TS17004: Cannot use JSX unless the '--jsx' flag is provided.
../../apps/web-cleaning/src/components/layout/AppLayout.tsx(127,11): error TS17004: Cannot use JSX unless the '--jsx' flag is provided.
../../apps/web-cleaning/src/components/layout/AppLayout.tsx(143,9): error TS17004: Cannot use JSX unless the '--jsx' flag is provided.
../../apps/web-cleaning/src/components/layout/AppLayout.tsx(144,11): error TS17004: Cannot use JSX unless the '--jsx' flag is provided.
../../apps/web-cleaning/src/components/layout/AppLayout.tsx(151,11): error TS17004: Cannot use JSX unless the '--jsx' flag is provided.
../../apps/web-cleaning/src/components/layout/AppLayout.tsx(167,9): error TS17004: Cannot use JSX unless the '--jsx' flag is provided.
../../apps/web-cleaning/src/components/layout/AppLayout.tsx(168,11): error TS17004: Cannot use JSX unless the '--jsx' flag is provided.
../../apps/web-cleaning/src/components/layout/AppLayout.tsx(175,11): error TS17004: Cannot use JSX unless the '--jsx' flag is provided.
../../apps/web-cleaning/src/components/layout/AppLayout.tsx(191,9): error TS17004: Cannot use JSX unless the '--jsx' flag is provided.
../../apps/web-cleaning/src/components/layout/AppLayout.tsx(192,11): error TS17004: Cannot use JSX unless the '--jsx' flag is provided.
../../apps/web-cleaning/src/components/layout/AppLayout.tsx(208,9): error TS17004: Cannot use JSX unless the '--jsx' flag is provided.
../../apps/web-cleaning/src/components/layout/AppLayout.tsx(209,11): error TS17004: Cannot use JSX unless the '--jsx' flag is provided.
../../apps/web-cleaning/src/components/layout/AppLayout.tsx(220,11): error TS17004: Cannot use JSX unless the '--jsx' flag is provided.
../../apps/web-cleaning/src/components/layout/AppLayout.tsx(236,9): error TS17004: Cannot use JSX unless the '--jsx' flag is provided.
../../apps/web-cleaning/src/components/layout/AppLayout.tsx(237,11): error TS17004: Cannot use JSX unless the '--jsx' flag is provided.
../../apps/web-cleaning/src/components/layout/AppLayout.tsx(244,11): error TS17004: Cannot use JSX unless the '--jsx' flag is provided.
../../apps/web-cleaning/src/components/layout/AppLayout.tsx(260,9): error TS17004: Cannot use JSX unless the '--jsx' flag is provided.
../../apps/web-cleaning/src/components/layout/AppLayout.tsx(261,11): error TS17004: Cannot use JSX unless the '--jsx' flag is provided.
../../apps/web-cleaning/src/components/layout/AppLayout.tsx(268,11): error TS17004: Cannot use JSX unless the '--jsx' flag is provided.
../../apps/web-cleaning/src/components/layout/AppLayout.tsx(275,11): error TS17004: Cannot use JSX unless the '--jsx' flag is provided.
../../apps/web-cleaning/src/components/layout/AppLayout.tsx(292,9): error TS17004: Cannot use JSX unless the '--jsx' flag is provided.
../../apps/web-cleaning/src/components/layout/AppLayout.tsx(293,11): error TS17004: Cannot use JSX unless the '--jsx' flag is provided.
../../apps/web-cleaning/src/components/layout/AppLayout.tsx(300,11): error TS17004: Cannot use JSX unless the '--jsx' flag is provided.
../../apps/web-cleaning/src/components/layout/AppLayout.tsx(316,9): error TS17004: Cannot use JSX unless the '--jsx' flag is provided.
../../apps/web-cleaning/src/components/layout/AppLayout.tsx(317,11): error TS17004: Cannot use JSX unless the '--jsx' flag is provided.
../../apps/web-cleaning/src/components/layout/AppLayout.tsx(324,11): error TS17004: Cannot use JSX unless the '--jsx' flag is provided.
../../apps/web-cleaning/src/components/layout/AppLayout.tsx(342,9): error TS17004: Cannot use JSX unless the '--jsx' flag is provided.
../../apps/web-cleaning/src/components/layout/AppLayout.tsx(343,11): error TS17004: Cannot use JSX unless the '--jsx' flag is provided.
../../apps/web-cleaning/src/components/layout/AppLayout.tsx(361,9): error TS17004: Cannot use JSX unless the '--jsx' flag is provided.
../../apps/web-cleaning/src/components/layout/AppLayout.tsx(362,11): error TS17004: Cannot use JSX unless the '--jsx' flag is provided.
../../apps/web-cleaning/src/components/layout/AppLayout.tsx(369,11): error TS17004: Cannot use JSX unless the '--jsx' flag is provided.
../../apps/web-cleaning/src/components/layout/AppLayout.tsx(387,9): error TS17004: Cannot use JSX unless the '--jsx' flag is provided.
../../apps/web-cleaning/src/components/layout/AppLayout.tsx(388,11): error TS17004: Cannot use JSX unless the '--jsx' flag is provided.
../../apps/web-cleaning/src/components/layout/AppLayout.tsx(519,12): error TS17004: Cannot use JSX unless the '--jsx' flag is provided.
../../apps/web-cleaning/src/components/layout/AppLayout.tsx(523,5): error TS17004: Cannot use JSX unless the '--jsx' flag is provided.
../../apps/web-cleaning/src/components/layout/AppLayout.tsx(526,9): error TS17004: Cannot use JSX unless the '--jsx' flag is provided.
../../apps/web-cleaning/src/components/layout/AppLayout.tsx(534,7): error TS17004: Cannot use JSX unless the '--jsx' flag is provided.
../../apps/web-cleaning/src/components/layout/AppLayout.tsx(535,9): error TS17004: Cannot use JSX unless the '--jsx' flag is provided.
../../apps/web-cleaning/src/components/layout/AppLayout.tsx(543,13): error TS17004: Cannot use JSX unless the '--jsx' flag is provided.
../../apps/web-cleaning/src/components/layout/AppLayout.tsx(544,15): error TS17004: Cannot use JSX unless the '--jsx' flag is provided.
../../apps/web-cleaning/src/components/layout/AppLayout.tsx(545,17): error TS17004: Cannot use JSX unless the '--jsx' flag is provided.
../../apps/web-cleaning/src/components/layout/AppLayout.tsx(546,17): error TS17004: Cannot use JSX unless the '--jsx' flag is provided.
../../apps/web-cleaning/src/components/layout/AppLayout.tsx(553,17): error TS17004: Cannot use JSX unless the '--jsx' flag is provided.
../../apps/web-cleaning/src/components/layout/AppLayout.tsx(554,19): error TS17004: Cannot use JSX unless the '--jsx' flag is provided.
../../apps/web-cleaning/src/components/layout/AppLayout.tsx(555,21): error TS17004: Cannot use JSX unless the '--jsx' flag is provided.
../../apps/web-cleaning/src/components/layout/AppLayout.tsx(556,21): error TS17004: Cannot use JSX unless the '--jsx' flag is provided.
../../apps/web-cleaning/src/components/layout/AppLayout.tsx(560,37): error TS17004: Cannot use JSX unless the '--jsx' flag is provided.
../../apps/web-cleaning/src/components/layout/AppLayout.tsx(566,7): error TS17004: Cannot use JSX unless the '--jsx' flag is provided.
../../apps/web-cleaning/src/components/layout/AppLayout.tsx(567,9): error TS17004: Cannot use JSX unless the '--jsx' flag is provided.
../../apps/web-cleaning/src/components/layout/AppLayout.tsx(569,11): error TS17004: Cannot use JSX unless the '--jsx' flag is provided.
../../apps/web-cleaning/src/components/layout/AppLayout.tsx(575,13): error TS17004: Cannot use JSX unless the '--jsx' flag is provided.
../../apps/web-cleaning/src/components/layout/AppLayout.tsx(576,15): error TS17004: Cannot use JSX unless the '--jsx' flag is provided.
../../apps/web-cleaning/src/components/layout/AppLayout.tsx(577,15): error TS17004: Cannot use JSX unless the '--jsx' flag is provided.
../../apps/web-cleaning/src/components/layout/AppLayout.tsx(578,15): error TS17004: Cannot use JSX unless the '--jsx' flag is provided.
../../apps/web-cleaning/src/components/layout/AppLayout.tsx(582,11): error TS17004: Cannot use JSX unless the '--jsx' flag is provided.
../../apps/web-cleaning/src/components/layout/AppLayout.tsx(583,13): error TS17004: Cannot use JSX unless the '--jsx' flag is provided.
../../apps/web-cleaning/src/components/layout/AppLayout.tsx(593,11): error TS17004: Cannot use JSX unless the '--jsx' flag is provided.
../../apps/web-cleaning/src/components/layout/AppLayout.tsx(595,13): error TS17004: Cannot use JSX unless the '--jsx' flag is provided.
../../apps/web-cleaning/src/components/layout/AppLayout.tsx(598,13): error TS17004: Cannot use JSX unless the '--jsx' flag is provided.
../../apps/web-cleaning/src/components/layout/AppLayout.tsx(609,9): error TS17004: Cannot use JSX unless the '--jsx' flag is provided.
../../apps/web-cleaning/src/components/layout/index.ts(1,27): error TS6142: Module './AppLayout' was resolved to '/home/orrox/projects/rightfit-cleaning-staging/apps/web-cleaning/src/components/layout/AppLayout.tsx', but '--jsx' is not set.
../../apps/web-cleaning/src/components/layout/index.ts(2,37): error TS6142: Module './AppLayout' was resolved to '/home/orrox/projects/rightfit-cleaning-staging/apps/web-cleaning/src/components/layout/AppLayout.tsx', but '--jsx' is not set.
../../apps/web-cleaning/src/components/navigation/Breadcrumbs.tsx(28,5): error TS17004: Cannot use JSX unless the '--jsx' flag is provided.
../../apps/web-cleaning/src/components/navigation/Breadcrumbs.tsx(29,7): error TS17004: Cannot use JSX unless the '--jsx' flag is provided.
../../apps/web-cleaning/src/components/navigation/Breadcrumbs.tsx(49,5): error TS17004: Cannot use JSX unless the '--jsx' flag is provided.
../../apps/web-cleaning/src/components/navigation/Breadcrumbs.tsx(50,7): error TS17004: Cannot use JSX unless the '--jsx' flag is provided.
../../apps/web-cleaning/src/components/navigation/Breadcrumbs.tsx(56,13): error TS17004: Cannot use JSX unless the '--jsx' flag is provided.
../../apps/web-cleaning/src/components/navigation/Breadcrumbs.tsx(58,17): error TS17004: Cannot use JSX unless the '--jsx' flag is provided.
../../apps/web-cleaning/src/components/navigation/Breadcrumbs.tsx(60,17): error TS17004: Cannot use JSX unless the '--jsx' flag is provided.
../../apps/web-cleaning/src/components/navigation/Breadcrumbs.tsx(61,33): error TS17004: Cannot use JSX unless the '--jsx' flag is provided.
../../apps/web-cleaning/src/components/navigation/Breadcrumbs.tsx(62,19): error TS17004: Cannot use JSX unless the '--jsx' flag is provided.
../../apps/web-cleaning/src/components/navigation/Breadcrumbs.tsx(65,17): error TS17004: Cannot use JSX unless the '--jsx' flag is provided.
../../apps/web-cleaning/src/components/navigation/Breadcrumbs.tsx(66,33): error TS17004: Cannot use JSX unless the '--jsx' flag is provided.
../../apps/web-cleaning/src/components/navigation/Breadcrumbs.tsx(67,19): error TS17004: Cannot use JSX unless the '--jsx' flag is provided.
../../apps/web-cleaning/src/components/navigation/Breadcrumbs.tsx(72,17): error TS17004: Cannot use JSX unless the '--jsx' flag is provided.
../../apps/web-cleaning/src/components/navigation/ProfileMenu.tsx(32,47): error TS2339: Property 'contains' does not exist on type 'HTMLDivElement'.
../../apps/web-cleaning/src/components/navigation/ProfileMenu.tsx(32,68): error TS2304: Cannot find name 'Node'.
../../apps/web-cleaning/src/components/navigation/ProfileMenu.tsx(38,13): error TS2339: Property 'key' does not exist on type 'KeyboardEvent'.
../../apps/web-cleaning/src/components/navigation/ProfileMenu.tsx(44,7): error TS2584: Cannot find name 'document'. Do you need to change your target library? Try changing the 'lib' compiler option to include 'dom'.
../../apps/web-cleaning/src/components/navigation/ProfileMenu.tsx(45,7): error TS2584: Cannot find name 'document'. Do you need to change your target library? Try changing the 'lib' compiler option to include 'dom'.
../../apps/web-cleaning/src/components/navigation/ProfileMenu.tsx(47,9): error TS2584: Cannot find name 'document'. Do you need to change your target library? Try changing the 'lib' compiler option to include 'dom'.
../../apps/web-cleaning/src/components/navigation/ProfileMenu.tsx(48,9): error TS2584: Cannot find name 'document'. Do you need to change your target library? Try changing the 'lib' compiler option to include 'dom'.
../../apps/web-cleaning/src/components/navigation/ProfileMenu.tsx(59,5): error TS17004: Cannot use JSX unless the '--jsx' flag is provided.
../../apps/web-cleaning/src/components/navigation/ProfileMenu.tsx(60,7): error TS17004: Cannot use JSX unless the '--jsx' flag is provided.
../../apps/web-cleaning/src/components/navigation/ProfileMenu.tsx(66,9): error TS17004: Cannot use JSX unless the '--jsx' flag is provided.
../../apps/web-cleaning/src/components/navigation/ProfileMenu.tsx(68,13): error TS17004: Cannot use JSX unless the '--jsx' flag is provided.
../../apps/web-cleaning/src/components/navigation/ProfileMenu.tsx(70,13): error TS17004: Cannot use JSX unless the '--jsx' flag is provided.
../../apps/web-cleaning/src/components/navigation/ProfileMenu.tsx(80,9): error TS17004: Cannot use JSX unless the '--jsx' flag is provided.
../../apps/web-cleaning/src/components/navigation/ProfileMenu.tsx(81,11): error TS17004: Cannot use JSX unless the '--jsx' flag is provided.
../../apps/web-cleaning/src/components/navigation/ProfileMenu.tsx(82,25): error TS17004: Cannot use JSX unless the '--jsx' flag is provided.
../../apps/web-cleaning/src/components/navigation/ProfileMenu.tsx(84,9): error TS17004: Cannot use JSX unless the '--jsx' flag is provided.
../../apps/web-cleaning/src/components/navigation/ProfileMenu.tsx(91,11): error TS17004: Cannot use JSX unless the '--jsx' flag is provided.
../../apps/web-cleaning/src/components/navigation/ProfileMenu.tsx(102,9): error TS17004: Cannot use JSX unless the '--jsx' flag is provided.
../../apps/web-cleaning/src/components/navigation/ProfileMenu.tsx(103,11): error TS17004: Cannot use JSX unless the '--jsx' flag is provided.
../../apps/web-cleaning/src/components/navigation/ProfileMenu.tsx(104,13): error TS17004: Cannot use JSX unless the '--jsx' flag is provided.
../../apps/web-cleaning/src/components/navigation/ProfileMenu.tsx(105,13): error TS17004: Cannot use JSX unless the '--jsx' flag is provided.
../../apps/web-cleaning/src/components/navigation/ProfileMenu.tsx(108,11): error TS17004: Cannot use JSX unless the '--jsx' flag is provided.
../../apps/web-cleaning/src/components/navigation/ProfileMenu.tsx(110,15): error TS17004: Cannot use JSX unless the '--jsx' flag is provided.
../../apps/web-cleaning/src/components/navigation/ProfileMenu.tsx(111,34): error TS17004: Cannot use JSX unless the '--jsx' flag is provided.
../../apps/web-cleaning/src/components/navigation/ProfileMenu.tsx(112,17): error TS17004: Cannot use JSX unless the '--jsx' flag is provided.
../../apps/web-cleaning/src/components/navigation/ProfileMenu.tsx(113,19): error TS17004: Cannot use JSX unless the '--jsx' flag is provided.
../../apps/web-cleaning/src/components/navigation/ProfileMenu.tsx(117,35): error TS17004: Cannot use JSX unless the '--jsx' flag is provided.
../../apps/web-cleaning/src/components/navigation/ProfileMenu.tsx(118,21): error TS17004: Cannot use JSX unless the '--jsx' flag is provided.
../../apps/web-cleaning/src/components/navigation/SearchBar.tsx(44,14): error TS2339: Property 'metaKey' does not exist on type 'KeyboardEvent'.
../../apps/web-cleaning/src/components/navigation/SearchBar.tsx(44,27): error TS2339: Property 'ctrlKey' does not exist on type 'KeyboardEvent'.
../../apps/web-cleaning/src/components/navigation/SearchBar.tsx(44,41): error TS2339: Property 'key' does not exist on type 'KeyboardEvent'.
../../apps/web-cleaning/src/components/navigation/SearchBar.tsx(46,27): error TS2339: Property 'focus' does not exist on type 'HTMLInputElement'.
../../apps/web-cleaning/src/components/navigation/SearchBar.tsx(51,5): error TS2584: Cannot find name 'document'. Do you need to change your target library? Try changing the 'lib' compiler option to include 'dom'.
../../apps/web-cleaning/src/components/navigation/SearchBar.tsx(52,18): error TS2584: Cannot find name 'document'. Do you need to change your target library? Try changing the 'lib' compiler option to include 'dom'.
../../apps/web-cleaning/src/components/navigation/SearchBar.tsx(58,51): error TS2339: Property 'contains' does not exist on type 'HTMLDivElement'.
../../apps/web-cleaning/src/components/navigation/SearchBar.tsx(58,72): error TS2304: Cannot find name 'Node'.
../../apps/web-cleaning/src/components/navigation/SearchBar.tsx(63,5): error TS2584: Cannot find name 'document'. Do you need to change your target library? Try changing the 'lib' compiler option to include 'dom'.
../../apps/web-cleaning/src/components/navigation/SearchBar.tsx(64,18): error TS2584: Cannot find name 'document'. Do you need to change your target library? Try changing the 'lib' compiler option to include 'dom'.
../../apps/web-cleaning/src/components/navigation/SearchBar.tsx(68,28): error TS2339: Property 'value' does not exist on type 'EventTarget & HTMLInputElement'.
../../apps/web-cleaning/src/components/navigation/SearchBar.tsx(95,27): error TS2339: Property 'blur' does not exist on type 'HTMLInputElement'.
../../apps/web-cleaning/src/components/navigation/SearchBar.tsx(104,23): error TS2339: Property 'blur' does not exist on type 'HTMLInputElement'.
../../apps/web-cleaning/src/components/navigation/SearchBar.tsx(108,5): error TS17004: Cannot use JSX unless the '--jsx' flag is provided.
../../apps/web-cleaning/src/components/navigation/SearchBar.tsx(109,7): error TS17004: Cannot use JSX unless the '--jsx' flag is provided.
../../apps/web-cleaning/src/components/navigation/SearchBar.tsx(110,9): error TS17004: Cannot use JSX unless the '--jsx' flag is provided.
../../apps/web-cleaning/src/components/navigation/SearchBar.tsx(111,11): error TS17004: Cannot use JSX unless the '--jsx' flag is provided.
../../apps/web-cleaning/src/components/navigation/SearchBar.tsx(112,13): error TS17004: Cannot use JSX unless the '--jsx' flag is provided.
../../apps/web-cleaning/src/components/navigation/SearchBar.tsx(122,9): error TS17004: Cannot use JSX unless the '--jsx' flag is provided.
../../apps/web-cleaning/src/components/navigation/SearchBar.tsx(134,11): error TS17004: Cannot use JSX unless the '--jsx' flag is provided.
../../apps/web-cleaning/src/components/navigation/SearchBar.tsx(135,13): error TS17004: Cannot use JSX unless the '--jsx' flag is provided.
../../apps/web-cleaning/src/components/navigation/SearchBar.tsx(136,15): error TS17004: Cannot use JSX unless the '--jsx' flag is provided.
../../apps/web-cleaning/src/components/navigation/SearchBar.tsx(149,34): error TS17004: Cannot use JSX unless the '--jsx' flag is provided.
../../apps/web-cleaning/src/components/navigation/SearchBar.tsx(153,9): error TS17004: Cannot use JSX unless the '--jsx' flag is provided.
../../apps/web-cleaning/src/components/navigation/SearchBar.tsx(154,11): error TS17004: Cannot use JSX unless the '--jsx' flag is provided.
../../apps/web-cleaning/src/components/navigation/SearchBar.tsx(156,15): error TS17004: Cannot use JSX unless the '--jsx' flag is provided.
../../apps/web-cleaning/src/components/navigation/SearchBar.tsx(157,17): error TS17004: Cannot use JSX unless the '--jsx' flag is provided.
../../apps/web-cleaning/src/components/navigation/SearchBar.tsx(162,35): error TS17004: Cannot use JSX unless the '--jsx' flag is provided.
../../apps/web-cleaning/src/components/navigation/SearchBar.tsx(163,19): error TS17004: Cannot use JSX unless the '--jsx' flag is provided.
../../apps/web-cleaning/src/components/navigation/SearchBar.tsx(164,21): error TS17004: Cannot use JSX unless the '--jsx' flag is provided.
../../apps/web-cleaning/src/components/navigation/SearchBar.tsx(166,23): error TS17004: Cannot use JSX unless the '--jsx' flag is provided.
../../apps/web-cleaning/src/components/navigation/SearchBar.tsx(170,21): error TS17004: Cannot use JSX unless the '--jsx' flag is provided.
../../apps/web-cleaning/src/components/navigation/SearchBar.tsx(180,9): error TS17004: Cannot use JSX unless the '--jsx' flag is provided.
../../apps/web-cleaning/src/components/navigation/SearchBar.tsx(181,11): error TS17004: Cannot use JSX unless the '--jsx' flag is provided.
../../apps/web-cleaning/src/components/navigation/Sidebar.tsx(47,5): error TS17004: Cannot use JSX unless the '--jsx' flag is provided.
../../apps/web-cleaning/src/components/navigation/Sidebar.tsx(49,16): error TS17004: Cannot use JSX unless the '--jsx' flag is provided.
../../apps/web-cleaning/src/components/navigation/Sidebar.tsx(52,7): error TS17004: Cannot use JSX unless the '--jsx' flag is provided.
../../apps/web-cleaning/src/components/navigation/Sidebar.tsx(53,9): error TS17004: Cannot use JSX unless the '--jsx' flag is provided.
../../apps/web-cleaning/src/components/navigation/Sidebar.tsx(55,13): error TS17004: Cannot use JSX unless the '--jsx' flag is provided.
../../apps/web-cleaning/src/components/navigation/Sidebar.tsx(57,17): error TS17004: Cannot use JSX unless the '--jsx' flag is provided.
../../apps/web-cleaning/src/components/navigation/Sidebar.tsx(58,19): error TS17004: Cannot use JSX unless the '--jsx' flag is provided.
../../apps/web-cleaning/src/components/navigation/Sidebar.tsx(64,21): error TS17004: Cannot use JSX unless the '--jsx' flag is provided.
../../apps/web-cleaning/src/components/navigation/Sidebar.tsx(66,23): error TS17004: Cannot use JSX unless the '--jsx' flag is provided.
../../apps/web-cleaning/src/components/navigation/Sidebar.tsx(67,25): error TS17004: Cannot use JSX unless the '--jsx' flag is provided.
../../apps/web-cleaning/src/components/navigation/Sidebar.tsx(68,25): error TS17004: Cannot use JSX unless the '--jsx' flag is provided.
../../apps/web-cleaning/src/components/navigation/Sidebar.tsx(75,27): error TS17004: Cannot use JSX unless the '--jsx' flag is provided.
../../apps/web-cleaning/src/components/navigation/Sidebar.tsx(87,21): error TS17004: Cannot use JSX unless the '--jsx' flag is provided.
../../apps/web-cleaning/src/components/navigation/Sidebar.tsx(89,25): error TS17004: Cannot use JSX unless the '--jsx' flag is provided.
../../apps/web-cleaning/src/components/navigation/Sidebar.tsx(90,27): error TS17004: Cannot use JSX unless the '--jsx' flag is provided.
../../apps/web-cleaning/src/components/navigation/Sidebar.tsx(94,29): error TS17004: Cannot use JSX unless the '--jsx' flag is provided.
../../apps/web-cleaning/src/components/navigation/Sidebar.tsx(95,29): error TS17004: Cannot use JSX unless the '--jsx' flag is provided.
../../apps/web-cleaning/src/components/navigation/Sidebar.tsx(96,45): error TS17004: Cannot use JSX unless the '--jsx' flag is provided.
../../apps/web-cleaning/src/components/navigation/Sidebar.tsx(104,17): error TS17004: Cannot use JSX unless the '--jsx' flag is provided.
../../apps/web-cleaning/src/components/navigation/Sidebar.tsx(109,19): error TS17004: Cannot use JSX unless the '--jsx' flag is provided.
../../apps/web-cleaning/src/components/navigation/Sidebar.tsx(111,21): error TS17004: Cannot use JSX unless the '--jsx' flag is provided.
../../apps/web-cleaning/src/components/navigation/Sidebar.tsx(112,23): error TS17004: Cannot use JSX unless the '--jsx' flag is provided.
../../apps/web-cleaning/src/components/navigation/Sidebar.tsx(113,38): error TS17004: Cannot use JSX unless the '--jsx' flag is provided.
../../apps/web-cleaning/src/components/navigation/Sidebar.tsx(124,20): error TS17004: Cannot use JSX unless the '--jsx' flag is provided.
../../apps/web-cleaning/src/components/navigation/Sidebar.tsx(128,9): error TS17004: Cannot use JSX unless the '--jsx' flag is provided.
../../apps/web-cleaning/src/components/navigation/Sidebar.tsx(129,11): error TS17004: Cannot use JSX unless the '--jsx' flag is provided.
../../apps/web-cleaning/src/components/navigation/Sidebar.tsx(130,13): error TS17004: Cannot use JSX unless the '--jsx' flag is provided.
../../apps/web-cleaning/src/components/navigation/index.ts(6,25): error TS6142: Module './Sidebar' was resolved to '/home/orrox/projects/rightfit-cleaning-staging/apps/web-cleaning/src/components/navigation/Sidebar.tsx', but '--jsx' is not set.
../../apps/web-cleaning/src/components/navigation/index.ts(7,44): error TS6142: Module './Sidebar' was resolved to '/home/orrox/projects/rightfit-cleaning-staging/apps/web-cleaning/src/components/navigation/Sidebar.tsx', but '--jsx' is not set.
../../apps/web-cleaning/src/components/navigation/index.ts(9,29): error TS6142: Module './Breadcrumbs' was resolved to '/home/orrox/projects/rightfit-cleaning-staging/apps/web-cleaning/src/components/navigation/Breadcrumbs.tsx', but '--jsx' is not set.
../../apps/web-cleaning/src/components/navigation/index.ts(10,55): error TS6142: Module './Breadcrumbs' was resolved to '/home/orrox/projects/rightfit-cleaning-staging/apps/web-cleaning/src/components/navigation/Breadcrumbs.tsx', but '--jsx' is not set.
../../apps/web-cleaning/src/components/navigation/index.ts(12,27): error TS6142: Module './SearchBar' was resolved to '/home/orrox/projects/rightfit-cleaning-staging/apps/web-cleaning/src/components/navigation/SearchBar.tsx', but '--jsx' is not set.
../../apps/web-cleaning/src/components/navigation/index.ts(13,51): error TS6142: Module './SearchBar' was resolved to '/home/orrox/projects/rightfit-cleaning-staging/apps/web-cleaning/src/components/navigation/SearchBar.tsx', but '--jsx' is not set.
../../apps/web-cleaning/src/components/navigation/index.ts(15,29): error TS6142: Module './ProfileMenu' was resolved to '/home/orrox/projects/rightfit-cleaning-staging/apps/web-cleaning/src/components/navigation/ProfileMenu.tsx', but '--jsx' is not set.
../../apps/web-cleaning/src/components/navigation/index.ts(16,39): error TS6142: Module './ProfileMenu' was resolved to '/home/orrox/projects/rightfit-cleaning-staging/apps/web-cleaning/src/components/navigation/ProfileMenu.tsx', but '--jsx' is not set.
../../apps/web-cleaning/src/components/timesheet/CompleteJobModal.tsx(64,5): error TS17004: Cannot use JSX unless the '--jsx' flag is provided.
../../apps/web-cleaning/src/components/timesheet/CompleteJobModal.tsx(65,7): error TS17004: Cannot use JSX unless the '--jsx' flag is provided.
../../apps/web-cleaning/src/components/timesheet/CompleteJobModal.tsx(66,9): error TS17004: Cannot use JSX unless the '--jsx' flag is provided.
../../apps/web-cleaning/src/components/timesheet/CompleteJobModal.tsx(67,11): error TS17004: Cannot use JSX unless the '--jsx' flag is provided.
../../apps/web-cleaning/src/components/timesheet/CompleteJobModal.tsx(68,13): error TS17004: Cannot use JSX unless the '--jsx' flag is provided.
../../apps/web-cleaning/src/components/timesheet/CompleteJobModal.tsx(71,13): error TS17004: Cannot use JSX unless the '--jsx' flag is provided.
../../apps/web-cleaning/src/components/timesheet/CompleteJobModal.tsx(75,11): error TS17004: Cannot use JSX unless the '--jsx' flag is provided.
../../apps/web-cleaning/src/components/timesheet/CompleteJobModal.tsx(79,13): error TS17004: Cannot use JSX unless the '--jsx' flag is provided.
../../apps/web-cleaning/src/components/timesheet/CompleteJobModal.tsx(83,9): error TS17004: Cannot use JSX unless the '--jsx' flag is provided.
../../apps/web-cleaning/src/components/timesheet/CompleteJobModal.tsx(85,11): error TS17004: Cannot use JSX unless the '--jsx' flag is provided.
../../apps/web-cleaning/src/components/timesheet/CompleteJobModal.tsx(86,13): error TS17004: Cannot use JSX unless the '--jsx' flag is provided.
../../apps/web-cleaning/src/components/timesheet/CompleteJobModal.tsx(92,11): error TS17004: Cannot use JSX unless the '--jsx' flag is provided.
../../apps/web-cleaning/src/components/timesheet/CompleteJobModal.tsx(93,13): error TS17004: Cannot use JSX unless the '--jsx' flag is provided.
../../apps/web-cleaning/src/components/timesheet/CompleteJobModal.tsx(96,13): error TS17004: Cannot use JSX unless the '--jsx' flag is provided.
../../apps/web-cleaning/src/components/timesheet/CompleteJobModal.tsx(98,84): error TS2339: Property 'value' does not exist on type 'EventTarget & HTMLTextAreaElement'.
../../apps/web-cleaning/src/components/timesheet/CompleteJobModal.tsx(103,13): error TS17004: Cannot use JSX unless the '--jsx' flag is provided.
../../apps/web-cleaning/src/components/timesheet/CompleteJobModal.tsx(109,11): error TS17004: Cannot use JSX unless the '--jsx' flag is provided.
../../apps/web-cleaning/src/components/timesheet/CompleteJobModal.tsx(110,13): error TS17004: Cannot use JSX unless the '--jsx' flag is provided.
../../apps/web-cleaning/src/components/timesheet/CompleteJobModal.tsx(113,13): error TS17004: Cannot use JSX unless the '--jsx' flag is provided.
../../apps/web-cleaning/src/components/timesheet/CompleteJobModal.tsx(114,15): error TS17004: Cannot use JSX unless the '--jsx' flag is provided.
../../apps/web-cleaning/src/components/timesheet/CompleteJobModal.tsx(115,17): error TS17004: Cannot use JSX unless the '--jsx' flag is provided.
../../apps/web-cleaning/src/components/timesheet/CompleteJobModal.tsx(119,17): error TS17004: Cannot use JSX unless the '--jsx' flag is provided.
../../apps/web-cleaning/src/components/timesheet/CompleteJobModal.tsx(122,17): error TS17004: Cannot use JSX unless the '--jsx' flag is provided.
../../apps/web-cleaning/src/components/timesheet/CompleteJobModal.tsx(127,15): error TS17004: Cannot use JSX unless the '--jsx' flag is provided.
../../apps/web-cleaning/src/components/timesheet/CompleteJobModal.tsx(128,17): error TS17004: Cannot use JSX unless the '--jsx' flag is provided.
../../apps/web-cleaning/src/components/timesheet/CompleteJobModal.tsx(132,17): error TS17004: Cannot use JSX unless the '--jsx' flag is provided.
../../apps/web-cleaning/src/components/timesheet/CompleteJobModal.tsx(133,17): error TS17004: Cannot use JSX unless the '--jsx' flag is provided.
../../apps/web-cleaning/src/components/timesheet/CompleteJobModal.tsx(138,15): error TS17004: Cannot use JSX unless the '--jsx' flag is provided.
../../apps/web-cleaning/src/components/timesheet/CompleteJobModal.tsx(139,17): error TS17004: Cannot use JSX unless the '--jsx' flag is provided.
../../apps/web-cleaning/src/components/timesheet/CompleteJobModal.tsx(143,17): error TS17004: Cannot use JSX unless the '--jsx' flag is provided.
../../apps/web-cleaning/src/components/timesheet/CompleteJobModal.tsx(146,17): error TS17004: Cannot use JSX unless the '--jsx' flag is provided.
../../apps/web-cleaning/src/components/timesheet/CompleteJobModal.tsx(151,13): error TS17004: Cannot use JSX unless the '--jsx' flag is provided.
../../apps/web-cleaning/src/components/timesheet/CompleteJobModal.tsx(157,11): error TS17004: Cannot use JSX unless the '--jsx' flag is provided.
../../apps/web-cleaning/src/components/timesheet/CompleteJobModal.tsx(158,13): error TS17004: Cannot use JSX unless the '--jsx' flag is provided.
../../apps/web-cleaning/src/components/timesheet/CompleteJobModal.tsx(161,13): error TS17004: Cannot use JSX unless the '--jsx' flag is provided.
../../apps/web-cleaning/src/components/timesheet/CompleteJobModal.tsx(163,75): error TS2339: Property 'value' does not exist on type 'EventTarget & HTMLTextAreaElement'.
../../apps/web-cleaning/src/components/timesheet/CompleteJobModal.tsx(170,11): error TS17004: Cannot use JSX unless the '--jsx' flag is provided.
../../apps/web-cleaning/src/components/timesheet/CompleteJobModal.tsx(171,13): error TS17004: Cannot use JSX unless the '--jsx' flag is provided.
../../apps/web-cleaning/src/components/timesheet/CompleteJobModal.tsx(171,21): error TS2322: Type '"outline"' is not assignable to type 'ButtonVariant | undefined'.
../../apps/web-cleaning/src/components/timesheet/CompleteJobModal.tsx(174,13): error TS17004: Cannot use JSX unless the '--jsx' flag is provided.
../../apps/web-cleaning/src/components/timesheet/CompleteJobModal.tsx(176,17): error TS17004: Cannot use JSX unless the '--jsx' flag is provided.
../../apps/web-cleaning/src/components/timesheet/CompleteJobModal.tsx(176,26): error TS2322: Type '"small"' is not assignable to type 'SpinnerSize | undefined'.
../../apps/web-cleaning/src/components/timesheet/CompleteJobModal.tsx(178,17): error TS17004: Cannot use JSX unless the '--jsx' flag is provided.
../../apps/web-cleaning/src/components/timesheet/CompleteJobModal.tsx(179,19): error TS17004: Cannot use JSX unless the '--jsx' flag is provided.
../../apps/web-cleaning/src/components/timesheet/StartJobModal.tsx(52,5): error TS17004: Cannot use JSX unless the '--jsx' flag is provided.
../../apps/web-cleaning/src/components/timesheet/StartJobModal.tsx(53,7): error TS17004: Cannot use JSX unless the '--jsx' flag is provided.
../../apps/web-cleaning/src/components/timesheet/StartJobModal.tsx(54,9): error TS17004: Cannot use JSX unless the '--jsx' flag is provided.
../../apps/web-cleaning/src/components/timesheet/StartJobModal.tsx(55,11): error TS17004: Cannot use JSX unless the '--jsx' flag is provided.
../../apps/web-cleaning/src/components/timesheet/StartJobModal.tsx(56,11): error TS17004: Cannot use JSX unless the '--jsx' flag is provided.
../../apps/web-cleaning/src/components/timesheet/StartJobModal.tsx(60,13): error TS17004: Cannot use JSX unless the '--jsx' flag is provided.
../../apps/web-cleaning/src/components/timesheet/StartJobModal.tsx(64,9): error TS17004: Cannot use JSX unless the '--jsx' flag is provided.
../../apps/web-cleaning/src/components/timesheet/StartJobModal.tsx(65,11): error TS17004: Cannot use JSX unless the '--jsx' flag is provided.
../../apps/web-cleaning/src/components/timesheet/StartJobModal.tsx(66,13): error TS17004: Cannot use JSX unless the '--jsx' flag is provided.
../../apps/web-cleaning/src/components/timesheet/StartJobModal.tsx(69,13): error TS17004: Cannot use JSX unless the '--jsx' flag is provided.
../../apps/web-cleaning/src/components/timesheet/StartJobModal.tsx(72,11): error TS17004: Cannot use JSX unless the '--jsx' flag is provided.
../../apps/web-cleaning/src/components/timesheet/StartJobModal.tsx(73,13): error TS17004: Cannot use JSX unless the '--jsx' flag is provided.
../../apps/web-cleaning/src/components/timesheet/StartJobModal.tsx(76,13): error TS17004: Cannot use JSX unless the '--jsx' flag is provided.
../../apps/web-cleaning/src/components/timesheet/StartJobModal.tsx(78,50): error TS2339: Property 'value' does not exist on type 'EventTarget & HTMLTextAreaElement'.
../../apps/web-cleaning/src/components/timesheet/StartJobModal.tsx(84,11): error TS17004: Cannot use JSX unless the '--jsx' flag is provided.
../../apps/web-cleaning/src/components/timesheet/StartJobModal.tsx(85,13): error TS17004: Cannot use JSX unless the '--jsx' flag is provided.
../../apps/web-cleaning/src/components/timesheet/StartJobModal.tsx(85,21): error TS2322: Type '"outline"' is not assignable to type 'ButtonVariant | undefined'.
../../apps/web-cleaning/src/components/timesheet/StartJobModal.tsx(88,13): error TS17004: Cannot use JSX unless the '--jsx' flag is provided.
../../apps/web-cleaning/src/components/timesheet/StartJobModal.tsx(90,17): error TS17004: Cannot use JSX unless the '--jsx' flag is provided.
../../apps/web-cleaning/src/components/timesheet/StartJobModal.tsx(90,26): error TS2322: Type '"small"' is not assignable to type 'SpinnerSize | undefined'.
../../apps/web-cleaning/src/components/timesheet/StartJobModal.tsx(92,17): error TS17004: Cannot use JSX unless the '--jsx' flag is provided.
../../apps/web-cleaning/src/components/timesheet/StartJobModal.tsx(93,19): error TS17004: Cannot use JSX unless the '--jsx' flag is provided.
../../apps/web-cleaning/src/components/ui/KeyboardShortcutsHelp.tsx(41,5): error TS17004: Cannot use JSX unless the '--jsx' flag is provided.
../../apps/web-cleaning/src/components/ui/KeyboardShortcutsHelp.tsx(42,7): error TS17004: Cannot use JSX unless the '--jsx' flag is provided.
../../apps/web-cleaning/src/components/ui/KeyboardShortcutsHelp.tsx(44,11): error TS17004: Cannot use JSX unless the '--jsx' flag is provided.
../../apps/web-cleaning/src/components/ui/KeyboardShortcutsHelp.tsx(45,13): error TS17004: Cannot use JSX unless the '--jsx' flag is provided.
../../apps/web-cleaning/src/components/ui/KeyboardShortcutsHelp.tsx(46,13): error TS17004: Cannot use JSX unless the '--jsx' flag is provided.
../../apps/web-cleaning/src/components/ui/KeyboardShortcutsHelp.tsx(48,17): error TS17004: Cannot use JSX unless the '--jsx' flag is provided.
../../apps/web-cleaning/src/components/ui/KeyboardShortcutsHelp.tsx(49,19): error TS17004: Cannot use JSX unless the '--jsx' flag is provided.
../../apps/web-cleaning/src/components/ui/KeyboardShortcutsHelp.tsx(50,19): error TS17004: Cannot use JSX unless the '--jsx' flag is provided.
../../apps/web-cleaning/src/components/ui/Skeleton.tsx(52,10): error TS17004: Cannot use JSX unless the '--jsx' flag is provided.
../../apps/web-cleaning/src/components/ui/Skeleton.tsx(77,5): error TS17004: Cannot use JSX unless the '--jsx' flag is provided.
../../apps/web-cleaning/src/components/ui/Skeleton.tsx(78,21): error TS17004: Cannot use JSX unless the '--jsx' flag is provided.
../../apps/web-cleaning/src/components/ui/Skeleton.tsx(80,9): error TS17004: Cannot use JSX unless the '--jsx' flag is provided.
../../apps/web-cleaning/src/components/ui/Skeleton.tsx(113,5): error TS17004: Cannot use JSX unless the '--jsx' flag is provided.
../../apps/web-cleaning/src/components/ui/Skeleton.tsx(115,7): error TS17004: Cannot use JSX unless the '--jsx' flag is provided.
../../apps/web-cleaning/src/components/ui/Skeleton.tsx(116,24): error TS17004: Cannot use JSX unless the '--jsx' flag is provided.
../../apps/web-cleaning/src/components/ui/Skeleton.tsx(117,9): error TS17004: Cannot use JSX unless the '--jsx' flag is provided.
../../apps/web-cleaning/src/components/ui/Skeleton.tsx(118,11): error TS17004: Cannot use JSX unless the '--jsx' flag is provided.
../../apps/web-cleaning/src/components/ui/Skeleton.tsx(119,11): error TS17004: Cannot use JSX unless the '--jsx' flag is provided.
../../apps/web-cleaning/src/components/ui/Skeleton.tsx(122,11): error TS17004: Cannot use JSX unless the '--jsx' flag is provided.
../../apps/web-cleaning/src/components/ui/Skeleton.tsx(123,13): error TS17004: Cannot use JSX unless the '--jsx' flag is provided.
../../apps/web-cleaning/src/components/ui/Skeleton.tsx(129,7): error TS17004: Cannot use JSX unless the '--jsx' flag is provided.
../../apps/web-cleaning/src/components/ui/Skeleton.tsx(130,9): error TS17004: Cannot use JSX unless the '--jsx' flag is provided.
../../apps/web-cleaning/src/components/ui/Skeleton.tsx(135,9): error TS17004: Cannot use JSX unless the '--jsx' flag is provided.
../../apps/web-cleaning/src/components/ui/Skeleton.tsx(136,11): error TS17004: Cannot use JSX unless the '--jsx' flag is provided.
../../apps/web-cleaning/src/components/ui/Skeleton.tsx(137,11): error TS17004: Cannot use JSX unless the '--jsx' flag is provided.
../../apps/web-cleaning/src/components/ui/Skeleton.tsx(166,5): error TS17004: Cannot use JSX unless the '--jsx' flag is provided.
../../apps/web-cleaning/src/components/ui/Skeleton.tsx(168,9): error TS17004: Cannot use JSX unless the '--jsx' flag is provided.
../../apps/web-cleaning/src/components/ui/Skeleton.tsx(170,13): error TS17004: Cannot use JSX unless the '--jsx' flag is provided.
../../apps/web-cleaning/src/components/ui/Skeleton.tsx(174,7): error TS17004: Cannot use JSX unless the '--jsx' flag is provided.
../../apps/web-cleaning/src/components/ui/Skeleton.tsx(176,11): error TS17004: Cannot use JSX unless the '--jsx' flag is provided.
../../apps/web-cleaning/src/components/ui/Skeleton.tsx(178,15): error TS17004: Cannot use JSX unless the '--jsx' flag is provided.
../../apps/web-cleaning/src/components/ui/Tabs.tsx(65,5): error TS17004: Cannot use JSX unless the '--jsx' flag is provided.
../../apps/web-cleaning/src/components/ui/Tabs.tsx(66,7): error TS17004: Cannot use JSX unless the '--jsx' flag is provided.
../../apps/web-cleaning/src/components/ui/Tabs.tsx(68,11): error TS17004: Cannot use JSX unless the '--jsx' flag is provided.
../../apps/web-cleaning/src/components/ui/Tabs.tsx(79,18): error TS2339: Property 'icon' does not exist on type 'Tab | { id: string; label: string; disabled: boolean | undefined; }'.
  Property 'icon' does not exist on type '{ id: string; label: string; disabled: boolean | undefined; }'.
../../apps/web-cleaning/src/components/ui/Tabs.tsx(79,26): error TS17004: Cannot use JSX unless the '--jsx' flag is provided.
../../apps/web-cleaning/src/components/ui/Tabs.tsx(79,58): error TS2339: Property 'icon' does not exist on type 'Tab | { id: string; label: string; disabled: boolean | undefined; }'.
  Property 'icon' does not exist on type '{ id: string; label: string; disabled: boolean | undefined; }'.
../../apps/web-cleaning/src/components/ui/Tabs.tsx(80,13): error TS17004: Cannot use JSX unless the '--jsx' flag is provided.
../../apps/web-cleaning/src/components/ui/Tabs.tsx(81,18): error TS2339: Property 'count' does not exist on type 'Tab | { id: string; label: string; disabled: boolean | undefined; }'.
  Property 'count' does not exist on type '{ id: string; label: string; disabled: boolean | undefined; }'.
../../apps/web-cleaning/src/components/ui/Tabs.tsx(82,15): error TS17004: Cannot use JSX unless the '--jsx' flag is provided.
../../apps/web-cleaning/src/components/ui/Tabs.tsx(82,48): error TS2339: Property 'count' does not exist on type 'Tab | { id: string; label: string; disabled: boolean | undefined; }'.
  Property 'count' does not exist on type '{ id: string; label: string; disabled: boolean | undefined; }'.
../../apps/web-cleaning/src/components/ui/Tabs.tsx(110,5): error TS17004: Cannot use JSX unless the '--jsx' flag is provided.
../../apps/web-cleaning/src/components/ui/ThemeToggle.tsx(2,26): error TS6142: Module '../../contexts/ThemeContext' was resolved to '/home/orrox/projects/rightfit-cleaning-staging/apps/web-cleaning/src/contexts/ThemeContext.tsx', but '--jsx' is not set.
../../apps/web-cleaning/src/components/ui/ThemeToggle.tsx(14,5): error TS17004: Cannot use JSX unless the '--jsx' flag is provided.
../../apps/web-cleaning/src/components/ui/ThemeToggle.tsx(21,9): error TS17004: Cannot use JSX unless the '--jsx' flag is provided.
../../apps/web-cleaning/src/components/ui/ThemeToggle.tsx(22,11): error TS17004: Cannot use JSX unless the '--jsx' flag is provided.
../../apps/web-cleaning/src/components/ui/ThemeToggle.tsx(31,9): error TS17004: Cannot use JSX unless the '--jsx' flag is provided.
../../apps/web-cleaning/src/components/ui/ThemeToggle.tsx(32,11): error TS17004: Cannot use JSX unless the '--jsx' flag is provided.
../../apps/web-cleaning/src/components/ui/Toast.tsx(39,9): error TS17004: Cannot use JSX unless the '--jsx' flag is provided.
../../apps/web-cleaning/src/components/ui/Toast.tsx(40,11): error TS17004: Cannot use JSX unless the '--jsx' flag is provided.
../../apps/web-cleaning/src/components/ui/Toast.tsx(51,9): error TS17004: Cannot use JSX unless the '--jsx' flag is provided.
../../apps/web-cleaning/src/components/ui/Toast.tsx(52,11): error TS17004: Cannot use JSX unless the '--jsx' flag is provided.
../../apps/web-cleaning/src/components/ui/Toast.tsx(63,9): error TS17004: Cannot use JSX unless the '--jsx' flag is provided.
../../apps/web-cleaning/src/components/ui/Toast.tsx(64,11): error TS17004: Cannot use JSX unless the '--jsx' flag is provided.
../../apps/web-cleaning/src/components/ui/Toast.tsx(75,9): error TS17004: Cannot use JSX unless the '--jsx' flag is provided.
../../apps/web-cleaning/src/components/ui/Toast.tsx(76,11): error TS17004: Cannot use JSX unless the '--jsx' flag is provided.
../../apps/web-cleaning/src/components/ui/Toast.tsx(97,5): error TS17004: Cannot use JSX unless the '--jsx' flag is provided.
../../apps/web-cleaning/src/components/ui/Toast.tsx(98,7): error TS17004: Cannot use JSX unless the '--jsx' flag is provided.
../../apps/web-cleaning/src/components/ui/Toast.tsx(99,9): error TS17004: Cannot use JSX unless the '--jsx' flag is provided.
../../apps/web-cleaning/src/components/ui/Toast.tsx(102,7): error TS17004: Cannot use JSX unless the '--jsx' flag is provided.
../../apps/web-cleaning/src/components/ui/Toast.tsx(103,19): error TS17004: Cannot use JSX unless the '--jsx' flag is provided.
../../apps/web-cleaning/src/components/ui/Toast.tsx(104,9): error TS17004: Cannot use JSX unless the '--jsx' flag is provided.
../../apps/web-cleaning/src/components/ui/Toast.tsx(108,9): error TS17004: Cannot use JSX unless the '--jsx' flag is provided.
../../apps/web-cleaning/src/components/ui/Toast.tsx(114,11): error TS17004: Cannot use JSX unless the '--jsx' flag is provided.
../../apps/web-cleaning/src/components/ui/Toast.tsx(115,13): error TS17004: Cannot use JSX unless the '--jsx' flag is provided.
../../apps/web-cleaning/src/components/ui/Toast.tsx(144,5): error TS17004: Cannot use JSX unless the '--jsx' flag is provided.
../../apps/web-cleaning/src/components/ui/Toast.tsx(146,9): error TS17004: Cannot use JSX unless the '--jsx' flag is provided.
../../apps/web-cleaning/src/components/ui/Toast.tsx(151,41): error TS2584: Cannot find name 'document'. Do you need to change your target library? Try changing the 'lib' compiler option to include 'dom'.
../../apps/web-cleaning/src/components/ui/Toast.tsx(248,5): error TS17004: Cannot use JSX unless the '--jsx' flag is provided.
../../apps/web-cleaning/src/components/ui/Toast.tsx(250,7): error TS17004: Cannot use JSX unless the '--jsx' flag is provided.
../../apps/web-cleaning/src/components/ui/index.ts(14,41): error TS6142: Module './Toast' was resolved to '/home/orrox/projects/rightfit-cleaning-staging/apps/web-cleaning/src/components/ui/Toast.tsx', but '--jsx' is not set.
../../apps/web-cleaning/src/components/ui/index.ts(15,54): error TS6142: Module './Toast' was resolved to '/home/orrox/projects/rightfit-cleaning-staging/apps/web-cleaning/src/components/ui/Toast.tsx', but '--jsx' is not set.
../../apps/web-cleaning/src/components/ui/index.ts(18,69): error TS6142: Module './Skeleton' was resolved to '/home/orrox/projects/rightfit-cleaning-staging/apps/web-cleaning/src/components/ui/Skeleton.tsx', but '--jsx' is not set.
../../apps/web-cleaning/src/components/ui/index.ts(19,111): error TS6142: Module './Skeleton' was resolved to '/home/orrox/projects/rightfit-cleaning-staging/apps/web-cleaning/src/components/ui/Skeleton.tsx', but '--jsx' is not set.
../../apps/web-cleaning/src/components/ui/index.ts(21,29): error TS6142: Module './ThemeToggle' was resolved to '/home/orrox/projects/rightfit-cleaning-staging/apps/web-cleaning/src/components/ui/ThemeToggle.tsx', but '--jsx' is not set.
../../apps/web-cleaning/src/components/ui/index.ts(23,32): error TS6142: Module './Tabs' was resolved to '/home/orrox/projects/rightfit-cleaning-staging/apps/web-cleaning/src/components/ui/Tabs.tsx', but '--jsx' is not set.
../../apps/web-cleaning/src/components/ui/index.ts(24,52): error TS6142: Module './Tabs' was resolved to '/home/orrox/projects/rightfit-cleaning-staging/apps/web-cleaning/src/components/ui/Tabs.tsx', but '--jsx' is not set.
../../apps/web-cleaning/src/components/ui/index.ts(26,39): error TS6142: Module './KeyboardShortcutsHelp' was resolved to '/home/orrox/projects/rightfit-cleaning-staging/apps/web-cleaning/src/components/ui/KeyboardShortcutsHelp.tsx', but '--jsx' is not set.
../../apps/web-cleaning/src/contexts/AuthContext.tsx(60,23): error TS18046: 'data' is of type 'unknown'.
../../apps/web-cleaning/src/contexts/AuthContext.tsx(61,9): error TS2304: Cannot find name 'localStorage'.
../../apps/web-cleaning/src/contexts/AuthContext.tsx(65,9): error TS2304: Cannot find name 'localStorage'.
../../apps/web-cleaning/src/contexts/AuthContext.tsx(71,7): error TS2304: Cannot find name 'localStorage'.
../../apps/web-cleaning/src/contexts/AuthContext.tsx(78,19): error TS2304: Cannot find name 'localStorage'.
../../apps/web-cleaning/src/contexts/AuthContext.tsx(79,24): error TS2304: Cannot find name 'localStorage'.
../../apps/web-cleaning/src/contexts/AuthContext.tsx(80,28): error TS2304: Cannot find name 'localStorage'.
../../apps/web-cleaning/src/contexts/AuthContext.tsx(91,9): error TS2304: Cannot find name 'localStorage'.
../../apps/web-cleaning/src/contexts/AuthContext.tsx(92,9): error TS2304: Cannot find name 'localStorage'.
../../apps/web-cleaning/src/contexts/AuthContext.tsx(93,9): error TS2304: Cannot find name 'localStorage'.
../../apps/web-cleaning/src/contexts/AuthContext.tsx(94,9): error TS2304: Cannot find name 'localStorage'.
../../apps/web-cleaning/src/contexts/AuthContext.tsx(116,7): error TS2304: Cannot find name 'localStorage'.
../../apps/web-cleaning/src/contexts/AuthContext.tsx(117,7): error TS2304: Cannot find name 'localStorage'.
../../apps/web-cleaning/src/contexts/AuthContext.tsx(118,7): error TS2304: Cannot find name 'localStorage'.
../../apps/web-cleaning/src/contexts/AuthContext.tsx(145,7): error TS2304: Cannot find name 'localStorage'.
../../apps/web-cleaning/src/contexts/AuthContext.tsx(146,7): error TS2304: Cannot find name 'localStorage'.
../../apps/web-cleaning/src/contexts/AuthContext.tsx(147,7): error TS2304: Cannot find name 'localStorage'.
../../apps/web-cleaning/src/contexts/AuthContext.tsx(157,5): error TS2304: Cannot find name 'localStorage'.
../../apps/web-cleaning/src/contexts/AuthContext.tsx(158,5): error TS2304: Cannot find name 'localStorage'.
../../apps/web-cleaning/src/contexts/AuthContext.tsx(159,5): error TS2304: Cannot find name 'localStorage'.
../../apps/web-cleaning/src/contexts/AuthContext.tsx(160,5): error TS2304: Cannot find name 'localStorage'.
../../apps/web-cleaning/src/contexts/AuthContext.tsx(166,5): error TS17004: Cannot use JSX unless the '--jsx' flag is provided.
../../apps/web-cleaning/src/contexts/ThemeContext.tsx(26,20): error TS2304: Cannot find name 'localStorage'.
../../apps/web-cleaning/src/contexts/ThemeContext.tsx(31,12): error TS2304: Cannot find name 'window'.
../../apps/web-cleaning/src/contexts/ThemeContext.tsx(36,24): error TS2304: Cannot find name 'window'.
../../apps/web-cleaning/src/contexts/ThemeContext.tsx(37,30): error TS2304: Cannot find name 'MediaQueryListEvent'.
../../apps/web-cleaning/src/contexts/ThemeContext.tsx(50,18): error TS2584: Cannot find name 'document'. Do you need to change your target library? Try changing the 'lib' compiler option to include 'dom'.
../../apps/web-cleaning/src/contexts/ThemeContext.tsx(60,5): error TS2304: Cannot find name 'localStorage'.
../../apps/web-cleaning/src/contexts/ThemeContext.tsx(68,5): error TS17004: Cannot use JSX unless the '--jsx' flag is provided.
../../apps/web-cleaning/src/hooks/useForm.ts(62,30): error TS2339: Property 'type' does not exist on type 'EventTarget & (HTMLSelectElement | HTMLInputElement | HTMLTextAreaElement)'.
  Property 'type' does not exist on type 'EventTarget & HTMLTextAreaElement'.
../../apps/web-cleaning/src/hooks/useForm.ts(62,83): error TS2339: Property 'checked' does not exist on type 'HTMLInputElement'.
../../apps/web-cleaning/src/hooks/useForm.ts(62,102): error TS2339: Property 'value' does not exist on type 'EventTarget & (HTMLSelectElement | HTMLInputElement | HTMLTextAreaElement)'.
  Property 'value' does not exist on type 'EventTarget & HTMLTextAreaElement'.
../../apps/web-cleaning/src/hooks/useKeyboardShortcuts.ts(24,82): error TS2339: Property 'ctrlKey' does not exist on type 'KeyboardEvent'.
../../apps/web-cleaning/src/hooks/useKeyboardShortcuts.ts(25,82): error TS2339: Property 'metaKey' does not exist on type 'KeyboardEvent'.
../../apps/web-cleaning/src/hooks/useKeyboardShortcuts.ts(26,85): error TS2339: Property 'shiftKey' does not exist on type 'KeyboardEvent'.
../../apps/web-cleaning/src/hooks/useKeyboardShortcuts.ts(27,79): error TS2339: Property 'altKey' does not exist on type 'KeyboardEvent'.
../../apps/web-cleaning/src/hooks/useKeyboardShortcuts.ts(28,63): error TS2339: Property 'key' does not exist on type 'KeyboardEvent'.
../../apps/web-cleaning/src/hooks/useKeyboardShortcuts.ts(41,5): error TS2584: Cannot find name 'document'. Do you need to change your target library? Try changing the 'lib' compiler option to include 'dom'.
../../apps/web-cleaning/src/hooks/useKeyboardShortcuts.ts(42,18): error TS2584: Cannot find name 'document'. Do you need to change your target library? Try changing the 'lib' compiler option to include 'dom'.
../../apps/web-cleaning/src/hooks/useKeyboardShortcuts.ts(64,24): error TS2304: Cannot find name 'navigator'.
../../apps/web-cleaning/src/hooks/useKeyboardShortcuts.ts(64,64): error TS2304: Cannot find name 'navigator'.
../../apps/web-cleaning/src/hooks/useKeyboardShortcuts.ts(164,24): error TS2304: Cannot find name 'navigator'.
../../apps/web-cleaning/src/hooks/useKeyboardShortcuts.ts(164,64): error TS2304: Cannot find name 'navigator'.
../../apps/web-cleaning/src/hooks/useMediaQuery.ts(10,16): error TS2304: Cannot find name 'window'.
../../apps/web-cleaning/src/hooks/useMediaQuery.ts(11,14): error TS2304: Cannot find name 'window'.
../../apps/web-cleaning/src/hooks/useMediaQuery.ts(17,16): error TS2304: Cannot find name 'window'.
../../apps/web-cleaning/src/hooks/useMediaQuery.ts(19,24): error TS2304: Cannot find name 'window'.
../../apps/web-cleaning/src/hooks/useMediaQuery.ts(20,30): error TS2304: Cannot find name 'MediaQueryListEvent'.
../../apps/web-cleaning/src/hooks/useServiceProvider.ts(1,25): error TS6142: Module '../contexts/AuthContext' was resolved to '/home/orrox/projects/rightfit-cleaning-staging/apps/web-cleaning/src/contexts/AuthContext.tsx', but '--jsx' is not set.
../../apps/web-cleaning/src/lib/api.ts(3,22): error TS1343: The 'import.meta' meta-property is only allowed when the '--module' option is 'es2020', 'es2022', 'esnext', 'system', 'node16', 'node18', 'node20', or 'nodenext'.
../../apps/web-cleaning/src/lib/api.ts(16,19): error TS2304: Cannot find name 'localStorage'.
../../apps/web-cleaning/src/lib/api.ts(38,30): error TS2304: Cannot find name 'localStorage'.
../../apps/web-cleaning/src/lib/api.ts(45,11): error TS2304: Cannot find name 'localStorage'.
../../apps/web-cleaning/src/lib/api.ts(56,9): error TS2304: Cannot find name 'localStorage'.
../../apps/web-cleaning/src/lib/api.ts(57,9): error TS2304: Cannot find name 'localStorage'.
../../apps/web-cleaning/src/lib/api.ts(58,9): error TS2304: Cannot find name 'window'.
../../apps/web-cleaning/src/main.tsx(8,17): error TS5097: An import path can only end with a '.tsx' extension when 'allowImportingTsExtensions' is enabled.
../../apps/web-cleaning/src/main.tsx(8,17): error TS6142: Module './App.tsx' was resolved to '/home/orrox/projects/rightfit-cleaning-staging/apps/web-cleaning/src/App.tsx', but '--jsx' is not set.
../../apps/web-cleaning/src/main.tsx(10,12): error TS2584: Cannot find name 'document'. Do you need to change your target library? Try changing the 'lib' compiler option to include 'dom'.
../../apps/web-cleaning/src/main.tsx(11,3): error TS17004: Cannot use JSX unless the '--jsx' flag is provided.
../../apps/web-cleaning/src/main.tsx(12,5): error TS17004: Cannot use JSX unless the '--jsx' flag is provided.
../../apps/web-cleaning/src/pages/AddCustomer.tsx(85,10): error TS18048: 'formData.address_line1' is possibly 'undefined'.
../../apps/web-cleaning/src/pages/AddCustomer.tsx(88,10): error TS18048: 'formData.city' is possibly 'undefined'.
../../apps/web-cleaning/src/pages/AddCustomer.tsx(91,10): error TS18048: 'formData.postcode' is possibly 'undefined'.
../../apps/web-cleaning/src/pages/AddCustomer.tsx(124,5): error TS17004: Cannot use JSX unless the '--jsx' flag is provided.
../../apps/web-cleaning/src/pages/AddCustomer.tsx(125,7): error TS17004: Cannot use JSX unless the '--jsx' flag is provided.
../../apps/web-cleaning/src/pages/AddCustomer.tsx(126,9): error TS17004: Cannot use JSX unless the '--jsx' flag is provided.
../../apps/web-cleaning/src/pages/AddCustomer.tsx(131,7): error TS17004: Cannot use JSX unless the '--jsx' flag is provided.
../../apps/web-cleaning/src/pages/AddCustomer.tsx(132,9): error TS17004: Cannot use JSX unless the '--jsx' flag is provided.
../../apps/web-cleaning/src/pages/AddCustomer.tsx(134,9): error TS17004: Cannot use JSX unless the '--jsx' flag is provided.
../../apps/web-cleaning/src/pages/AddCustomer.tsx(136,11): error TS17004: Cannot use JSX unless the '--jsx' flag is provided.
../../apps/web-cleaning/src/pages/AddCustomer.tsx(137,13): error TS17004: Cannot use JSX unless the '--jsx' flag is provided.
../../apps/web-cleaning/src/pages/AddCustomer.tsx(138,13): error TS17004: Cannot use JSX unless the '--jsx' flag is provided.
../../apps/web-cleaning/src/pages/AddCustomer.tsx(139,15): error TS17004: Cannot use JSX unless the '--jsx' flag is provided.
../../apps/web-cleaning/src/pages/AddCustomer.tsx(140,17): error TS17004: Cannot use JSX unless the '--jsx' flag is provided.
../../apps/web-cleaning/src/pages/AddCustomer.tsx(143,80): error TS2339: Property 'value' does not exist on type 'EventTarget & HTMLInputElement'.
../../apps/web-cleaning/src/pages/AddCustomer.tsx(151,15): error TS17004: Cannot use JSX unless the '--jsx' flag is provided.
../../apps/web-cleaning/src/pages/AddCustomer.tsx(154,77): error TS2339: Property 'value' does not exist on type 'EventTarget & HTMLInputElement'.
../../apps/web-cleaning/src/pages/AddCustomer.tsx(161,15): error TS17004: Cannot use JSX unless the '--jsx' flag is provided.
../../apps/web-cleaning/src/pages/AddCustomer.tsx(173,11): error TS17004: Cannot use JSX unless the '--jsx' flag is provided.
../../apps/web-cleaning/src/pages/AddCustomer.tsx(174,13): error TS17004: Cannot use JSX unless the '--jsx' flag is provided.
../../apps/web-cleaning/src/pages/AddCustomer.tsx(175,13): error TS17004: Cannot use JSX unless the '--jsx' flag is provided.
../../apps/web-cleaning/src/pages/AddCustomer.tsx(176,15): error TS17004: Cannot use JSX unless the '--jsx' flag is provided.
../../apps/web-cleaning/src/pages/AddCustomer.tsx(180,70): error TS2339: Property 'value' does not exist on type 'EventTarget & HTMLInputElement'.
../../apps/web-cleaning/src/pages/AddCustomer.tsx(187,15): error TS17004: Cannot use JSX unless the '--jsx' flag is provided.
../../apps/web-cleaning/src/pages/AddCustomer.tsx(191,70): error TS2339: Property 'value' does not exist on type 'EventTarget & HTMLInputElement'.
../../apps/web-cleaning/src/pages/AddCustomer.tsx(198,15): error TS17004: Cannot use JSX unless the '--jsx' flag is provided.
../../apps/web-cleaning/src/pages/AddCustomer.tsx(199,17): error TS17004: Cannot use JSX unless the '--jsx' flag is provided.
../../apps/web-cleaning/src/pages/AddCustomer.tsx(202,80): error TS2339: Property 'value' does not exist on type 'EventTarget & HTMLInputElement'.
../../apps/web-cleaning/src/pages/AddCustomer.tsx(210,15): error TS17004: Cannot use JSX unless the '--jsx' flag is provided.
../../apps/web-cleaning/src/pages/AddCustomer.tsx(211,17): error TS17004: Cannot use JSX unless the '--jsx' flag is provided.
../../apps/web-cleaning/src/pages/AddCustomer.tsx(214,80): error TS2339: Property 'value' does not exist on type 'EventTarget & HTMLInputElement'.
../../apps/web-cleaning/src/pages/AddCustomer.tsx(220,15): error TS17004: Cannot use JSX unless the '--jsx' flag is provided.
../../apps/web-cleaning/src/pages/AddCustomer.tsx(223,69): error TS2339: Property 'value' does not exist on type 'EventTarget & HTMLInputElement'.
../../apps/web-cleaning/src/pages/AddCustomer.tsx(230,15): error TS17004: Cannot use JSX unless the '--jsx' flag is provided.
../../apps/web-cleaning/src/pages/AddCustomer.tsx(233,73): error TS2339: Property 'value' does not exist on type 'EventTarget & HTMLInputElement'.
../../apps/web-cleaning/src/pages/AddCustomer.tsx(240,15): error TS17004: Cannot use JSX unless the '--jsx' flag is provided.
../../apps/web-cleaning/src/pages/AddCustomer.tsx(241,17): error TS17004: Cannot use JSX unless the '--jsx' flag is provided.
../../apps/web-cleaning/src/pages/AddCustomer.tsx(244,74): error TS2339: Property 'value' does not exist on type 'EventTarget & HTMLInputElement'.
../../apps/web-cleaning/src/pages/AddCustomer.tsx(253,11): error TS17004: Cannot use JSX unless the '--jsx' flag is provided.
../../apps/web-cleaning/src/pages/AddCustomer.tsx(254,13): error TS17004: Cannot use JSX unless the '--jsx' flag is provided.
../../apps/web-cleaning/src/pages/AddCustomer.tsx(255,13): error TS17004: Cannot use JSX unless the '--jsx' flag is provided.
../../apps/web-cleaning/src/pages/AddCustomer.tsx(256,15): error TS17004: Cannot use JSX unless the '--jsx' flag is provided.
../../apps/web-cleaning/src/pages/AddCustomer.tsx(259,86): error TS2339: Property 'checked' does not exist on type 'EventTarget & HTMLInputElement'.
../../apps/web-cleaning/src/pages/AddCustomer.tsx(263,15): error TS17004: Cannot use JSX unless the '--jsx' flag is provided.
../../apps/web-cleaning/src/pages/AddCustomer.tsx(266,89): error TS2339: Property 'checked' does not exist on type 'EventTarget & HTMLInputElement'.
../../apps/web-cleaning/src/pages/AddCustomer.tsx(271,17): error TS17004: Cannot use JSX unless the '--jsx' flag is provided.
../../apps/web-cleaning/src/pages/AddCustomer.tsx(272,19): error TS17004: Cannot use JSX unless the '--jsx' flag is provided.
../../apps/web-cleaning/src/pages/AddCustomer.tsx(277,92): error TS2339: Property 'value' does not exist on type 'EventTarget & HTMLInputElement'.
../../apps/web-cleaning/src/pages/AddCustomer.tsx(284,19): error TS17004: Cannot use JSX unless the '--jsx' flag is provided.
../../apps/web-cleaning/src/pages/AddCustomer.tsx(293,11): error TS17004: Cannot use JSX unless the '--jsx' flag is provided.
../../apps/web-cleaning/src/pages/AddCustomer.tsx(294,13): error TS17004: Cannot use JSX unless the '--jsx' flag is provided.
../../apps/web-cleaning/src/pages/AddCustomer.tsx(295,13): error TS17004: Cannot use JSX unless the '--jsx' flag is provided.
../../apps/web-cleaning/src/pages/AddCustomer.tsx(296,15): error TS17004: Cannot use JSX unless the '--jsx' flag is provided.
../../apps/web-cleaning/src/pages/AddCustomer.tsx(303,15): error TS17004: Cannot use JSX unless the '--jsx' flag is provided.
../../apps/web-cleaning/src/pages/AddCustomer.tsx(304,17): error TS17004: Cannot use JSX unless the '--jsx' flag is provided.
../../apps/web-cleaning/src/pages/AddCustomer.tsx(312,11): error TS17004: Cannot use JSX unless the '--jsx' flag is provided.
../../apps/web-cleaning/src/pages/AddCustomer.tsx(313,13): error TS17004: Cannot use JSX unless the '--jsx' flag is provided.
../../apps/web-cleaning/src/pages/AddCustomer.tsx(316,13): error TS17004: Cannot use JSX unless the '--jsx' flag is provided.
../../apps/web-cleaning/src/pages/AddCustomer.tsx(317,29): error TS17004: Cannot use JSX unless the '--jsx' flag is provided.
../../apps/web-cleaning/src/pages/AddProperty.tsx(209,5): error TS17004: Cannot use JSX unless the '--jsx' flag is provided.
../../apps/web-cleaning/src/pages/AddProperty.tsx(210,7): error TS17004: Cannot use JSX unless the '--jsx' flag is provided.
../../apps/web-cleaning/src/pages/AddProperty.tsx(211,9): error TS17004: Cannot use JSX unless the '--jsx' flag is provided.
../../apps/web-cleaning/src/pages/AddProperty.tsx(216,7): error TS17004: Cannot use JSX unless the '--jsx' flag is provided.
../../apps/web-cleaning/src/pages/AddProperty.tsx(217,9): error TS17004: Cannot use JSX unless the '--jsx' flag is provided.
../../apps/web-cleaning/src/pages/AddProperty.tsx(219,9): error TS17004: Cannot use JSX unless the '--jsx' flag is provided.
../../apps/web-cleaning/src/pages/AddProperty.tsx(221,11): error TS17004: Cannot use JSX unless the '--jsx' flag is provided.
../../apps/web-cleaning/src/pages/AddProperty.tsx(222,13): error TS17004: Cannot use JSX unless the '--jsx' flag is provided.
../../apps/web-cleaning/src/pages/AddProperty.tsx(223,13): error TS17004: Cannot use JSX unless the '--jsx' flag is provided.
../../apps/web-cleaning/src/pages/AddProperty.tsx(224,15): error TS17004: Cannot use JSX unless the '--jsx' flag is provided.
../../apps/web-cleaning/src/pages/AddProperty.tsx(225,17): error TS17004: Cannot use JSX unless the '--jsx' flag is provided.
../../apps/web-cleaning/src/pages/AddProperty.tsx(228,80): error TS2339: Property 'value' does not exist on type 'EventTarget & HTMLInputElement'.
../../apps/web-cleaning/src/pages/AddProperty.tsx(236,15): error TS17004: Cannot use JSX unless the '--jsx' flag is provided.
../../apps/web-cleaning/src/pages/AddProperty.tsx(237,17): error TS17004: Cannot use JSX unless the '--jsx' flag is provided.
../../apps/web-cleaning/src/pages/AddProperty.tsx(240,74): error TS2339: Property 'value' does not exist on type 'EventTarget & HTMLInputElement'.
../../apps/web-cleaning/src/pages/AddProperty.tsx(248,15): error TS17004: Cannot use JSX unless the '--jsx' flag is provided.
../../apps/web-cleaning/src/pages/AddProperty.tsx(249,17): error TS17004: Cannot use JSX unless the '--jsx' flag is provided.
../../apps/web-cleaning/src/pages/AddProperty.tsx(252,75): error TS2339: Property 'value' does not exist on type 'EventTarget & HTMLInputElement'.
../../apps/web-cleaning/src/pages/AddProperty.tsx(260,15): error TS17004: Cannot use JSX unless the '--jsx' flag is provided.
../../apps/web-cleaning/src/pages/AddProperty.tsx(261,17): error TS17004: Cannot use JSX unless the '--jsx' flag is provided.
../../apps/web-cleaning/src/pages/AddProperty.tsx(266,19): error TS2322: Type '{ label: string; value: string; onChange: (value: ChangeEvent<HTMLSelectElement>) => void; options: SelectOption[]; placeholder: string; error: string; required: true; disabled: boolean; }' is not assignable to type 'IntrinsicAttributes & SelectProps & RefAttributes<HTMLSelectElement>'.
  Property 'placeholder' does not exist on type 'IntrinsicAttributes & SelectProps & RefAttributes<HTMLSelectElement>'.
../../apps/web-cleaning/src/pages/AddProperty.tsx(272,19): error TS17004: Cannot use JSX unless the '--jsx' flag is provided.
../../apps/web-cleaning/src/pages/AddProperty.tsx(273,21): error TS17004: Cannot use JSX unless the '--jsx' flag is provided.
../../apps/web-cleaning/src/pages/AddProperty.tsx(274,21): error TS17004: Cannot use JSX unless the '--jsx' flag is provided.
../../apps/web-cleaning/src/pages/AddProperty.tsx(279,15): error TS17004: Cannot use JSX unless the '--jsx' flag is provided.
../../apps/web-cleaning/src/pages/AddProperty.tsx(280,17): error TS17004: Cannot use JSX unless the '--jsx' flag is provided.
../../apps/web-cleaning/src/pages/AddProperty.tsx(285,19): error TS2322: Type '{ label: string; value: string; onChange: (value: ChangeEvent<HTMLSelectElement>) => void; options: SelectOption[]; placeholder: string; disabled: boolean; }' is not assignable to type 'IntrinsicAttributes & SelectProps & RefAttributes<HTMLSelectElement>'.
  Property 'placeholder' does not exist on type 'IntrinsicAttributes & SelectProps & RefAttributes<HTMLSelectElement>'.
../../apps/web-cleaning/src/pages/AddProperty.tsx(290,15): error TS17004: Cannot use JSX unless the '--jsx' flag is provided.
../../apps/web-cleaning/src/pages/AddProperty.tsx(291,17): error TS17004: Cannot use JSX unless the '--jsx' flag is provided.
../../apps/web-cleaning/src/pages/AddProperty.tsx(295,84): error TS2339: Property 'value' does not exist on type 'EventTarget & HTMLInputElement'.
../../apps/web-cleaning/src/pages/AddProperty.tsx(302,15): error TS17004: Cannot use JSX unless the '--jsx' flag is provided.
../../apps/web-cleaning/src/pages/AddProperty.tsx(303,17): error TS17004: Cannot use JSX unless the '--jsx' flag is provided.
../../apps/web-cleaning/src/pages/AddProperty.tsx(307,85): error TS2339: Property 'value' does not exist on type 'EventTarget & HTMLInputElement'.
../../apps/web-cleaning/src/pages/AddProperty.tsx(317,11): error TS17004: Cannot use JSX unless the '--jsx' flag is provided.
../../apps/web-cleaning/src/pages/AddProperty.tsx(318,13): error TS17004: Cannot use JSX unless the '--jsx' flag is provided.
../../apps/web-cleaning/src/pages/AddProperty.tsx(319,13): error TS17004: Cannot use JSX unless the '--jsx' flag is provided.
../../apps/web-cleaning/src/pages/AddProperty.tsx(320,15): error TS17004: Cannot use JSX unless the '--jsx' flag is provided.
../../apps/web-cleaning/src/pages/AddProperty.tsx(323,84): error TS2339: Property 'value' does not exist on type 'EventTarget & HTMLTextAreaElement'.
../../apps/web-cleaning/src/pages/AddProperty.tsx(329,15): error TS17004: Cannot use JSX unless the '--jsx' flag is provided.
../../apps/web-cleaning/src/pages/AddProperty.tsx(332,76): error TS2339: Property 'value' does not exist on type 'EventTarget & HTMLInputElement'.
../../apps/web-cleaning/src/pages/AddProperty.tsx(340,11): error TS17004: Cannot use JSX unless the '--jsx' flag is provided.
../../apps/web-cleaning/src/pages/AddProperty.tsx(341,13): error TS17004: Cannot use JSX unless the '--jsx' flag is provided.
../../apps/web-cleaning/src/pages/AddProperty.tsx(342,13): error TS17004: Cannot use JSX unless the '--jsx' flag is provided.
../../apps/web-cleaning/src/pages/AddProperty.tsx(345,13): error TS17004: Cannot use JSX unless the '--jsx' flag is provided.
../../apps/web-cleaning/src/pages/AddProperty.tsx(346,15): error TS17004: Cannot use JSX unless the '--jsx' flag is provided.
../../apps/web-cleaning/src/pages/AddProperty.tsx(349,74): error TS2339: Property 'value' does not exist on type 'EventTarget & HTMLInputElement'.
../../apps/web-cleaning/src/pages/AddProperty.tsx(354,15): error TS17004: Cannot use JSX unless the '--jsx' flag is provided.
../../apps/web-cleaning/src/pages/AddProperty.tsx(357,77): error TS2339: Property 'value' does not exist on type 'EventTarget & HTMLInputElement'.
../../apps/web-cleaning/src/pages/AddProperty.tsx(362,15): error TS17004: Cannot use JSX unless the '--jsx' flag is provided.
../../apps/web-cleaning/src/pages/AddProperty.tsx(365,75): error TS2339: Property 'value' does not exist on type 'EventTarget & HTMLInputElement'.
../../apps/web-cleaning/src/pages/AddProperty.tsx(370,15): error TS17004: Cannot use JSX unless the '--jsx' flag is provided.
../../apps/web-cleaning/src/pages/AddProperty.tsx(373,74): error TS2339: Property 'value' does not exist on type 'EventTarget & HTMLInputElement'.
../../apps/web-cleaning/src/pages/AddProperty.tsx(378,15): error TS17004: Cannot use JSX unless the '--jsx' flag is provided.
../../apps/web-cleaning/src/pages/AddProperty.tsx(381,73): error TS2339: Property 'value' does not exist on type 'EventTarget & HTMLInputElement'.
../../apps/web-cleaning/src/pages/AddProperty.tsx(389,11): error TS17004: Cannot use JSX unless the '--jsx' flag is provided.
../../apps/web-cleaning/src/pages/AddProperty.tsx(390,13): error TS17004: Cannot use JSX unless the '--jsx' flag is provided.
../../apps/web-cleaning/src/pages/AddProperty.tsx(391,15): error TS17004: Cannot use JSX unless the '--jsx' flag is provided.
../../apps/web-cleaning/src/pages/AddProperty.tsx(392,17): error TS17004: Cannot use JSX unless the '--jsx' flag is provided.
../../apps/web-cleaning/src/pages/AddProperty.tsx(393,17): error TS17004: Cannot use JSX unless the '--jsx' flag is provided.
../../apps/web-cleaning/src/pages/AddProperty.tsx(397,15): error TS17004: Cannot use JSX unless the '--jsx' flag is provided.
../../apps/web-cleaning/src/pages/AddProperty.tsx(407,13): error TS17004: Cannot use JSX unless the '--jsx' flag is provided.
../../apps/web-cleaning/src/pages/AddProperty.tsx(409,17): error TS17004: Cannot use JSX unless the '--jsx' flag is provided.
../../apps/web-cleaning/src/pages/AddProperty.tsx(410,19): error TS17004: Cannot use JSX unless the '--jsx' flag is provided.
../../apps/web-cleaning/src/pages/AddProperty.tsx(413,91): error TS2339: Property 'value' does not exist on type 'EventTarget & HTMLInputElement'.
../../apps/web-cleaning/src/pages/AddProperty.tsx(418,19): error TS17004: Cannot use JSX unless the '--jsx' flag is provided.
../../apps/web-cleaning/src/pages/AddProperty.tsx(421,92): error TS2339: Property 'value' does not exist on type 'EventTarget & HTMLInputElement'.
../../apps/web-cleaning/src/pages/AddProperty.tsx(426,19): error TS17004: Cannot use JSX unless the '--jsx' flag is provided.
../../apps/web-cleaning/src/pages/AddProperty.tsx(427,21): error TS17004: Cannot use JSX unless the '--jsx' flag is provided.
../../apps/web-cleaning/src/pages/AddProperty.tsx(428,23): error TS17004: Cannot use JSX unless the '--jsx' flag is provided.
../../apps/web-cleaning/src/pages/AddProperty.tsx(431,99): error TS2339: Property 'value' does not exist on type 'EventTarget & HTMLInputElement'.
../../apps/web-cleaning/src/pages/AddProperty.tsx(437,23): error TS17004: Cannot use JSX unless the '--jsx' flag is provided.
../../apps/web-cleaning/src/pages/AddProperty.tsx(453,11): error TS17004: Cannot use JSX unless the '--jsx' flag is provided.
../../apps/web-cleaning/src/pages/AddProperty.tsx(454,13): error TS17004: Cannot use JSX unless the '--jsx' flag is provided.
../../apps/web-cleaning/src/pages/AddProperty.tsx(455,13): error TS17004: Cannot use JSX unless the '--jsx' flag is provided.
../../apps/web-cleaning/src/pages/AddProperty.tsx(456,15): error TS17004: Cannot use JSX unless the '--jsx' flag is provided.
../../apps/web-cleaning/src/pages/AddProperty.tsx(457,17): error TS17004: Cannot use JSX unless the '--jsx' flag is provided.
../../apps/web-cleaning/src/pages/AddProperty.tsx(460,76): error TS2339: Property 'value' does not exist on type 'EventTarget & HTMLInputElement'.
../../apps/web-cleaning/src/pages/AddProperty.tsx(465,17): error TS17004: Cannot use JSX unless the '--jsx' flag is provided.
../../apps/web-cleaning/src/pages/AddProperty.tsx(469,80): error TS2339: Property 'value' does not exist on type 'EventTarget & HTMLInputElement'.
../../apps/web-cleaning/src/pages/AddProperty.tsx(475,15): error TS17004: Cannot use JSX unless the '--jsx' flag is provided.
../../apps/web-cleaning/src/pages/AddProperty.tsx(478,77): error TS2339: Property 'value' does not exist on type 'EventTarget & HTMLTextAreaElement'.
../../apps/web-cleaning/src/pages/AddProperty.tsx(484,15): error TS17004: Cannot use JSX unless the '--jsx' flag is provided.
../../apps/web-cleaning/src/pages/AddProperty.tsx(487,73): error TS2339: Property 'value' does not exist on type 'EventTarget & HTMLTextAreaElement'.
../../apps/web-cleaning/src/pages/AddProperty.tsx(493,15): error TS17004: Cannot use JSX unless the '--jsx' flag is provided.
../../apps/web-cleaning/src/pages/AddProperty.tsx(496,78): error TS2339: Property 'value' does not exist on type 'EventTarget & HTMLTextAreaElement'.
../../apps/web-cleaning/src/pages/AddProperty.tsx(502,15): error TS17004: Cannot use JSX unless the '--jsx' flag is provided.
../../apps/web-cleaning/src/pages/AddProperty.tsx(505,85): error TS2339: Property 'value' does not exist on type 'EventTarget & HTMLTextAreaElement'.
../../apps/web-cleaning/src/pages/AddProperty.tsx(514,11): error TS17004: Cannot use JSX unless the '--jsx' flag is provided.
../../apps/web-cleaning/src/pages/AddProperty.tsx(515,13): error TS17004: Cannot use JSX unless the '--jsx' flag is provided.
../../apps/web-cleaning/src/pages/AddProperty.tsx(516,13): error TS17004: Cannot use JSX unless the '--jsx' flag is provided.
../../apps/web-cleaning/src/pages/AddProperty.tsx(517,15): error TS17004: Cannot use JSX unless the '--jsx' flag is provided.
../../apps/web-cleaning/src/pages/AddProperty.tsx(524,11): error TS17004: Cannot use JSX unless the '--jsx' flag is provided.
../../apps/web-cleaning/src/pages/AddProperty.tsx(525,13): error TS17004: Cannot use JSX unless the '--jsx' flag is provided.
../../apps/web-cleaning/src/pages/AddProperty.tsx(528,13): error TS17004: Cannot use JSX unless the '--jsx' flag is provided.
../../apps/web-cleaning/src/pages/AddProperty.tsx(529,29): error TS17004: Cannot use JSX unless the '--jsx' flag is provided.
../../apps/web-cleaning/src/pages/Certificates.tsx(65,10): error TS2304: Cannot find name 'confirm'.
../../apps/web-cleaning/src/pages/Certificates.tsx(82,25): error TS17004: Cannot use JSX unless the '--jsx' flag is provided.
../../apps/web-cleaning/src/pages/Certificates.tsx(82,55): error TS17004: Cannot use JSX unless the '--jsx' flag is provided.
../../apps/web-cleaning/src/pages/Certificates.tsx(85,5): error TS17004: Cannot use JSX unless the '--jsx' flag is provided.
../../apps/web-cleaning/src/pages/Certificates.tsx(86,7): error TS17004: Cannot use JSX unless the '--jsx' flag is provided.
../../apps/web-cleaning/src/pages/Certificates.tsx(87,9): error TS17004: Cannot use JSX unless the '--jsx' flag is provided.
../../apps/web-cleaning/src/pages/Certificates.tsx(87,14): error TS17004: Cannot use JSX unless the '--jsx' flag is provided.
../../apps/web-cleaning/src/pages/Certificates.tsx(87,58): error TS17004: Cannot use JSX unless the '--jsx' flag is provided.
../../apps/web-cleaning/src/pages/Certificates.tsx(88,9): error TS17004: Cannot use JSX unless the '--jsx' flag is provided.
../../apps/web-cleaning/src/pages/Certificates.tsx(89,11): error TS17004: Cannot use JSX unless the '--jsx' flag is provided.
../../apps/web-cleaning/src/pages/Certificates.tsx(90,13): error TS17004: Cannot use JSX unless the '--jsx' flag is provided.
../../apps/web-cleaning/src/pages/Certificates.tsx(91,15): error TS17004: Cannot use JSX unless the '--jsx' flag is provided.
../../apps/web-cleaning/src/pages/Certificates.tsx(91,75): error TS17004: Cannot use JSX unless the '--jsx' flag is provided.
../../apps/web-cleaning/src/pages/Certificates.tsx(91,156): error TS17004: Cannot use JSX unless the '--jsx' flag is provided.
../../apps/web-cleaning/src/pages/Certificates.tsx(91,238): error TS17004: Cannot use JSX unless the '--jsx' flag is provided.
../../apps/web-cleaning/src/pages/Certificates.tsx(91,320): error TS17004: Cannot use JSX unless the '--jsx' flag is provided.
../../apps/web-cleaning/src/pages/Certificates.tsx(93,13): error TS17004: Cannot use JSX unless the '--jsx' flag is provided.
../../apps/web-cleaning/src/pages/Certificates.tsx(94,15): error TS17004: Cannot use JSX unless the '--jsx' flag is provided.
../../apps/web-cleaning/src/pages/Certificates.tsx(94,75): error TS17004: Cannot use JSX unless the '--jsx' flag is provided.
../../apps/web-cleaning/src/pages/Certificates.tsx(97,11): error TS17004: Cannot use JSX unless the '--jsx' flag is provided.
../../apps/web-cleaning/src/pages/Certificates.tsx(102,9): error TS17004: Cannot use JSX unless the '--jsx' flag is provided.
../../apps/web-cleaning/src/pages/Certificates.tsx(102,96): error TS2322: Type '{ title: string; description: string; primaryAction: { label: string; onClick: () => void; }; }' is not assignable to type 'IntrinsicAttributes & EmptyStateProps'.
  Property 'primaryAction' does not exist on type 'IntrinsicAttributes & EmptyStateProps'.
../../apps/web-cleaning/src/pages/Certificates.tsx(104,9): error TS17004: Cannot use JSX unless the '--jsx' flag is provided.
../../apps/web-cleaning/src/pages/Certificates.tsx(106,13): error TS17004: Cannot use JSX unless the '--jsx' flag is provided.
../../apps/web-cleaning/src/pages/Certificates.tsx(107,15): error TS17004: Cannot use JSX unless the '--jsx' flag is provided.
../../apps/web-cleaning/src/pages/Certificates.tsx(108,17): error TS17004: Cannot use JSX unless the '--jsx' flag is provided.
../../apps/web-cleaning/src/pages/Certificates.tsx(108,22): error TS17004: Cannot use JSX unless the '--jsx' flag is provided.
../../apps/web-cleaning/src/pages/Certificates.tsx(108,95): error TS17004: Cannot use JSX unless the '--jsx' flag is provided.
../../apps/web-cleaning/src/pages/Certificates.tsx(109,45): error TS17004: Cannot use JSX unless the '--jsx' flag is provided.
../../apps/web-cleaning/src/pages/Certificates.tsx(109,211): error TS17004: Cannot use JSX unless the '--jsx' flag is provided.
../../apps/web-cleaning/src/pages/Certificates.tsx(109,351): error TS17004: Cannot use JSX unless the '--jsx' flag is provided.
../../apps/web-cleaning/src/pages/Certificates.tsx(111,15): error TS17004: Cannot use JSX unless the '--jsx' flag is provided.
../../apps/web-cleaning/src/pages/Certificates.tsx(112,17): error TS17004: Cannot use JSX unless the '--jsx' flag is provided.
../../apps/web-cleaning/src/pages/Certificates.tsx(112,55): error TS17004: Cannot use JSX unless the '--jsx' flag is provided.
../../apps/web-cleaning/src/pages/Certificates.tsx(113,30): error TS17004: Cannot use JSX unless the '--jsx' flag is provided.
../../apps/web-cleaning/src/pages/Certificates.tsx(113,68): error TS17004: Cannot use JSX unless the '--jsx' flag is provided.
../../apps/web-cleaning/src/pages/Certificates.tsx(115,15): error TS17004: Cannot use JSX unless the '--jsx' flag is provided.
../../apps/web-cleaning/src/pages/Certificates.tsx(116,17): error TS17004: Cannot use JSX unless the '--jsx' flag is provided.
../../apps/web-cleaning/src/pages/Certificates.tsx(117,17): error TS17004: Cannot use JSX unless the '--jsx' flag is provided.
../../apps/web-cleaning/src/pages/Certificates.tsx(124,7): error TS17004: Cannot use JSX unless the '--jsx' flag is provided.
../../apps/web-cleaning/src/pages/Certificates.tsx(125,9): error TS17004: Cannot use JSX unless the '--jsx' flag is provided.
../../apps/web-cleaning/src/pages/Certificates.tsx(126,11): error TS17004: Cannot use JSX unless the '--jsx' flag is provided.
../../apps/web-cleaning/src/pages/Certificates.tsx(126,39): error TS17004: Cannot use JSX unless the '--jsx' flag is provided.
../../apps/web-cleaning/src/pages/Certificates.tsx(126,87): error TS17004: Cannot use JSX unless the '--jsx' flag is provided.
../../apps/web-cleaning/src/pages/Certificates.tsx(126,214): error TS2339: Property 'value' does not exist on type 'EventTarget & HTMLSelectElement'.
../../apps/web-cleaning/src/pages/Certificates.tsx(126,224): error TS17004: Cannot use JSX unless the '--jsx' flag is provided.
../../apps/web-cleaning/src/pages/Certificates.tsx(126,286): error TS17004: Cannot use JSX unless the '--jsx' flag is provided.
../../apps/web-cleaning/src/pages/Certificates.tsx(127,11): error TS17004: Cannot use JSX unless the '--jsx' flag is provided.
../../apps/web-cleaning/src/pages/Certificates.tsx(127,39): error TS17004: Cannot use JSX unless the '--jsx' flag is provided.
../../apps/web-cleaning/src/pages/Certificates.tsx(127,83): error TS17004: Cannot use JSX unless the '--jsx' flag is provided.
../../apps/web-cleaning/src/pages/Certificates.tsx(127,220): error TS2339: Property 'value' does not exist on type 'EventTarget & HTMLSelectElement'.
../../apps/web-cleaning/src/pages/Certificates.tsx(127,251): error TS17004: Cannot use JSX unless the '--jsx' flag is provided.
../../apps/web-cleaning/src/pages/Certificates.tsx(128,11): error TS17004: Cannot use JSX unless the '--jsx' flag is provided.
../../apps/web-cleaning/src/pages/Certificates.tsx(129,13): error TS17004: Cannot use JSX unless the '--jsx' flag is provided.
../../apps/web-cleaning/src/pages/Certificates.tsx(129,153): error TS2339: Property 'value' does not exist on type 'EventTarget & HTMLInputElement'.
../../apps/web-cleaning/src/pages/Certificates.tsx(130,13): error TS17004: Cannot use JSX unless the '--jsx' flag is provided.
../../apps/web-cleaning/src/pages/Certificates.tsx(130,156): error TS2339: Property 'value' does not exist on type 'EventTarget & HTMLInputElement'.
../../apps/web-cleaning/src/pages/Certificates.tsx(132,11): error TS17004: Cannot use JSX unless the '--jsx' flag is provided.
../../apps/web-cleaning/src/pages/Certificates.tsx(132,154): error TS2339: Property 'value' does not exist on type 'EventTarget & HTMLInputElement'.
../../apps/web-cleaning/src/pages/Certificates.tsx(133,11): error TS17004: Cannot use JSX unless the '--jsx' flag is provided.
../../apps/web-cleaning/src/pages/Certificates.tsx(133,118): error TS2339: Property 'value' does not exist on type 'EventTarget & HTMLInputElement'.
../../apps/web-cleaning/src/pages/Certificates.tsx(134,11): error TS17004: Cannot use JSX unless the '--jsx' flag is provided.
../../apps/web-cleaning/src/pages/Certificates.tsx(134,39): error TS17004: Cannot use JSX unless the '--jsx' flag is provided.
../../apps/web-cleaning/src/pages/Certificates.tsx(134,82): error TS17004: Cannot use JSX unless the '--jsx' flag is provided.
../../apps/web-cleaning/src/pages/Certificates.tsx(134,210): error TS2339: Property 'value' does not exist on type 'EventTarget & HTMLTextAreaElement'.
../../apps/web-cleaning/src/pages/Certificates.tsx(136,9): error TS17004: Cannot use JSX unless the '--jsx' flag is provided.
../../apps/web-cleaning/src/pages/Certificates.tsx(137,11): error TS17004: Cannot use JSX unless the '--jsx' flag is provided.
../../apps/web-cleaning/src/pages/Certificates.tsx(138,11): error TS17004: Cannot use JSX unless the '--jsx' flag is provided.
../../apps/web-cleaning/src/pages/ChecklistTemplates.tsx(2,47): error TS6133: 'EmptyState' is declared but its value is never read.
../../apps/web-cleaning/src/pages/ChecklistTemplates.tsx(5,33): error TS6133: 'customersAPI' is declared but its value is never read.
../../apps/web-cleaning/src/pages/ChecklistTemplates.tsx(131,13): error TS2322: Type '{ title: string; items: { id: `${string}-${string}-${string}-${string}-${string}`; label: string; }[]; images: string[]; }[]' is not assignable to type 'ChecklistSection[]'.
  Type '{ title: string; items: { id: `${string}-${string}-${string}-${string}-${string}`; label: string; }[]; images: string[]; }' is not assignable to type 'ChecklistSection'.
    Types of property 'items' are incompatible.
      Type '{ id: `${string}-${string}-${string}-${string}-${string}`; label: string; }[]' is not assignable to type 'ChecklistItem[]'.
        Property 'completed' is missing in type '{ id: `${string}-${string}-${string}-${string}-${string}`; label: string; }' but required in type 'ChecklistItem'.
../../apps/web-cleaning/src/pages/ChecklistTemplates.tsx(173,10): error TS2304: Cannot find name 'confirm'.
../../apps/web-cleaning/src/pages/ChecklistTemplates.tsx(265,5): error TS17004: Cannot use JSX unless the '--jsx' flag is provided.
../../apps/web-cleaning/src/pages/ChecklistTemplates.tsx(266,7): error TS17004: Cannot use JSX unless the '--jsx' flag is provided.
../../apps/web-cleaning/src/pages/ChecklistTemplates.tsx(267,9): error TS17004: Cannot use JSX unless the '--jsx' flag is provided.
../../apps/web-cleaning/src/pages/ChecklistTemplates.tsx(268,9): error TS17004: Cannot use JSX unless the '--jsx' flag is provided.
../../apps/web-cleaning/src/pages/ChecklistTemplates.tsx(274,5): error TS17004: Cannot use JSX unless the '--jsx' flag is provided.
../../apps/web-cleaning/src/pages/ChecklistTemplates.tsx(276,7): error TS17004: Cannot use JSX unless the '--jsx' flag is provided.
../../apps/web-cleaning/src/pages/ChecklistTemplates.tsx(277,9): error TS17004: Cannot use JSX unless the '--jsx' flag is provided.
../../apps/web-cleaning/src/pages/ChecklistTemplates.tsx(278,11): error TS17004: Cannot use JSX unless the '--jsx' flag is provided.
../../apps/web-cleaning/src/pages/ChecklistTemplates.tsx(279,11): error TS17004: Cannot use JSX unless the '--jsx' flag is provided.
../../apps/web-cleaning/src/pages/ChecklistTemplates.tsx(281,9): error TS17004: Cannot use JSX unless the '--jsx' flag is provided.
../../apps/web-cleaning/src/pages/ChecklistTemplates.tsx(287,7): error TS17004: Cannot use JSX unless the '--jsx' flag is provided.
../../apps/web-cleaning/src/pages/ChecklistTemplates.tsx(288,9): error TS17004: Cannot use JSX unless the '--jsx' flag is provided.
../../apps/web-cleaning/src/pages/ChecklistTemplates.tsx(289,11): error TS17004: Cannot use JSX unless the '--jsx' flag is provided.
../../apps/web-cleaning/src/pages/ChecklistTemplates.tsx(290,13): error TS17004: Cannot use JSX unless the '--jsx' flag is provided.
../../apps/web-cleaning/src/pages/ChecklistTemplates.tsx(291,13): error TS17004: Cannot use JSX unless the '--jsx' flag is provided.
../../apps/web-cleaning/src/pages/ChecklistTemplates.tsx(292,13): error TS17004: Cannot use JSX unless the '--jsx' flag is provided.
../../apps/web-cleaning/src/pages/ChecklistTemplates.tsx(296,9): error TS17004: Cannot use JSX unless the '--jsx' flag is provided.
../../apps/web-cleaning/src/pages/ChecklistTemplates.tsx(297,11): error TS17004: Cannot use JSX unless the '--jsx' flag is provided.
../../apps/web-cleaning/src/pages/ChecklistTemplates.tsx(298,13): error TS17004: Cannot use JSX unless the '--jsx' flag is provided.
../../apps/web-cleaning/src/pages/ChecklistTemplates.tsx(299,13): error TS17004: Cannot use JSX unless the '--jsx' flag is provided.
../../apps/web-cleaning/src/pages/ChecklistTemplates.tsx(300,13): error TS17004: Cannot use JSX unless the '--jsx' flag is provided.
../../apps/web-cleaning/src/pages/ChecklistTemplates.tsx(304,9): error TS17004: Cannot use JSX unless the '--jsx' flag is provided.
../../apps/web-cleaning/src/pages/ChecklistTemplates.tsx(305,11): error TS17004: Cannot use JSX unless the '--jsx' flag is provided.
../../apps/web-cleaning/src/pages/ChecklistTemplates.tsx(306,13): error TS17004: Cannot use JSX unless the '--jsx' flag is provided.
../../apps/web-cleaning/src/pages/ChecklistTemplates.tsx(307,13): error TS17004: Cannot use JSX unless the '--jsx' flag is provided.
../../apps/web-cleaning/src/pages/ChecklistTemplates.tsx(308,13): error TS17004: Cannot use JSX unless the '--jsx' flag is provided.
../../apps/web-cleaning/src/pages/ChecklistTemplates.tsx(312,9): error TS17004: Cannot use JSX unless the '--jsx' flag is provided.
../../apps/web-cleaning/src/pages/ChecklistTemplates.tsx(313,11): error TS17004: Cannot use JSX unless the '--jsx' flag is provided.
../../apps/web-cleaning/src/pages/ChecklistTemplates.tsx(314,13): error TS17004: Cannot use JSX unless the '--jsx' flag is provided.
../../apps/web-cleaning/src/pages/ChecklistTemplates.tsx(315,13): error TS17004: Cannot use JSX unless the '--jsx' flag is provided.
../../apps/web-cleaning/src/pages/ChecklistTemplates.tsx(316,13): error TS17004: Cannot use JSX unless the '--jsx' flag is provided.
../../apps/web-cleaning/src/pages/ChecklistTemplates.tsx(322,7): error TS17004: Cannot use JSX unless the '--jsx' flag is provided.
../../apps/web-cleaning/src/pages/ChecklistTemplates.tsx(323,9): error TS17004: Cannot use JSX unless the '--jsx' flag is provided.
../../apps/web-cleaning/src/pages/ChecklistTemplates.tsx(324,11): error TS17004: Cannot use JSX unless the '--jsx' flag is provided.
../../apps/web-cleaning/src/pages/ChecklistTemplates.tsx(327,54): error TS2339: Property 'value' does not exist on type 'EventTarget & HTMLInputElement'.
../../apps/web-cleaning/src/pages/ChecklistTemplates.tsx(330,9): error TS17004: Cannot use JSX unless the '--jsx' flag is provided.
../../apps/web-cleaning/src/pages/ChecklistTemplates.tsx(331,11): error TS17004: Cannot use JSX unless the '--jsx' flag is provided.
../../apps/web-cleaning/src/pages/ChecklistTemplates.tsx(333,61): error TS2339: Property 'value' does not exist on type 'EventTarget & HTMLSelectElement'.
../../apps/web-cleaning/src/pages/ChecklistTemplates.tsx(343,13): error TS17004: Cannot use JSX unless the '--jsx' flag is provided.
../../apps/web-cleaning/src/pages/ChecklistTemplates.tsx(345,15): error TS17004: Cannot use JSX unless the '--jsx' flag is provided.
../../apps/web-cleaning/src/pages/ChecklistTemplates.tsx(349,9): error TS17004: Cannot use JSX unless the '--jsx' flag is provided.
../../apps/web-cleaning/src/pages/ChecklistTemplates.tsx(350,11): error TS17004: Cannot use JSX unless the '--jsx' flag is provided.
../../apps/web-cleaning/src/pages/ChecklistTemplates.tsx(356,11): error TS17004: Cannot use JSX unless the '--jsx' flag is provided.
../../apps/web-cleaning/src/pages/ChecklistTemplates.tsx(367,9): error TS17004: Cannot use JSX unless the '--jsx' flag is provided.
../../apps/web-cleaning/src/pages/ChecklistTemplates.tsx(368,11): error TS17004: Cannot use JSX unless the '--jsx' flag is provided.
../../apps/web-cleaning/src/pages/ChecklistTemplates.tsx(369,11): error TS17004: Cannot use JSX unless the '--jsx' flag is provided.
../../apps/web-cleaning/src/pages/ChecklistTemplates.tsx(375,13): error TS17004: Cannot use JSX unless the '--jsx' flag is provided.
../../apps/web-cleaning/src/pages/ChecklistTemplates.tsx(381,9): error TS17004: Cannot use JSX unless the '--jsx' flag is provided.
../../apps/web-cleaning/src/pages/ChecklistTemplates.tsx(383,13): error TS17004: Cannot use JSX unless the '--jsx' flag is provided.
../../apps/web-cleaning/src/pages/ChecklistTemplates.tsx(388,15): error TS17004: Cannot use JSX unless the '--jsx' flag is provided.
../../apps/web-cleaning/src/pages/ChecklistTemplates.tsx(389,17): error TS17004: Cannot use JSX unless the '--jsx' flag is provided.
../../apps/web-cleaning/src/pages/ChecklistTemplates.tsx(390,19): error TS17004: Cannot use JSX unless the '--jsx' flag is provided.
../../apps/web-cleaning/src/pages/ChecklistTemplates.tsx(391,19): error TS17004: Cannot use JSX unless the '--jsx' flag is provided.
../../apps/web-cleaning/src/pages/ChecklistTemplates.tsx(394,19): error TS17004: Cannot use JSX unless the '--jsx' flag is provided.
../../apps/web-cleaning/src/pages/ChecklistTemplates.tsx(398,19): error TS17004: Cannot use JSX unless the '--jsx' flag is provided.
../../apps/web-cleaning/src/pages/ChecklistTemplates.tsx(404,15): error TS17004: Cannot use JSX unless the '--jsx' flag is provided.
../../apps/web-cleaning/src/pages/ChecklistTemplates.tsx(405,17): error TS17004: Cannot use JSX unless the '--jsx' flag is provided.
../../apps/web-cleaning/src/pages/ChecklistTemplates.tsx(406,19): error TS17004: Cannot use JSX unless the '--jsx' flag is provided.
../../apps/web-cleaning/src/pages/ChecklistTemplates.tsx(407,19): error TS17004: Cannot use JSX unless the '--jsx' flag is provided.
../../apps/web-cleaning/src/pages/ChecklistTemplates.tsx(409,17): error TS17004: Cannot use JSX unless the '--jsx' flag is provided.
../../apps/web-cleaning/src/pages/ChecklistTemplates.tsx(410,19): error TS17004: Cannot use JSX unless the '--jsx' flag is provided.
../../apps/web-cleaning/src/pages/ChecklistTemplates.tsx(411,19): error TS17004: Cannot use JSX unless the '--jsx' flag is provided.
../../apps/web-cleaning/src/pages/ChecklistTemplates.tsx(414,19): error TS17004: Cannot use JSX unless the '--jsx' flag is provided.
../../apps/web-cleaning/src/pages/ChecklistTemplates.tsx(416,23): error TS17004: Cannot use JSX unless the '--jsx' flag is provided.
../../apps/web-cleaning/src/pages/ChecklistTemplates.tsx(424,23): error TS17004: Cannot use JSX unless the '--jsx' flag is provided.
../../apps/web-cleaning/src/pages/ChecklistTemplates.tsx(432,15): error TS17004: Cannot use JSX unless the '--jsx' flag is provided.
../../apps/web-cleaning/src/pages/ChecklistTemplates.tsx(433,17): error TS17004: Cannot use JSX unless the '--jsx' flag is provided.
../../apps/web-cleaning/src/pages/ChecklistTemplates.tsx(434,19): error TS17004: Cannot use JSX unless the '--jsx' flag is provided.
../../apps/web-cleaning/src/pages/ChecklistTemplates.tsx(435,21): error TS2322: Type '"outline"' is not assignable to type 'ButtonVariant | undefined'.
../../apps/web-cleaning/src/pages/ChecklistTemplates.tsx(444,19): error TS17004: Cannot use JSX unless the '--jsx' flag is provided.
../../apps/web-cleaning/src/pages/ChecklistTemplates.tsx(462,7): error TS17004: Cannot use JSX unless the '--jsx' flag is provided.
../../apps/web-cleaning/src/pages/ChecklistTemplates.tsx(468,9): error TS17004: Cannot use JSX unless the '--jsx' flag is provided.
../../apps/web-cleaning/src/pages/ChecklistTemplates.tsx(470,11): error TS17004: Cannot use JSX unless the '--jsx' flag is provided.
../../apps/web-cleaning/src/pages/ChecklistTemplates.tsx(471,13): error TS17004: Cannot use JSX unless the '--jsx' flag is provided.
../../apps/web-cleaning/src/pages/ChecklistTemplates.tsx(474,83): error TS2339: Property 'value' does not exist on type 'EventTarget & HTMLInputElement'.
../../apps/web-cleaning/src/pages/ChecklistTemplates.tsx(479,13): error TS17004: Cannot use JSX unless the '--jsx' flag is provided.
../../apps/web-cleaning/src/pages/ChecklistTemplates.tsx(482,83): error TS2339: Property 'value' does not exist on type 'EventTarget & HTMLInputElement'.
../../apps/web-cleaning/src/pages/ChecklistTemplates.tsx(487,13): error TS17004: Cannot use JSX unless the '--jsx' flag is provided.
../../apps/web-cleaning/src/pages/ChecklistTemplates.tsx(491,96): error TS2339: Property 'value' does not exist on type 'EventTarget & HTMLInputElement'.
../../apps/web-cleaning/src/pages/ChecklistTemplates.tsx(496,13): error TS17004: Cannot use JSX unless the '--jsx' flag is provided.
../../apps/web-cleaning/src/pages/ChecklistTemplates.tsx(497,15): error TS17004: Cannot use JSX unless the '--jsx' flag is provided.
../../apps/web-cleaning/src/pages/ChecklistTemplates.tsx(501,81): error TS2339: Property 'checked' does not exist on type 'EventTarget & HTMLInputElement'.
../../apps/web-cleaning/src/pages/ChecklistTemplates.tsx(504,15): error TS17004: Cannot use JSX unless the '--jsx' flag is provided.
../../apps/web-cleaning/src/pages/ChecklistTemplates.tsx(511,11): error TS17004: Cannot use JSX unless the '--jsx' flag is provided.
../../apps/web-cleaning/src/pages/ChecklistTemplates.tsx(512,13): error TS17004: Cannot use JSX unless the '--jsx' flag is provided.
../../apps/web-cleaning/src/pages/ChecklistTemplates.tsx(513,15): error TS17004: Cannot use JSX unless the '--jsx' flag is provided.
../../apps/web-cleaning/src/pages/ChecklistTemplates.tsx(514,15): error TS17004: Cannot use JSX unless the '--jsx' flag is provided.
../../apps/web-cleaning/src/pages/ChecklistTemplates.tsx(514,23): error TS2322: Type '"outline"' is not assignable to type 'ButtonVariant | undefined'.
../../apps/web-cleaning/src/pages/ChecklistTemplates.tsx(519,13): error TS17004: Cannot use JSX unless the '--jsx' flag is provided.
../../apps/web-cleaning/src/pages/ChecklistTemplates.tsx(521,17): error TS17004: Cannot use JSX unless the '--jsx' flag is provided.
../../apps/web-cleaning/src/pages/ChecklistTemplates.tsx(522,19): error TS17004: Cannot use JSX unless the '--jsx' flag is provided.
../../apps/web-cleaning/src/pages/ChecklistTemplates.tsx(523,21): error TS17004: Cannot use JSX unless the '--jsx' flag is provided.
../../apps/web-cleaning/src/pages/ChecklistTemplates.tsx(526,80): error TS2339: Property 'value' does not exist on type 'EventTarget & HTMLInputElement'.
../../apps/web-cleaning/src/pages/ChecklistTemplates.tsx(532,23): error TS17004: Cannot use JSX unless the '--jsx' flag is provided.
../../apps/web-cleaning/src/pages/ChecklistTemplates.tsx(543,19): error TS17004: Cannot use JSX unless the '--jsx' flag is provided.
../../apps/web-cleaning/src/pages/ChecklistTemplates.tsx(544,21): error TS17004: Cannot use JSX unless the '--jsx' flag is provided.
../../apps/web-cleaning/src/pages/ChecklistTemplates.tsx(546,23): error TS17004: Cannot use JSX unless the '--jsx' flag is provided.
../../apps/web-cleaning/src/pages/ChecklistTemplates.tsx(547,25): error TS17004: Cannot use JSX unless the '--jsx' flag is provided.
../../apps/web-cleaning/src/pages/ChecklistTemplates.tsx(549,85): error TS2339: Property 'value' does not exist on type 'EventTarget & HTMLInputElement'.
../../apps/web-cleaning/src/pages/ChecklistTemplates.tsx(553,25): error TS17004: Cannot use JSX unless the '--jsx' flag is provided.
../../apps/web-cleaning/src/pages/ChecklistTemplates.tsx(554,27): error TS2322: Type '"outline"' is not assignable to type 'ButtonVariant | undefined'.
../../apps/web-cleaning/src/pages/ChecklistTemplates.tsx(563,21): error TS17004: Cannot use JSX unless the '--jsx' flag is provided.
../../apps/web-cleaning/src/pages/ChecklistTemplates.tsx(573,19): error TS17004: Cannot use JSX unless the '--jsx' flag is provided.
../../apps/web-cleaning/src/pages/ChecklistTemplates.tsx(574,21): error TS17004: Cannot use JSX unless the '--jsx' flag is provided.
../../apps/web-cleaning/src/pages/ChecklistTemplates.tsx(575,21): error TS17004: Cannot use JSX unless the '--jsx' flag is provided.
../../apps/web-cleaning/src/pages/ChecklistTemplates.tsx(579,23): error TS17004: Cannot use JSX unless the '--jsx' flag is provided.
../../apps/web-cleaning/src/pages/ChecklistTemplates.tsx(581,27): error TS17004: Cannot use JSX unless the '--jsx' flag is provided.
../../apps/web-cleaning/src/pages/ChecklistTemplates.tsx(582,29): error TS17004: Cannot use JSX unless the '--jsx' flag is provided.
../../apps/web-cleaning/src/pages/ChecklistTemplates.tsx(583,39): error TS1343: The 'import.meta' meta-property is only allowed when the '--module' option is 'es2020', 'es2022', 'esnext', 'system', 'node16', 'node18', 'node20', or 'nodenext'.
../../apps/web-cleaning/src/pages/ChecklistTemplates.tsx(587,29): error TS17004: Cannot use JSX unless the '--jsx' flag is provided.
../../apps/web-cleaning/src/pages/ChecklistTemplates.tsx(601,21): error TS17004: Cannot use JSX unless the '--jsx' flag is provided.
../../apps/web-cleaning/src/pages/ChecklistTemplates.tsx(602,23): error TS17004: Cannot use JSX unless the '--jsx' flag is provided.
../../apps/web-cleaning/src/pages/ChecklistTemplates.tsx(606,49): error TS2339: Property 'files' does not exist on type 'EventTarget & HTMLInputElement'.
../../apps/web-cleaning/src/pages/ChecklistTemplates.tsx(609,38): error TS2339: Property 'value' does not exist on type 'EventTarget & HTMLInputElement'.
../../apps/web-cleaning/src/pages/ChecklistTemplates.tsx(616,23): error TS17004: Cannot use JSX unless the '--jsx' flag is provided.
../../apps/web-cleaning/src/pages/ChecklistTemplates.tsx(617,25): error TS17004: Cannot use JSX unless the '--jsx' flag is provided.
../../apps/web-cleaning/src/pages/ChecklistTemplates.tsx(618,27): error TS2322: Type '"outline"' is not assignable to type 'ButtonVariant | undefined'.
../../apps/web-cleaning/src/pages/ChecklistTemplates.tsx(623,29): error TS2584: Cannot find name 'document'. Do you need to change your target library? Try changing the 'lib' compiler option to include 'dom'.
../../apps/web-cleaning/src/pages/ChecklistTemplates.tsx(627,29): error TS17004: Cannot use JSX unless the '--jsx' flag is provided.
../../apps/web-cleaning/src/pages/ChecklistTemplates.tsx(628,31): error TS17004: Cannot use JSX unless the '--jsx' flag is provided.
../../apps/web-cleaning/src/pages/ChecklistTemplates.tsx(632,29): error TS17004: Cannot use JSX unless the '--jsx' flag is provided.
../../apps/web-cleaning/src/pages/ChecklistTemplates.tsx(646,9): error TS17004: Cannot use JSX unless the '--jsx' flag is provided.
../../apps/web-cleaning/src/pages/ChecklistTemplates.tsx(647,11): error TS17004: Cannot use JSX unless the '--jsx' flag is provided.
../../apps/web-cleaning/src/pages/ChecklistTemplates.tsx(650,11): error TS17004: Cannot use JSX unless the '--jsx' flag is provided.
../../apps/web-cleaning/src/pages/CleaningContracts.tsx(5,1): error TS6133: 'PauseIcon' is declared but its value is never read.
../../apps/web-cleaning/src/pages/CleaningContracts.tsx(6,1): error TS6133: 'PlayArrowIcon' is declared but its value is never read.
../../apps/web-cleaning/src/pages/CleaningContracts.tsx(7,1): error TS6133: 'CancelIcon' is declared but its value is never read.
../../apps/web-cleaning/src/pages/CleaningContracts.tsx(13,25): error TS6142: Module '../contexts/AuthContext' was resolved to '/home/orrox/projects/rightfit-cleaning-staging/apps/web-cleaning/src/contexts/AuthContext.tsx', but '--jsx' is not set.
../../apps/web-cleaning/src/pages/CleaningContracts.tsx(82,9): error TS6133: 'handlePauseContract' is declared but its value is never read.
../../apps/web-cleaning/src/pages/CleaningContracts.tsx(92,9): error TS6133: 'handleResumeContract' is declared but its value is never read.
../../apps/web-cleaning/src/pages/CleaningContracts.tsx(102,9): error TS6133: 'handleCancelContract' is declared but its value is never read.
../../apps/web-cleaning/src/pages/CleaningContracts.tsx(103,10): error TS2304: Cannot find name 'confirm'.
../../apps/web-cleaning/src/pages/CleaningContracts.tsx(151,7): error TS17004: Cannot use JSX unless the '--jsx' flag is provided.
../../apps/web-cleaning/src/pages/CleaningContracts.tsx(152,9): error TS17004: Cannot use JSX unless the '--jsx' flag is provided.
../../apps/web-cleaning/src/pages/CleaningContracts.tsx(152,18): error TS2322: Type '"large"' is not assignable to type 'SpinnerSize | undefined'.
../../apps/web-cleaning/src/pages/CleaningContracts.tsx(158,5): error TS17004: Cannot use JSX unless the '--jsx' flag is provided.
../../apps/web-cleaning/src/pages/CleaningContracts.tsx(160,7): error TS17004: Cannot use JSX unless the '--jsx' flag is provided.
../../apps/web-cleaning/src/pages/CleaningContracts.tsx(161,9): error TS17004: Cannot use JSX unless the '--jsx' flag is provided.
../../apps/web-cleaning/src/pages/CleaningContracts.tsx(162,11): error TS17004: Cannot use JSX unless the '--jsx' flag is provided.
../../apps/web-cleaning/src/pages/CleaningContracts.tsx(163,11): error TS17004: Cannot use JSX unless the '--jsx' flag is provided.
../../apps/web-cleaning/src/pages/CleaningContracts.tsx(167,9): error TS17004: Cannot use JSX unless the '--jsx' flag is provided.
../../apps/web-cleaning/src/pages/CleaningContracts.tsx(168,11): error TS17004: Cannot use JSX unless the '--jsx' flag is provided.
../../apps/web-cleaning/src/pages/CleaningContracts.tsx(174,7): error TS17004: Cannot use JSX unless the '--jsx' flag is provided.
../../apps/web-cleaning/src/pages/CleaningContracts.tsx(176,9): error TS17004: Cannot use JSX unless the '--jsx' flag is provided.
../../apps/web-cleaning/src/pages/CleaningContracts.tsx(177,11): error TS17004: Cannot use JSX unless the '--jsx' flag is provided.
../../apps/web-cleaning/src/pages/CleaningContracts.tsx(178,13): error TS17004: Cannot use JSX unless the '--jsx' flag is provided.
../../apps/web-cleaning/src/pages/CleaningContracts.tsx(179,15): error TS17004: Cannot use JSX unless the '--jsx' flag is provided.
../../apps/web-cleaning/src/pages/CleaningContracts.tsx(180,15): error TS17004: Cannot use JSX unless the '--jsx' flag is provided.
../../apps/web-cleaning/src/pages/CleaningContracts.tsx(184,13): error TS17004: Cannot use JSX unless the '--jsx' flag is provided.
../../apps/web-cleaning/src/pages/CleaningContracts.tsx(185,15): error TS17004: Cannot use JSX unless the '--jsx' flag is provided.
../../apps/web-cleaning/src/pages/CleaningContracts.tsx(188,11): error TS17004: Cannot use JSX unless the '--jsx' flag is provided.
../../apps/web-cleaning/src/pages/CleaningContracts.tsx(194,9): error TS17004: Cannot use JSX unless the '--jsx' flag is provided.
../../apps/web-cleaning/src/pages/CleaningContracts.tsx(195,11): error TS17004: Cannot use JSX unless the '--jsx' flag is provided.
../../apps/web-cleaning/src/pages/CleaningContracts.tsx(196,13): error TS17004: Cannot use JSX unless the '--jsx' flag is provided.
../../apps/web-cleaning/src/pages/CleaningContracts.tsx(197,15): error TS17004: Cannot use JSX unless the '--jsx' flag is provided.
../../apps/web-cleaning/src/pages/CleaningContracts.tsx(198,15): error TS17004: Cannot use JSX unless the '--jsx' flag is provided.
../../apps/web-cleaning/src/pages/CleaningContracts.tsx(202,13): error TS17004: Cannot use JSX unless the '--jsx' flag is provided.
../../apps/web-cleaning/src/pages/CleaningContracts.tsx(203,15): error TS17004: Cannot use JSX unless the '--jsx' flag is provided.
../../apps/web-cleaning/src/pages/CleaningContracts.tsx(206,11): error TS17004: Cannot use JSX unless the '--jsx' flag is provided.
../../apps/web-cleaning/src/pages/CleaningContracts.tsx(210,9): error TS17004: Cannot use JSX unless the '--jsx' flag is provided.
../../apps/web-cleaning/src/pages/CleaningContracts.tsx(211,11): error TS17004: Cannot use JSX unless the '--jsx' flag is provided.
../../apps/web-cleaning/src/pages/CleaningContracts.tsx(212,13): error TS17004: Cannot use JSX unless the '--jsx' flag is provided.
../../apps/web-cleaning/src/pages/CleaningContracts.tsx(213,15): error TS17004: Cannot use JSX unless the '--jsx' flag is provided.
../../apps/web-cleaning/src/pages/CleaningContracts.tsx(214,15): error TS17004: Cannot use JSX unless the '--jsx' flag is provided.
../../apps/web-cleaning/src/pages/CleaningContracts.tsx(215,17): error TS17004: Cannot use JSX unless the '--jsx' flag is provided.
../../apps/web-cleaning/src/pages/CleaningContracts.tsx(216,19): error TS17004: Cannot use JSX unless the '--jsx' flag is provided.
../../apps/web-cleaning/src/pages/CleaningContracts.tsx(218,17): error TS17004: Cannot use JSX unless the '--jsx' flag is provided.
../../apps/web-cleaning/src/pages/CleaningContracts.tsx(219,19): error TS17004: Cannot use JSX unless the '--jsx' flag is provided.
../../apps/web-cleaning/src/pages/CleaningContracts.tsx(223,13): error TS17004: Cannot use JSX unless the '--jsx' flag is provided.
../../apps/web-cleaning/src/pages/CleaningContracts.tsx(224,15): error TS17004: Cannot use JSX unless the '--jsx' flag is provided.
../../apps/web-cleaning/src/pages/CleaningContracts.tsx(230,9): error TS17004: Cannot use JSX unless the '--jsx' flag is provided.
../../apps/web-cleaning/src/pages/CleaningContracts.tsx(231,11): error TS17004: Cannot use JSX unless the '--jsx' flag is provided.
../../apps/web-cleaning/src/pages/CleaningContracts.tsx(232,13): error TS17004: Cannot use JSX unless the '--jsx' flag is provided.
../../apps/web-cleaning/src/pages/CleaningContracts.tsx(233,15): error TS17004: Cannot use JSX unless the '--jsx' flag is provided.
../../apps/web-cleaning/src/pages/CleaningContracts.tsx(234,15): error TS17004: Cannot use JSX unless the '--jsx' flag is provided.
../../apps/web-cleaning/src/pages/CleaningContracts.tsx(238,13): error TS17004: Cannot use JSX unless the '--jsx' flag is provided.
../../apps/web-cleaning/src/pages/CleaningContracts.tsx(239,15): error TS17004: Cannot use JSX unless the '--jsx' flag is provided.
../../apps/web-cleaning/src/pages/CleaningContracts.tsx(242,11): error TS17004: Cannot use JSX unless the '--jsx' flag is provided.
../../apps/web-cleaning/src/pages/CleaningContracts.tsx(249,7): error TS17004: Cannot use JSX unless the '--jsx' flag is provided.
../../apps/web-cleaning/src/pages/CleaningContracts.tsx(250,9): error TS17004: Cannot use JSX unless the '--jsx' flag is provided.
../../apps/web-cleaning/src/pages/CleaningContracts.tsx(252,13): error TS17004: Cannot use JSX unless the '--jsx' flag is provided.
../../apps/web-cleaning/src/pages/CleaningContracts.tsx(254,15): error TS2322: Type '"outline" | "primary"' is not assignable to type 'ButtonVariant | undefined'.
  Type '"outline"' is not assignable to type 'ButtonVariant | undefined'.
../../apps/web-cleaning/src/pages/CleaningContracts.tsx(255,15): error TS2322: Type '"small"' is not assignable to type 'ButtonSize | undefined'.
../../apps/web-cleaning/src/pages/CleaningContracts.tsx(264,9): error TS17004: Cannot use JSX unless the '--jsx' flag is provided.
../../apps/web-cleaning/src/pages/CleaningContracts.tsx(265,11): error TS17004: Cannot use JSX unless the '--jsx' flag is provided.
../../apps/web-cleaning/src/pages/CleaningContracts.tsx(270,13): error TS17004: Cannot use JSX unless the '--jsx' flag is provided.
../../apps/web-cleaning/src/pages/CleaningContracts.tsx(272,11): error TS17004: Cannot use JSX unless the '--jsx' flag is provided.
../../apps/web-cleaning/src/pages/CleaningContracts.tsx(277,13): error TS17004: Cannot use JSX unless the '--jsx' flag is provided.
../../apps/web-cleaning/src/pages/CleaningContracts.tsx(284,9): error TS17004: Cannot use JSX unless the '--jsx' flag is provided.
../../apps/web-cleaning/src/pages/CleaningContracts.tsx(285,16): error TS2322: Type 'OverridableComponent<SvgIconTypeMap<{}, "svg">> & { muiName: string; }' is not assignable to type 'ReactNode'.
../../apps/web-cleaning/src/pages/CleaningContracts.tsx(294,15): error TS17004: Cannot use JSX unless the '--jsx' flag is provided.
../../apps/web-cleaning/src/pages/CleaningContracts.tsx(294,38): error TS2304: Cannot find name 'setShowCreateModal'.
../../apps/web-cleaning/src/pages/CleaningContracts.tsx(295,17): error TS17004: Cannot use JSX unless the '--jsx' flag is provided.
../../apps/web-cleaning/src/pages/CleaningContracts.tsx(302,9): error TS17004: Cannot use JSX unless the '--jsx' flag is provided.
../../apps/web-cleaning/src/pages/CleaningContracts.tsx(304,13): error TS17004: Cannot use JSX unless the '--jsx' flag is provided.
../../apps/web-cleaning/src/pages/CleaningContracts.tsx(316,15): error TS17004: Cannot use JSX unless the '--jsx' flag is provided.
../../apps/web-cleaning/src/pages/CleaningContracts.tsx(317,17): error TS17004: Cannot use JSX unless the '--jsx' flag is provided.
../../apps/web-cleaning/src/pages/CleaningContracts.tsx(320,17): error TS17004: Cannot use JSX unless the '--jsx' flag is provided.
../../apps/web-cleaning/src/pages/CleaningContracts.tsx(323,17): error TS17004: Cannot use JSX unless the '--jsx' flag is provided.
../../apps/web-cleaning/src/pages/CleaningContracts.tsx(329,15): error TS17004: Cannot use JSX unless the '--jsx' flag is provided.
../../apps/web-cleaning/src/pages/CleaningContracts.tsx(331,17): error TS17004: Cannot use JSX unless the '--jsx' flag is provided.
../../apps/web-cleaning/src/pages/CleaningContracts.tsx(332,19): error TS17004: Cannot use JSX unless the '--jsx' flag is provided.
../../apps/web-cleaning/src/pages/CleaningContracts.tsx(335,19): error TS17004: Cannot use JSX unless the '--jsx' flag is provided.
../../apps/web-cleaning/src/pages/CleaningContracts.tsx(341,17): error TS17004: Cannot use JSX unless the '--jsx' flag is provided.
../../apps/web-cleaning/src/pages/CleaningContracts.tsx(342,19): error TS17004: Cannot use JSX unless the '--jsx' flag is provided.
../../apps/web-cleaning/src/pages/CleaningContracts.tsx(345,19): error TS17004: Cannot use JSX unless the '--jsx' flag is provided.
../../apps/web-cleaning/src/pages/ContractDetails.tsx(16,25): error TS6142: Module '../contexts/AuthContext' was resolved to '/home/orrox/projects/rightfit-cleaning-staging/apps/web-cleaning/src/contexts/AuthContext.tsx', but '--jsx' is not set.
../../apps/web-cleaning/src/pages/ContractDetails.tsx(163,19): error TS2345: Argument of type 'CleaningContract' is not assignable to parameter of type 'SetStateAction<CleaningContract | null>'.
  Type 'import("/home/orrox/projects/rightfit-cleaning-staging/apps/web-cleaning/src/lib/api").CleaningContract' is not assignable to type 'CleaningContract'.
    Types of property 'contract_end_date' are incompatible.
      Type 'string | null | undefined' is not assignable to type 'string | undefined'.
        Type 'null' is not assignable to type 'string | undefined'.
../../apps/web-cleaning/src/pages/ContractDetails.tsx(218,29): error TS2304: Cannot find name 'localStorage'.
../../apps/web-cleaning/src/pages/ContractDetails.tsx(259,7): error TS2304: Cannot find name 'localStorage'.
../../apps/web-cleaning/src/pages/ContractDetails.tsx(279,10): error TS2304: Cannot find name 'confirm'.
../../apps/web-cleaning/src/pages/ContractDetails.tsx(289,7): error TS2304: Cannot find name 'localStorage'.
../../apps/web-cleaning/src/pages/ContractDetails.tsx(341,10): error TS2304: Cannot find name 'confirm'.
../../apps/web-cleaning/src/pages/ContractDetails.tsx(359,10): error TS2304: Cannot find name 'confirm'.
../../apps/web-cleaning/src/pages/ContractDetails.tsx(372,10): error TS2304: Cannot find name 'confirm'.
../../apps/web-cleaning/src/pages/ContractDetails.tsx(385,10): error TS2304: Cannot find name 'confirm'.
../../apps/web-cleaning/src/pages/ContractDetails.tsx(478,31): error TS2339: Property 'files' does not exist on type 'EventTarget & HTMLInputElement'.
../../apps/web-cleaning/src/pages/ContractDetails.tsx(520,10): error TS2304: Cannot find name 'confirm'.
../../apps/web-cleaning/src/pages/ContractDetails.tsx(540,19): error TS2304: Cannot find name 'window'.
../../apps/web-cleaning/src/pages/ContractDetails.tsx(541,20): error TS2584: Cannot find name 'document'. Do you need to change your target library? Try changing the 'lib' compiler option to include 'dom'.
../../apps/web-cleaning/src/pages/ContractDetails.tsx(544,7): error TS2584: Cannot find name 'document'. Do you need to change your target library? Try changing the 'lib' compiler option to include 'dom'.
../../apps/web-cleaning/src/pages/ContractDetails.tsx(547,7): error TS2304: Cannot find name 'window'.
../../apps/web-cleaning/src/pages/ContractDetails.tsx(555,14): error TS17004: Cannot use JSX unless the '--jsx' flag is provided.
../../apps/web-cleaning/src/pages/ContractDetails.tsx(557,12): error TS17004: Cannot use JSX unless the '--jsx' flag is provided.
../../apps/web-cleaning/src/pages/ContractDetails.tsx(568,7): error TS17004: Cannot use JSX unless the '--jsx' flag is provided.
../../apps/web-cleaning/src/pages/ContractDetails.tsx(569,9): error TS17004: Cannot use JSX unless the '--jsx' flag is provided.
../../apps/web-cleaning/src/pages/ContractDetails.tsx(576,7): error TS17004: Cannot use JSX unless the '--jsx' flag is provided.
../../apps/web-cleaning/src/pages/ContractDetails.tsx(577,9): error TS17004: Cannot use JSX unless the '--jsx' flag is provided.
../../apps/web-cleaning/src/pages/ContractDetails.tsx(578,11): error TS17004: Cannot use JSX unless the '--jsx' flag is provided.
../../apps/web-cleaning/src/pages/ContractDetails.tsx(579,11): error TS17004: Cannot use JSX unless the '--jsx' flag is provided.
../../apps/web-cleaning/src/pages/ContractDetails.tsx(580,13): error TS17004: Cannot use JSX unless the '--jsx' flag is provided.
../../apps/web-cleaning/src/pages/ContractDetails.tsx(607,5): error TS17004: Cannot use JSX unless the '--jsx' flag is provided.
../../apps/web-cleaning/src/pages/ContractDetails.tsx(609,7): error TS17004: Cannot use JSX unless the '--jsx' flag is provided.
../../apps/web-cleaning/src/pages/ContractDetails.tsx(610,9): error TS17004: Cannot use JSX unless the '--jsx' flag is provided.
../../apps/web-cleaning/src/pages/ContractDetails.tsx(611,11): error TS17004: Cannot use JSX unless the '--jsx' flag is provided.
../../apps/web-cleaning/src/pages/ContractDetails.tsx(611,19): error TS2322: Type '"outline"' is not assignable to type 'ButtonVariant | undefined'.
../../apps/web-cleaning/src/pages/ContractDetails.tsx(612,13): error TS17004: Cannot use JSX unless the '--jsx' flag is provided.
../../apps/web-cleaning/src/pages/ContractDetails.tsx(614,11): error TS17004: Cannot use JSX unless the '--jsx' flag is provided.
../../apps/web-cleaning/src/pages/ContractDetails.tsx(615,13): error TS17004: Cannot use JSX unless the '--jsx' flag is provided.
../../apps/web-cleaning/src/pages/ContractDetails.tsx(616,13): error TS17004: Cannot use JSX unless the '--jsx' flag is provided.
../../apps/web-cleaning/src/pages/ContractDetails.tsx(619,9): error TS17004: Cannot use JSX unless the '--jsx' flag is provided.
../../apps/web-cleaning/src/pages/ContractDetails.tsx(621,13): error TS17004: Cannot use JSX unless the '--jsx' flag is provided.
../../apps/web-cleaning/src/pages/ContractDetails.tsx(621,21): error TS2322: Type '"outline"' is not assignable to type 'ButtonVariant | undefined'.
../../apps/web-cleaning/src/pages/ContractDetails.tsx(622,15): error TS17004: Cannot use JSX unless the '--jsx' flag is provided.
../../apps/web-cleaning/src/pages/ContractDetails.tsx(627,13): error TS17004: Cannot use JSX unless the '--jsx' flag is provided.
../../apps/web-cleaning/src/pages/ContractDetails.tsx(627,21): error TS2322: Type '"outline"' is not assignable to type 'ButtonVariant | undefined'.
../../apps/web-cleaning/src/pages/ContractDetails.tsx(628,15): error TS17004: Cannot use JSX unless the '--jsx' flag is provided.
../../apps/web-cleaning/src/pages/ContractDetails.tsx(633,13): error TS17004: Cannot use JSX unless the '--jsx' flag is provided.
../../apps/web-cleaning/src/pages/ContractDetails.tsx(633,21): error TS2322: Type '"outline"' is not assignable to type 'ButtonVariant | undefined'.
../../apps/web-cleaning/src/pages/ContractDetails.tsx(634,15): error TS17004: Cannot use JSX unless the '--jsx' flag is provided.
../../apps/web-cleaning/src/pages/ContractDetails.tsx(639,13): error TS17004: Cannot use JSX unless the '--jsx' flag is provided.
../../apps/web-cleaning/src/pages/ContractDetails.tsx(639,21): error TS2322: Type '"outline"' is not assignable to type 'ButtonVariant | undefined'.
../../apps/web-cleaning/src/pages/ContractDetails.tsx(640,15): error TS17004: Cannot use JSX unless the '--jsx' flag is provided.
../../apps/web-cleaning/src/pages/ContractDetails.tsx(649,9): error TS17004: Cannot use JSX unless the '--jsx' flag is provided.
../../apps/web-cleaning/src/pages/ContractDetails.tsx(650,11): error TS17004: Cannot use JSX unless the '--jsx' flag is provided.
../../apps/web-cleaning/src/pages/ContractDetails.tsx(651,11): error TS17004: Cannot use JSX unless the '--jsx' flag is provided.
../../apps/web-cleaning/src/pages/ContractDetails.tsx(652,13): error TS17004: Cannot use JSX unless the '--jsx' flag is provided.
../../apps/web-cleaning/src/pages/ContractDetails.tsx(653,15): error TS17004: Cannot use JSX unless the '--jsx' flag is provided.
../../apps/web-cleaning/src/pages/ContractDetails.tsx(656,15): error TS17004: Cannot use JSX unless the '--jsx' flag is provided.
../../apps/web-cleaning/src/pages/ContractDetails.tsx(659,97): error TS2339: Property 'value' does not exist on type 'EventTarget & HTMLInputElement'.
../../apps/web-cleaning/src/pages/ContractDetails.tsx(664,13): error TS17004: Cannot use JSX unless the '--jsx' flag is provided.
../../apps/web-cleaning/src/pages/ContractDetails.tsx(665,15): error TS17004: Cannot use JSX unless the '--jsx' flag is provided.
../../apps/web-cleaning/src/pages/ContractDetails.tsx(668,15): error TS17004: Cannot use JSX unless the '--jsx' flag is provided.
../../apps/web-cleaning/src/pages/ContractDetails.tsx(669,17): error TS17004: Cannot use JSX unless the '--jsx' flag is provided.
../../apps/web-cleaning/src/pages/ContractDetails.tsx(672,106): error TS2339: Property 'value' does not exist on type 'EventTarget & HTMLInputElement'.
../../apps/web-cleaning/src/pages/ContractDetails.tsx(675,17): error TS17004: Cannot use JSX unless the '--jsx' flag is provided.
../../apps/web-cleaning/src/pages/ContractDetails.tsx(678,106): error TS2339: Property 'value' does not exist on type 'EventTarget & HTMLInputElement'.
../../apps/web-cleaning/src/pages/ContractDetails.tsx(681,17): error TS17004: Cannot use JSX unless the '--jsx' flag is provided.
../../apps/web-cleaning/src/pages/ContractDetails.tsx(682,19): error TS17004: Cannot use JSX unless the '--jsx' flag is provided.
../../apps/web-cleaning/src/pages/ContractDetails.tsx(685,99): error TS2339: Property 'value' does not exist on type 'EventTarget & HTMLInputElement'.
../../apps/web-cleaning/src/pages/ContractDetails.tsx(688,19): error TS17004: Cannot use JSX unless the '--jsx' flag is provided.
../../apps/web-cleaning/src/pages/ContractDetails.tsx(691,103): error TS2339: Property 'value' does not exist on type 'EventTarget & HTMLInputElement'.
../../apps/web-cleaning/src/pages/ContractDetails.tsx(695,17): error TS17004: Cannot use JSX unless the '--jsx' flag is provided.
../../apps/web-cleaning/src/pages/ContractDetails.tsx(698,100): error TS2339: Property 'value' does not exist on type 'EventTarget & HTMLInputElement'.
../../apps/web-cleaning/src/pages/ContractDetails.tsx(704,13): error TS17004: Cannot use JSX unless the '--jsx' flag is provided.
../../apps/web-cleaning/src/pages/ContractDetails.tsx(705,15): error TS17004: Cannot use JSX unless the '--jsx' flag is provided.
../../apps/web-cleaning/src/pages/ContractDetails.tsx(706,34): error TS17004: Cannot use JSX unless the '--jsx' flag is provided.
../../apps/web-cleaning/src/pages/ContractDetails.tsx(706,43): error TS2322: Type '"small"' is not assignable to type 'SpinnerSize | undefined'.
../../apps/web-cleaning/src/pages/ContractDetails.tsx(708,15): error TS17004: Cannot use JSX unless the '--jsx' flag is provided.
../../apps/web-cleaning/src/pages/ContractDetails.tsx(708,23): error TS2322: Type '"outline"' is not assignable to type 'ButtonVariant | undefined'.
../../apps/web-cleaning/src/pages/ContractDetails.tsx(716,7): error TS17004: Cannot use JSX unless the '--jsx' flag is provided.
../../apps/web-cleaning/src/pages/ContractDetails.tsx(717,9): error TS17004: Cannot use JSX unless the '--jsx' flag is provided.
../../apps/web-cleaning/src/pages/ContractDetails.tsx(719,11): error TS17004: Cannot use JSX unless the '--jsx' flag is provided.
../../apps/web-cleaning/src/pages/ContractDetails.tsx(721,9): error TS17004: Cannot use JSX unless the '--jsx' flag is provided.
../../apps/web-cleaning/src/pages/ContractDetails.tsx(722,11): error TS17004: Cannot use JSX unless the '--jsx' flag is provided.
../../apps/web-cleaning/src/pages/ContractDetails.tsx(723,13): error TS17004: Cannot use JSX unless the '--jsx' flag is provided.
../../apps/web-cleaning/src/pages/ContractDetails.tsx(724,15): error TS17004: Cannot use JSX unless the '--jsx' flag is provided.
../../apps/web-cleaning/src/pages/ContractDetails.tsx(726,13): error TS17004: Cannot use JSX unless the '--jsx' flag is provided.
../../apps/web-cleaning/src/pages/ContractDetails.tsx(727,15): error TS17004: Cannot use JSX unless the '--jsx' flag is provided.
../../apps/web-cleaning/src/pages/ContractDetails.tsx(728,15): error TS17004: Cannot use JSX unless the '--jsx' flag is provided.
../../apps/web-cleaning/src/pages/ContractDetails.tsx(736,9): error TS17004: Cannot use JSX unless the '--jsx' flag is provided.
../../apps/web-cleaning/src/pages/ContractDetails.tsx(737,11): error TS17004: Cannot use JSX unless the '--jsx' flag is provided.
../../apps/web-cleaning/src/pages/ContractDetails.tsx(738,13): error TS17004: Cannot use JSX unless the '--jsx' flag is provided.
../../apps/web-cleaning/src/pages/ContractDetails.tsx(739,15): error TS17004: Cannot use JSX unless the '--jsx' flag is provided.
../../apps/web-cleaning/src/pages/ContractDetails.tsx(741,13): error TS17004: Cannot use JSX unless the '--jsx' flag is provided.
../../apps/web-cleaning/src/pages/ContractDetails.tsx(742,15): error TS17004: Cannot use JSX unless the '--jsx' flag is provided.
../../apps/web-cleaning/src/pages/ContractDetails.tsx(743,15): error TS17004: Cannot use JSX unless the '--jsx' flag is provided.
../../apps/web-cleaning/src/pages/ContractDetails.tsx(751,9): error TS17004: Cannot use JSX unless the '--jsx' flag is provided.
../../apps/web-cleaning/src/pages/ContractDetails.tsx(752,11): error TS17004: Cannot use JSX unless the '--jsx' flag is provided.
../../apps/web-cleaning/src/pages/ContractDetails.tsx(753,13): error TS17004: Cannot use JSX unless the '--jsx' flag is provided.
../../apps/web-cleaning/src/pages/ContractDetails.tsx(754,15): error TS17004: Cannot use JSX unless the '--jsx' flag is provided.
../../apps/web-cleaning/src/pages/ContractDetails.tsx(756,13): error TS17004: Cannot use JSX unless the '--jsx' flag is provided.
../../apps/web-cleaning/src/pages/ContractDetails.tsx(757,15): error TS17004: Cannot use JSX unless the '--jsx' flag is provided.
../../apps/web-cleaning/src/pages/ContractDetails.tsx(758,15): error TS17004: Cannot use JSX unless the '--jsx' flag is provided.
../../apps/web-cleaning/src/pages/ContractDetails.tsx(766,9): error TS17004: Cannot use JSX unless the '--jsx' flag is provided.
../../apps/web-cleaning/src/pages/ContractDetails.tsx(767,11): error TS17004: Cannot use JSX unless the '--jsx' flag is provided.
../../apps/web-cleaning/src/pages/ContractDetails.tsx(768,13): error TS17004: Cannot use JSX unless the '--jsx' flag is provided.
../../apps/web-cleaning/src/pages/ContractDetails.tsx(769,15): error TS17004: Cannot use JSX unless the '--jsx' flag is provided.
../../apps/web-cleaning/src/pages/ContractDetails.tsx(771,13): error TS17004: Cannot use JSX unless the '--jsx' flag is provided.
../../apps/web-cleaning/src/pages/ContractDetails.tsx(772,15): error TS17004: Cannot use JSX unless the '--jsx' flag is provided.
../../apps/web-cleaning/src/pages/ContractDetails.tsx(776,17): error TS17004: Cannot use JSX unless the '--jsx' flag is provided.
../../apps/web-cleaning/src/pages/ContractDetails.tsx(776,26): error TS2322: Type '"small"' is not assignable to type 'SpinnerSize | undefined'.
../../apps/web-cleaning/src/pages/ContractDetails.tsx(778,17): error TS17004: Cannot use JSX unless the '--jsx' flag is provided.
../../apps/web-cleaning/src/pages/ContractDetails.tsx(787,9): error TS17004: Cannot use JSX unless the '--jsx' flag is provided.
../../apps/web-cleaning/src/pages/ContractDetails.tsx(788,11): error TS17004: Cannot use JSX unless the '--jsx' flag is provided.
../../apps/web-cleaning/src/pages/ContractDetails.tsx(789,13): error TS17004: Cannot use JSX unless the '--jsx' flag is provided.
../../apps/web-cleaning/src/pages/ContractDetails.tsx(790,15): error TS17004: Cannot use JSX unless the '--jsx' flag is provided.
../../apps/web-cleaning/src/pages/ContractDetails.tsx(792,13): error TS17004: Cannot use JSX unless the '--jsx' flag is provided.
../../apps/web-cleaning/src/pages/ContractDetails.tsx(793,15): error TS17004: Cannot use JSX unless the '--jsx' flag is provided.
../../apps/web-cleaning/src/pages/ContractDetails.tsx(794,15): error TS17004: Cannot use JSX unless the '--jsx' flag is provided.
../../apps/web-cleaning/src/pages/ContractDetails.tsx(802,9): error TS17004: Cannot use JSX unless the '--jsx' flag is provided.
../../apps/web-cleaning/src/pages/ContractDetails.tsx(803,11): error TS17004: Cannot use JSX unless the '--jsx' flag is provided.
../../apps/web-cleaning/src/pages/ContractDetails.tsx(804,13): error TS17004: Cannot use JSX unless the '--jsx' flag is provided.
../../apps/web-cleaning/src/pages/ContractDetails.tsx(805,15): error TS17004: Cannot use JSX unless the '--jsx' flag is provided.
../../apps/web-cleaning/src/pages/ContractDetails.tsx(807,13): error TS17004: Cannot use JSX unless the '--jsx' flag is provided.
../../apps/web-cleaning/src/pages/ContractDetails.tsx(808,15): error TS17004: Cannot use JSX unless the '--jsx' flag is provided.
../../apps/web-cleaning/src/pages/ContractDetails.tsx(809,15): error TS17004: Cannot use JSX unless the '--jsx' flag is provided.
../../apps/web-cleaning/src/pages/ContractDetails.tsx(822,11): error TS17004: Cannot use JSX unless the '--jsx' flag is provided.
../../apps/web-cleaning/src/pages/ContractDetails.tsx(823,13): error TS17004: Cannot use JSX unless the '--jsx' flag is provided.
../../apps/web-cleaning/src/pages/ContractDetails.tsx(824,15): error TS17004: Cannot use JSX unless the '--jsx' flag is provided.
../../apps/web-cleaning/src/pages/ContractDetails.tsx(825,17): error TS17004: Cannot use JSX unless the '--jsx' flag is provided.
../../apps/web-cleaning/src/pages/ContractDetails.tsx(827,15): error TS17004: Cannot use JSX unless the '--jsx' flag is provided.
../../apps/web-cleaning/src/pages/ContractDetails.tsx(828,17): error TS17004: Cannot use JSX unless the '--jsx' flag is provided.
../../apps/web-cleaning/src/pages/ContractDetails.tsx(829,17): error TS17004: Cannot use JSX unless the '--jsx' flag is provided.
../../apps/web-cleaning/src/pages/ContractDetails.tsx(842,9): error TS17004: Cannot use JSX unless the '--jsx' flag is provided.
../../apps/web-cleaning/src/pages/ContractDetails.tsx(843,11): error TS17004: Cannot use JSX unless the '--jsx' flag is provided.
../../apps/web-cleaning/src/pages/ContractDetails.tsx(844,13): error TS17004: Cannot use JSX unless the '--jsx' flag is provided.
../../apps/web-cleaning/src/pages/ContractDetails.tsx(845,15): error TS17004: Cannot use JSX unless the '--jsx' flag is provided.
../../apps/web-cleaning/src/pages/ContractDetails.tsx(847,13): error TS17004: Cannot use JSX unless the '--jsx' flag is provided.
../../apps/web-cleaning/src/pages/ContractDetails.tsx(848,15): error TS17004: Cannot use JSX unless the '--jsx' flag is provided.
../../apps/web-cleaning/src/pages/ContractDetails.tsx(849,15): error TS17004: Cannot use JSX unless the '--jsx' flag is provided.
../../apps/web-cleaning/src/pages/ContractDetails.tsx(858,11): error TS17004: Cannot use JSX unless the '--jsx' flag is provided.
../../apps/web-cleaning/src/pages/ContractDetails.tsx(859,13): error TS17004: Cannot use JSX unless the '--jsx' flag is provided.
../../apps/web-cleaning/src/pages/ContractDetails.tsx(860,15): error TS17004: Cannot use JSX unless the '--jsx' flag is provided.
../../apps/web-cleaning/src/pages/ContractDetails.tsx(861,17): error TS17004: Cannot use JSX unless the '--jsx' flag is provided.
../../apps/web-cleaning/src/pages/ContractDetails.tsx(863,15): error TS17004: Cannot use JSX unless the '--jsx' flag is provided.
../../apps/web-cleaning/src/pages/ContractDetails.tsx(864,17): error TS17004: Cannot use JSX unless the '--jsx' flag is provided.
../../apps/web-cleaning/src/pages/ContractDetails.tsx(865,17): error TS17004: Cannot use JSX unless the '--jsx' flag is provided.
../../apps/web-cleaning/src/pages/ContractDetails.tsx(875,7): error TS17004: Cannot use JSX unless the '--jsx' flag is provided.
../../apps/web-cleaning/src/pages/ContractDetails.tsx(876,9): error TS17004: Cannot use JSX unless the '--jsx' flag is provided.
../../apps/web-cleaning/src/pages/ContractDetails.tsx(877,11): error TS17004: Cannot use JSX unless the '--jsx' flag is provided.
../../apps/web-cleaning/src/pages/ContractDetails.tsx(878,13): error TS17004: Cannot use JSX unless the '--jsx' flag is provided.
../../apps/web-cleaning/src/pages/ContractDetails.tsx(880,11): error TS17004: Cannot use JSX unless the '--jsx' flag is provided.
../../apps/web-cleaning/src/pages/ContractDetails.tsx(881,13): error TS17004: Cannot use JSX unless the '--jsx' flag is provided.
../../apps/web-cleaning/src/pages/ContractDetails.tsx(882,15): error TS17004: Cannot use JSX unless the '--jsx' flag is provided.
../../apps/web-cleaning/src/pages/ContractDetails.tsx(884,17): error TS17004: Cannot use JSX unless the '--jsx' flag is provided.
../../apps/web-cleaning/src/pages/ContractDetails.tsx(884,25): error TS2322: Type '"outline"' is not assignable to type 'ButtonVariant | undefined'.
../../apps/web-cleaning/src/pages/ContractDetails.tsx(884,43): error TS2322: Type '"small"' is not assignable to type 'ButtonSize | undefined'.
../../apps/web-cleaning/src/pages/ContractDetails.tsx(885,19): error TS17004: Cannot use JSX unless the '--jsx' flag is provided.
../../apps/web-cleaning/src/pages/ContractDetails.tsx(891,15): error TS17004: Cannot use JSX unless the '--jsx' flag is provided.
../../apps/web-cleaning/src/pages/ContractDetails.tsx(892,17): error TS17004: Cannot use JSX unless the '--jsx' flag is provided.
../../apps/web-cleaning/src/pages/ContractDetails.tsx(896,60): error TS2339: Property 'value' does not exist on type 'EventTarget & HTMLTextAreaElement'.
../../apps/web-cleaning/src/pages/ContractDetails.tsx(899,17): error TS17004: Cannot use JSX unless the '--jsx' flag is provided.
../../apps/web-cleaning/src/pages/ContractDetails.tsx(900,19): error TS17004: Cannot use JSX unless the '--jsx' flag is provided.
../../apps/web-cleaning/src/pages/ContractDetails.tsx(901,36): error TS17004: Cannot use JSX unless the '--jsx' flag is provided.
../../apps/web-cleaning/src/pages/ContractDetails.tsx(901,45): error TS2322: Type '"small"' is not assignable to type 'SpinnerSize | undefined'.
../../apps/web-cleaning/src/pages/ContractDetails.tsx(903,19): error TS17004: Cannot use JSX unless the '--jsx' flag is provided.
../../apps/web-cleaning/src/pages/ContractDetails.tsx(903,27): error TS2322: Type '"outline"' is not assignable to type 'ButtonVariant | undefined'.
../../apps/web-cleaning/src/pages/ContractDetails.tsx(909,15): error TS17004: Cannot use JSX unless the '--jsx' flag is provided.
../../apps/web-cleaning/src/pages/ContractDetails.tsx(918,7): error TS17004: Cannot use JSX unless the '--jsx' flag is provided.
../../apps/web-cleaning/src/pages/ContractDetails.tsx(919,9): error TS17004: Cannot use JSX unless the '--jsx' flag is provided.
../../apps/web-cleaning/src/pages/ContractDetails.tsx(922,7): error TS17004: Cannot use JSX unless the '--jsx' flag is provided.
../../apps/web-cleaning/src/pages/ContractDetails.tsx(924,9): error TS17004: Cannot use JSX unless the '--jsx' flag is provided.
../../apps/web-cleaning/src/pages/ContractDetails.tsx(925,11): error TS17004: Cannot use JSX unless the '--jsx' flag is provided.
../../apps/web-cleaning/src/pages/ContractDetails.tsx(926,13): error TS17004: Cannot use JSX unless the '--jsx' flag is provided.
../../apps/web-cleaning/src/pages/ContractDetails.tsx(927,15): error TS17004: Cannot use JSX unless the '--jsx' flag is provided.
../../apps/web-cleaning/src/pages/ContractDetails.tsx(929,13): error TS17004: Cannot use JSX unless the '--jsx' flag is provided.
../../apps/web-cleaning/src/pages/ContractDetails.tsx(930,15): error TS17004: Cannot use JSX unless the '--jsx' flag is provided.
../../apps/web-cleaning/src/pages/ContractDetails.tsx(931,15): error TS17004: Cannot use JSX unless the '--jsx' flag is provided.
../../apps/web-cleaning/src/pages/ContractDetails.tsx(939,9): error TS17004: Cannot use JSX unless the '--jsx' flag is provided.
../../apps/web-cleaning/src/pages/ContractDetails.tsx(940,11): error TS17004: Cannot use JSX unless the '--jsx' flag is provided.
../../apps/web-cleaning/src/pages/ContractDetails.tsx(941,13): error TS17004: Cannot use JSX unless the '--jsx' flag is provided.
../../apps/web-cleaning/src/pages/ContractDetails.tsx(942,15): error TS17004: Cannot use JSX unless the '--jsx' flag is provided.
../../apps/web-cleaning/src/pages/ContractDetails.tsx(944,13): error TS17004: Cannot use JSX unless the '--jsx' flag is provided.
../../apps/web-cleaning/src/pages/ContractDetails.tsx(945,15): error TS17004: Cannot use JSX unless the '--jsx' flag is provided.
../../apps/web-cleaning/src/pages/ContractDetails.tsx(946,15): error TS17004: Cannot use JSX unless the '--jsx' flag is provided.
../../apps/web-cleaning/src/pages/ContractDetails.tsx(954,9): error TS17004: Cannot use JSX unless the '--jsx' flag is provided.
../../apps/web-cleaning/src/pages/ContractDetails.tsx(955,11): error TS17004: Cannot use JSX unless the '--jsx' flag is provided.
../../apps/web-cleaning/src/pages/ContractDetails.tsx(956,13): error TS17004: Cannot use JSX unless the '--jsx' flag is provided.
../../apps/web-cleaning/src/pages/ContractDetails.tsx(957,15): error TS17004: Cannot use JSX unless the '--jsx' flag is provided.
../../apps/web-cleaning/src/pages/ContractDetails.tsx(959,13): error TS17004: Cannot use JSX unless the '--jsx' flag is provided.
../../apps/web-cleaning/src/pages/ContractDetails.tsx(960,15): error TS17004: Cannot use JSX unless the '--jsx' flag is provided.
../../apps/web-cleaning/src/pages/ContractDetails.tsx(961,15): error TS17004: Cannot use JSX unless the '--jsx' flag is provided.
../../apps/web-cleaning/src/pages/ContractDetails.tsx(971,9): error TS17004: Cannot use JSX unless the '--jsx' flag is provided.
../../apps/web-cleaning/src/pages/ContractDetails.tsx(972,11): error TS17004: Cannot use JSX unless the '--jsx' flag is provided.
../../apps/web-cleaning/src/pages/ContractDetails.tsx(973,13): error TS17004: Cannot use JSX unless the '--jsx' flag is provided.
../../apps/web-cleaning/src/pages/ContractDetails.tsx(976,11): error TS17004: Cannot use JSX unless the '--jsx' flag is provided.
../../apps/web-cleaning/src/pages/ContractDetails.tsx(977,13): error TS17004: Cannot use JSX unless the '--jsx' flag is provided.
../../apps/web-cleaning/src/pages/ContractDetails.tsx(978,15): error TS17004: Cannot use JSX unless the '--jsx' flag is provided.
../../apps/web-cleaning/src/pages/ContractDetails.tsx(979,17): error TS17004: Cannot use JSX unless the '--jsx' flag is provided.
../../apps/web-cleaning/src/pages/ContractDetails.tsx(981,15): error TS17004: Cannot use JSX unless the '--jsx' flag is provided.
../../apps/web-cleaning/src/pages/ContractDetails.tsx(982,17): error TS17004: Cannot use JSX unless the '--jsx' flag is provided.
../../apps/web-cleaning/src/pages/ContractDetails.tsx(983,17): error TS17004: Cannot use JSX unless the '--jsx' flag is provided.
../../apps/web-cleaning/src/pages/ContractDetails.tsx(984,55): error TS17004: Cannot use JSX unless the '--jsx' flag is provided.
../../apps/web-cleaning/src/pages/ContractDetails.tsx(985,55): error TS17004: Cannot use JSX unless the '--jsx' flag is provided.
../../apps/web-cleaning/src/pages/ContractDetails.tsx(986,46): error TS17004: Cannot use JSX unless the '--jsx' flag is provided.
../../apps/web-cleaning/src/pages/ContractDetails.tsx(987,50): error TS17004: Cannot use JSX unless the '--jsx' flag is provided.
../../apps/web-cleaning/src/pages/ContractDetails.tsx(988,49): error TS17004: Cannot use JSX unless the '--jsx' flag is provided.
../../apps/web-cleaning/src/pages/ContractDetails.tsx(997,9): error TS17004: Cannot use JSX unless the '--jsx' flag is provided.
../../apps/web-cleaning/src/pages/ContractDetails.tsx(999,11): error TS17004: Cannot use JSX unless the '--jsx' flag is provided.
../../apps/web-cleaning/src/pages/ContractDetails.tsx(1000,13): error TS17004: Cannot use JSX unless the '--jsx' flag is provided.
../../apps/web-cleaning/src/pages/ContractDetails.tsx(1001,15): error TS17004: Cannot use JSX unless the '--jsx' flag is provided.
../../apps/web-cleaning/src/pages/ContractDetails.tsx(1002,17): error TS17004: Cannot use JSX unless the '--jsx' flag is provided.
../../apps/web-cleaning/src/pages/ContractDetails.tsx(1006,17): error TS17004: Cannot use JSX unless the '--jsx' flag is provided.
../../apps/web-cleaning/src/pages/ContractDetails.tsx(1006,25): error TS2322: Type '"small"' is not assignable to type 'ButtonSize | undefined'.
../../apps/web-cleaning/src/pages/ContractDetails.tsx(1007,19): error TS17004: Cannot use JSX unless the '--jsx' flag is provided.
../../apps/web-cleaning/src/pages/ContractDetails.tsx(1015,15): error TS17004: Cannot use JSX unless the '--jsx' flag is provided.
../../apps/web-cleaning/src/pages/ContractDetails.tsx(1016,17): error TS17004: Cannot use JSX unless the '--jsx' flag is provided.
../../apps/web-cleaning/src/pages/ContractDetails.tsx(1017,19): error TS17004: Cannot use JSX unless the '--jsx' flag is provided.
../../apps/web-cleaning/src/pages/ContractDetails.tsx(1020,17): error TS17004: Cannot use JSX unless the '--jsx' flag is provided.
../../apps/web-cleaning/src/pages/ContractDetails.tsx(1021,19): error TS17004: Cannot use JSX unless the '--jsx' flag is provided.
../../apps/web-cleaning/src/pages/ContractDetails.tsx(1022,21): error TS2322: Type '{ placeholder: string; options: { value: string; label: string; }[]; value: string; onChange: (e: ChangeEvent<HTMLSelectElement>) => void; }' is not assignable to type 'IntrinsicAttributes & SelectProps & RefAttributes<HTMLSelectElement>'.
  Property 'placeholder' does not exist on type 'IntrinsicAttributes & SelectProps & RefAttributes<HTMLSelectElement>'.
../../apps/web-cleaning/src/pages/ContractDetails.tsx(1028,69): error TS2339: Property 'value' does not exist on type 'EventTarget & HTMLSelectElement'.
../../apps/web-cleaning/src/pages/ContractDetails.tsx(1032,21): error TS17004: Cannot use JSX unless the '--jsx' flag is provided.
../../apps/web-cleaning/src/pages/ContractDetails.tsx(1037,64): error TS2339: Property 'value' does not exist on type 'EventTarget & HTMLInputElement'.
../../apps/web-cleaning/src/pages/ContractDetails.tsx(1042,19): error TS17004: Cannot use JSX unless the '--jsx' flag is provided.
../../apps/web-cleaning/src/pages/ContractDetails.tsx(1043,21): error TS17004: Cannot use JSX unless the '--jsx' flag is provided.
../../apps/web-cleaning/src/pages/ContractDetails.tsx(1044,33): error TS17004: Cannot use JSX unless the '--jsx' flag is provided.
../../apps/web-cleaning/src/pages/ContractDetails.tsx(1044,42): error TS2322: Type '"small"' is not assignable to type 'SpinnerSize | undefined'.
../../apps/web-cleaning/src/pages/ContractDetails.tsx(1046,21): error TS17004: Cannot use JSX unless the '--jsx' flag is provided.
../../apps/web-cleaning/src/pages/ContractDetails.tsx(1046,29): error TS2322: Type '"outline"' is not assignable to type 'ButtonVariant | undefined'.
../../apps/web-cleaning/src/pages/ContractDetails.tsx(1056,15): error TS17004: Cannot use JSX unless the '--jsx' flag is provided.
../../apps/web-cleaning/src/pages/ContractDetails.tsx(1057,17): error TS17004: Cannot use JSX unless the '--jsx' flag is provided.
../../apps/web-cleaning/src/pages/ContractDetails.tsx(1058,17): error TS17004: Cannot use JSX unless the '--jsx' flag is provided.
../../apps/web-cleaning/src/pages/ContractDetails.tsx(1059,17): error TS17004: Cannot use JSX unless the '--jsx' flag is provided.
../../apps/web-cleaning/src/pages/ContractDetails.tsx(1062,15): error TS17004: Cannot use JSX unless the '--jsx' flag is provided.
../../apps/web-cleaning/src/pages/ContractDetails.tsx(1064,19): error TS17004: Cannot use JSX unless the '--jsx' flag is provided.
../../apps/web-cleaning/src/pages/ContractDetails.tsx(1068,21): error TS17004: Cannot use JSX unless the '--jsx' flag is provided.
../../apps/web-cleaning/src/pages/ContractDetails.tsx(1069,23): error TS17004: Cannot use JSX unless the '--jsx' flag is provided.
../../apps/web-cleaning/src/pages/ContractDetails.tsx(1070,25): error TS17004: Cannot use JSX unless the '--jsx' flag is provided.
../../apps/web-cleaning/src/pages/ContractDetails.tsx(1073,25): error TS17004: Cannot use JSX unless the '--jsx' flag is provided.
../../apps/web-cleaning/src/pages/ContractDetails.tsx(1078,25): error TS17004: Cannot use JSX unless the '--jsx' flag is provided.
../../apps/web-cleaning/src/pages/ContractDetails.tsx(1079,27): error TS2322: Type '"outline"' is not assignable to type 'ButtonVariant | undefined'.
../../apps/web-cleaning/src/pages/ContractDetails.tsx(1080,27): error TS2322: Type '"small"' is not assignable to type 'ButtonSize | undefined'.
../../apps/web-cleaning/src/pages/ContractDetails.tsx(1084,27): error TS17004: Cannot use JSX unless the '--jsx' flag is provided.
../../apps/web-cleaning/src/pages/ContractDetails.tsx(1090,23): error TS17004: Cannot use JSX unless the '--jsx' flag is provided.
../../apps/web-cleaning/src/pages/ContractDetails.tsx(1091,25): error TS17004: Cannot use JSX unless the '--jsx' flag is provided.
../../apps/web-cleaning/src/pages/ContractDetails.tsx(1092,25): error TS17004: Cannot use JSX unless the '--jsx' flag is provided.
../../apps/web-cleaning/src/pages/ContractDetails.tsx(1104,9): error TS17004: Cannot use JSX unless the '--jsx' flag is provided.
../../apps/web-cleaning/src/pages/ContractDetails.tsx(1106,11): error TS17004: Cannot use JSX unless the '--jsx' flag is provided.
../../apps/web-cleaning/src/pages/ContractDetails.tsx(1107,13): error TS17004: Cannot use JSX unless the '--jsx' flag is provided.
../../apps/web-cleaning/src/pages/ContractDetails.tsx(1108,15): error TS17004: Cannot use JSX unless the '--jsx' flag is provided.
../../apps/web-cleaning/src/pages/ContractDetails.tsx(1109,17): error TS17004: Cannot use JSX unless the '--jsx' flag is provided.
../../apps/web-cleaning/src/pages/ContractDetails.tsx(1116,15): error TS17004: Cannot use JSX unless the '--jsx' flag is provided.
../../apps/web-cleaning/src/pages/ContractDetails.tsx(1117,17): error TS17004: Cannot use JSX unless the '--jsx' flag is provided.
../../apps/web-cleaning/src/pages/ContractDetails.tsx(1118,19): error TS17004: Cannot use JSX unless the '--jsx' flag is provided.
../../apps/web-cleaning/src/pages/ContractDetails.tsx(1121,17): error TS17004: Cannot use JSX unless the '--jsx' flag is provided.
../../apps/web-cleaning/src/pages/ContractDetails.tsx(1122,19): error TS17004: Cannot use JSX unless the '--jsx' flag is provided.
../../apps/web-cleaning/src/pages/ContractDetails.tsx(1123,21): error TS17004: Cannot use JSX unless the '--jsx' flag is provided.
../../apps/web-cleaning/src/pages/ContractDetails.tsx(1130,21): error TS17004: Cannot use JSX unless the '--jsx' flag is provided.
../../apps/web-cleaning/src/pages/ContractDetails.tsx(1131,23): error TS17004: Cannot use JSX unless the '--jsx' flag is provided.
../../apps/web-cleaning/src/pages/ContractDetails.tsx(1131,31): error TS2322: Type '"outline"' is not assignable to type 'ButtonVariant | undefined'.
../../apps/web-cleaning/src/pages/ContractDetails.tsx(1131,49): error TS2322: Type '"small"' is not assignable to type 'ButtonSize | undefined'.
../../apps/web-cleaning/src/pages/ContractDetails.tsx(1132,25): error TS17004: Cannot use JSX unless the '--jsx' flag is provided.
../../apps/web-cleaning/src/pages/ContractDetails.tsx(1137,23): error TS17004: Cannot use JSX unless the '--jsx' flag is provided.
../../apps/web-cleaning/src/pages/ContractDetails.tsx(1144,21): error TS17004: Cannot use JSX unless the '--jsx' flag is provided.
../../apps/web-cleaning/src/pages/ContractDetails.tsx(1145,23): error TS17004: Cannot use JSX unless the '--jsx' flag is provided.
../../apps/web-cleaning/src/pages/ContractDetails.tsx(1148,70): error TS2339: Property 'value' does not exist on type 'EventTarget & HTMLInputElement'.
../../apps/web-cleaning/src/pages/ContractDetails.tsx(1152,23): error TS17004: Cannot use JSX unless the '--jsx' flag is provided.
../../apps/web-cleaning/src/pages/ContractDetails.tsx(1153,25): error TS17004: Cannot use JSX unless the '--jsx' flag is provided.
../../apps/web-cleaning/src/pages/ContractDetails.tsx(1154,44): error TS17004: Cannot use JSX unless the '--jsx' flag is provided.
../../apps/web-cleaning/src/pages/ContractDetails.tsx(1154,53): error TS2322: Type '"small"' is not assignable to type 'SpinnerSize | undefined'.
../../apps/web-cleaning/src/pages/ContractDetails.tsx(1156,25): error TS17004: Cannot use JSX unless the '--jsx' flag is provided.
../../apps/web-cleaning/src/pages/ContractDetails.tsx(1157,27): error TS2322: Type '"outline"' is not assignable to type 'ButtonVariant | undefined'.
../../apps/web-cleaning/src/pages/ContractDetails.tsx(1169,19): error TS17004: Cannot use JSX unless the '--jsx' flag is provided.
../../apps/web-cleaning/src/pages/ContractDetails.tsx(1178,15): error TS17004: Cannot use JSX unless the '--jsx' flag is provided.
../../apps/web-cleaning/src/pages/ContractDetails.tsx(1179,17): error TS17004: Cannot use JSX unless the '--jsx' flag is provided.
../../apps/web-cleaning/src/pages/ContractDetails.tsx(1182,15): error TS17004: Cannot use JSX unless the '--jsx' flag is provided.
../../apps/web-cleaning/src/pages/ContractDetails.tsx(1183,17): error TS17004: Cannot use JSX unless the '--jsx' flag is provided.
../../apps/web-cleaning/src/pages/ContractDetails.tsx(1184,17): error TS17004: Cannot use JSX unless the '--jsx' flag is provided.
../../apps/web-cleaning/src/pages/ContractDetails.tsx(1185,17): error TS17004: Cannot use JSX unless the '--jsx' flag is provided.
../../apps/web-cleaning/src/pages/ContractDetails.tsx(1188,15): error TS17004: Cannot use JSX unless the '--jsx' flag is provided.
../../apps/web-cleaning/src/pages/ContractDetails.tsx(1190,19): error TS17004: Cannot use JSX unless the '--jsx' flag is provided.
../../apps/web-cleaning/src/pages/ContractDetails.tsx(1194,21): error TS17004: Cannot use JSX unless the '--jsx' flag is provided.
../../apps/web-cleaning/src/pages/ContractDetails.tsx(1195,23): error TS17004: Cannot use JSX unless the '--jsx' flag is provided.
../../apps/web-cleaning/src/pages/ContractDetails.tsx(1196,23): error TS17004: Cannot use JSX unless the '--jsx' flag is provided.
../../apps/web-cleaning/src/pages/ContractDetails.tsx(1197,25): error TS17004: Cannot use JSX unless the '--jsx' flag is provided.
../../apps/web-cleaning/src/pages/ContractDetails.tsx(1200,25): error TS17004: Cannot use JSX unless the '--jsx' flag is provided.
../../apps/web-cleaning/src/pages/ContractDetails.tsx(1204,27): error TS17004: Cannot use JSX unless the '--jsx' flag is provided.
../../apps/web-cleaning/src/pages/ContractDetails.tsx(1211,21): error TS17004: Cannot use JSX unless the '--jsx' flag is provided.
../../apps/web-cleaning/src/pages/ContractDetails.tsx(1212,23): error TS17004: Cannot use JSX unless the '--jsx' flag is provided.
../../apps/web-cleaning/src/pages/ContractDetails.tsx(1213,25): error TS2322: Type '"outline"' is not assignable to type 'ButtonVariant | undefined'.
../../apps/web-cleaning/src/pages/ContractDetails.tsx(1214,25): error TS2322: Type '"small"' is not assignable to type 'ButtonSize | undefined'.
../../apps/web-cleaning/src/pages/ContractDetails.tsx(1217,25): error TS17004: Cannot use JSX unless the '--jsx' flag is provided.
../../apps/web-cleaning/src/pages/ContractDetails.tsx(1221,25): error TS17004: Cannot use JSX unless the '--jsx' flag is provided.
../../apps/web-cleaning/src/pages/ContractDetails.tsx(1222,27): error TS2322: Type '"outline"' is not assignable to type 'ButtonVariant | undefined'.
../../apps/web-cleaning/src/pages/ContractDetails.tsx(1223,27): error TS2322: Type '"small"' is not assignable to type 'ButtonSize | undefined'.
../../apps/web-cleaning/src/pages/ContractDetails.tsx(1227,27): error TS17004: Cannot use JSX unless the '--jsx' flag is provided.
../../apps/web-cleaning/src/pages/ContractDetails.tsx(1238,9): error TS17004: Cannot use JSX unless the '--jsx' flag is provided.
../../apps/web-cleaning/src/pages/ContractDetails.tsx(1239,11): error TS17004: Cannot use JSX unless the '--jsx' flag is provided.
../../apps/web-cleaning/src/pages/ContractDetails.tsx(1240,13): error TS17004: Cannot use JSX unless the '--jsx' flag is provided.
../../apps/web-cleaning/src/pages/ContractDetails.tsx(1241,15): error TS17004: Cannot use JSX unless the '--jsx' flag is provided.
../../apps/web-cleaning/src/pages/ContractDetails.tsx(1242,15): error TS17004: Cannot use JSX unless the '--jsx' flag is provided.
../../apps/web-cleaning/src/pages/ContractDetails.tsx(1243,17): error TS17004: Cannot use JSX unless the '--jsx' flag is provided.
../../apps/web-cleaning/src/pages/ContractDetails.tsx(1243,25): error TS2322: Type '"small"' is not assignable to type 'ButtonSize | undefined'.
../../apps/web-cleaning/src/pages/ContractDetails.tsx(1244,19): error TS17004: Cannot use JSX unless the '--jsx' flag is provided.
../../apps/web-cleaning/src/pages/ContractDetails.tsx(1247,17): error TS17004: Cannot use JSX unless the '--jsx' flag is provided.
../../apps/web-cleaning/src/pages/ContractDetails.tsx(1247,25): error TS2322: Type '"outline"' is not assignable to type 'ButtonVariant | undefined'.
../../apps/web-cleaning/src/pages/ContractDetails.tsx(1247,43): error TS2322: Type '"small"' is not assignable to type 'ButtonSize | undefined'.
../../apps/web-cleaning/src/pages/ContractDetails.tsx(1255,15): error TS17004: Cannot use JSX unless the '--jsx' flag is provided.
../../apps/web-cleaning/src/pages/ContractDetails.tsx(1256,17): error TS17004: Cannot use JSX unless the '--jsx' flag is provided.
../../apps/web-cleaning/src/pages/ContractDetails.tsx(1257,19): error TS17004: Cannot use JSX unless the '--jsx' flag is provided.
../../apps/web-cleaning/src/pages/ContractDetails.tsx(1260,17): error TS17004: Cannot use JSX unless the '--jsx' flag is provided.
../../apps/web-cleaning/src/pages/ContractDetails.tsx(1261,19): error TS17004: Cannot use JSX unless the '--jsx' flag is provided.
../../apps/web-cleaning/src/pages/ContractDetails.tsx(1262,21): error TS2322: Type '{ placeholder: string; options: { value: string; label: string; }[]; value: string; onChange: (e: ChangeEvent<HTMLSelectElement>) => void; }' is not assignable to type 'IntrinsicAttributes & SelectProps & RefAttributes<HTMLSelectElement>'.
  Property 'placeholder' does not exist on type 'IntrinsicAttributes & SelectProps & RefAttributes<HTMLSelectElement>'.
../../apps/web-cleaning/src/pages/ContractDetails.tsx(1270,70): error TS2339: Property 'value' does not exist on type 'EventTarget & HTMLSelectElement'.
../../apps/web-cleaning/src/pages/ContractDetails.tsx(1273,19): error TS17004: Cannot use JSX unless the '--jsx' flag is provided.
../../apps/web-cleaning/src/pages/ContractDetails.tsx(1274,21): error TS17004: Cannot use JSX unless the '--jsx' flag is provided.
../../apps/web-cleaning/src/pages/ContractDetails.tsx(1275,42): error TS17004: Cannot use JSX unless the '--jsx' flag is provided.
../../apps/web-cleaning/src/pages/ContractDetails.tsx(1275,51): error TS2322: Type '"small"' is not assignable to type 'SpinnerSize | undefined'.
../../apps/web-cleaning/src/pages/ContractDetails.tsx(1277,21): error TS17004: Cannot use JSX unless the '--jsx' flag is provided.
../../apps/web-cleaning/src/pages/ContractDetails.tsx(1277,29): error TS2322: Type '"outline"' is not assignable to type 'ButtonVariant | undefined'.
../../apps/web-cleaning/src/pages/ContractDetails.tsx(1286,15): error TS17004: Cannot use JSX unless the '--jsx' flag is provided.
../../apps/web-cleaning/src/pages/ContractDetails.tsx(1287,17): error TS17004: Cannot use JSX unless the '--jsx' flag is provided.
../../apps/web-cleaning/src/pages/ContractDetails.tsx(1288,17): error TS17004: Cannot use JSX unless the '--jsx' flag is provided.
../../apps/web-cleaning/src/pages/ContractDetails.tsx(1291,15): error TS17004: Cannot use JSX unless the '--jsx' flag is provided.
../../apps/web-cleaning/src/pages/ContractDetails.tsx(1292,17): error TS17004: Cannot use JSX unless the '--jsx' flag is provided.
../../apps/web-cleaning/src/pages/ContractDetails.tsx(1293,17): error TS17004: Cannot use JSX unless the '--jsx' flag is provided.
../../apps/web-cleaning/src/pages/ContractDetails.tsx(1294,17): error TS17004: Cannot use JSX unless the '--jsx' flag is provided.
../../apps/web-cleaning/src/pages/ContractDetails.tsx(1295,19): error TS17004: Cannot use JSX unless the '--jsx' flag is provided.
../../apps/web-cleaning/src/pages/ContractDetails.tsx(1300,15): error TS17004: Cannot use JSX unless the '--jsx' flag is provided.
../../apps/web-cleaning/src/pages/ContractDetails.tsx(1302,19): error TS17004: Cannot use JSX unless the '--jsx' flag is provided.
../../apps/web-cleaning/src/pages/ContractDetails.tsx(1303,21): error TS17004: Cannot use JSX unless the '--jsx' flag is provided.
../../apps/web-cleaning/src/pages/ContractDetails.tsx(1304,23): error TS17004: Cannot use JSX unless the '--jsx' flag is provided.
../../apps/web-cleaning/src/pages/ContractDetails.tsx(1305,25): error TS17004: Cannot use JSX unless the '--jsx' flag is provided.
../../apps/web-cleaning/src/pages/ContractDetails.tsx(1306,25): error TS17004: Cannot use JSX unless the '--jsx' flag is provided.
../../apps/web-cleaning/src/pages/ContractDetails.tsx(1308,23): error TS17004: Cannot use JSX unless the '--jsx' flag is provided.
../../apps/web-cleaning/src/pages/ContractDetails.tsx(1310,27): error TS17004: Cannot use JSX unless the '--jsx' flag is provided.
../../apps/web-cleaning/src/pages/ContractDetails.tsx(1312,27): error TS17004: Cannot use JSX unless the '--jsx' flag is provided.
../../apps/web-cleaning/src/pages/ContractDetails.tsx(1315,27): error TS17004: Cannot use JSX unless the '--jsx' flag is provided.
../../apps/web-cleaning/src/pages/ContractDetails.tsx(1316,29): error TS2322: Type '"outline"' is not assignable to type 'ButtonVariant | undefined'.
../../apps/web-cleaning/src/pages/ContractDetails.tsx(1317,29): error TS2322: Type '"small"' is not assignable to type 'ButtonSize | undefined'.
../../apps/web-cleaning/src/pages/ContractDetails.tsx(1321,29): error TS17004: Cannot use JSX unless the '--jsx' flag is provided.
../../apps/web-cleaning/src/pages/ContractDetails.tsx(1326,21): error TS17004: Cannot use JSX unless the '--jsx' flag is provided.
../../apps/web-cleaning/src/pages/ContractDetails.tsx(1327,23): error TS17004: Cannot use JSX unless the '--jsx' flag is provided.
../../apps/web-cleaning/src/pages/ContractDetails.tsx(1328,25): error TS17004: Cannot use JSX unless the '--jsx' flag is provided.
../../apps/web-cleaning/src/pages/ContractDetails.tsx(1329,25): error TS17004: Cannot use JSX unless the '--jsx' flag is provided.
../../apps/web-cleaning/src/pages/ContractDetails.tsx(1331,23): error TS17004: Cannot use JSX unless the '--jsx' flag is provided.
../../apps/web-cleaning/src/pages/ContractDetails.tsx(1332,25): error TS17004: Cannot use JSX unless the '--jsx' flag is provided.
../../apps/web-cleaning/src/pages/ContractDetails.tsx(1333,25): error TS17004: Cannot use JSX unless the '--jsx' flag is provided.
../../apps/web-cleaning/src/pages/ContractDetails.tsx(1336,21): error TS17004: Cannot use JSX unless the '--jsx' flag is provided.
../../apps/web-cleaning/src/pages/ContractDetails.tsx(1337,23): error TS17004: Cannot use JSX unless the '--jsx' flag is provided.
../../apps/web-cleaning/src/pages/ContractDetails.tsx(1338,25): error TS2322: Type '"outline"' is not assignable to type 'ButtonVariant | undefined'.
../../apps/web-cleaning/src/pages/ContractDetails.tsx(1339,25): error TS2322: Type '"small"' is not assignable to type 'ButtonSize | undefined'.
../../apps/web-cleaning/src/pages/ContractDetails.tsx(1353,9): error TS17004: Cannot use JSX unless the '--jsx' flag is provided.
../../apps/web-cleaning/src/pages/ContractDetails.tsx(1354,11): error TS17004: Cannot use JSX unless the '--jsx' flag is provided.
../../apps/web-cleaning/src/pages/ContractDetails.tsx(1355,13): error TS17004: Cannot use JSX unless the '--jsx' flag is provided.
../../apps/web-cleaning/src/pages/ContractDetails.tsx(1356,15): error TS17004: Cannot use JSX unless the '--jsx' flag is provided.
../../apps/web-cleaning/src/pages/ContractDetails.tsx(1357,15): error TS17004: Cannot use JSX unless the '--jsx' flag is provided.
../../apps/web-cleaning/src/pages/ContractDetails.tsx(1361,15): error TS17004: Cannot use JSX unless the '--jsx' flag is provided.
../../apps/web-cleaning/src/pages/ContractDetails.tsx(1362,17): error TS17004: Cannot use JSX unless the '--jsx' flag is provided.
../../apps/web-cleaning/src/pages/ContractDetails.tsx(1363,17): error TS17004: Cannot use JSX unless the '--jsx' flag is provided.
../../apps/web-cleaning/src/pages/ContractDetails.tsx(1366,15): error TS17004: Cannot use JSX unless the '--jsx' flag is provided.
../../apps/web-cleaning/src/pages/ContractDetails.tsx(1367,17): error TS17004: Cannot use JSX unless the '--jsx' flag is provided.
../../apps/web-cleaning/src/pages/ContractDetails.tsx(1368,17): error TS17004: Cannot use JSX unless the '--jsx' flag is provided.
../../apps/web-cleaning/src/pages/ContractDetails.tsx(1369,17): error TS17004: Cannot use JSX unless the '--jsx' flag is provided.
../../apps/web-cleaning/src/pages/ContractDetails.tsx(1372,15): error TS17004: Cannot use JSX unless the '--jsx' flag is provided.
../../apps/web-cleaning/src/pages/ContractDetails.tsx(1374,19): error TS17004: Cannot use JSX unless the '--jsx' flag is provided.
../../apps/web-cleaning/src/pages/ContractDetails.tsx(1375,21): error TS17004: Cannot use JSX unless the '--jsx' flag is provided.
../../apps/web-cleaning/src/pages/ContractDetails.tsx(1376,23): error TS17004: Cannot use JSX unless the '--jsx' flag is provided.
../../apps/web-cleaning/src/pages/ContractDetails.tsx(1377,25): error TS17004: Cannot use JSX unless the '--jsx' flag is provided.
../../apps/web-cleaning/src/pages/ContractDetails.tsx(1378,25): error TS17004: Cannot use JSX unless the '--jsx' flag is provided.
../../apps/web-cleaning/src/pages/ContractDetails.tsx(1380,23): error TS17004: Cannot use JSX unless the '--jsx' flag is provided.
../../apps/web-cleaning/src/pages/ContractDetails.tsx(1390,21): error TS17004: Cannot use JSX unless the '--jsx' flag is provided.
../../apps/web-cleaning/src/pages/ContractDetails.tsx(1391,23): error TS17004: Cannot use JSX unless the '--jsx' flag is provided.
../../apps/web-cleaning/src/pages/ContractDetails.tsx(1392,25): error TS17004: Cannot use JSX unless the '--jsx' flag is provided.
../../apps/web-cleaning/src/pages/ContractDetails.tsx(1393,25): error TS17004: Cannot use JSX unless the '--jsx' flag is provided.
../../apps/web-cleaning/src/pages/ContractDetails.tsx(1396,21): error TS17004: Cannot use JSX unless the '--jsx' flag is provided.
../../apps/web-cleaning/src/pages/ContractDetails.tsx(1397,23): error TS17004: Cannot use JSX unless the '--jsx' flag is provided.
../../apps/web-cleaning/src/pages/ContractDetails.tsx(1398,25): error TS17004: Cannot use JSX unless the '--jsx' flag is provided.
../../apps/web-cleaning/src/pages/ContractDetails.tsx(1399,25): error TS17004: Cannot use JSX unless the '--jsx' flag is provided.
../../apps/web-cleaning/src/pages/ContractDetails.tsx(1411,9): error TS17004: Cannot use JSX unless the '--jsx' flag is provided.
../../apps/web-cleaning/src/pages/ContractDetails.tsx(1412,11): error TS17004: Cannot use JSX unless the '--jsx' flag is provided.
../../apps/web-cleaning/src/pages/ContractDetails.tsx(1413,13): error TS17004: Cannot use JSX unless the '--jsx' flag is provided.
../../apps/web-cleaning/src/pages/ContractDetails.tsx(1414,15): error TS17004: Cannot use JSX unless the '--jsx' flag is provided.
../../apps/web-cleaning/src/pages/ContractDetails.tsx(1415,15): error TS17004: Cannot use JSX unless the '--jsx' flag is provided.
../../apps/web-cleaning/src/pages/ContractDetails.tsx(1419,15): error TS17004: Cannot use JSX unless the '--jsx' flag is provided.
../../apps/web-cleaning/src/pages/ContractDetails.tsx(1420,17): error TS17004: Cannot use JSX unless the '--jsx' flag is provided.
../../apps/web-cleaning/src/pages/ContractDetails.tsx(1421,17): error TS17004: Cannot use JSX unless the '--jsx' flag is provided.
../../apps/web-cleaning/src/pages/ContractDetails.tsx(1424,15): error TS17004: Cannot use JSX unless the '--jsx' flag is provided.
../../apps/web-cleaning/src/pages/ContractDetails.tsx(1425,17): error TS17004: Cannot use JSX unless the '--jsx' flag is provided.
../../apps/web-cleaning/src/pages/ContractDetails.tsx(1426,17): error TS17004: Cannot use JSX unless the '--jsx' flag is provided.
../../apps/web-cleaning/src/pages/ContractDetails.tsx(1427,17): error TS17004: Cannot use JSX unless the '--jsx' flag is provided.
../../apps/web-cleaning/src/pages/ContractDetails.tsx(1430,15): error TS17004: Cannot use JSX unless the '--jsx' flag is provided.
../../apps/web-cleaning/src/pages/ContractDetails.tsx(1432,19): error TS17004: Cannot use JSX unless the '--jsx' flag is provided.
../../apps/web-cleaning/src/pages/ContractDetails.tsx(1433,21): error TS17004: Cannot use JSX unless the '--jsx' flag is provided.
../../apps/web-cleaning/src/pages/ContractDetails.tsx(1434,23): error TS17004: Cannot use JSX unless the '--jsx' flag is provided.
../../apps/web-cleaning/src/pages/ContractDetails.tsx(1435,25): error TS17004: Cannot use JSX unless the '--jsx' flag is provided.
../../apps/web-cleaning/src/pages/ContractDetails.tsx(1436,25): error TS17004: Cannot use JSX unless the '--jsx' flag is provided.
../../apps/web-cleaning/src/pages/ContractDetails.tsx(1436,73): error TS2339: Property 'invoice_date' does not exist on type 'CleaningInvoice'.
../../apps/web-cleaning/src/pages/ContractDetails.tsx(1438,23): error TS17004: Cannot use JSX unless the '--jsx' flag is provided.
../../apps/web-cleaning/src/pages/ContractDetails.tsx(1447,21): error TS17004: Cannot use JSX unless the '--jsx' flag is provided.
../../apps/web-cleaning/src/pages/ContractDetails.tsx(1448,23): error TS17004: Cannot use JSX unless the '--jsx' flag is provided.
../../apps/web-cleaning/src/pages/ContractDetails.tsx(1449,25): error TS17004: Cannot use JSX unless the '--jsx' flag is provided.
../../apps/web-cleaning/src/pages/ContractDetails.tsx(1450,25): error TS17004: Cannot use JSX unless the '--jsx' flag is provided.
../../apps/web-cleaning/src/pages/CreateContract.tsx(5,25): error TS6142: Module '../contexts/AuthContext' was resolved to '/home/orrox/projects/rightfit-cleaning-staging/apps/web-cleaning/src/contexts/AuthContext.tsx', but '--jsx' is not set.
../../apps/web-cleaning/src/pages/CreateContract.tsx(145,5): error TS17004: Cannot use JSX unless the '--jsx' flag is provided.
../../apps/web-cleaning/src/pages/CreateContract.tsx(146,7): error TS17004: Cannot use JSX unless the '--jsx' flag is provided.
../../apps/web-cleaning/src/pages/CreateContract.tsx(147,9): error TS17004: Cannot use JSX unless the '--jsx' flag is provided.
../../apps/web-cleaning/src/pages/CreateContract.tsx(148,11): error TS17004: Cannot use JSX unless the '--jsx' flag is provided.
../../apps/web-cleaning/src/pages/CreateContract.tsx(153,7): error TS17004: Cannot use JSX unless the '--jsx' flag is provided.
../../apps/web-cleaning/src/pages/CreateContract.tsx(154,9): error TS17004: Cannot use JSX unless the '--jsx' flag is provided.
../../apps/web-cleaning/src/pages/CreateContract.tsx(156,9): error TS17004: Cannot use JSX unless the '--jsx' flag is provided.
../../apps/web-cleaning/src/pages/CreateContract.tsx(158,11): error TS17004: Cannot use JSX unless the '--jsx' flag is provided.
../../apps/web-cleaning/src/pages/CreateContract.tsx(159,13): error TS17004: Cannot use JSX unless the '--jsx' flag is provided.
../../apps/web-cleaning/src/pages/CreateContract.tsx(160,13): error TS17004: Cannot use JSX unless the '--jsx' flag is provided.
../../apps/web-cleaning/src/pages/CreateContract.tsx(161,15): error TS17004: Cannot use JSX unless the '--jsx' flag is provided.
../../apps/web-cleaning/src/pages/CreateContract.tsx(162,17): error TS17004: Cannot use JSX unless the '--jsx' flag is provided.
../../apps/web-cleaning/src/pages/CreateContract.tsx(166,19): error TS17004: Cannot use JSX unless the '--jsx' flag is provided.
../../apps/web-cleaning/src/pages/CreateContract.tsx(167,21): error TS17004: Cannot use JSX unless the '--jsx' flag is provided.
../../apps/web-cleaning/src/pages/CreateContract.tsx(170,19): error TS17004: Cannot use JSX unless the '--jsx' flag is provided.
../../apps/web-cleaning/src/pages/CreateContract.tsx(171,21): error TS2322: Type '{ placeholder: string; options: { value: string; label: string; }[]; value: string; onChange: (e: ChangeEvent<HTMLSelectElement>) => void; required: true; }' is not assignable to type 'IntrinsicAttributes & SelectProps & RefAttributes<HTMLSelectElement>'.
  Property 'placeholder' does not exist on type 'IntrinsicAttributes & SelectProps & RefAttributes<HTMLSelectElement>'.
../../apps/web-cleaning/src/pages/CreateContract.tsx(177,80): error TS2339: Property 'value' does not exist on type 'EventTarget & HTMLSelectElement'.
../../apps/web-cleaning/src/pages/CreateContract.tsx(182,19): error TS17004: Cannot use JSX unless the '--jsx' flag is provided.
../../apps/web-cleaning/src/pages/CreateContract.tsx(187,15): error TS17004: Cannot use JSX unless the '--jsx' flag is provided.
../../apps/web-cleaning/src/pages/CreateContract.tsx(188,17): error TS17004: Cannot use JSX unless the '--jsx' flag is provided.
../../apps/web-cleaning/src/pages/CreateContract.tsx(189,19): error TS17004: Cannot use JSX unless the '--jsx' flag is provided.
../../apps/web-cleaning/src/pages/CreateContract.tsx(196,11): error TS17004: Cannot use JSX unless the '--jsx' flag is provided.
../../apps/web-cleaning/src/pages/CreateContract.tsx(197,13): error TS17004: Cannot use JSX unless the '--jsx' flag is provided.
../../apps/web-cleaning/src/pages/CreateContract.tsx(198,13): error TS17004: Cannot use JSX unless the '--jsx' flag is provided.
../../apps/web-cleaning/src/pages/CreateContract.tsx(199,15): error TS17004: Cannot use JSX unless the '--jsx' flag is provided.
../../apps/web-cleaning/src/pages/CreateContract.tsx(203,87): error TS2339: Property 'value' does not exist on type 'EventTarget & HTMLInputElement'.
../../apps/web-cleaning/src/pages/CreateContract.tsx(207,15): error TS17004: Cannot use JSX unless the '--jsx' flag is provided.
../../apps/web-cleaning/src/pages/CreateContract.tsx(211,87): error TS2339: Property 'value' does not exist on type 'EventTarget & HTMLInputElement'.
../../apps/web-cleaning/src/pages/CreateContract.tsx(215,15): error TS17004: Cannot use JSX unless the '--jsx' flag is provided.
../../apps/web-cleaning/src/pages/CreateContract.tsx(216,17): error TS17004: Cannot use JSX unless the '--jsx' flag is provided.
../../apps/web-cleaning/src/pages/CreateContract.tsx(220,80): error TS2339: Property 'value' does not exist on type 'EventTarget & HTMLInputElement'.
../../apps/web-cleaning/src/pages/CreateContract.tsx(224,17): error TS17004: Cannot use JSX unless the '--jsx' flag is provided.
../../apps/web-cleaning/src/pages/CreateContract.tsx(228,84): error TS2339: Property 'value' does not exist on type 'EventTarget & HTMLInputElement'.
../../apps/web-cleaning/src/pages/CreateContract.tsx(233,15): error TS17004: Cannot use JSX unless the '--jsx' flag is provided.
../../apps/web-cleaning/src/pages/CreateContract.tsx(237,81): error TS2339: Property 'value' does not exist on type 'EventTarget & HTMLInputElement'.
../../apps/web-cleaning/src/pages/CreateContract.tsx(245,11): error TS17004: Cannot use JSX unless the '--jsx' flag is provided.
../../apps/web-cleaning/src/pages/CreateContract.tsx(246,13): error TS17004: Cannot use JSX unless the '--jsx' flag is provided.
../../apps/web-cleaning/src/pages/CreateContract.tsx(247,13): error TS17004: Cannot use JSX unless the '--jsx' flag is provided.
../../apps/web-cleaning/src/pages/CreateContract.tsx(248,15): error TS17004: Cannot use JSX unless the '--jsx' flag is provided.
../../apps/web-cleaning/src/pages/CreateContract.tsx(254,17): error TS2322: Type '{ name: string; value: string; checked: boolean; onChange: () => void; label: string; description: string; }' is not assignable to type 'IntrinsicAttributes & RadioProps & RefAttributes<HTMLInputElement>'.
  Property 'description' does not exist on type 'IntrinsicAttributes & RadioProps & RefAttributes<HTMLInputElement>'.
../../apps/web-cleaning/src/pages/CreateContract.tsx(256,15): error TS17004: Cannot use JSX unless the '--jsx' flag is provided.
../../apps/web-cleaning/src/pages/CreateContract.tsx(262,17): error TS2322: Type '{ name: string; value: string; checked: boolean; onChange: () => void; label: string; description: string; }' is not assignable to type 'IntrinsicAttributes & RadioProps & RefAttributes<HTMLInputElement>'.
  Property 'description' does not exist on type 'IntrinsicAttributes & RadioProps & RefAttributes<HTMLInputElement>'.
../../apps/web-cleaning/src/pages/CreateContract.tsx(268,11): error TS17004: Cannot use JSX unless the '--jsx' flag is provided.
../../apps/web-cleaning/src/pages/CreateContract.tsx(269,13): error TS17004: Cannot use JSX unless the '--jsx' flag is provided.
../../apps/web-cleaning/src/pages/CreateContract.tsx(270,13): error TS17004: Cannot use JSX unless the '--jsx' flag is provided.
../../apps/web-cleaning/src/pages/CreateContract.tsx(271,15): error TS17004: Cannot use JSX unless the '--jsx' flag is provided.
../../apps/web-cleaning/src/pages/CreateContract.tsx(272,17): error TS17004: Cannot use JSX unless the '--jsx' flag is provided.
../../apps/web-cleaning/src/pages/CreateContract.tsx(276,86): error TS2339: Property 'value' does not exist on type 'EventTarget & HTMLInputElement'.
../../apps/web-cleaning/src/pages/CreateContract.tsx(282,15): error TS17004: Cannot use JSX unless the '--jsx' flag is provided.
../../apps/web-cleaning/src/pages/CreateContract.tsx(283,17): error TS17004: Cannot use JSX unless the '--jsx' flag is provided.
../../apps/web-cleaning/src/pages/CreateContract.tsx(287,84): error TS2339: Property 'value' does not exist on type 'EventTarget & HTMLInputElement'.
../../apps/web-cleaning/src/pages/CreateContract.tsx(296,11): error TS17004: Cannot use JSX unless the '--jsx' flag is provided.
../../apps/web-cleaning/src/pages/CreateContract.tsx(297,13): error TS17004: Cannot use JSX unless the '--jsx' flag is provided.
../../apps/web-cleaning/src/pages/CreateContract.tsx(298,13): error TS17004: Cannot use JSX unless the '--jsx' flag is provided.
../../apps/web-cleaning/src/pages/CreateContract.tsx(299,15): error TS17004: Cannot use JSX unless the '--jsx' flag is provided.
../../apps/web-cleaning/src/pages/CreateContract.tsx(300,17): error TS17004: Cannot use JSX unless the '--jsx' flag is provided.
../../apps/web-cleaning/src/pages/CreateContract.tsx(306,78): error TS2339: Property 'value' does not exist on type 'EventTarget & HTMLInputElement'.
../../apps/web-cleaning/src/pages/CreateContract.tsx(312,19): error TS17004: Cannot use JSX unless the '--jsx' flag is provided.
../../apps/web-cleaning/src/pages/CreateContract.tsx(317,19): error TS17004: Cannot use JSX unless the '--jsx' flag is provided.
../../apps/web-cleaning/src/pages/CreateContract.tsx(321,15): error TS17004: Cannot use JSX unless the '--jsx' flag is provided.
../../apps/web-cleaning/src/pages/CreateContract.tsx(322,17): error TS17004: Cannot use JSX unless the '--jsx' flag is provided.
../../apps/web-cleaning/src/pages/CreateContract.tsx(328,78): error TS2339: Property 'value' does not exist on type 'EventTarget & HTMLInputElement'.
../../apps/web-cleaning/src/pages/CreateContract.tsx(332,17): error TS17004: Cannot use JSX unless the '--jsx' flag is provided.
../../apps/web-cleaning/src/pages/CreateContract.tsx(334,19): error TS17004: Cannot use JSX unless the '--jsx' flag is provided.
../../apps/web-cleaning/src/pages/CreateContract.tsx(341,11): error TS17004: Cannot use JSX unless the '--jsx' flag is provided.
../../apps/web-cleaning/src/pages/CreateContract.tsx(342,13): error TS17004: Cannot use JSX unless the '--jsx' flag is provided.
../../apps/web-cleaning/src/pages/CreateContract.tsx(343,13): error TS17004: Cannot use JSX unless the '--jsx' flag is provided.
../../apps/web-cleaning/src/pages/CreateContract.tsx(345,68): error TS2339: Property 'value' does not exist on type 'EventTarget & HTMLTextAreaElement'.
../../apps/web-cleaning/src/pages/CreateContract.tsx(353,11): error TS17004: Cannot use JSX unless the '--jsx' flag is provided.
../../apps/web-cleaning/src/pages/CreateContract.tsx(354,13): error TS17004: Cannot use JSX unless the '--jsx' flag is provided.
../../apps/web-cleaning/src/pages/CreateContract.tsx(357,13): error TS17004: Cannot use JSX unless the '--jsx' flag is provided.
../../apps/web-cleaning/src/pages/CreateContract.tsx(358,27): error TS17004: Cannot use JSX unless the '--jsx' flag is provided.
../../apps/web-cleaning/src/pages/CreateInvoice.tsx(6,25): error TS6142: Module '../contexts/AuthContext' was resolved to '/home/orrox/projects/rightfit-cleaning-staging/apps/web-cleaning/src/contexts/AuthContext.tsx', but '--jsx' is not set.
../../apps/web-cleaning/src/pages/CreateInvoice.tsx(41,50): error TS2353: Object literal may only specify known properties, and 'service_provider_id' does not exist in type '{ page?: number | undefined; limit?: number | undefined; search?: string | undefined; }'.
../../apps/web-cleaning/src/pages/CreateInvoice.tsx(187,7): error TS17004: Cannot use JSX unless the '--jsx' flag is provided.
../../apps/web-cleaning/src/pages/CreateInvoice.tsx(188,9): error TS17004: Cannot use JSX unless the '--jsx' flag is provided.
../../apps/web-cleaning/src/pages/CreateInvoice.tsx(189,11): error TS17004: Cannot use JSX unless the '--jsx' flag is provided.
../../apps/web-cleaning/src/pages/CreateInvoice.tsx(190,13): error TS17004: Cannot use JSX unless the '--jsx' flag is provided.
../../apps/web-cleaning/src/pages/CreateInvoice.tsx(191,13): error TS17004: Cannot use JSX unless the '--jsx' flag is provided.
../../apps/web-cleaning/src/pages/CreateInvoice.tsx(199,5): error TS17004: Cannot use JSX unless the '--jsx' flag is provided.
../../apps/web-cleaning/src/pages/CreateInvoice.tsx(200,7): error TS17004: Cannot use JSX unless the '--jsx' flag is provided.
../../apps/web-cleaning/src/pages/CreateInvoice.tsx(201,9): error TS17004: Cannot use JSX unless the '--jsx' flag is provided.
../../apps/web-cleaning/src/pages/CreateInvoice.tsx(202,11): error TS17004: Cannot use JSX unless the '--jsx' flag is provided.
../../apps/web-cleaning/src/pages/CreateInvoice.tsx(203,11): error TS17004: Cannot use JSX unless the '--jsx' flag is provided.
../../apps/web-cleaning/src/pages/CreateInvoice.tsx(205,9): error TS17004: Cannot use JSX unless the '--jsx' flag is provided.
../../apps/web-cleaning/src/pages/CreateInvoice.tsx(210,7): error TS17004: Cannot use JSX unless the '--jsx' flag is provided.
../../apps/web-cleaning/src/pages/CreateInvoice.tsx(211,9): error TS17004: Cannot use JSX unless the '--jsx' flag is provided.
../../apps/web-cleaning/src/pages/CreateInvoice.tsx(218,11): error TS17004: Cannot use JSX unless the '--jsx' flag is provided.
../../apps/web-cleaning/src/pages/CreateInvoice.tsx(219,13): error TS17004: Cannot use JSX unless the '--jsx' flag is provided.
../../apps/web-cleaning/src/pages/CreateInvoice.tsx(220,15): error TS17004: Cannot use JSX unless the '--jsx' flag is provided.
../../apps/web-cleaning/src/pages/CreateInvoice.tsx(221,15): error TS17004: Cannot use JSX unless the '--jsx' flag is provided.
../../apps/web-cleaning/src/pages/CreateInvoice.tsx(225,42): error TS2339: Property 'value' does not exist on type 'EventTarget & HTMLSelectElement'.
../../apps/web-cleaning/src/pages/CreateInvoice.tsx(235,17): error TS2322: Type '{ label: string; value: string; onChange: (e: ChangeEvent<HTMLSelectElement>) => void; options: SelectOption[]; placeholder: string; error: string; required: true; }' is not assignable to type 'IntrinsicAttributes & SelectProps & RefAttributes<HTMLSelectElement>'.
  Property 'placeholder' does not exist on type 'IntrinsicAttributes & SelectProps & RefAttributes<HTMLSelectElement>'.
../../apps/web-cleaning/src/pages/CreateInvoice.tsx(242,13): error TS17004: Cannot use JSX unless the '--jsx' flag is provided.
../../apps/web-cleaning/src/pages/CreateInvoice.tsx(243,15): error TS17004: Cannot use JSX unless the '--jsx' flag is provided.
../../apps/web-cleaning/src/pages/CreateInvoice.tsx(244,15): error TS17004: Cannot use JSX unless the '--jsx' flag is provided.
../../apps/web-cleaning/src/pages/CreateInvoice.tsx(245,17): error TS17004: Cannot use JSX unless the '--jsx' flag is provided.
../../apps/web-cleaning/src/pages/CreateInvoice.tsx(250,43): error TS2339: Property 'value' does not exist on type 'EventTarget & HTMLInputElement'.
../../apps/web-cleaning/src/pages/CreateInvoice.tsx(262,17): error TS17004: Cannot use JSX unless the '--jsx' flag is provided.
../../apps/web-cleaning/src/pages/CreateInvoice.tsx(267,52): error TS2339: Property 'value' does not exist on type 'EventTarget & HTMLInputElement'.
../../apps/web-cleaning/src/pages/CreateInvoice.tsx(279,17): error TS17004: Cannot use JSX unless the '--jsx' flag is provided.
../../apps/web-cleaning/src/pages/CreateInvoice.tsx(284,50): error TS2339: Property 'value' does not exist on type 'EventTarget & HTMLInputElement'.
../../apps/web-cleaning/src/pages/CreateInvoice.tsx(300,13): error TS17004: Cannot use JSX unless the '--jsx' flag is provided.
../../apps/web-cleaning/src/pages/CreateInvoice.tsx(301,15): error TS17004: Cannot use JSX unless the '--jsx' flag is provided.
../../apps/web-cleaning/src/pages/CreateInvoice.tsx(302,17): error TS17004: Cannot use JSX unless the '--jsx' flag is provided.
../../apps/web-cleaning/src/pages/CreateInvoice.tsx(303,17): error TS17004: Cannot use JSX unless the '--jsx' flag is provided.
../../apps/web-cleaning/src/pages/CreateInvoice.tsx(308,15): error TS17004: Cannot use JSX unless the '--jsx' flag is provided.
../../apps/web-cleaning/src/pages/CreateInvoice.tsx(310,19): error TS17004: Cannot use JSX unless the '--jsx' flag is provided.
../../apps/web-cleaning/src/pages/CreateInvoice.tsx(311,21): error TS17004: Cannot use JSX unless the '--jsx' flag is provided.
../../apps/web-cleaning/src/pages/CreateInvoice.tsx(312,23): error TS17004: Cannot use JSX unless the '--jsx' flag is provided.
../../apps/web-cleaning/src/pages/CreateInvoice.tsx(313,25): error TS17004: Cannot use JSX unless the '--jsx' flag is provided.
../../apps/web-cleaning/src/pages/CreateInvoice.tsx(316,92): error TS2339: Property 'value' does not exist on type 'EventTarget & HTMLInputElement'.
../../apps/web-cleaning/src/pages/CreateInvoice.tsx(322,23): error TS17004: Cannot use JSX unless the '--jsx' flag is provided.
../../apps/web-cleaning/src/pages/CreateInvoice.tsx(323,25): error TS17004: Cannot use JSX unless the '--jsx' flag is provided.
../../apps/web-cleaning/src/pages/CreateInvoice.tsx(327,89): error TS2339: Property 'value' does not exist on type 'EventTarget & HTMLInputElement'.
../../apps/web-cleaning/src/pages/CreateInvoice.tsx(334,23): error TS17004: Cannot use JSX unless the '--jsx' flag is provided.
../../apps/web-cleaning/src/pages/CreateInvoice.tsx(335,25): error TS17004: Cannot use JSX unless the '--jsx' flag is provided.
../../apps/web-cleaning/src/pages/CreateInvoice.tsx(339,91): error TS2339: Property 'value' does not exist on type 'EventTarget & HTMLInputElement'.
../../apps/web-cleaning/src/pages/CreateInvoice.tsx(346,23): error TS17004: Cannot use JSX unless the '--jsx' flag is provided.
../../apps/web-cleaning/src/pages/CreateInvoice.tsx(347,25): error TS17004: Cannot use JSX unless the '--jsx' flag is provided.
../../apps/web-cleaning/src/pages/CreateInvoice.tsx(348,25): error TS17004: Cannot use JSX unless the '--jsx' flag is provided.
../../apps/web-cleaning/src/pages/CreateInvoice.tsx(352,23): error TS17004: Cannot use JSX unless the '--jsx' flag is provided.
../../apps/web-cleaning/src/pages/CreateInvoice.tsx(353,25): error TS17004: Cannot use JSX unless the '--jsx' flag is provided.
../../apps/web-cleaning/src/pages/CreateInvoice.tsx(369,13): error TS17004: Cannot use JSX unless the '--jsx' flag is provided.
../../apps/web-cleaning/src/pages/CreateInvoice.tsx(370,15): error TS17004: Cannot use JSX unless the '--jsx' flag is provided.
../../apps/web-cleaning/src/pages/CreateInvoice.tsx(371,17): error TS17004: Cannot use JSX unless the '--jsx' flag is provided.
../../apps/web-cleaning/src/pages/CreateInvoice.tsx(372,19): error TS17004: Cannot use JSX unless the '--jsx' flag is provided.
../../apps/web-cleaning/src/pages/CreateInvoice.tsx(373,19): error TS17004: Cannot use JSX unless the '--jsx' flag is provided.
../../apps/web-cleaning/src/pages/CreateInvoice.tsx(375,17): error TS17004: Cannot use JSX unless the '--jsx' flag is provided.
../../apps/web-cleaning/src/pages/CreateInvoice.tsx(376,19): error TS17004: Cannot use JSX unless the '--jsx' flag is provided.
../../apps/web-cleaning/src/pages/CreateInvoice.tsx(377,19): error TS17004: Cannot use JSX unless the '--jsx' flag is provided.
../../apps/web-cleaning/src/pages/CreateInvoice.tsx(379,17): error TS17004: Cannot use JSX unless the '--jsx' flag is provided.
../../apps/web-cleaning/src/pages/CreateInvoice.tsx(380,19): error TS17004: Cannot use JSX unless the '--jsx' flag is provided.
../../apps/web-cleaning/src/pages/CreateInvoice.tsx(381,19): error TS17004: Cannot use JSX unless the '--jsx' flag is provided.
../../apps/web-cleaning/src/pages/CreateInvoice.tsx(387,13): error TS17004: Cannot use JSX unless the '--jsx' flag is provided.
../../apps/web-cleaning/src/pages/CreateInvoice.tsx(388,15): error TS17004: Cannot use JSX unless the '--jsx' flag is provided.
../../apps/web-cleaning/src/pages/CreateInvoice.tsx(391,52): error TS2339: Property 'value' does not exist on type 'EventTarget & HTMLTextAreaElement'.
../../apps/web-cleaning/src/pages/CreateInvoice.tsx(399,11): error TS17004: Cannot use JSX unless the '--jsx' flag is provided.
../../apps/web-cleaning/src/pages/CreateInvoice.tsx(400,13): error TS17004: Cannot use JSX unless the '--jsx' flag is provided.
../../apps/web-cleaning/src/pages/CreateInvoice.tsx(401,29): error TS17004: Cannot use JSX unless the '--jsx' flag is provided.
../../apps/web-cleaning/src/pages/CreateInvoice.tsx(404,13): error TS17004: Cannot use JSX unless the '--jsx' flag is provided.
../../apps/web-cleaning/src/pages/CreateQuote.tsx(6,25): error TS6142: Module '../contexts/AuthContext' was resolved to '/home/orrox/projects/rightfit-cleaning-staging/apps/web-cleaning/src/contexts/AuthContext.tsx', but '--jsx' is not set.
../../apps/web-cleaning/src/pages/CreateQuote.tsx(50,50): error TS2353: Object literal may only specify known properties, and 'service_provider_id' does not exist in type '{ page?: number | undefined; limit?: number | undefined; search?: string | undefined; }'.
../../apps/web-cleaning/src/pages/CreateQuote.tsx(81,49): error TS2554: Expected 0 arguments, but got 1.
../../apps/web-cleaning/src/pages/CreateQuote.tsx(82,33): error TS2339: Property 'data' does not exist on type 'Property[]'.
../../apps/web-cleaning/src/pages/CreateQuote.tsx(82,50): error TS7006: Parameter 'property' implicitly has an 'any' type.
../../apps/web-cleaning/src/pages/CreateQuote.tsx(198,15): error TS6133: 'total' is declared but its value is never read.
../../apps/web-cleaning/src/pages/CreateQuote.tsx(203,11): error TS2353: Object literal may only specify known properties, and 'quote_date' does not exist in type 'CreateQuoteData'.
../../apps/web-cleaning/src/pages/CreateQuote.tsx(236,7): error TS17004: Cannot use JSX unless the '--jsx' flag is provided.
../../apps/web-cleaning/src/pages/CreateQuote.tsx(237,9): error TS17004: Cannot use JSX unless the '--jsx' flag is provided.
../../apps/web-cleaning/src/pages/CreateQuote.tsx(238,11): error TS17004: Cannot use JSX unless the '--jsx' flag is provided.
../../apps/web-cleaning/src/pages/CreateQuote.tsx(239,13): error TS17004: Cannot use JSX unless the '--jsx' flag is provided.
../../apps/web-cleaning/src/pages/CreateQuote.tsx(240,13): error TS17004: Cannot use JSX unless the '--jsx' flag is provided.
../../apps/web-cleaning/src/pages/CreateQuote.tsx(248,5): error TS17004: Cannot use JSX unless the '--jsx' flag is provided.
../../apps/web-cleaning/src/pages/CreateQuote.tsx(249,7): error TS17004: Cannot use JSX unless the '--jsx' flag is provided.
../../apps/web-cleaning/src/pages/CreateQuote.tsx(250,9): error TS17004: Cannot use JSX unless the '--jsx' flag is provided.
../../apps/web-cleaning/src/pages/CreateQuote.tsx(251,11): error TS17004: Cannot use JSX unless the '--jsx' flag is provided.
../../apps/web-cleaning/src/pages/CreateQuote.tsx(252,11): error TS17004: Cannot use JSX unless the '--jsx' flag is provided.
../../apps/web-cleaning/src/pages/CreateQuote.tsx(254,9): error TS17004: Cannot use JSX unless the '--jsx' flag is provided.
../../apps/web-cleaning/src/pages/CreateQuote.tsx(259,7): error TS17004: Cannot use JSX unless the '--jsx' flag is provided.
../../apps/web-cleaning/src/pages/CreateQuote.tsx(260,9): error TS17004: Cannot use JSX unless the '--jsx' flag is provided.
../../apps/web-cleaning/src/pages/CreateQuote.tsx(266,11): error TS17004: Cannot use JSX unless the '--jsx' flag is provided.
../../apps/web-cleaning/src/pages/CreateQuote.tsx(268,13): error TS17004: Cannot use JSX unless the '--jsx' flag is provided.
../../apps/web-cleaning/src/pages/CreateQuote.tsx(269,15): error TS17004: Cannot use JSX unless the '--jsx' flag is provided.
../../apps/web-cleaning/src/pages/CreateQuote.tsx(270,15): error TS17004: Cannot use JSX unless the '--jsx' flag is provided.
../../apps/web-cleaning/src/pages/CreateQuote.tsx(271,17): error TS17004: Cannot use JSX unless the '--jsx' flag is provided.
../../apps/web-cleaning/src/pages/CreateQuote.tsx(275,44): error TS2339: Property 'value' does not exist on type 'EventTarget & HTMLSelectElement'.
../../apps/web-cleaning/src/pages/CreateQuote.tsx(285,19): error TS2322: Type '{ label: string; value: string; onChange: (e: ChangeEvent<HTMLSelectElement>) => void; options: SelectOption[]; placeholder: string; error: string; required: true; }' is not assignable to type 'IntrinsicAttributes & SelectProps & RefAttributes<HTMLSelectElement>'.
  Property 'placeholder' does not exist on type 'IntrinsicAttributes & SelectProps & RefAttributes<HTMLSelectElement>'.
../../apps/web-cleaning/src/pages/CreateQuote.tsx(289,17): error TS17004: Cannot use JSX unless the '--jsx' flag is provided.
../../apps/web-cleaning/src/pages/CreateQuote.tsx(292,59): error TS2339: Property 'value' does not exist on type 'EventTarget & HTMLSelectElement'.
../../apps/web-cleaning/src/pages/CreateQuote.tsx(294,19): error TS2322: Type '{ label: string; value: string; onChange: (e: ChangeEvent<HTMLSelectElement>) => void; options: SelectOption[]; placeholder: string; disabled: boolean; }' is not assignable to type 'IntrinsicAttributes & SelectProps & RefAttributes<HTMLSelectElement>'.
  Property 'placeholder' does not exist on type 'IntrinsicAttributes & SelectProps & RefAttributes<HTMLSelectElement>'.
../../apps/web-cleaning/src/pages/CreateQuote.tsx(301,13): error TS17004: Cannot use JSX unless the '--jsx' flag is provided.
../../apps/web-cleaning/src/pages/CreateQuote.tsx(302,15): error TS17004: Cannot use JSX unless the '--jsx' flag is provided.
../../apps/web-cleaning/src/pages/CreateQuote.tsx(303,15): error TS17004: Cannot use JSX unless the '--jsx' flag is provided.
../../apps/web-cleaning/src/pages/CreateQuote.tsx(304,17): error TS17004: Cannot use JSX unless the '--jsx' flag is provided.
../../apps/web-cleaning/src/pages/CreateQuote.tsx(308,52): error TS2339: Property 'value' does not exist on type 'EventTarget & HTMLTextAreaElement'.
../../apps/web-cleaning/src/pages/CreateQuote.tsx(322,17): error TS17004: Cannot use JSX unless the '--jsx' flag is provided.
../../apps/web-cleaning/src/pages/CreateQuote.tsx(323,19): error TS17004: Cannot use JSX unless the '--jsx' flag is provided.
../../apps/web-cleaning/src/pages/CreateQuote.tsx(328,46): error TS2339: Property 'value' does not exist on type 'EventTarget & HTMLInputElement'.
../../apps/web-cleaning/src/pages/CreateQuote.tsx(340,19): error TS17004: Cannot use JSX unless the '--jsx' flag is provided.
../../apps/web-cleaning/src/pages/CreateQuote.tsx(345,61): error TS2339: Property 'value' does not exist on type 'EventTarget & HTMLInputElement'.
../../apps/web-cleaning/src/pages/CreateQuote.tsx(364,13): error TS17004: Cannot use JSX unless the '--jsx' flag is provided.
../../apps/web-cleaning/src/pages/CreateQuote.tsx(365,15): error TS17004: Cannot use JSX unless the '--jsx' flag is provided.
../../apps/web-cleaning/src/pages/CreateQuote.tsx(366,17): error TS17004: Cannot use JSX unless the '--jsx' flag is provided.
../../apps/web-cleaning/src/pages/CreateQuote.tsx(367,17): error TS17004: Cannot use JSX unless the '--jsx' flag is provided.
../../apps/web-cleaning/src/pages/CreateQuote.tsx(372,15): error TS17004: Cannot use JSX unless the '--jsx' flag is provided.
../../apps/web-cleaning/src/pages/CreateQuote.tsx(374,19): error TS17004: Cannot use JSX unless the '--jsx' flag is provided.
../../apps/web-cleaning/src/pages/CreateQuote.tsx(375,21): error TS17004: Cannot use JSX unless the '--jsx' flag is provided.
../../apps/web-cleaning/src/pages/CreateQuote.tsx(376,23): error TS17004: Cannot use JSX unless the '--jsx' flag is provided.
../../apps/web-cleaning/src/pages/CreateQuote.tsx(377,25): error TS17004: Cannot use JSX unless the '--jsx' flag is provided.
../../apps/web-cleaning/src/pages/CreateQuote.tsx(380,92): error TS2339: Property 'value' does not exist on type 'EventTarget & HTMLInputElement'.
../../apps/web-cleaning/src/pages/CreateQuote.tsx(386,23): error TS17004: Cannot use JSX unless the '--jsx' flag is provided.
../../apps/web-cleaning/src/pages/CreateQuote.tsx(387,25): error TS17004: Cannot use JSX unless the '--jsx' flag is provided.
../../apps/web-cleaning/src/pages/CreateQuote.tsx(391,89): error TS2339: Property 'value' does not exist on type 'EventTarget & HTMLInputElement'.
../../apps/web-cleaning/src/pages/CreateQuote.tsx(398,23): error TS17004: Cannot use JSX unless the '--jsx' flag is provided.
../../apps/web-cleaning/src/pages/CreateQuote.tsx(399,25): error TS17004: Cannot use JSX unless the '--jsx' flag is provided.
../../apps/web-cleaning/src/pages/CreateQuote.tsx(403,91): error TS2339: Property 'value' does not exist on type 'EventTarget & HTMLInputElement'.
../../apps/web-cleaning/src/pages/CreateQuote.tsx(410,23): error TS17004: Cannot use JSX unless the '--jsx' flag is provided.
../../apps/web-cleaning/src/pages/CreateQuote.tsx(411,25): error TS17004: Cannot use JSX unless the '--jsx' flag is provided.
../../apps/web-cleaning/src/pages/CreateQuote.tsx(412,25): error TS17004: Cannot use JSX unless the '--jsx' flag is provided.
../../apps/web-cleaning/src/pages/CreateQuote.tsx(416,23): error TS17004: Cannot use JSX unless the '--jsx' flag is provided.
../../apps/web-cleaning/src/pages/CreateQuote.tsx(417,25): error TS17004: Cannot use JSX unless the '--jsx' flag is provided.
../../apps/web-cleaning/src/pages/CreateQuote.tsx(433,13): error TS17004: Cannot use JSX unless the '--jsx' flag is provided.
../../apps/web-cleaning/src/pages/CreateQuote.tsx(434,15): error TS17004: Cannot use JSX unless the '--jsx' flag is provided.
../../apps/web-cleaning/src/pages/CreateQuote.tsx(435,17): error TS17004: Cannot use JSX unless the '--jsx' flag is provided.
../../apps/web-cleaning/src/pages/CreateQuote.tsx(436,19): error TS17004: Cannot use JSX unless the '--jsx' flag is provided.
../../apps/web-cleaning/src/pages/CreateQuote.tsx(437,19): error TS17004: Cannot use JSX unless the '--jsx' flag is provided.
../../apps/web-cleaning/src/pages/CreateQuote.tsx(440,19): error TS17004: Cannot use JSX unless the '--jsx' flag is provided.
../../apps/web-cleaning/src/pages/CreateQuote.tsx(441,21): error TS17004: Cannot use JSX unless the '--jsx' flag is provided.
../../apps/web-cleaning/src/pages/CreateQuote.tsx(442,21): error TS17004: Cannot use JSX unless the '--jsx' flag is provided.
../../apps/web-cleaning/src/pages/CreateQuote.tsx(445,17): error TS17004: Cannot use JSX unless the '--jsx' flag is provided.
../../apps/web-cleaning/src/pages/CreateQuote.tsx(446,19): error TS17004: Cannot use JSX unless the '--jsx' flag is provided.
../../apps/web-cleaning/src/pages/CreateQuote.tsx(447,19): error TS17004: Cannot use JSX unless the '--jsx' flag is provided.
../../apps/web-cleaning/src/pages/CreateQuote.tsx(449,17): error TS17004: Cannot use JSX unless the '--jsx' flag is provided.
../../apps/web-cleaning/src/pages/CreateQuote.tsx(450,19): error TS17004: Cannot use JSX unless the '--jsx' flag is provided.
../../apps/web-cleaning/src/pages/CreateQuote.tsx(451,19): error TS17004: Cannot use JSX unless the '--jsx' flag is provided.
../../apps/web-cleaning/src/pages/CreateQuote.tsx(457,13): error TS17004: Cannot use JSX unless the '--jsx' flag is provided.
../../apps/web-cleaning/src/pages/CreateQuote.tsx(458,15): error TS17004: Cannot use JSX unless the '--jsx' flag is provided.
../../apps/web-cleaning/src/pages/CreateQuote.tsx(461,52): error TS2339: Property 'value' does not exist on type 'EventTarget & HTMLTextAreaElement'.
../../apps/web-cleaning/src/pages/CreateQuote.tsx(469,11): error TS17004: Cannot use JSX unless the '--jsx' flag is provided.
../../apps/web-cleaning/src/pages/CreateQuote.tsx(470,13): error TS17004: Cannot use JSX unless the '--jsx' flag is provided.
../../apps/web-cleaning/src/pages/CreateQuote.tsx(471,29): error TS17004: Cannot use JSX unless the '--jsx' flag is provided.
../../apps/web-cleaning/src/pages/CreateQuote.tsx(474,13): error TS17004: Cannot use JSX unless the '--jsx' flag is provided.
../../apps/web-cleaning/src/pages/CustomerDetails.tsx(19,1): error TS6133: 'PersonIcon' is declared but its value is never read.
../../apps/web-cleaning/src/pages/CustomerDetails.tsx(20,1): error TS6133: 'EmailIcon' is declared but its value is never read.
../../apps/web-cleaning/src/pages/CustomerDetails.tsx(21,1): error TS6133: 'PhoneIcon' is declared but its value is never read.
../../apps/web-cleaning/src/pages/CustomerDetails.tsx(106,7): error TS17004: Cannot use JSX unless the '--jsx' flag is provided.
../../apps/web-cleaning/src/pages/CustomerDetails.tsx(107,9): error TS17004: Cannot use JSX unless the '--jsx' flag is provided.
../../apps/web-cleaning/src/pages/CustomerDetails.tsx(114,7): error TS17004: Cannot use JSX unless the '--jsx' flag is provided.
../../apps/web-cleaning/src/pages/CustomerDetails.tsx(115,9): error TS17004: Cannot use JSX unless the '--jsx' flag is provided.
../../apps/web-cleaning/src/pages/CustomerDetails.tsx(116,11): error TS17004: Cannot use JSX unless the '--jsx' flag is provided.
../../apps/web-cleaning/src/pages/CustomerDetails.tsx(117,11): error TS17004: Cannot use JSX unless the '--jsx' flag is provided.
../../apps/web-cleaning/src/pages/CustomerDetails.tsx(126,16): error TS17004: Cannot use JSX unless the '--jsx' flag is provided.
../../apps/web-cleaning/src/pages/CustomerDetails.tsx(126,23): error TS2322: Type '{ children: string; color: string; }' is not assignable to type 'IntrinsicAttributes & BadgeProps'.
  Property 'color' does not exist on type 'IntrinsicAttributes & BadgeProps'.
../../apps/web-cleaning/src/pages/CustomerDetails.tsx(128,16): error TS17004: Cannot use JSX unless the '--jsx' flag is provided.
../../apps/web-cleaning/src/pages/CustomerDetails.tsx(128,23): error TS2322: Type '{ children: string; color: string; }' is not assignable to type 'IntrinsicAttributes & BadgeProps'.
  Property 'color' does not exist on type 'IntrinsicAttributes & BadgeProps'.
../../apps/web-cleaning/src/pages/CustomerDetails.tsx(130,16): error TS17004: Cannot use JSX unless the '--jsx' flag is provided.
../../apps/web-cleaning/src/pages/CustomerDetails.tsx(130,23): error TS2322: Type '{ children: string; color: string; }' is not assignable to type 'IntrinsicAttributes & BadgeProps'.
  Property 'color' does not exist on type 'IntrinsicAttributes & BadgeProps'.
../../apps/web-cleaning/src/pages/CustomerDetails.tsx(132,16): error TS17004: Cannot use JSX unless the '--jsx' flag is provided.
../../apps/web-cleaning/src/pages/CustomerDetails.tsx(132,23): error TS2322: Type '{ children: string; color: string; }' is not assignable to type 'IntrinsicAttributes & BadgeProps'.
  Property 'color' does not exist on type 'IntrinsicAttributes & BadgeProps'.
../../apps/web-cleaning/src/pages/CustomerDetails.tsx(154,49): error TS17004: Cannot use JSX unless the '--jsx' flag is provided.
../../apps/web-cleaning/src/pages/CustomerDetails.tsx(155,75): error TS17004: Cannot use JSX unless the '--jsx' flag is provided.
../../apps/web-cleaning/src/pages/CustomerDetails.tsx(156,72): error TS17004: Cannot use JSX unless the '--jsx' flag is provided.
../../apps/web-cleaning/src/pages/CustomerDetails.tsx(157,63): error TS17004: Cannot use JSX unless the '--jsx' flag is provided.
../../apps/web-cleaning/src/pages/CustomerDetails.tsx(158,56): error TS17004: Cannot use JSX unless the '--jsx' flag is provided.
../../apps/web-cleaning/src/pages/CustomerDetails.tsx(162,5): error TS17004: Cannot use JSX unless the '--jsx' flag is provided.
../../apps/web-cleaning/src/pages/CustomerDetails.tsx(164,7): error TS17004: Cannot use JSX unless the '--jsx' flag is provided.
../../apps/web-cleaning/src/pages/CustomerDetails.tsx(165,9): error TS17004: Cannot use JSX unless the '--jsx' flag is provided.
../../apps/web-cleaning/src/pages/CustomerDetails.tsx(166,11): error TS17004: Cannot use JSX unless the '--jsx' flag is provided.
../../apps/web-cleaning/src/pages/CustomerDetails.tsx(167,13): error TS17004: Cannot use JSX unless the '--jsx' flag is provided.
../../apps/web-cleaning/src/pages/CustomerDetails.tsx(170,11): error TS17004: Cannot use JSX unless the '--jsx' flag is provided.
../../apps/web-cleaning/src/pages/CustomerDetails.tsx(171,13): error TS17004: Cannot use JSX unless the '--jsx' flag is provided.
../../apps/web-cleaning/src/pages/CustomerDetails.tsx(172,15): error TS17004: Cannot use JSX unless the '--jsx' flag is provided.
../../apps/web-cleaning/src/pages/CustomerDetails.tsx(175,13): error TS17004: Cannot use JSX unless the '--jsx' flag is provided.
../../apps/web-cleaning/src/pages/CustomerDetails.tsx(178,9): error TS17004: Cannot use JSX unless the '--jsx' flag is provided.
../../apps/web-cleaning/src/pages/CustomerDetails.tsx(179,11): error TS17004: Cannot use JSX unless the '--jsx' flag is provided.
../../apps/web-cleaning/src/pages/CustomerDetails.tsx(185,7): error TS17004: Cannot use JSX unless the '--jsx' flag is provided.
../../apps/web-cleaning/src/pages/CustomerDetails.tsx(186,9): error TS17004: Cannot use JSX unless the '--jsx' flag is provided.
../../apps/web-cleaning/src/pages/CustomerDetails.tsx(194,7): error TS17004: Cannot use JSX unless the '--jsx' flag is provided.
../../apps/web-cleaning/src/pages/CustomerDetails.tsx(196,9): error TS17004: Cannot use JSX unless the '--jsx' flag is provided.
../../apps/web-cleaning/src/pages/CustomerDetails.tsx(197,11): error TS17004: Cannot use JSX unless the '--jsx' flag is provided.
../../apps/web-cleaning/src/pages/CustomerDetails.tsx(200,9): error TS17004: Cannot use JSX unless the '--jsx' flag is provided.
../../apps/web-cleaning/src/pages/CustomerDetails.tsx(203,13): error TS17004: Cannot use JSX unless the '--jsx' flag is provided.
../../apps/web-cleaning/src/pages/CustomerDetails.tsx(204,15): error TS17004: Cannot use JSX unless the '--jsx' flag is provided.
../../apps/web-cleaning/src/pages/CustomerDetails.tsx(205,17): error TS17004: Cannot use JSX unless the '--jsx' flag is provided.
../../apps/web-cleaning/src/pages/CustomerDetails.tsx(206,19): error TS17004: Cannot use JSX unless the '--jsx' flag is provided.
../../apps/web-cleaning/src/pages/CustomerDetails.tsx(208,17): error TS17004: Cannot use JSX unless the '--jsx' flag is provided.
../../apps/web-cleaning/src/pages/CustomerDetails.tsx(209,19): error TS17004: Cannot use JSX unless the '--jsx' flag is provided.
../../apps/web-cleaning/src/pages/CustomerDetails.tsx(210,19): error TS17004: Cannot use JSX unless the '--jsx' flag is provided.
../../apps/web-cleaning/src/pages/CustomerDetails.tsx(219,11): error TS17004: Cannot use JSX unless the '--jsx' flag is provided.
../../apps/web-cleaning/src/pages/CustomerDetails.tsx(220,13): error TS17004: Cannot use JSX unless the '--jsx' flag is provided.
../../apps/web-cleaning/src/pages/CustomerDetails.tsx(221,15): error TS17004: Cannot use JSX unless the '--jsx' flag is provided.
../../apps/web-cleaning/src/pages/CustomerDetails.tsx(222,17): error TS17004: Cannot use JSX unless the '--jsx' flag is provided.
../../apps/web-cleaning/src/pages/CustomerDetails.tsx(224,15): error TS17004: Cannot use JSX unless the '--jsx' flag is provided.
../../apps/web-cleaning/src/pages/CustomerDetails.tsx(225,17): error TS17004: Cannot use JSX unless the '--jsx' flag is provided.
../../apps/web-cleaning/src/pages/CustomerDetails.tsx(226,17): error TS17004: Cannot use JSX unless the '--jsx' flag is provided.
../../apps/web-cleaning/src/pages/CustomerDetails.tsx(234,11): error TS17004: Cannot use JSX unless the '--jsx' flag is provided.
../../apps/web-cleaning/src/pages/CustomerDetails.tsx(235,13): error TS17004: Cannot use JSX unless the '--jsx' flag is provided.
../../apps/web-cleaning/src/pages/CustomerDetails.tsx(236,15): error TS17004: Cannot use JSX unless the '--jsx' flag is provided.
../../apps/web-cleaning/src/pages/CustomerDetails.tsx(237,17): error TS17004: Cannot use JSX unless the '--jsx' flag is provided.
../../apps/web-cleaning/src/pages/CustomerDetails.tsx(239,15): error TS17004: Cannot use JSX unless the '--jsx' flag is provided.
../../apps/web-cleaning/src/pages/CustomerDetails.tsx(240,17): error TS17004: Cannot use JSX unless the '--jsx' flag is provided.
../../apps/web-cleaning/src/pages/CustomerDetails.tsx(241,17): error TS17004: Cannot use JSX unless the '--jsx' flag is provided.
../../apps/web-cleaning/src/pages/CustomerDetails.tsx(249,11): error TS17004: Cannot use JSX unless the '--jsx' flag is provided.
../../apps/web-cleaning/src/pages/CustomerDetails.tsx(250,13): error TS17004: Cannot use JSX unless the '--jsx' flag is provided.
../../apps/web-cleaning/src/pages/CustomerDetails.tsx(251,15): error TS17004: Cannot use JSX unless the '--jsx' flag is provided.
../../apps/web-cleaning/src/pages/CustomerDetails.tsx(252,17): error TS17004: Cannot use JSX unless the '--jsx' flag is provided.
../../apps/web-cleaning/src/pages/CustomerDetails.tsx(254,15): error TS17004: Cannot use JSX unless the '--jsx' flag is provided.
../../apps/web-cleaning/src/pages/CustomerDetails.tsx(255,17): error TS17004: Cannot use JSX unless the '--jsx' flag is provided.
../../apps/web-cleaning/src/pages/CustomerDetails.tsx(256,17): error TS17004: Cannot use JSX unless the '--jsx' flag is provided.
../../apps/web-cleaning/src/pages/CustomerDetails.tsx(264,11): error TS17004: Cannot use JSX unless the '--jsx' flag is provided.
../../apps/web-cleaning/src/pages/CustomerDetails.tsx(265,13): error TS17004: Cannot use JSX unless the '--jsx' flag is provided.
../../apps/web-cleaning/src/pages/CustomerDetails.tsx(266,15): error TS17004: Cannot use JSX unless the '--jsx' flag is provided.
../../apps/web-cleaning/src/pages/CustomerDetails.tsx(267,17): error TS17004: Cannot use JSX unless the '--jsx' flag is provided.
../../apps/web-cleaning/src/pages/CustomerDetails.tsx(269,15): error TS17004: Cannot use JSX unless the '--jsx' flag is provided.
../../apps/web-cleaning/src/pages/CustomerDetails.tsx(270,17): error TS17004: Cannot use JSX unless the '--jsx' flag is provided.
../../apps/web-cleaning/src/pages/CustomerDetails.tsx(271,17): error TS17004: Cannot use JSX unless the '--jsx' flag is provided.
../../apps/web-cleaning/src/pages/CustomerDetails.tsx(280,13): error TS17004: Cannot use JSX unless the '--jsx' flag is provided.
../../apps/web-cleaning/src/pages/CustomerDetails.tsx(281,15): error TS17004: Cannot use JSX unless the '--jsx' flag is provided.
../../apps/web-cleaning/src/pages/CustomerDetails.tsx(282,17): error TS17004: Cannot use JSX unless the '--jsx' flag is provided.
../../apps/web-cleaning/src/pages/CustomerDetails.tsx(283,19): error TS17004: Cannot use JSX unless the '--jsx' flag is provided.
../../apps/web-cleaning/src/pages/CustomerDetails.tsx(285,17): error TS17004: Cannot use JSX unless the '--jsx' flag is provided.
../../apps/web-cleaning/src/pages/CustomerDetails.tsx(286,19): error TS17004: Cannot use JSX unless the '--jsx' flag is provided.
../../apps/web-cleaning/src/pages/CustomerDetails.tsx(287,19): error TS17004: Cannot use JSX unless the '--jsx' flag is provided.
../../apps/web-cleaning/src/pages/CustomerDetails.tsx(289,23): error TS17004: Cannot use JSX unless the '--jsx' flag is provided.
../../apps/web-cleaning/src/pages/CustomerDetails.tsx(290,25): error TS17004: Cannot use JSX unless the '--jsx' flag is provided.
../../apps/web-cleaning/src/pages/CustomerDetails.tsx(291,52): error TS17004: Cannot use JSX unless the '--jsx' flag is provided.
../../apps/web-cleaning/src/pages/CustomerDetails.tsx(292,25): error TS17004: Cannot use JSX unless the '--jsx' flag is provided.
../../apps/web-cleaning/src/pages/CustomerDetails.tsx(293,46): error TS17004: Cannot use JSX unless the '--jsx' flag is provided.
../../apps/web-cleaning/src/pages/CustomerDetails.tsx(296,23): error TS17004: Cannot use JSX unless the '--jsx' flag is provided.
../../apps/web-cleaning/src/pages/CustomerDetails.tsx(306,9): error TS17004: Cannot use JSX unless the '--jsx' flag is provided.
../../apps/web-cleaning/src/pages/CustomerDetails.tsx(307,11): error TS17004: Cannot use JSX unless the '--jsx' flag is provided.
../../apps/web-cleaning/src/pages/CustomerDetails.tsx(310,9): error TS17004: Cannot use JSX unless the '--jsx' flag is provided.
../../apps/web-cleaning/src/pages/CustomerDetails.tsx(312,11): error TS17004: Cannot use JSX unless the '--jsx' flag is provided.
../../apps/web-cleaning/src/pages/CustomerDetails.tsx(317,13): error TS17004: Cannot use JSX unless the '--jsx' flag is provided.
../../apps/web-cleaning/src/pages/CustomerDetails.tsx(318,15): error TS17004: Cannot use JSX unless the '--jsx' flag is provided.
../../apps/web-cleaning/src/pages/CustomerDetails.tsx(323,17): error TS17004: Cannot use JSX unless the '--jsx' flag is provided.
../../apps/web-cleaning/src/pages/CustomerDetails.tsx(325,15): error TS17004: Cannot use JSX unless the '--jsx' flag is provided.
../../apps/web-cleaning/src/pages/CustomerDetails.tsx(326,17): error TS17004: Cannot use JSX unless the '--jsx' flag is provided.
../../apps/web-cleaning/src/pages/CustomerDetails.tsx(331,17): error TS17004: Cannot use JSX unless the '--jsx' flag is provided.
../../apps/web-cleaning/src/pages/CustomerDetails.tsx(343,11): error TS17004: Cannot use JSX unless the '--jsx' flag is provided.
../../apps/web-cleaning/src/pages/CustomerDetails.tsx(348,13): error TS17004: Cannot use JSX unless the '--jsx' flag is provided.
../../apps/web-cleaning/src/pages/CustomerDetails.tsx(349,15): error TS17004: Cannot use JSX unless the '--jsx' flag is provided.
../../apps/web-cleaning/src/pages/CustomerDetails.tsx(354,17): error TS17004: Cannot use JSX unless the '--jsx' flag is provided.
../../apps/web-cleaning/src/pages/CustomerDetails.tsx(356,15): error TS17004: Cannot use JSX unless the '--jsx' flag is provided.
../../apps/web-cleaning/src/pages/CustomerDetails.tsx(357,17): error TS17004: Cannot use JSX unless the '--jsx' flag is provided.
../../apps/web-cleaning/src/pages/CustomerDetails.tsx(362,17): error TS17004: Cannot use JSX unless the '--jsx' flag is provided.
../../apps/web-cleaning/src/pages/CustomerDetails.tsx(375,13): error TS17004: Cannot use JSX unless the '--jsx' flag is provided.
../../apps/web-cleaning/src/pages/CustomerDetails.tsx(376,15): error TS17004: Cannot use JSX unless the '--jsx' flag is provided.
../../apps/web-cleaning/src/pages/CustomerDetails.tsx(377,17): error TS17004: Cannot use JSX unless the '--jsx' flag is provided.
../../apps/web-cleaning/src/pages/CustomerDetails.tsx(378,19): error TS17004: Cannot use JSX unless the '--jsx' flag is provided.
../../apps/web-cleaning/src/pages/CustomerDetails.tsx(380,17): error TS17004: Cannot use JSX unless the '--jsx' flag is provided.
../../apps/web-cleaning/src/pages/CustomerDetails.tsx(381,19): error TS17004: Cannot use JSX unless the '--jsx' flag is provided.
../../apps/web-cleaning/src/pages/CustomerDetails.tsx(382,19): error TS17004: Cannot use JSX unless the '--jsx' flag is provided.
../../apps/web-cleaning/src/pages/CustomerDetails.tsx(385,19): error TS17004: Cannot use JSX unless the '--jsx' flag is provided.
../../apps/web-cleaning/src/pages/CustomerDetails.tsx(393,9): error TS17004: Cannot use JSX unless the '--jsx' flag is provided.
../../apps/web-cleaning/src/pages/CustomerDetails.tsx(394,11): error TS17004: Cannot use JSX unless the '--jsx' flag is provided.
../../apps/web-cleaning/src/pages/CustomerDetails.tsx(397,9): error TS17004: Cannot use JSX unless the '--jsx' flag is provided.
../../apps/web-cleaning/src/pages/CustomerDetails.tsx(399,11): error TS17004: Cannot use JSX unless the '--jsx' flag is provided.
../../apps/web-cleaning/src/pages/CustomerDetails.tsx(400,13): error TS17004: Cannot use JSX unless the '--jsx' flag is provided.
../../apps/web-cleaning/src/pages/CustomerDetails.tsx(401,15): error TS17004: Cannot use JSX unless the '--jsx' flag is provided.
../../apps/web-cleaning/src/pages/CustomerDetails.tsx(402,17): error TS17004: Cannot use JSX unless the '--jsx' flag is provided.
../../apps/web-cleaning/src/pages/CustomerDetails.tsx(404,15): error TS17004: Cannot use JSX unless the '--jsx' flag is provided.
../../apps/web-cleaning/src/pages/CustomerDetails.tsx(405,17): error TS17004: Cannot use JSX unless the '--jsx' flag is provided.
../../apps/web-cleaning/src/pages/CustomerDetails.tsx(406,17): error TS17004: Cannot use JSX unless the '--jsx' flag is provided.
../../apps/web-cleaning/src/pages/CustomerDetails.tsx(414,11): error TS17004: Cannot use JSX unless the '--jsx' flag is provided.
../../apps/web-cleaning/src/pages/CustomerDetails.tsx(415,13): error TS17004: Cannot use JSX unless the '--jsx' flag is provided.
../../apps/web-cleaning/src/pages/CustomerDetails.tsx(416,15): error TS17004: Cannot use JSX unless the '--jsx' flag is provided.
../../apps/web-cleaning/src/pages/CustomerDetails.tsx(417,17): error TS17004: Cannot use JSX unless the '--jsx' flag is provided.
../../apps/web-cleaning/src/pages/CustomerDetails.tsx(419,15): error TS17004: Cannot use JSX unless the '--jsx' flag is provided.
../../apps/web-cleaning/src/pages/CustomerDetails.tsx(420,17): error TS17004: Cannot use JSX unless the '--jsx' flag is provided.
../../apps/web-cleaning/src/pages/CustomerDetails.tsx(421,17): error TS17004: Cannot use JSX unless the '--jsx' flag is provided.
../../apps/web-cleaning/src/pages/CustomerDetails.tsx(422,19): error TS17004: Cannot use JSX unless the '--jsx' flag is provided.
../../apps/web-cleaning/src/pages/CustomerDetails.tsx(426,17): error TS17004: Cannot use JSX unless the '--jsx' flag is provided.
../../apps/web-cleaning/src/pages/CustomerDetails.tsx(427,19): error TS17004: Cannot use JSX unless the '--jsx' flag is provided.
../../apps/web-cleaning/src/pages/CustomerDetails.tsx(438,13): error TS17004: Cannot use JSX unless the '--jsx' flag is provided.
../../apps/web-cleaning/src/pages/CustomerDetails.tsx(439,15): error TS17004: Cannot use JSX unless the '--jsx' flag is provided.
../../apps/web-cleaning/src/pages/CustomerDetails.tsx(440,17): error TS17004: Cannot use JSX unless the '--jsx' flag is provided.
../../apps/web-cleaning/src/pages/CustomerDetails.tsx(441,19): error TS17004: Cannot use JSX unless the '--jsx' flag is provided.
../../apps/web-cleaning/src/pages/CustomerDetails.tsx(443,17): error TS17004: Cannot use JSX unless the '--jsx' flag is provided.
../../apps/web-cleaning/src/pages/CustomerDetails.tsx(444,19): error TS17004: Cannot use JSX unless the '--jsx' flag is provided.
../../apps/web-cleaning/src/pages/CustomerDetails.tsx(445,19): error TS17004: Cannot use JSX unless the '--jsx' flag is provided.
../../apps/web-cleaning/src/pages/CustomerDetails.tsx(446,21): error TS17004: Cannot use JSX unless the '--jsx' flag is provided.
../../apps/web-cleaning/src/pages/CustomerDetails.tsx(450,19): error TS17004: Cannot use JSX unless the '--jsx' flag is provided.
../../apps/web-cleaning/src/pages/CustomerDetails.tsx(451,21): error TS17004: Cannot use JSX unless the '--jsx' flag is provided.
../../apps/web-cleaning/src/pages/CustomerDetails.tsx(463,7): error TS17004: Cannot use JSX unless the '--jsx' flag is provided.
../../apps/web-cleaning/src/pages/CustomerDetails.tsx(465,11): error TS17004: Cannot use JSX unless the '--jsx' flag is provided.
../../apps/web-cleaning/src/pages/CustomerDetails.tsx(466,13): error TS17004: Cannot use JSX unless the '--jsx' flag is provided.
../../apps/web-cleaning/src/pages/CustomerDetails.tsx(467,13): error TS17004: Cannot use JSX unless the '--jsx' flag is provided.
../../apps/web-cleaning/src/pages/CustomerDetails.tsx(468,13): error TS17004: Cannot use JSX unless the '--jsx' flag is provided.
../../apps/web-cleaning/src/pages/CustomerDetails.tsx(473,11): error TS17004: Cannot use JSX unless the '--jsx' flag is provided.
../../apps/web-cleaning/src/pages/CustomerDetails.tsx(474,13): error TS17004: Cannot use JSX unless the '--jsx' flag is provided.
../../apps/web-cleaning/src/pages/CustomerDetails.tsx(475,15): error TS17004: Cannot use JSX unless the '--jsx' flag is provided.
../../apps/web-cleaning/src/pages/CustomerDetails.tsx(478,13): error TS17004: Cannot use JSX unless the '--jsx' flag is provided.
../../apps/web-cleaning/src/pages/CustomerDetails.tsx(491,19): error TS17004: Cannot use JSX unless the '--jsx' flag is provided.
../../apps/web-cleaning/src/pages/CustomerDetails.tsx(496,21): error TS17004: Cannot use JSX unless the '--jsx' flag is provided.
../../apps/web-cleaning/src/pages/CustomerDetails.tsx(497,23): error TS17004: Cannot use JSX unless the '--jsx' flag is provided.
../../apps/web-cleaning/src/pages/CustomerDetails.tsx(505,25): error TS17004: Cannot use JSX unless the '--jsx' flag is provided.
../../apps/web-cleaning/src/pages/CustomerDetails.tsx(507,23): error TS17004: Cannot use JSX unless the '--jsx' flag is provided.
../../apps/web-cleaning/src/pages/CustomerDetails.tsx(508,25): error TS17004: Cannot use JSX unless the '--jsx' flag is provided.
../../apps/web-cleaning/src/pages/CustomerDetails.tsx(509,25): error TS17004: Cannot use JSX unless the '--jsx' flag is provided.
../../apps/web-cleaning/src/pages/CustomerDetails.tsx(510,27): error TS17004: Cannot use JSX unless the '--jsx' flag is provided.
../../apps/web-cleaning/src/pages/CustomerDetails.tsx(511,27): error TS17004: Cannot use JSX unless the '--jsx' flag is provided.
../../apps/web-cleaning/src/pages/CustomerDetails.tsx(513,25): error TS17004: Cannot use JSX unless the '--jsx' flag is provided.
../../apps/web-cleaning/src/pages/CustomerDetails.tsx(514,27): error TS17004: Cannot use JSX unless the '--jsx' flag is provided.
../../apps/web-cleaning/src/pages/CustomerDetails.tsx(515,27): error TS17004: Cannot use JSX unless the '--jsx' flag is provided.
../../apps/web-cleaning/src/pages/CustomerDetails.tsx(517,25): error TS17004: Cannot use JSX unless the '--jsx' flag is provided.
../../apps/web-cleaning/src/pages/CustomerDetails.tsx(518,27): error TS17004: Cannot use JSX unless the '--jsx' flag is provided.
../../apps/web-cleaning/src/pages/CustomerDetails.tsx(518,34): error TS2322: Type '{ children: string; color: string; }' is not assignable to type 'IntrinsicAttributes & BadgeProps'.
  Property 'color' does not exist on type 'IntrinsicAttributes & BadgeProps'.
../../apps/web-cleaning/src/pages/CustomerDetails.tsx(530,7): error TS17004: Cannot use JSX unless the '--jsx' flag is provided.
../../apps/web-cleaning/src/pages/CustomerDetails.tsx(532,11): error TS17004: Cannot use JSX unless the '--jsx' flag is provided.
../../apps/web-cleaning/src/pages/CustomerDetails.tsx(533,13): error TS17004: Cannot use JSX unless the '--jsx' flag is provided.
../../apps/web-cleaning/src/pages/CustomerDetails.tsx(534,13): error TS17004: Cannot use JSX unless the '--jsx' flag is provided.
../../apps/web-cleaning/src/pages/CustomerDetails.tsx(535,13): error TS17004: Cannot use JSX unless the '--jsx' flag is provided.
../../apps/web-cleaning/src/pages/CustomerDetails.tsx(540,11): error TS17004: Cannot use JSX unless the '--jsx' flag is provided.
../../apps/web-cleaning/src/pages/CustomerDetails.tsx(541,13): error TS17004: Cannot use JSX unless the '--jsx' flag is provided.
../../apps/web-cleaning/src/pages/CustomerDetails.tsx(542,15): error TS17004: Cannot use JSX unless the '--jsx' flag is provided.
../../apps/web-cleaning/src/pages/CustomerDetails.tsx(545,13): error TS17004: Cannot use JSX unless the '--jsx' flag is provided.
../../apps/web-cleaning/src/pages/CustomerDetails.tsx(546,41): error TS6133: 'index' is declared but its value is never read.
../../apps/web-cleaning/src/pages/CustomerDetails.tsx(553,19): error TS17004: Cannot use JSX unless the '--jsx' flag is provided.
../../apps/web-cleaning/src/pages/CustomerDetails.tsx(558,21): error TS17004: Cannot use JSX unless the '--jsx' flag is provided.
../../apps/web-cleaning/src/pages/CustomerDetails.tsx(559,23): error TS17004: Cannot use JSX unless the '--jsx' flag is provided.
../../apps/web-cleaning/src/pages/CustomerDetails.tsx(562,25): error TS17004: Cannot use JSX unless the '--jsx' flag is provided.
../../apps/web-cleaning/src/pages/CustomerDetails.tsx(564,23): error TS17004: Cannot use JSX unless the '--jsx' flag is provided.
../../apps/web-cleaning/src/pages/CustomerDetails.tsx(565,25): error TS17004: Cannot use JSX unless the '--jsx' flag is provided.
../../apps/web-cleaning/src/pages/CustomerDetails.tsx(566,27): error TS17004: Cannot use JSX unless the '--jsx' flag is provided.
../../apps/web-cleaning/src/pages/CustomerDetails.tsx(567,29): error TS17004: Cannot use JSX unless the '--jsx' flag is provided.
../../apps/web-cleaning/src/pages/CustomerDetails.tsx(568,41): error TS2339: Property 'pricing_model' does not exist on type 'CleaningContract'.
../../apps/web-cleaning/src/pages/CustomerDetails.tsx(570,29): error TS17004: Cannot use JSX unless the '--jsx' flag is provided.
../../apps/web-cleaning/src/pages/CustomerDetails.tsx(570,36): error TS2322: Type '{ children: "CANCELLED" | "ACTIVE" | "PAUSED"; color: string; }' is not assignable to type 'IntrinsicAttributes & BadgeProps'.
  Property 'color' does not exist on type 'IntrinsicAttributes & BadgeProps'.
../../apps/web-cleaning/src/pages/CustomerDetails.tsx(573,25): error TS17004: Cannot use JSX unless the '--jsx' flag is provided.
../../apps/web-cleaning/src/pages/CustomerDetails.tsx(574,27): error TS17004: Cannot use JSX unless the '--jsx' flag is provided.
../../apps/web-cleaning/src/pages/CustomerDetails.tsx(578,29): error TS17004: Cannot use JSX unless the '--jsx' flag is provided.
../../apps/web-cleaning/src/pages/CustomerDetails.tsx(583,25): error TS17004: Cannot use JSX unless the '--jsx' flag is provided.
../../apps/web-cleaning/src/pages/CustomerDetails.tsx(584,27): error TS17004: Cannot use JSX unless the '--jsx' flag is provided.
../../apps/web-cleaning/src/pages/CustomerDetails.tsx(587,47): error TS2339: Property 'contract_value' does not exist on type 'CleaningContract'.
../../apps/web-cleaning/src/pages/CustomerDetails.tsx(589,27): error TS17004: Cannot use JSX unless the '--jsx' flag is provided.
../../apps/web-cleaning/src/pages/CustomerDetails.tsx(590,39): error TS2339: Property 'billing_frequency' does not exist on type 'CleaningContract'.
../../apps/web-cleaning/src/pages/CustomerDetails.tsx(603,7): error TS17004: Cannot use JSX unless the '--jsx' flag is provided.
../../apps/web-cleaning/src/pages/CustomerDetails.tsx(605,11): error TS17004: Cannot use JSX unless the '--jsx' flag is provided.
../../apps/web-cleaning/src/pages/CustomerDetails.tsx(606,13): error TS17004: Cannot use JSX unless the '--jsx' flag is provided.
../../apps/web-cleaning/src/pages/CustomerDetails.tsx(607,13): error TS17004: Cannot use JSX unless the '--jsx' flag is provided.
../../apps/web-cleaning/src/pages/CustomerDetails.tsx(610,11): error TS17004: Cannot use JSX unless the '--jsx' flag is provided.
../../apps/web-cleaning/src/pages/CustomerDetails.tsx(611,13): error TS17004: Cannot use JSX unless the '--jsx' flag is provided.
../../apps/web-cleaning/src/pages/CustomerDetails.tsx(612,15): error TS17004: Cannot use JSX unless the '--jsx' flag is provided.
../../apps/web-cleaning/src/pages/CustomerDetails.tsx(615,13): error TS17004: Cannot use JSX unless the '--jsx' flag is provided.
../../apps/web-cleaning/src/pages/CustomerDetails.tsx(634,19): error TS17004: Cannot use JSX unless the '--jsx' flag is provided.
../../apps/web-cleaning/src/pages/CustomerDetails.tsx(639,21): error TS17004: Cannot use JSX unless the '--jsx' flag is provided.
../../apps/web-cleaning/src/pages/CustomerDetails.tsx(640,23): error TS17004: Cannot use JSX unless the '--jsx' flag is provided.
../../apps/web-cleaning/src/pages/CustomerDetails.tsx(641,25): error TS17004: Cannot use JSX unless the '--jsx' flag is provided.
../../apps/web-cleaning/src/pages/CustomerDetails.tsx(643,23): error TS17004: Cannot use JSX unless the '--jsx' flag is provided.
../../apps/web-cleaning/src/pages/CustomerDetails.tsx(644,25): error TS17004: Cannot use JSX unless the '--jsx' flag is provided.
../../apps/web-cleaning/src/pages/CustomerDetails.tsx(645,27): error TS17004: Cannot use JSX unless the '--jsx' flag is provided.
../../apps/web-cleaning/src/pages/CustomerDetails.tsx(646,29): error TS17004: Cannot use JSX unless the '--jsx' flag is provided.
../../apps/web-cleaning/src/pages/CustomerDetails.tsx(647,29): error TS17004: Cannot use JSX unless the '--jsx' flag is provided.
../../apps/web-cleaning/src/pages/CustomerDetails.tsx(648,31): error TS2322: Type '{ children: "SCHEDULED" | "IN_PROGRESS" | "COMPLETED" | "PENDING" | "CANCELLED"; color: string; }' is not assignable to type 'IntrinsicAttributes & BadgeProps'.
  Property 'color' does not exist on type 'IntrinsicAttributes & BadgeProps'.
../../apps/web-cleaning/src/pages/CustomerDetails.tsx(656,25): error TS17004: Cannot use JSX unless the '--jsx' flag is provided.
../../apps/web-cleaning/src/pages/CustomerDetails.tsx(661,25): error TS17004: Cannot use JSX unless the '--jsx' flag is provided.
../../apps/web-cleaning/src/pages/CustomerDetails.tsx(662,27): error TS17004: Cannot use JSX unless the '--jsx' flag is provided.
../../apps/web-cleaning/src/pages/CustomerDetails.tsx(669,27): error TS17004: Cannot use JSX unless the '--jsx' flag is provided.
../../apps/web-cleaning/src/pages/CustomerDetails.tsx(683,7): error TS17004: Cannot use JSX unless the '--jsx' flag is provided.
../../apps/web-cleaning/src/pages/CustomerDetails.tsx(684,9): error TS17004: Cannot use JSX unless the '--jsx' flag is provided.
../../apps/web-cleaning/src/pages/CustomerDetails.tsx(685,11): error TS17004: Cannot use JSX unless the '--jsx' flag is provided.
../../apps/web-cleaning/src/pages/CustomerDetails.tsx(686,13): error TS17004: Cannot use JSX unless the '--jsx' flag is provided.
../../apps/web-cleaning/src/pages/CustomerDetails.tsx(687,15): error TS17004: Cannot use JSX unless the '--jsx' flag is provided.
../../apps/web-cleaning/src/pages/CustomerDetails.tsx(690,11): error TS17004: Cannot use JSX unless the '--jsx' flag is provided.
../../apps/web-cleaning/src/pages/CustomerDetails.tsx(691,11): error TS17004: Cannot use JSX unless the '--jsx' flag is provided.
../../apps/web-cleaning/src/pages/CustomerDetails.tsx(694,11): error TS17004: Cannot use JSX unless the '--jsx' flag is provided.
../../apps/web-cleaning/src/pages/CustomerDetails.tsx(695,13): error TS17004: Cannot use JSX unless the '--jsx' flag is provided.
../../apps/web-cleaning/src/pages/CustomerDetails.tsx(698,13): error TS17004: Cannot use JSX unless the '--jsx' flag is provided.
../../apps/web-cleaning/src/pages/Customers.tsx(58,16): error TS17004: Cannot use JSX unless the '--jsx' flag is provided.
../../apps/web-cleaning/src/pages/Customers.tsx(58,23): error TS2322: Type '{ children: string; color: string; }' is not assignable to type 'IntrinsicAttributes & BadgeProps'.
  Property 'color' does not exist on type 'IntrinsicAttributes & BadgeProps'.
../../apps/web-cleaning/src/pages/Customers.tsx(60,16): error TS17004: Cannot use JSX unless the '--jsx' flag is provided.
../../apps/web-cleaning/src/pages/Customers.tsx(60,23): error TS2322: Type '{ children: string; color: string; }' is not assignable to type 'IntrinsicAttributes & BadgeProps'.
  Property 'color' does not exist on type 'IntrinsicAttributes & BadgeProps'.
../../apps/web-cleaning/src/pages/Customers.tsx(62,16): error TS17004: Cannot use JSX unless the '--jsx' flag is provided.
../../apps/web-cleaning/src/pages/Customers.tsx(62,23): error TS2322: Type '{ children: string; color: string; }' is not assignable to type 'IntrinsicAttributes & BadgeProps'.
  Property 'color' does not exist on type 'IntrinsicAttributes & BadgeProps'.
../../apps/web-cleaning/src/pages/Customers.tsx(64,16): error TS17004: Cannot use JSX unless the '--jsx' flag is provided.
../../apps/web-cleaning/src/pages/Customers.tsx(64,23): error TS2322: Type '{ children: string; color: string; }' is not assignable to type 'IntrinsicAttributes & BadgeProps'.
  Property 'color' does not exist on type 'IntrinsicAttributes & BadgeProps'.
../../apps/web-cleaning/src/pages/Customers.tsx(94,7): error TS17004: Cannot use JSX unless the '--jsx' flag is provided.
../../apps/web-cleaning/src/pages/Customers.tsx(95,9): error TS17004: Cannot use JSX unless the '--jsx' flag is provided.
../../apps/web-cleaning/src/pages/Customers.tsx(101,5): error TS17004: Cannot use JSX unless the '--jsx' flag is provided.
../../apps/web-cleaning/src/pages/Customers.tsx(102,7): error TS17004: Cannot use JSX unless the '--jsx' flag is provided.
../../apps/web-cleaning/src/pages/Customers.tsx(103,9): error TS17004: Cannot use JSX unless the '--jsx' flag is provided.
../../apps/web-cleaning/src/pages/Customers.tsx(104,11): error TS17004: Cannot use JSX unless the '--jsx' flag is provided.
../../apps/web-cleaning/src/pages/Customers.tsx(105,11): error TS17004: Cannot use JSX unless the '--jsx' flag is provided.
../../apps/web-cleaning/src/pages/Customers.tsx(107,9): error TS17004: Cannot use JSX unless the '--jsx' flag is provided.
../../apps/web-cleaning/src/pages/Customers.tsx(108,11): error TS17004: Cannot use JSX unless the '--jsx' flag is provided.
../../apps/web-cleaning/src/pages/Customers.tsx(111,11): error TS17004: Cannot use JSX unless the '--jsx' flag is provided.
../../apps/web-cleaning/src/pages/Customers.tsx(112,13): error TS17004: Cannot use JSX unless the '--jsx' flag is provided.
../../apps/web-cleaning/src/pages/Customers.tsx(117,15): error TS17004: Cannot use JSX unless the '--jsx' flag is provided.
../../apps/web-cleaning/src/pages/Customers.tsx(118,17): error TS17004: Cannot use JSX unless the '--jsx' flag is provided.
../../apps/web-cleaning/src/pages/Customers.tsx(119,17): error TS17004: Cannot use JSX unless the '--jsx' flag is provided.
../../apps/web-cleaning/src/pages/Customers.tsx(120,17): error TS17004: Cannot use JSX unless the '--jsx' flag is provided.
../../apps/web-cleaning/src/pages/Customers.tsx(121,17): error TS17004: Cannot use JSX unless the '--jsx' flag is provided.
../../apps/web-cleaning/src/pages/Customers.tsx(124,13): error TS17004: Cannot use JSX unless the '--jsx' flag is provided.
../../apps/web-cleaning/src/pages/Customers.tsx(129,15): error TS17004: Cannot use JSX unless the '--jsx' flag is provided.
../../apps/web-cleaning/src/pages/Customers.tsx(130,17): error TS17004: Cannot use JSX unless the '--jsx' flag is provided.
../../apps/web-cleaning/src/pages/Customers.tsx(138,7): error TS17004: Cannot use JSX unless the '--jsx' flag is provided.
../../apps/web-cleaning/src/pages/Customers.tsx(139,9): error TS17004: Cannot use JSX unless the '--jsx' flag is provided.
../../apps/web-cleaning/src/pages/Customers.tsx(140,11): error TS17004: Cannot use JSX unless the '--jsx' flag is provided.
../../apps/web-cleaning/src/pages/Customers.tsx(141,13): error TS17004: Cannot use JSX unless the '--jsx' flag is provided.
../../apps/web-cleaning/src/pages/Customers.tsx(142,13): error TS17004: Cannot use JSX unless the '--jsx' flag is provided.
../../apps/web-cleaning/src/pages/Customers.tsx(145,9): error TS17004: Cannot use JSX unless the '--jsx' flag is provided.
../../apps/web-cleaning/src/pages/Customers.tsx(146,11): error TS17004: Cannot use JSX unless the '--jsx' flag is provided.
../../apps/web-cleaning/src/pages/Customers.tsx(147,13): error TS17004: Cannot use JSX unless the '--jsx' flag is provided.
../../apps/web-cleaning/src/pages/Customers.tsx(148,13): error TS17004: Cannot use JSX unless the '--jsx' flag is provided.
../../apps/web-cleaning/src/pages/Customers.tsx(151,9): error TS17004: Cannot use JSX unless the '--jsx' flag is provided.
../../apps/web-cleaning/src/pages/Customers.tsx(152,11): error TS17004: Cannot use JSX unless the '--jsx' flag is provided.
../../apps/web-cleaning/src/pages/Customers.tsx(153,13): error TS17004: Cannot use JSX unless the '--jsx' flag is provided.
../../apps/web-cleaning/src/pages/Customers.tsx(154,13): error TS17004: Cannot use JSX unless the '--jsx' flag is provided.
../../apps/web-cleaning/src/pages/Customers.tsx(157,9): error TS17004: Cannot use JSX unless the '--jsx' flag is provided.
../../apps/web-cleaning/src/pages/Customers.tsx(158,11): error TS17004: Cannot use JSX unless the '--jsx' flag is provided.
../../apps/web-cleaning/src/pages/Customers.tsx(159,13): error TS17004: Cannot use JSX unless the '--jsx' flag is provided.
../../apps/web-cleaning/src/pages/Customers.tsx(160,13): error TS17004: Cannot use JSX unless the '--jsx' flag is provided.
../../apps/web-cleaning/src/pages/Customers.tsx(166,7): error TS17004: Cannot use JSX unless the '--jsx' flag is provided.
../../apps/web-cleaning/src/pages/Customers.tsx(167,9): error TS17004: Cannot use JSX unless the '--jsx' flag is provided.
../../apps/web-cleaning/src/pages/Customers.tsx(171,52): error TS2339: Property 'value' does not exist on type 'EventTarget & HTMLInputElement'.
../../apps/web-cleaning/src/pages/Customers.tsx(177,9): error TS17004: Cannot use JSX unless the '--jsx' flag is provided.
../../apps/web-cleaning/src/pages/Customers.tsx(186,9): error TS17004: Cannot use JSX unless the '--jsx' flag is provided.
../../apps/web-cleaning/src/pages/Customers.tsx(188,13): error TS17004: Cannot use JSX unless the '--jsx' flag is provided.
../../apps/web-cleaning/src/pages/Customers.tsx(195,15): error TS17004: Cannot use JSX unless the '--jsx' flag is provided.
../../apps/web-cleaning/src/pages/Customers.tsx(196,17): error TS17004: Cannot use JSX unless the '--jsx' flag is provided.
../../apps/web-cleaning/src/pages/Customers.tsx(197,19): error TS17004: Cannot use JSX unless the '--jsx' flag is provided.
../../apps/web-cleaning/src/pages/Customers.tsx(198,19): error TS17004: Cannot use JSX unless the '--jsx' flag is provided.
../../apps/web-cleaning/src/pages/Customers.tsx(203,15): error TS17004: Cannot use JSX unless the '--jsx' flag is provided.
../../apps/web-cleaning/src/pages/Customers.tsx(204,17): error TS17004: Cannot use JSX unless the '--jsx' flag is provided.
../../apps/web-cleaning/src/pages/Customers.tsx(205,19): error TS17004: Cannot use JSX unless the '--jsx' flag is provided.
../../apps/web-cleaning/src/pages/Customers.tsx(206,21): error TS17004: Cannot use JSX unless the '--jsx' flag is provided.
../../apps/web-cleaning/src/pages/Customers.tsx(211,19): error TS17004: Cannot use JSX unless the '--jsx' flag is provided.
../../apps/web-cleaning/src/pages/Customers.tsx(213,17): error TS17004: Cannot use JSX unless the '--jsx' flag is provided.
../../apps/web-cleaning/src/pages/Customers.tsx(214,19): error TS17004: Cannot use JSX unless the '--jsx' flag is provided.
../../apps/web-cleaning/src/pages/Customers.tsx(215,21): error TS17004: Cannot use JSX unless the '--jsx' flag is provided.
../../apps/web-cleaning/src/pages/Customers.tsx(222,19): error TS17004: Cannot use JSX unless the '--jsx' flag is provided.
../../apps/web-cleaning/src/pages/Customers.tsx(226,15): error TS17004: Cannot use JSX unless the '--jsx' flag is provided.
../../apps/web-cleaning/src/pages/Customers.tsx(227,52): error TS17004: Cannot use JSX unless the '--jsx' flag is provided.
../../apps/web-cleaning/src/pages/Customers.tsx(227,59): error TS2322: Type '{ children: string; color: string; }' is not assignable to type 'IntrinsicAttributes & BadgeProps'.
  Property 'color' does not exist on type 'IntrinsicAttributes & BadgeProps'.
../../apps/web-cleaning/src/pages/Customers.tsx(228,55): error TS17004: Cannot use JSX unless the '--jsx' flag is provided.
../../apps/web-cleaning/src/pages/Customers.tsx(228,62): error TS2322: Type '{ children: string; color: string; }' is not assignable to type 'IntrinsicAttributes & BadgeProps'.
  Property 'color' does not exist on type 'IntrinsicAttributes & BadgeProps'.
../../apps/web-cleaning/src/pages/Customers.tsx(232,17): error TS17004: Cannot use JSX unless the '--jsx' flag is provided.
../../apps/web-cleaning/src/pages/Customers.tsx(233,19): error TS17004: Cannot use JSX unless the '--jsx' flag is provided.
../../apps/web-cleaning/src/pages/Customers.tsx(234,21): error TS17004: Cannot use JSX unless the '--jsx' flag is provided.
../../apps/web-cleaning/src/pages/Customers.tsx(235,21): error TS17004: Cannot use JSX unless the '--jsx' flag is provided.
../../apps/web-cleaning/src/pages/Customers.tsx(237,19): error TS17004: Cannot use JSX unless the '--jsx' flag is provided.
../../apps/web-cleaning/src/pages/Customers.tsx(238,21): error TS17004: Cannot use JSX unless the '--jsx' flag is provided.
../../apps/web-cleaning/src/pages/Customers.tsx(239,21): error TS17004: Cannot use JSX unless the '--jsx' flag is provided.
../../apps/web-cleaning/src/pages/Customers.tsx(245,17): error TS17004: Cannot use JSX unless the '--jsx' flag is provided.
../../apps/web-cleaning/src/pages/Customers.tsx(246,19): error TS17004: Cannot use JSX unless the '--jsx' flag is provided.
../../apps/web-cleaning/src/pages/Customers.tsx(246,26): error TS2322: Type '{ children: (string | number)[]; color: string; }' is not assignable to type 'IntrinsicAttributes & BadgeProps'.
  Property 'color' does not exist on type 'IntrinsicAttributes & BadgeProps'.
../../apps/web-cleaning/src/pages/EditCustomer.tsx(280,7): error TS17004: Cannot use JSX unless the '--jsx' flag is provided.
../../apps/web-cleaning/src/pages/EditCustomer.tsx(281,9): error TS17004: Cannot use JSX unless the '--jsx' flag is provided.
../../apps/web-cleaning/src/pages/EditCustomer.tsx(282,11): error TS17004: Cannot use JSX unless the '--jsx' flag is provided.
../../apps/web-cleaning/src/pages/EditCustomer.tsx(283,11): error TS17004: Cannot use JSX unless the '--jsx' flag is provided.
../../apps/web-cleaning/src/pages/EditCustomer.tsx(291,7): error TS17004: Cannot use JSX unless the '--jsx' flag is provided.
../../apps/web-cleaning/src/pages/EditCustomer.tsx(292,9): error TS17004: Cannot use JSX unless the '--jsx' flag is provided.
../../apps/web-cleaning/src/pages/EditCustomer.tsx(293,11): error TS17004: Cannot use JSX unless the '--jsx' flag is provided.
../../apps/web-cleaning/src/pages/EditCustomer.tsx(294,11): error TS17004: Cannot use JSX unless the '--jsx' flag is provided.
../../apps/web-cleaning/src/pages/EditCustomer.tsx(295,11): error TS17004: Cannot use JSX unless the '--jsx' flag is provided.
../../apps/web-cleaning/src/pages/EditCustomer.tsx(302,5): error TS17004: Cannot use JSX unless the '--jsx' flag is provided.
../../apps/web-cleaning/src/pages/EditCustomer.tsx(303,7): error TS17004: Cannot use JSX unless the '--jsx' flag is provided.
../../apps/web-cleaning/src/pages/EditCustomer.tsx(304,9): error TS17004: Cannot use JSX unless the '--jsx' flag is provided.
../../apps/web-cleaning/src/pages/EditCustomer.tsx(305,11): error TS17004: Cannot use JSX unless the '--jsx' flag is provided.
../../apps/web-cleaning/src/pages/EditCustomer.tsx(306,11): error TS17004: Cannot use JSX unless the '--jsx' flag is provided.
../../apps/web-cleaning/src/pages/EditCustomer.tsx(308,9): error TS17004: Cannot use JSX unless the '--jsx' flag is provided.
../../apps/web-cleaning/src/pages/EditCustomer.tsx(309,11): error TS17004: Cannot use JSX unless the '--jsx' flag is provided.
../../apps/web-cleaning/src/pages/EditCustomer.tsx(312,11): error TS17004: Cannot use JSX unless the '--jsx' flag is provided.
../../apps/web-cleaning/src/pages/EditCustomer.tsx(318,7): error TS17004: Cannot use JSX unless the '--jsx' flag is provided.
../../apps/web-cleaning/src/pages/EditCustomer.tsx(319,9): error TS17004: Cannot use JSX unless the '--jsx' flag is provided.
../../apps/web-cleaning/src/pages/EditCustomer.tsx(320,11): error TS17004: Cannot use JSX unless the '--jsx' flag is provided.
../../apps/web-cleaning/src/pages/EditCustomer.tsx(321,13): error TS17004: Cannot use JSX unless the '--jsx' flag is provided.
../../apps/web-cleaning/src/pages/EditCustomer.tsx(323,15): error TS17004: Cannot use JSX unless the '--jsx' flag is provided.
../../apps/web-cleaning/src/pages/EditCustomer.tsx(324,17): error TS17004: Cannot use JSX unless the '--jsx' flag is provided.
../../apps/web-cleaning/src/pages/EditCustomer.tsx(325,17): error TS17004: Cannot use JSX unless the '--jsx' flag is provided.
../../apps/web-cleaning/src/pages/EditCustomer.tsx(326,19): error TS17004: Cannot use JSX unless the '--jsx' flag is provided.
../../apps/web-cleaning/src/pages/EditCustomer.tsx(327,21): error TS17004: Cannot use JSX unless the '--jsx' flag is provided.
../../apps/web-cleaning/src/pages/EditCustomer.tsx(330,84): error TS2339: Property 'value' does not exist on type 'EventTarget & HTMLInputElement'.
../../apps/web-cleaning/src/pages/EditCustomer.tsx(338,19): error TS17004: Cannot use JSX unless the '--jsx' flag is provided.
../../apps/web-cleaning/src/pages/EditCustomer.tsx(341,81): error TS2339: Property 'value' does not exist on type 'EventTarget & HTMLInputElement'.
../../apps/web-cleaning/src/pages/EditCustomer.tsx(348,19): error TS17004: Cannot use JSX unless the '--jsx' flag is provided.
../../apps/web-cleaning/src/pages/EditCustomer.tsx(360,15): error TS17004: Cannot use JSX unless the '--jsx' flag is provided.
../../apps/web-cleaning/src/pages/EditCustomer.tsx(361,17): error TS17004: Cannot use JSX unless the '--jsx' flag is provided.
../../apps/web-cleaning/src/pages/EditCustomer.tsx(362,17): error TS17004: Cannot use JSX unless the '--jsx' flag is provided.
../../apps/web-cleaning/src/pages/EditCustomer.tsx(363,19): error TS17004: Cannot use JSX unless the '--jsx' flag is provided.
../../apps/web-cleaning/src/pages/EditCustomer.tsx(367,74): error TS2339: Property 'value' does not exist on type 'EventTarget & HTMLInputElement'.
../../apps/web-cleaning/src/pages/EditCustomer.tsx(374,19): error TS17004: Cannot use JSX unless the '--jsx' flag is provided.
../../apps/web-cleaning/src/pages/EditCustomer.tsx(378,74): error TS2339: Property 'value' does not exist on type 'EventTarget & HTMLInputElement'.
../../apps/web-cleaning/src/pages/EditCustomer.tsx(388,15): error TS17004: Cannot use JSX unless the '--jsx' flag is provided.
../../apps/web-cleaning/src/pages/EditCustomer.tsx(389,17): error TS17004: Cannot use JSX unless the '--jsx' flag is provided.
../../apps/web-cleaning/src/pages/EditCustomer.tsx(390,17): error TS17004: Cannot use JSX unless the '--jsx' flag is provided.
../../apps/web-cleaning/src/pages/EditCustomer.tsx(391,19): error TS17004: Cannot use JSX unless the '--jsx' flag is provided.
../../apps/web-cleaning/src/pages/EditCustomer.tsx(392,21): error TS17004: Cannot use JSX unless the '--jsx' flag is provided.
../../apps/web-cleaning/src/pages/EditCustomer.tsx(395,93): error TS2339: Property 'value' does not exist on type 'EventTarget & HTMLInputElement'.
../../apps/web-cleaning/src/pages/EditCustomer.tsx(401,19): error TS17004: Cannot use JSX unless the '--jsx' flag is provided.
../../apps/web-cleaning/src/pages/EditCustomer.tsx(402,21): error TS17004: Cannot use JSX unless the '--jsx' flag is provided.
../../apps/web-cleaning/src/pages/EditCustomer.tsx(405,93): error TS2339: Property 'value' does not exist on type 'EventTarget & HTMLInputElement'.
../../apps/web-cleaning/src/pages/EditCustomer.tsx(411,19): error TS17004: Cannot use JSX unless the '--jsx' flag is provided.
../../apps/web-cleaning/src/pages/EditCustomer.tsx(414,82): error TS2339: Property 'value' does not exist on type 'EventTarget & HTMLInputElement'.
../../apps/web-cleaning/src/pages/EditCustomer.tsx(419,19): error TS17004: Cannot use JSX unless the '--jsx' flag is provided.
../../apps/web-cleaning/src/pages/EditCustomer.tsx(422,86): error TS2339: Property 'value' does not exist on type 'EventTarget & HTMLInputElement'.
../../apps/web-cleaning/src/pages/EditCustomer.tsx(427,19): error TS17004: Cannot use JSX unless the '--jsx' flag is provided.
../../apps/web-cleaning/src/pages/EditCustomer.tsx(428,21): error TS17004: Cannot use JSX unless the '--jsx' flag is provided.
../../apps/web-cleaning/src/pages/EditCustomer.tsx(431,87): error TS2339: Property 'value' does not exist on type 'EventTarget & HTMLInputElement'.
../../apps/web-cleaning/src/pages/EditCustomer.tsx(440,15): error TS17004: Cannot use JSX unless the '--jsx' flag is provided.
../../apps/web-cleaning/src/pages/EditCustomer.tsx(441,17): error TS17004: Cannot use JSX unless the '--jsx' flag is provided.
../../apps/web-cleaning/src/pages/EditCustomer.tsx(442,19): error TS17004: Cannot use JSX unless the '--jsx' flag is provided.
../../apps/web-cleaning/src/pages/EditCustomer.tsx(443,19): error TS17004: Cannot use JSX unless the '--jsx' flag is provided.
../../apps/web-cleaning/src/pages/EditCustomer.tsx(446,94): error TS2339: Property 'checked' does not exist on type 'EventTarget & HTMLInputElement'.
../../apps/web-cleaning/src/pages/EditCustomer.tsx(452,19): error TS17004: Cannot use JSX unless the '--jsx' flag is provided.
../../apps/web-cleaning/src/pages/EditCustomer.tsx(453,21): error TS17004: Cannot use JSX unless the '--jsx' flag is provided.
../../apps/web-cleaning/src/pages/EditCustomer.tsx(454,23): error TS17004: Cannot use JSX unless the '--jsx' flag is provided.
../../apps/web-cleaning/src/pages/EditCustomer.tsx(457,94): error TS2339: Property 'value' does not exist on type 'EventTarget & HTMLInputElement'.
../../apps/web-cleaning/src/pages/EditCustomer.tsx(463,21): error TS17004: Cannot use JSX unless the '--jsx' flag is provided.
../../apps/web-cleaning/src/pages/EditCustomer.tsx(464,23): error TS17004: Cannot use JSX unless the '--jsx' flag is provided.
../../apps/web-cleaning/src/pages/EditCustomer.tsx(467,94): error TS2339: Property 'value' does not exist on type 'EventTarget & HTMLInputElement'.
../../apps/web-cleaning/src/pages/EditCustomer.tsx(473,21): error TS17004: Cannot use JSX unless the '--jsx' flag is provided.
../../apps/web-cleaning/src/pages/EditCustomer.tsx(476,83): error TS2339: Property 'value' does not exist on type 'EventTarget & HTMLInputElement'.
../../apps/web-cleaning/src/pages/EditCustomer.tsx(481,21): error TS17004: Cannot use JSX unless the '--jsx' flag is provided.
../../apps/web-cleaning/src/pages/EditCustomer.tsx(484,87): error TS2339: Property 'value' does not exist on type 'EventTarget & HTMLInputElement'.
../../apps/web-cleaning/src/pages/EditCustomer.tsx(489,21): error TS17004: Cannot use JSX unless the '--jsx' flag is provided.
../../apps/web-cleaning/src/pages/EditCustomer.tsx(490,23): error TS17004: Cannot use JSX unless the '--jsx' flag is provided.
../../apps/web-cleaning/src/pages/EditCustomer.tsx(493,88): error TS2339: Property 'value' does not exist on type 'EventTarget & HTMLInputElement'.
../../apps/web-cleaning/src/pages/EditCustomer.tsx(503,15): error TS17004: Cannot use JSX unless the '--jsx' flag is provided.
../../apps/web-cleaning/src/pages/EditCustomer.tsx(504,17): error TS17004: Cannot use JSX unless the '--jsx' flag is provided.
../../apps/web-cleaning/src/pages/EditCustomer.tsx(505,17): error TS17004: Cannot use JSX unless the '--jsx' flag is provided.
../../apps/web-cleaning/src/pages/EditCustomer.tsx(506,19): error TS17004: Cannot use JSX unless the '--jsx' flag is provided.
../../apps/web-cleaning/src/pages/EditCustomer.tsx(509,90): error TS2339: Property 'checked' does not exist on type 'EventTarget & HTMLInputElement'.
../../apps/web-cleaning/src/pages/EditCustomer.tsx(513,19): error TS17004: Cannot use JSX unless the '--jsx' flag is provided.
../../apps/web-cleaning/src/pages/EditCustomer.tsx(516,93): error TS2339: Property 'checked' does not exist on type 'EventTarget & HTMLInputElement'.
../../apps/web-cleaning/src/pages/EditCustomer.tsx(521,21): error TS17004: Cannot use JSX unless the '--jsx' flag is provided.
../../apps/web-cleaning/src/pages/EditCustomer.tsx(522,23): error TS17004: Cannot use JSX unless the '--jsx' flag is provided.
../../apps/web-cleaning/src/pages/EditCustomer.tsx(527,96): error TS2339: Property 'value' does not exist on type 'EventTarget & HTMLInputElement'.
../../apps/web-cleaning/src/pages/EditCustomer.tsx(534,23): error TS17004: Cannot use JSX unless the '--jsx' flag is provided.
../../apps/web-cleaning/src/pages/EditCustomer.tsx(543,15): error TS17004: Cannot use JSX unless the '--jsx' flag is provided.
../../apps/web-cleaning/src/pages/EditCustomer.tsx(544,17): error TS17004: Cannot use JSX unless the '--jsx' flag is provided.
../../apps/web-cleaning/src/pages/EditCustomer.tsx(545,17): error TS17004: Cannot use JSX unless the '--jsx' flag is provided.
../../apps/web-cleaning/src/pages/EditCustomer.tsx(546,19): error TS17004: Cannot use JSX unless the '--jsx' flag is provided.
../../apps/web-cleaning/src/pages/EditCustomer.tsx(553,19): error TS17004: Cannot use JSX unless the '--jsx' flag is provided.
../../apps/web-cleaning/src/pages/EditCustomer.tsx(554,21): error TS17004: Cannot use JSX unless the '--jsx' flag is provided.
../../apps/web-cleaning/src/pages/EditCustomer.tsx(562,15): error TS17004: Cannot use JSX unless the '--jsx' flag is provided.
../../apps/web-cleaning/src/pages/EditCustomer.tsx(563,17): error TS17004: Cannot use JSX unless the '--jsx' flag is provided.
../../apps/web-cleaning/src/pages/EditCustomer.tsx(566,17): error TS17004: Cannot use JSX unless the '--jsx' flag is provided.
../../apps/web-cleaning/src/pages/EditCustomer.tsx(567,33): error TS17004: Cannot use JSX unless the '--jsx' flag is provided.
../../apps/web-cleaning/src/pages/EditCustomer.tsx(575,9): error TS17004: Cannot use JSX unless the '--jsx' flag is provided.
../../apps/web-cleaning/src/pages/EditCustomer.tsx(576,11): error TS17004: Cannot use JSX unless the '--jsx' flag is provided.
../../apps/web-cleaning/src/pages/EditCustomer.tsx(577,13): error TS17004: Cannot use JSX unless the '--jsx' flag is provided.
../../apps/web-cleaning/src/pages/EditCustomer.tsx(578,15): error TS17004: Cannot use JSX unless the '--jsx' flag is provided.
../../apps/web-cleaning/src/pages/EditCustomer.tsx(579,15): error TS17004: Cannot use JSX unless the '--jsx' flag is provided.
../../apps/web-cleaning/src/pages/EditCustomer.tsx(583,15): error TS17004: Cannot use JSX unless the '--jsx' flag is provided.
../../apps/web-cleaning/src/pages/EditCustomer.tsx(584,17): error TS17004: Cannot use JSX unless the '--jsx' flag is provided.
../../apps/web-cleaning/src/pages/EditCustomer.tsx(585,17): error TS17004: Cannot use JSX unless the '--jsx' flag is provided.
../../apps/web-cleaning/src/pages/EditCustomer.tsx(588,15): error TS17004: Cannot use JSX unless the '--jsx' flag is provided.
../../apps/web-cleaning/src/pages/EditCustomer.tsx(589,17): error TS17004: Cannot use JSX unless the '--jsx' flag is provided.
../../apps/web-cleaning/src/pages/EditCustomer.tsx(590,17): error TS17004: Cannot use JSX unless the '--jsx' flag is provided.
../../apps/web-cleaning/src/pages/EditCustomer.tsx(591,17): error TS17004: Cannot use JSX unless the '--jsx' flag is provided.
../../apps/web-cleaning/src/pages/EditCustomer.tsx(594,15): error TS17004: Cannot use JSX unless the '--jsx' flag is provided.
../../apps/web-cleaning/src/pages/EditCustomer.tsx(596,19): error TS17004: Cannot use JSX unless the '--jsx' flag is provided.
../../apps/web-cleaning/src/pages/EditCustomer.tsx(597,21): error TS17004: Cannot use JSX unless the '--jsx' flag is provided.
../../apps/web-cleaning/src/pages/EditCustomer.tsx(598,23): error TS17004: Cannot use JSX unless the '--jsx' flag is provided.
../../apps/web-cleaning/src/pages/EditCustomer.tsx(599,25): error TS17004: Cannot use JSX unless the '--jsx' flag is provided.
../../apps/web-cleaning/src/pages/EditCustomer.tsx(600,25): error TS17004: Cannot use JSX unless the '--jsx' flag is provided.
../../apps/web-cleaning/src/pages/EditCustomer.tsx(603,25): error TS17004: Cannot use JSX unless the '--jsx' flag is provided.
../../apps/web-cleaning/src/pages/EditCustomer.tsx(605,25): error TS17004: Cannot use JSX unless the '--jsx' flag is provided.
../../apps/web-cleaning/src/pages/EditCustomer.tsx(608,21): error TS17004: Cannot use JSX unless the '--jsx' flag is provided.
../../apps/web-cleaning/src/pages/EditCustomer.tsx(609,23): error TS17004: Cannot use JSX unless the '--jsx' flag is provided.
../../apps/web-cleaning/src/pages/EditCustomer.tsx(610,25): error TS17004: Cannot use JSX unless the '--jsx' flag is provided.
../../apps/web-cleaning/src/pages/EditCustomer.tsx(611,25): error TS17004: Cannot use JSX unless the '--jsx' flag is provided.
../../apps/web-cleaning/src/pages/EditCustomer.tsx(613,23): error TS17004: Cannot use JSX unless the '--jsx' flag is provided.
../../apps/web-cleaning/src/pages/EditCustomer.tsx(614,25): error TS17004: Cannot use JSX unless the '--jsx' flag is provided.
../../apps/web-cleaning/src/pages/EditCustomer.tsx(615,25): error TS17004: Cannot use JSX unless the '--jsx' flag is provided.
../../apps/web-cleaning/src/pages/EditCustomer.tsx(617,23): error TS17004: Cannot use JSX unless the '--jsx' flag is provided.
../../apps/web-cleaning/src/pages/EditCustomer.tsx(618,25): error TS17004: Cannot use JSX unless the '--jsx' flag is provided.
../../apps/web-cleaning/src/pages/EditCustomer.tsx(619,25): error TS17004: Cannot use JSX unless the '--jsx' flag is provided.
../../apps/web-cleaning/src/pages/EditCustomer.tsx(629,9): error TS17004: Cannot use JSX unless the '--jsx' flag is provided.
../../apps/web-cleaning/src/pages/EditCustomer.tsx(630,11): error TS17004: Cannot use JSX unless the '--jsx' flag is provided.
../../apps/web-cleaning/src/pages/EditCustomer.tsx(631,13): error TS17004: Cannot use JSX unless the '--jsx' flag is provided.
../../apps/web-cleaning/src/pages/EditCustomer.tsx(632,15): error TS17004: Cannot use JSX unless the '--jsx' flag is provided.
../../apps/web-cleaning/src/pages/EditCustomer.tsx(633,15): error TS17004: Cannot use JSX unless the '--jsx' flag is provided.
../../apps/web-cleaning/src/pages/EditCustomer.tsx(637,15): error TS17004: Cannot use JSX unless the '--jsx' flag is provided.
../../apps/web-cleaning/src/pages/EditCustomer.tsx(638,17): error TS17004: Cannot use JSX unless the '--jsx' flag is provided.
../../apps/web-cleaning/src/pages/EditCustomer.tsx(639,17): error TS17004: Cannot use JSX unless the '--jsx' flag is provided.
../../apps/web-cleaning/src/pages/EditCustomer.tsx(642,15): error TS17004: Cannot use JSX unless the '--jsx' flag is provided.
../../apps/web-cleaning/src/pages/EditCustomer.tsx(643,17): error TS17004: Cannot use JSX unless the '--jsx' flag is provided.
../../apps/web-cleaning/src/pages/EditCustomer.tsx(644,17): error TS17004: Cannot use JSX unless the '--jsx' flag is provided.
../../apps/web-cleaning/src/pages/EditCustomer.tsx(645,17): error TS17004: Cannot use JSX unless the '--jsx' flag is provided.
../../apps/web-cleaning/src/pages/EditCustomer.tsx(648,15): error TS17004: Cannot use JSX unless the '--jsx' flag is provided.
../../apps/web-cleaning/src/pages/EditCustomer.tsx(650,19): error TS17004: Cannot use JSX unless the '--jsx' flag is provided.
../../apps/web-cleaning/src/pages/EditCustomer.tsx(651,21): error TS17004: Cannot use JSX unless the '--jsx' flag is provided.
../../apps/web-cleaning/src/pages/EditCustomer.tsx(652,23): error TS17004: Cannot use JSX unless the '--jsx' flag is provided.
../../apps/web-cleaning/src/pages/EditCustomer.tsx(653,25): error TS17004: Cannot use JSX unless the '--jsx' flag is provided.
../../apps/web-cleaning/src/pages/EditCustomer.tsx(653,64): error TS2339: Property 'contract_number' does not exist on type 'CleaningContract'.
../../apps/web-cleaning/src/pages/EditCustomer.tsx(654,25): error TS17004: Cannot use JSX unless the '--jsx' flag is provided.
../../apps/web-cleaning/src/pages/EditCustomer.tsx(654,65): error TS2339: Property 'service_type' does not exist on type 'CleaningContract'.
../../apps/web-cleaning/src/pages/EditCustomer.tsx(656,23): error TS17004: Cannot use JSX unless the '--jsx' flag is provided.
../../apps/web-cleaning/src/pages/EditCustomer.tsx(658,25): error TS2367: This comparison appears to be unintentional because the types '"CANCELLED" | "PAUSED"' and '"PENDING"' have no overlap.
../../apps/web-cleaning/src/pages/EditCustomer.tsx(664,21): error TS17004: Cannot use JSX unless the '--jsx' flag is provided.
../../apps/web-cleaning/src/pages/EditCustomer.tsx(665,23): error TS17004: Cannot use JSX unless the '--jsx' flag is provided.
../../apps/web-cleaning/src/pages/EditCustomer.tsx(666,25): error TS17004: Cannot use JSX unless the '--jsx' flag is provided.
../../apps/web-cleaning/src/pages/EditCustomer.tsx(667,25): error TS17004: Cannot use JSX unless the '--jsx' flag is provided.
../../apps/web-cleaning/src/pages/EditCustomer.tsx(667,74): error TS2339: Property 'start_date' does not exist on type 'CleaningContract'.
../../apps/web-cleaning/src/pages/EditCustomer.tsx(669,23): error TS17004: Cannot use JSX unless the '--jsx' flag is provided.
../../apps/web-cleaning/src/pages/EditCustomer.tsx(670,25): error TS17004: Cannot use JSX unless the '--jsx' flag is provided.
../../apps/web-cleaning/src/pages/EditCustomer.tsx(671,25): error TS17004: Cannot use JSX unless the '--jsx' flag is provided.
../../apps/web-cleaning/src/pages/EditCustomer.tsx(671,65): error TS2339: Property 'frequency' does not exist on type 'CleaningContract'.
../../apps/web-cleaning/src/pages/EditCustomer.tsx(681,9): error TS17004: Cannot use JSX unless the '--jsx' flag is provided.
../../apps/web-cleaning/src/pages/EditCustomer.tsx(682,11): error TS17004: Cannot use JSX unless the '--jsx' flag is provided.
../../apps/web-cleaning/src/pages/EditCustomer.tsx(683,13): error TS17004: Cannot use JSX unless the '--jsx' flag is provided.
../../apps/web-cleaning/src/pages/EditCustomer.tsx(684,15): error TS17004: Cannot use JSX unless the '--jsx' flag is provided.
../../apps/web-cleaning/src/pages/EditCustomer.tsx(685,15): error TS17004: Cannot use JSX unless the '--jsx' flag is provided.
../../apps/web-cleaning/src/pages/EditCustomer.tsx(689,15): error TS17004: Cannot use JSX unless the '--jsx' flag is provided.
../../apps/web-cleaning/src/pages/EditCustomer.tsx(690,17): error TS17004: Cannot use JSX unless the '--jsx' flag is provided.
../../apps/web-cleaning/src/pages/EditCustomer.tsx(691,17): error TS17004: Cannot use JSX unless the '--jsx' flag is provided.
../../apps/web-cleaning/src/pages/EditCustomer.tsx(694,15): error TS17004: Cannot use JSX unless the '--jsx' flag is provided.
../../apps/web-cleaning/src/pages/EditCustomer.tsx(695,17): error TS17004: Cannot use JSX unless the '--jsx' flag is provided.
../../apps/web-cleaning/src/pages/EditCustomer.tsx(696,17): error TS17004: Cannot use JSX unless the '--jsx' flag is provided.
../../apps/web-cleaning/src/pages/EditCustomer.tsx(697,17): error TS17004: Cannot use JSX unless the '--jsx' flag is provided.
../../apps/web-cleaning/src/pages/EditCustomer.tsx(700,15): error TS17004: Cannot use JSX unless the '--jsx' flag is provided.
../../apps/web-cleaning/src/pages/EditCustomer.tsx(702,19): error TS17004: Cannot use JSX unless the '--jsx' flag is provided.
../../apps/web-cleaning/src/pages/EditCustomer.tsx(703,21): error TS17004: Cannot use JSX unless the '--jsx' flag is provided.
../../apps/web-cleaning/src/pages/EditCustomer.tsx(704,23): error TS17004: Cannot use JSX unless the '--jsx' flag is provided.
../../apps/web-cleaning/src/pages/EditCustomer.tsx(705,25): error TS17004: Cannot use JSX unless the '--jsx' flag is provided.
../../apps/web-cleaning/src/pages/EditCustomer.tsx(706,25): error TS17004: Cannot use JSX unless the '--jsx' flag is provided.
../../apps/web-cleaning/src/pages/EditCustomer.tsx(706,73): error TS2339: Property 'invoice_date' does not exist on type 'CleaningInvoice'.
../../apps/web-cleaning/src/pages/EditCustomer.tsx(708,23): error TS17004: Cannot use JSX unless the '--jsx' flag is provided.
../../apps/web-cleaning/src/pages/EditCustomer.tsx(717,21): error TS17004: Cannot use JSX unless the '--jsx' flag is provided.
../../apps/web-cleaning/src/pages/EditCustomer.tsx(718,23): error TS17004: Cannot use JSX unless the '--jsx' flag is provided.
../../apps/web-cleaning/src/pages/EditCustomer.tsx(719,25): error TS17004: Cannot use JSX unless the '--jsx' flag is provided.
../../apps/web-cleaning/src/pages/EditCustomer.tsx(720,25): error TS17004: Cannot use JSX unless the '--jsx' flag is provided.
../../apps/web-cleaning/src/pages/EditCustomer.tsx(732,9): error TS17004: Cannot use JSX unless the '--jsx' flag is provided.
../../apps/web-cleaning/src/pages/EditCustomer.tsx(733,11): error TS17004: Cannot use JSX unless the '--jsx' flag is provided.
../../apps/web-cleaning/src/pages/EditCustomer.tsx(734,13): error TS17004: Cannot use JSX unless the '--jsx' flag is provided.
../../apps/web-cleaning/src/pages/EditCustomer.tsx(735,15): error TS17004: Cannot use JSX unless the '--jsx' flag is provided.
../../apps/web-cleaning/src/pages/EditCustomer.tsx(736,15): error TS17004: Cannot use JSX unless the '--jsx' flag is provided.
../../apps/web-cleaning/src/pages/EditCustomer.tsx(740,15): error TS17004: Cannot use JSX unless the '--jsx' flag is provided.
../../apps/web-cleaning/src/pages/EditCustomer.tsx(741,17): error TS17004: Cannot use JSX unless the '--jsx' flag is provided.
../../apps/web-cleaning/src/pages/EditCustomer.tsx(742,17): error TS17004: Cannot use JSX unless the '--jsx' flag is provided.
../../apps/web-cleaning/src/pages/EditCustomer.tsx(745,15): error TS17004: Cannot use JSX unless the '--jsx' flag is provided.
../../apps/web-cleaning/src/pages/EditCustomer.tsx(746,17): error TS17004: Cannot use JSX unless the '--jsx' flag is provided.
../../apps/web-cleaning/src/pages/EditCustomer.tsx(747,17): error TS17004: Cannot use JSX unless the '--jsx' flag is provided.
../../apps/web-cleaning/src/pages/EditCustomer.tsx(748,17): error TS17004: Cannot use JSX unless the '--jsx' flag is provided.
../../apps/web-cleaning/src/pages/EditCustomer.tsx(751,15): error TS17004: Cannot use JSX unless the '--jsx' flag is provided.
../../apps/web-cleaning/src/pages/EditCustomer.tsx(753,19): error TS17004: Cannot use JSX unless the '--jsx' flag is provided.
../../apps/web-cleaning/src/pages/EditCustomer.tsx(754,21): error TS17004: Cannot use JSX unless the '--jsx' flag is provided.
../../apps/web-cleaning/src/pages/EditCustomer.tsx(755,23): error TS17004: Cannot use JSX unless the '--jsx' flag is provided.
../../apps/web-cleaning/src/pages/EditCustomer.tsx(756,25): error TS17004: Cannot use JSX unless the '--jsx' flag is provided.
../../apps/web-cleaning/src/pages/EditCustomer.tsx(757,25): error TS17004: Cannot use JSX unless the '--jsx' flag is provided.
../../apps/web-cleaning/src/pages/EditCustomer.tsx(759,23): error TS17004: Cannot use JSX unless the '--jsx' flag is provided.
../../apps/web-cleaning/src/pages/EditCustomer.tsx(769,21): error TS17004: Cannot use JSX unless the '--jsx' flag is provided.
../../apps/web-cleaning/src/pages/EditCustomer.tsx(770,23): error TS17004: Cannot use JSX unless the '--jsx' flag is provided.
../../apps/web-cleaning/src/pages/EditCustomer.tsx(771,25): error TS17004: Cannot use JSX unless the '--jsx' flag is provided.
../../apps/web-cleaning/src/pages/EditCustomer.tsx(772,25): error TS17004: Cannot use JSX unless the '--jsx' flag is provided.
../../apps/web-cleaning/src/pages/EditCustomer.tsx(775,21): error TS17004: Cannot use JSX unless the '--jsx' flag is provided.
../../apps/web-cleaning/src/pages/EditCustomer.tsx(776,23): error TS17004: Cannot use JSX unless the '--jsx' flag is provided.
../../apps/web-cleaning/src/pages/EditCustomer.tsx(777,25): error TS17004: Cannot use JSX unless the '--jsx' flag is provided.
../../apps/web-cleaning/src/pages/EditCustomer.tsx(778,25): error TS17004: Cannot use JSX unless the '--jsx' flag is provided.
../../apps/web-cleaning/src/pages/EditCustomer.tsx(792,7): error TS17004: Cannot use JSX unless the '--jsx' flag is provided.
../../apps/web-cleaning/src/pages/EditCustomer.tsx(793,9): error TS17004: Cannot use JSX unless the '--jsx' flag is provided.
../../apps/web-cleaning/src/pages/EditCustomer.tsx(794,11): error TS17004: Cannot use JSX unless the '--jsx' flag is provided.
../../apps/web-cleaning/src/pages/EditCustomer.tsx(795,13): error TS17004: Cannot use JSX unless the '--jsx' flag is provided.
../../apps/web-cleaning/src/pages/EditCustomer.tsx(796,13): error TS17004: Cannot use JSX unless the '--jsx' flag is provided.
../../apps/web-cleaning/src/pages/EditCustomer.tsx(802,11): error TS17004: Cannot use JSX unless the '--jsx' flag is provided.
../../apps/web-cleaning/src/pages/EditCustomer.tsx(803,13): error TS17004: Cannot use JSX unless the '--jsx' flag is provided.
../../apps/web-cleaning/src/pages/EditCustomer.tsx(804,67): error TS17004: Cannot use JSX unless the '--jsx' flag is provided.
../../apps/web-cleaning/src/pages/EditCustomer.tsx(806,13): error TS17004: Cannot use JSX unless the '--jsx' flag is provided.
../../apps/web-cleaning/src/pages/EditCustomer.tsx(808,62): error TS2339: Property 'value' does not exist on type 'EventTarget & HTMLInputElement'.
../../apps/web-cleaning/src/pages/EditCustomer.tsx(813,11): error TS17004: Cannot use JSX unless the '--jsx' flag is provided.
../../apps/web-cleaning/src/pages/EditCustomer.tsx(814,13): error TS17004: Cannot use JSX unless the '--jsx' flag is provided.
../../apps/web-cleaning/src/pages/EditCustomer.tsx(817,13): error TS17004: Cannot use JSX unless the '--jsx' flag is provided.
../../apps/web-cleaning/src/pages/EditCustomer.tsx(822,29): error TS17004: Cannot use JSX unless the '--jsx' flag is provided.
../../apps/web-cleaning/src/pages/EditInvoice.tsx(173,7): error TS17004: Cannot use JSX unless the '--jsx' flag is provided.
../../apps/web-cleaning/src/pages/EditInvoice.tsx(174,9): error TS17004: Cannot use JSX unless the '--jsx' flag is provided.
../../apps/web-cleaning/src/pages/EditInvoice.tsx(175,11): error TS17004: Cannot use JSX unless the '--jsx' flag is provided.
../../apps/web-cleaning/src/pages/EditInvoice.tsx(176,13): error TS17004: Cannot use JSX unless the '--jsx' flag is provided.
../../apps/web-cleaning/src/pages/EditInvoice.tsx(177,13): error TS17004: Cannot use JSX unless the '--jsx' flag is provided.
../../apps/web-cleaning/src/pages/EditInvoice.tsx(185,5): error TS17004: Cannot use JSX unless the '--jsx' flag is provided.
../../apps/web-cleaning/src/pages/EditInvoice.tsx(186,7): error TS17004: Cannot use JSX unless the '--jsx' flag is provided.
../../apps/web-cleaning/src/pages/EditInvoice.tsx(187,9): error TS17004: Cannot use JSX unless the '--jsx' flag is provided.
../../apps/web-cleaning/src/pages/EditInvoice.tsx(188,11): error TS17004: Cannot use JSX unless the '--jsx' flag is provided.
../../apps/web-cleaning/src/pages/EditInvoice.tsx(189,11): error TS17004: Cannot use JSX unless the '--jsx' flag is provided.
../../apps/web-cleaning/src/pages/EditInvoice.tsx(191,9): error TS17004: Cannot use JSX unless the '--jsx' flag is provided.
../../apps/web-cleaning/src/pages/EditInvoice.tsx(196,7): error TS17004: Cannot use JSX unless the '--jsx' flag is provided.
../../apps/web-cleaning/src/pages/EditInvoice.tsx(197,9): error TS17004: Cannot use JSX unless the '--jsx' flag is provided.
../../apps/web-cleaning/src/pages/EditInvoice.tsx(204,11): error TS17004: Cannot use JSX unless the '--jsx' flag is provided.
../../apps/web-cleaning/src/pages/EditInvoice.tsx(205,13): error TS17004: Cannot use JSX unless the '--jsx' flag is provided.
../../apps/web-cleaning/src/pages/EditInvoice.tsx(206,15): error TS17004: Cannot use JSX unless the '--jsx' flag is provided.
../../apps/web-cleaning/src/pages/EditInvoice.tsx(207,15): error TS17004: Cannot use JSX unless the '--jsx' flag is provided.
../../apps/web-cleaning/src/pages/EditInvoice.tsx(208,17): error TS17004: Cannot use JSX unless the '--jsx' flag is provided.
../../apps/web-cleaning/src/pages/EditInvoice.tsx(213,43): error TS2339: Property 'value' does not exist on type 'EventTarget & HTMLInputElement'.
../../apps/web-cleaning/src/pages/EditInvoice.tsx(225,17): error TS17004: Cannot use JSX unless the '--jsx' flag is provided.
../../apps/web-cleaning/src/pages/EditInvoice.tsx(230,41): error TS2339: Property 'value' does not exist on type 'EventTarget & HTMLInputElement'.
../../apps/web-cleaning/src/pages/EditInvoice.tsx(246,13): error TS17004: Cannot use JSX unless the '--jsx' flag is provided.
../../apps/web-cleaning/src/pages/EditInvoice.tsx(247,15): error TS17004: Cannot use JSX unless the '--jsx' flag is provided.
../../apps/web-cleaning/src/pages/EditInvoice.tsx(248,17): error TS17004: Cannot use JSX unless the '--jsx' flag is provided.
../../apps/web-cleaning/src/pages/EditInvoice.tsx(249,17): error TS17004: Cannot use JSX unless the '--jsx' flag is provided.
../../apps/web-cleaning/src/pages/EditInvoice.tsx(254,15): error TS17004: Cannot use JSX unless the '--jsx' flag is provided.
../../apps/web-cleaning/src/pages/EditInvoice.tsx(256,19): error TS17004: Cannot use JSX unless the '--jsx' flag is provided.
../../apps/web-cleaning/src/pages/EditInvoice.tsx(257,21): error TS17004: Cannot use JSX unless the '--jsx' flag is provided.
../../apps/web-cleaning/src/pages/EditInvoice.tsx(258,23): error TS17004: Cannot use JSX unless the '--jsx' flag is provided.
../../apps/web-cleaning/src/pages/EditInvoice.tsx(259,25): error TS17004: Cannot use JSX unless the '--jsx' flag is provided.
../../apps/web-cleaning/src/pages/EditInvoice.tsx(262,92): error TS2339: Property 'value' does not exist on type 'EventTarget & HTMLInputElement'.
../../apps/web-cleaning/src/pages/EditInvoice.tsx(268,23): error TS17004: Cannot use JSX unless the '--jsx' flag is provided.
../../apps/web-cleaning/src/pages/EditInvoice.tsx(269,25): error TS17004: Cannot use JSX unless the '--jsx' flag is provided.
../../apps/web-cleaning/src/pages/EditInvoice.tsx(273,89): error TS2339: Property 'value' does not exist on type 'EventTarget & HTMLInputElement'.
../../apps/web-cleaning/src/pages/EditInvoice.tsx(280,23): error TS17004: Cannot use JSX unless the '--jsx' flag is provided.
../../apps/web-cleaning/src/pages/EditInvoice.tsx(281,25): error TS17004: Cannot use JSX unless the '--jsx' flag is provided.
../../apps/web-cleaning/src/pages/EditInvoice.tsx(285,91): error TS2339: Property 'value' does not exist on type 'EventTarget & HTMLInputElement'.
../../apps/web-cleaning/src/pages/EditInvoice.tsx(292,23): error TS17004: Cannot use JSX unless the '--jsx' flag is provided.
../../apps/web-cleaning/src/pages/EditInvoice.tsx(293,25): error TS17004: Cannot use JSX unless the '--jsx' flag is provided.
../../apps/web-cleaning/src/pages/EditInvoice.tsx(294,25): error TS17004: Cannot use JSX unless the '--jsx' flag is provided.
../../apps/web-cleaning/src/pages/EditInvoice.tsx(298,23): error TS17004: Cannot use JSX unless the '--jsx' flag is provided.
../../apps/web-cleaning/src/pages/EditInvoice.tsx(299,25): error TS17004: Cannot use JSX unless the '--jsx' flag is provided.
../../apps/web-cleaning/src/pages/EditInvoice.tsx(315,13): error TS17004: Cannot use JSX unless the '--jsx' flag is provided.
../../apps/web-cleaning/src/pages/EditInvoice.tsx(316,15): error TS17004: Cannot use JSX unless the '--jsx' flag is provided.
../../apps/web-cleaning/src/pages/EditInvoice.tsx(317,17): error TS17004: Cannot use JSX unless the '--jsx' flag is provided.
../../apps/web-cleaning/src/pages/EditInvoice.tsx(318,19): error TS17004: Cannot use JSX unless the '--jsx' flag is provided.
../../apps/web-cleaning/src/pages/EditInvoice.tsx(319,19): error TS17004: Cannot use JSX unless the '--jsx' flag is provided.
../../apps/web-cleaning/src/pages/EditInvoice.tsx(321,17): error TS17004: Cannot use JSX unless the '--jsx' flag is provided.
../../apps/web-cleaning/src/pages/EditInvoice.tsx(322,19): error TS17004: Cannot use JSX unless the '--jsx' flag is provided.
../../apps/web-cleaning/src/pages/EditInvoice.tsx(323,19): error TS17004: Cannot use JSX unless the '--jsx' flag is provided.
../../apps/web-cleaning/src/pages/EditInvoice.tsx(325,17): error TS17004: Cannot use JSX unless the '--jsx' flag is provided.
../../apps/web-cleaning/src/pages/EditInvoice.tsx(326,19): error TS17004: Cannot use JSX unless the '--jsx' flag is provided.
../../apps/web-cleaning/src/pages/EditInvoice.tsx(327,19): error TS17004: Cannot use JSX unless the '--jsx' flag is provided.
../../apps/web-cleaning/src/pages/EditInvoice.tsx(333,13): error TS17004: Cannot use JSX unless the '--jsx' flag is provided.
../../apps/web-cleaning/src/pages/EditInvoice.tsx(334,15): error TS17004: Cannot use JSX unless the '--jsx' flag is provided.
../../apps/web-cleaning/src/pages/EditInvoice.tsx(337,52): error TS2339: Property 'value' does not exist on type 'EventTarget & HTMLTextAreaElement'.
../../apps/web-cleaning/src/pages/EditInvoice.tsx(345,11): error TS17004: Cannot use JSX unless the '--jsx' flag is provided.
../../apps/web-cleaning/src/pages/EditInvoice.tsx(346,13): error TS17004: Cannot use JSX unless the '--jsx' flag is provided.
../../apps/web-cleaning/src/pages/EditInvoice.tsx(347,29): error TS17004: Cannot use JSX unless the '--jsx' flag is provided.
../../apps/web-cleaning/src/pages/EditInvoice.tsx(350,13): error TS17004: Cannot use JSX unless the '--jsx' flag is provided.
../../apps/web-cleaning/src/pages/EditProperty.tsx(102,40): error TS2339: Property 'utility_locations' does not exist on type 'CustomerProperty'.
../../apps/web-cleaning/src/pages/EditProperty.tsx(114,50): error TS2339: Property 'emergency_contacts' does not exist on type 'CustomerProperty'.
../../apps/web-cleaning/src/pages/EditProperty.tsx(130,33): error TS2339: Property 'wifi_ssid' does not exist on type 'CustomerProperty'.
../../apps/web-cleaning/src/pages/EditProperty.tsx(131,37): error TS2339: Property 'wifi_password' does not exist on type 'CustomerProperty'.
../../apps/web-cleaning/src/pages/EditProperty.tsx(132,36): error TS2339: Property 'parking_info' does not exist on type 'CustomerProperty'.
../../apps/web-cleaning/src/pages/EditProperty.tsx(133,32): error TS2339: Property 'pet_info' does not exist on type 'CustomerProperty'.
../../apps/web-cleaning/src/pages/EditProperty.tsx(134,37): error TS2339: Property 'cleaner_notes' does not exist on type 'CustomerProperty'.
../../apps/web-cleaning/src/pages/EditProperty.tsx(135,44): error TS2339: Property 'special_requirements' does not exist on type 'CustomerProperty'.
../../apps/web-cleaning/src/pages/EditProperty.tsx(136,41): error TS2339: Property 'utility_locations' does not exist on type 'CustomerProperty'.
../../apps/web-cleaning/src/pages/EditProperty.tsx(137,42): error TS2339: Property 'emergency_contacts' does not exist on type 'CustomerProperty'.
../../apps/web-cleaning/src/pages/EditProperty.tsx(138,34): error TS2339: Property 'photo_urls' does not exist on type 'CustomerProperty'.
../../apps/web-cleaning/src/pages/EditProperty.tsx(302,7): error TS17004: Cannot use JSX unless the '--jsx' flag is provided.
../../apps/web-cleaning/src/pages/EditProperty.tsx(303,9): error TS17004: Cannot use JSX unless the '--jsx' flag is provided.
../../apps/web-cleaning/src/pages/EditProperty.tsx(304,11): error TS17004: Cannot use JSX unless the '--jsx' flag is provided.
../../apps/web-cleaning/src/pages/EditProperty.tsx(305,13): error TS17004: Cannot use JSX unless the '--jsx' flag is provided.
../../apps/web-cleaning/src/pages/EditProperty.tsx(306,13): error TS17004: Cannot use JSX unless the '--jsx' flag is provided.
../../apps/web-cleaning/src/pages/EditProperty.tsx(315,7): error TS17004: Cannot use JSX unless the '--jsx' flag is provided.
../../apps/web-cleaning/src/pages/EditProperty.tsx(316,9): error TS17004: Cannot use JSX unless the '--jsx' flag is provided.
../../apps/web-cleaning/src/pages/EditProperty.tsx(317,11): error TS17004: Cannot use JSX unless the '--jsx' flag is provided.
../../apps/web-cleaning/src/pages/EditProperty.tsx(318,13): error TS17004: Cannot use JSX unless the '--jsx' flag is provided.
../../apps/web-cleaning/src/pages/EditProperty.tsx(319,13): error TS17004: Cannot use JSX unless the '--jsx' flag is provided.
../../apps/web-cleaning/src/pages/EditProperty.tsx(320,13): error TS17004: Cannot use JSX unless the '--jsx' flag is provided.
../../apps/web-cleaning/src/pages/EditProperty.tsx(328,5): error TS17004: Cannot use JSX unless the '--jsx' flag is provided.
../../apps/web-cleaning/src/pages/EditProperty.tsx(329,7): error TS17004: Cannot use JSX unless the '--jsx' flag is provided.
../../apps/web-cleaning/src/pages/EditProperty.tsx(330,9): error TS17004: Cannot use JSX unless the '--jsx' flag is provided.
../../apps/web-cleaning/src/pages/EditProperty.tsx(333,9): error TS17004: Cannot use JSX unless the '--jsx' flag is provided.
../../apps/web-cleaning/src/pages/EditProperty.tsx(338,7): error TS17004: Cannot use JSX unless the '--jsx' flag is provided.
../../apps/web-cleaning/src/pages/EditProperty.tsx(339,9): error TS17004: Cannot use JSX unless the '--jsx' flag is provided.
../../apps/web-cleaning/src/pages/EditProperty.tsx(340,11): error TS17004: Cannot use JSX unless the '--jsx' flag is provided.
../../apps/web-cleaning/src/pages/EditProperty.tsx(341,11): error TS17004: Cannot use JSX unless the '--jsx' flag is provided.
../../apps/web-cleaning/src/pages/EditProperty.tsx(342,11): error TS17004: Cannot use JSX unless the '--jsx' flag is provided.
../../apps/web-cleaning/src/pages/EditProperty.tsx(347,9): error TS17004: Cannot use JSX unless the '--jsx' flag is provided.
../../apps/web-cleaning/src/pages/EditProperty.tsx(349,11): error TS17004: Cannot use JSX unless the '--jsx' flag is provided.
../../apps/web-cleaning/src/pages/EditProperty.tsx(350,13): error TS17004: Cannot use JSX unless the '--jsx' flag is provided.
../../apps/web-cleaning/src/pages/EditProperty.tsx(351,13): error TS17004: Cannot use JSX unless the '--jsx' flag is provided.
../../apps/web-cleaning/src/pages/EditProperty.tsx(352,15): error TS17004: Cannot use JSX unless the '--jsx' flag is provided.
../../apps/web-cleaning/src/pages/EditProperty.tsx(353,17): error TS17004: Cannot use JSX unless the '--jsx' flag is provided.
../../apps/web-cleaning/src/pages/EditProperty.tsx(356,80): error TS2339: Property 'value' does not exist on type 'EventTarget & HTMLInputElement'.
../../apps/web-cleaning/src/pages/EditProperty.tsx(364,15): error TS17004: Cannot use JSX unless the '--jsx' flag is provided.
../../apps/web-cleaning/src/pages/EditProperty.tsx(365,17): error TS17004: Cannot use JSX unless the '--jsx' flag is provided.
../../apps/web-cleaning/src/pages/EditProperty.tsx(368,74): error TS2339: Property 'value' does not exist on type 'EventTarget & HTMLInputElement'.
../../apps/web-cleaning/src/pages/EditProperty.tsx(376,15): error TS17004: Cannot use JSX unless the '--jsx' flag is provided.
../../apps/web-cleaning/src/pages/EditProperty.tsx(377,17): error TS17004: Cannot use JSX unless the '--jsx' flag is provided.
../../apps/web-cleaning/src/pages/EditProperty.tsx(380,75): error TS2339: Property 'value' does not exist on type 'EventTarget & HTMLInputElement'.
../../apps/web-cleaning/src/pages/EditProperty.tsx(388,15): error TS17004: Cannot use JSX unless the '--jsx' flag is provided.
../../apps/web-cleaning/src/pages/EditProperty.tsx(389,17): error TS17004: Cannot use JSX unless the '--jsx' flag is provided.
../../apps/web-cleaning/src/pages/EditProperty.tsx(394,19): error TS2322: Type '{ label: string; value: string; onChange: (value: ChangeEvent<HTMLSelectElement>) => void; options: SelectOption[]; placeholder: string; error: string; required: true; disabled: boolean; }' is not assignable to type 'IntrinsicAttributes & SelectProps & RefAttributes<HTMLSelectElement>'.
  Property 'placeholder' does not exist on type 'IntrinsicAttributes & SelectProps & RefAttributes<HTMLSelectElement>'.
../../apps/web-cleaning/src/pages/EditProperty.tsx(400,19): error TS17004: Cannot use JSX unless the '--jsx' flag is provided.
../../apps/web-cleaning/src/pages/EditProperty.tsx(401,21): error TS17004: Cannot use JSX unless the '--jsx' flag is provided.
../../apps/web-cleaning/src/pages/EditProperty.tsx(402,21): error TS17004: Cannot use JSX unless the '--jsx' flag is provided.
../../apps/web-cleaning/src/pages/EditProperty.tsx(407,15): error TS17004: Cannot use JSX unless the '--jsx' flag is provided.
../../apps/web-cleaning/src/pages/EditProperty.tsx(408,17): error TS17004: Cannot use JSX unless the '--jsx' flag is provided.
../../apps/web-cleaning/src/pages/EditProperty.tsx(413,19): error TS2322: Type '{ label: string; value: string; onChange: (value: ChangeEvent<HTMLSelectElement>) => void; options: SelectOption[]; placeholder: string; disabled: boolean; }' is not assignable to type 'IntrinsicAttributes & SelectProps & RefAttributes<HTMLSelectElement>'.
  Property 'placeholder' does not exist on type 'IntrinsicAttributes & SelectProps & RefAttributes<HTMLSelectElement>'.
../../apps/web-cleaning/src/pages/EditProperty.tsx(418,15): error TS17004: Cannot use JSX unless the '--jsx' flag is provided.
../../apps/web-cleaning/src/pages/EditProperty.tsx(419,17): error TS17004: Cannot use JSX unless the '--jsx' flag is provided.
../../apps/web-cleaning/src/pages/EditProperty.tsx(423,84): error TS2339: Property 'value' does not exist on type 'EventTarget & HTMLInputElement'.
../../apps/web-cleaning/src/pages/EditProperty.tsx(430,15): error TS17004: Cannot use JSX unless the '--jsx' flag is provided.
../../apps/web-cleaning/src/pages/EditProperty.tsx(431,17): error TS17004: Cannot use JSX unless the '--jsx' flag is provided.
../../apps/web-cleaning/src/pages/EditProperty.tsx(435,85): error TS2339: Property 'value' does not exist on type 'EventTarget & HTMLInputElement'.
../../apps/web-cleaning/src/pages/EditProperty.tsx(445,11): error TS17004: Cannot use JSX unless the '--jsx' flag is provided.
../../apps/web-cleaning/src/pages/EditProperty.tsx(446,13): error TS17004: Cannot use JSX unless the '--jsx' flag is provided.
../../apps/web-cleaning/src/pages/EditProperty.tsx(447,13): error TS17004: Cannot use JSX unless the '--jsx' flag is provided.
../../apps/web-cleaning/src/pages/EditProperty.tsx(448,15): error TS17004: Cannot use JSX unless the '--jsx' flag is provided.
../../apps/web-cleaning/src/pages/EditProperty.tsx(451,84): error TS2339: Property 'value' does not exist on type 'EventTarget & HTMLTextAreaElement'.
../../apps/web-cleaning/src/pages/EditProperty.tsx(457,15): error TS17004: Cannot use JSX unless the '--jsx' flag is provided.
../../apps/web-cleaning/src/pages/EditProperty.tsx(460,76): error TS2339: Property 'value' does not exist on type 'EventTarget & HTMLInputElement'.
../../apps/web-cleaning/src/pages/EditProperty.tsx(468,11): error TS17004: Cannot use JSX unless the '--jsx' flag is provided.
../../apps/web-cleaning/src/pages/EditProperty.tsx(469,13): error TS17004: Cannot use JSX unless the '--jsx' flag is provided.
../../apps/web-cleaning/src/pages/EditProperty.tsx(470,13): error TS17004: Cannot use JSX unless the '--jsx' flag is provided.
../../apps/web-cleaning/src/pages/EditProperty.tsx(473,13): error TS17004: Cannot use JSX unless the '--jsx' flag is provided.
../../apps/web-cleaning/src/pages/EditProperty.tsx(474,15): error TS17004: Cannot use JSX unless the '--jsx' flag is provided.
../../apps/web-cleaning/src/pages/EditProperty.tsx(477,74): error TS2339: Property 'value' does not exist on type 'EventTarget & HTMLInputElement'.
../../apps/web-cleaning/src/pages/EditProperty.tsx(482,15): error TS17004: Cannot use JSX unless the '--jsx' flag is provided.
../../apps/web-cleaning/src/pages/EditProperty.tsx(485,77): error TS2339: Property 'value' does not exist on type 'EventTarget & HTMLInputElement'.
../../apps/web-cleaning/src/pages/EditProperty.tsx(490,15): error TS17004: Cannot use JSX unless the '--jsx' flag is provided.
../../apps/web-cleaning/src/pages/EditProperty.tsx(493,75): error TS2339: Property 'value' does not exist on type 'EventTarget & HTMLInputElement'.
../../apps/web-cleaning/src/pages/EditProperty.tsx(498,15): error TS17004: Cannot use JSX unless the '--jsx' flag is provided.
../../apps/web-cleaning/src/pages/EditProperty.tsx(501,74): error TS2339: Property 'value' does not exist on type 'EventTarget & HTMLInputElement'.
../../apps/web-cleaning/src/pages/EditProperty.tsx(506,15): error TS17004: Cannot use JSX unless the '--jsx' flag is provided.
../../apps/web-cleaning/src/pages/EditProperty.tsx(509,73): error TS2339: Property 'value' does not exist on type 'EventTarget & HTMLInputElement'.
../../apps/web-cleaning/src/pages/EditProperty.tsx(517,11): error TS17004: Cannot use JSX unless the '--jsx' flag is provided.
../../apps/web-cleaning/src/pages/EditProperty.tsx(518,13): error TS17004: Cannot use JSX unless the '--jsx' flag is provided.
../../apps/web-cleaning/src/pages/EditProperty.tsx(519,15): error TS17004: Cannot use JSX unless the '--jsx' flag is provided.
../../apps/web-cleaning/src/pages/EditProperty.tsx(520,17): error TS17004: Cannot use JSX unless the '--jsx' flag is provided.
../../apps/web-cleaning/src/pages/EditProperty.tsx(521,17): error TS17004: Cannot use JSX unless the '--jsx' flag is provided.
../../apps/web-cleaning/src/pages/EditProperty.tsx(525,15): error TS17004: Cannot use JSX unless the '--jsx' flag is provided.
../../apps/web-cleaning/src/pages/EditProperty.tsx(535,13): error TS17004: Cannot use JSX unless the '--jsx' flag is provided.
../../apps/web-cleaning/src/pages/EditProperty.tsx(537,17): error TS17004: Cannot use JSX unless the '--jsx' flag is provided.
../../apps/web-cleaning/src/pages/EditProperty.tsx(538,19): error TS17004: Cannot use JSX unless the '--jsx' flag is provided.
../../apps/web-cleaning/src/pages/EditProperty.tsx(541,91): error TS2339: Property 'value' does not exist on type 'EventTarget & HTMLInputElement'.
../../apps/web-cleaning/src/pages/EditProperty.tsx(546,19): error TS17004: Cannot use JSX unless the '--jsx' flag is provided.
../../apps/web-cleaning/src/pages/EditProperty.tsx(549,92): error TS2339: Property 'value' does not exist on type 'EventTarget & HTMLInputElement'.
../../apps/web-cleaning/src/pages/EditProperty.tsx(554,19): error TS17004: Cannot use JSX unless the '--jsx' flag is provided.
../../apps/web-cleaning/src/pages/EditProperty.tsx(555,21): error TS17004: Cannot use JSX unless the '--jsx' flag is provided.
../../apps/web-cleaning/src/pages/EditProperty.tsx(556,23): error TS17004: Cannot use JSX unless the '--jsx' flag is provided.
../../apps/web-cleaning/src/pages/EditProperty.tsx(559,99): error TS2339: Property 'value' does not exist on type 'EventTarget & HTMLInputElement'.
../../apps/web-cleaning/src/pages/EditProperty.tsx(565,23): error TS17004: Cannot use JSX unless the '--jsx' flag is provided.
../../apps/web-cleaning/src/pages/EditProperty.tsx(581,11): error TS17004: Cannot use JSX unless the '--jsx' flag is provided.
../../apps/web-cleaning/src/pages/EditProperty.tsx(582,13): error TS17004: Cannot use JSX unless the '--jsx' flag is provided.
../../apps/web-cleaning/src/pages/EditProperty.tsx(583,13): error TS17004: Cannot use JSX unless the '--jsx' flag is provided.
../../apps/web-cleaning/src/pages/EditProperty.tsx(584,15): error TS17004: Cannot use JSX unless the '--jsx' flag is provided.
../../apps/web-cleaning/src/pages/EditProperty.tsx(585,17): error TS17004: Cannot use JSX unless the '--jsx' flag is provided.
../../apps/web-cleaning/src/pages/EditProperty.tsx(588,76): error TS2339: Property 'value' does not exist on type 'EventTarget & HTMLInputElement'.
../../apps/web-cleaning/src/pages/EditProperty.tsx(593,17): error TS17004: Cannot use JSX unless the '--jsx' flag is provided.
../../apps/web-cleaning/src/pages/EditProperty.tsx(597,80): error TS2339: Property 'value' does not exist on type 'EventTarget & HTMLInputElement'.
../../apps/web-cleaning/src/pages/EditProperty.tsx(603,15): error TS17004: Cannot use JSX unless the '--jsx' flag is provided.
../../apps/web-cleaning/src/pages/EditProperty.tsx(606,77): error TS2339: Property 'value' does not exist on type 'EventTarget & HTMLTextAreaElement'.
../../apps/web-cleaning/src/pages/EditProperty.tsx(612,15): error TS17004: Cannot use JSX unless the '--jsx' flag is provided.
../../apps/web-cleaning/src/pages/EditProperty.tsx(615,73): error TS2339: Property 'value' does not exist on type 'EventTarget & HTMLTextAreaElement'.
../../apps/web-cleaning/src/pages/EditProperty.tsx(621,15): error TS17004: Cannot use JSX unless the '--jsx' flag is provided.
../../apps/web-cleaning/src/pages/EditProperty.tsx(624,78): error TS2339: Property 'value' does not exist on type 'EventTarget & HTMLTextAreaElement'.
../../apps/web-cleaning/src/pages/EditProperty.tsx(630,15): error TS17004: Cannot use JSX unless the '--jsx' flag is provided.
../../apps/web-cleaning/src/pages/EditProperty.tsx(633,85): error TS2339: Property 'value' does not exist on type 'EventTarget & HTMLTextAreaElement'.
../../apps/web-cleaning/src/pages/EditProperty.tsx(642,11): error TS17004: Cannot use JSX unless the '--jsx' flag is provided.
../../apps/web-cleaning/src/pages/EditProperty.tsx(643,13): error TS17004: Cannot use JSX unless the '--jsx' flag is provided.
../../apps/web-cleaning/src/pages/EditProperty.tsx(644,13): error TS17004: Cannot use JSX unless the '--jsx' flag is provided.
../../apps/web-cleaning/src/pages/EditProperty.tsx(645,15): error TS17004: Cannot use JSX unless the '--jsx' flag is provided.
../../apps/web-cleaning/src/pages/EditProperty.tsx(652,11): error TS17004: Cannot use JSX unless the '--jsx' flag is provided.
../../apps/web-cleaning/src/pages/EditProperty.tsx(653,13): error TS17004: Cannot use JSX unless the '--jsx' flag is provided.
../../apps/web-cleaning/src/pages/EditProperty.tsx(656,13): error TS17004: Cannot use JSX unless the '--jsx' flag is provided.
../../apps/web-cleaning/src/pages/EditProperty.tsx(657,29): error TS17004: Cannot use JSX unless the '--jsx' flag is provided.
../../apps/web-cleaning/src/pages/EditProperty.tsx(665,7): error TS17004: Cannot use JSX unless the '--jsx' flag is provided.
../../apps/web-cleaning/src/pages/EditProperty.tsx(670,9): error TS17004: Cannot use JSX unless the '--jsx' flag is provided.
../../apps/web-cleaning/src/pages/EditProperty.tsx(671,11): error TS17004: Cannot use JSX unless the '--jsx' flag is provided.
../../apps/web-cleaning/src/pages/EditProperty.tsx(672,13): error TS17004: Cannot use JSX unless the '--jsx' flag is provided.
../../apps/web-cleaning/src/pages/EditProperty.tsx(673,13): error TS17004: Cannot use JSX unless the '--jsx' flag is provided.
../../apps/web-cleaning/src/pages/EditProperty.tsx(679,11): error TS17004: Cannot use JSX unless the '--jsx' flag is provided.
../../apps/web-cleaning/src/pages/EditProperty.tsx(680,13): error TS17004: Cannot use JSX unless the '--jsx' flag is provided.
../../apps/web-cleaning/src/pages/EditProperty.tsx(682,15): error TS17004: Cannot use JSX unless the '--jsx' flag is provided.
../../apps/web-cleaning/src/pages/EditProperty.tsx(684,13): error TS17004: Cannot use JSX unless the '--jsx' flag is provided.
../../apps/web-cleaning/src/pages/EditProperty.tsx(686,62): error TS2339: Property 'value' does not exist on type 'EventTarget & HTMLInputElement'.
../../apps/web-cleaning/src/pages/EditProperty.tsx(691,11): error TS17004: Cannot use JSX unless the '--jsx' flag is provided.
../../apps/web-cleaning/src/pages/EditProperty.tsx(692,13): error TS17004: Cannot use JSX unless the '--jsx' flag is provided.
../../apps/web-cleaning/src/pages/EditProperty.tsx(695,13): error TS17004: Cannot use JSX unless the '--jsx' flag is provided.
../../apps/web-cleaning/src/pages/EditProperty.tsx(700,29): error TS17004: Cannot use JSX unless the '--jsx' flag is provided.
../../apps/web-cleaning/src/pages/EditQuote.tsx(6,25): error TS6142: Module '../contexts/AuthContext' was resolved to '/home/orrox/projects/rightfit-cleaning-staging/apps/web-cleaning/src/contexts/AuthContext.tsx', but '--jsx' is not set.
../../apps/web-cleaning/src/pages/EditQuote.tsx(265,7): error TS17004: Cannot use JSX unless the '--jsx' flag is provided.
../../apps/web-cleaning/src/pages/EditQuote.tsx(266,9): error TS17004: Cannot use JSX unless the '--jsx' flag is provided.
../../apps/web-cleaning/src/pages/EditQuote.tsx(267,11): error TS17004: Cannot use JSX unless the '--jsx' flag is provided.
../../apps/web-cleaning/src/pages/EditQuote.tsx(268,13): error TS17004: Cannot use JSX unless the '--jsx' flag is provided.
../../apps/web-cleaning/src/pages/EditQuote.tsx(269,13): error TS17004: Cannot use JSX unless the '--jsx' flag is provided.
../../apps/web-cleaning/src/pages/EditQuote.tsx(277,5): error TS17004: Cannot use JSX unless the '--jsx' flag is provided.
../../apps/web-cleaning/src/pages/EditQuote.tsx(278,7): error TS17004: Cannot use JSX unless the '--jsx' flag is provided.
../../apps/web-cleaning/src/pages/EditQuote.tsx(279,9): error TS17004: Cannot use JSX unless the '--jsx' flag is provided.
../../apps/web-cleaning/src/pages/EditQuote.tsx(280,11): error TS17004: Cannot use JSX unless the '--jsx' flag is provided.
../../apps/web-cleaning/src/pages/EditQuote.tsx(281,11): error TS17004: Cannot use JSX unless the '--jsx' flag is provided.
../../apps/web-cleaning/src/pages/EditQuote.tsx(283,9): error TS17004: Cannot use JSX unless the '--jsx' flag is provided.
../../apps/web-cleaning/src/pages/EditQuote.tsx(288,7): error TS17004: Cannot use JSX unless the '--jsx' flag is provided.
../../apps/web-cleaning/src/pages/EditQuote.tsx(289,9): error TS17004: Cannot use JSX unless the '--jsx' flag is provided.
../../apps/web-cleaning/src/pages/EditQuote.tsx(295,11): error TS17004: Cannot use JSX unless the '--jsx' flag is provided.
../../apps/web-cleaning/src/pages/EditQuote.tsx(297,13): error TS17004: Cannot use JSX unless the '--jsx' flag is provided.
../../apps/web-cleaning/src/pages/EditQuote.tsx(298,15): error TS17004: Cannot use JSX unless the '--jsx' flag is provided.
../../apps/web-cleaning/src/pages/EditQuote.tsx(299,15): error TS17004: Cannot use JSX unless the '--jsx' flag is provided.
../../apps/web-cleaning/src/pages/EditQuote.tsx(300,17): error TS17004: Cannot use JSX unless the '--jsx' flag is provided.
../../apps/web-cleaning/src/pages/EditQuote.tsx(304,44): error TS2339: Property 'value' does not exist on type 'EventTarget & HTMLSelectElement'.
../../apps/web-cleaning/src/pages/EditQuote.tsx(314,19): error TS2322: Type '{ label: string; value: string; onChange: (e: ChangeEvent<HTMLSelectElement>) => void; options: SelectOption[]; placeholder: string; error: string; required: true; }' is not assignable to type 'IntrinsicAttributes & SelectProps & RefAttributes<HTMLSelectElement>'.
  Property 'placeholder' does not exist on type 'IntrinsicAttributes & SelectProps & RefAttributes<HTMLSelectElement>'.
../../apps/web-cleaning/src/pages/EditQuote.tsx(318,17): error TS17004: Cannot use JSX unless the '--jsx' flag is provided.
../../apps/web-cleaning/src/pages/EditQuote.tsx(321,59): error TS2339: Property 'value' does not exist on type 'EventTarget & HTMLSelectElement'.
../../apps/web-cleaning/src/pages/EditQuote.tsx(323,19): error TS2322: Type '{ label: string; value: string; onChange: (e: ChangeEvent<HTMLSelectElement>) => void; options: SelectOption[]; placeholder: string; disabled: boolean; }' is not assignable to type 'IntrinsicAttributes & SelectProps & RefAttributes<HTMLSelectElement>'.
  Property 'placeholder' does not exist on type 'IntrinsicAttributes & SelectProps & RefAttributes<HTMLSelectElement>'.
../../apps/web-cleaning/src/pages/EditQuote.tsx(330,13): error TS17004: Cannot use JSX unless the '--jsx' flag is provided.
../../apps/web-cleaning/src/pages/EditQuote.tsx(331,15): error TS17004: Cannot use JSX unless the '--jsx' flag is provided.
../../apps/web-cleaning/src/pages/EditQuote.tsx(332,15): error TS17004: Cannot use JSX unless the '--jsx' flag is provided.
../../apps/web-cleaning/src/pages/EditQuote.tsx(333,17): error TS17004: Cannot use JSX unless the '--jsx' flag is provided.
../../apps/web-cleaning/src/pages/EditQuote.tsx(337,52): error TS2339: Property 'value' does not exist on type 'EventTarget & HTMLTextAreaElement'.
../../apps/web-cleaning/src/pages/EditQuote.tsx(351,17): error TS17004: Cannot use JSX unless the '--jsx' flag is provided.
../../apps/web-cleaning/src/pages/EditQuote.tsx(352,19): error TS17004: Cannot use JSX unless the '--jsx' flag is provided.
../../apps/web-cleaning/src/pages/EditQuote.tsx(357,46): error TS2339: Property 'value' does not exist on type 'EventTarget & HTMLInputElement'.
../../apps/web-cleaning/src/pages/EditQuote.tsx(369,19): error TS17004: Cannot use JSX unless the '--jsx' flag is provided.
../../apps/web-cleaning/src/pages/EditQuote.tsx(374,61): error TS2339: Property 'value' does not exist on type 'EventTarget & HTMLInputElement'.
../../apps/web-cleaning/src/pages/EditQuote.tsx(393,13): error TS17004: Cannot use JSX unless the '--jsx' flag is provided.
../../apps/web-cleaning/src/pages/EditQuote.tsx(394,15): error TS17004: Cannot use JSX unless the '--jsx' flag is provided.
../../apps/web-cleaning/src/pages/EditQuote.tsx(395,17): error TS17004: Cannot use JSX unless the '--jsx' flag is provided.
../../apps/web-cleaning/src/pages/EditQuote.tsx(396,17): error TS17004: Cannot use JSX unless the '--jsx' flag is provided.
../../apps/web-cleaning/src/pages/EditQuote.tsx(401,15): error TS17004: Cannot use JSX unless the '--jsx' flag is provided.
../../apps/web-cleaning/src/pages/EditQuote.tsx(403,19): error TS17004: Cannot use JSX unless the '--jsx' flag is provided.
../../apps/web-cleaning/src/pages/EditQuote.tsx(404,21): error TS17004: Cannot use JSX unless the '--jsx' flag is provided.
../../apps/web-cleaning/src/pages/EditQuote.tsx(405,23): error TS17004: Cannot use JSX unless the '--jsx' flag is provided.
../../apps/web-cleaning/src/pages/EditQuote.tsx(406,25): error TS17004: Cannot use JSX unless the '--jsx' flag is provided.
../../apps/web-cleaning/src/pages/EditQuote.tsx(409,92): error TS2339: Property 'value' does not exist on type 'EventTarget & HTMLInputElement'.
../../apps/web-cleaning/src/pages/EditQuote.tsx(415,23): error TS17004: Cannot use JSX unless the '--jsx' flag is provided.
../../apps/web-cleaning/src/pages/EditQuote.tsx(416,25): error TS17004: Cannot use JSX unless the '--jsx' flag is provided.
../../apps/web-cleaning/src/pages/EditQuote.tsx(420,89): error TS2339: Property 'value' does not exist on type 'EventTarget & HTMLInputElement'.
../../apps/web-cleaning/src/pages/EditQuote.tsx(427,23): error TS17004: Cannot use JSX unless the '--jsx' flag is provided.
../../apps/web-cleaning/src/pages/EditQuote.tsx(428,25): error TS17004: Cannot use JSX unless the '--jsx' flag is provided.
../../apps/web-cleaning/src/pages/EditQuote.tsx(432,91): error TS2339: Property 'value' does not exist on type 'EventTarget & HTMLInputElement'.
../../apps/web-cleaning/src/pages/EditQuote.tsx(439,23): error TS17004: Cannot use JSX unless the '--jsx' flag is provided.
../../apps/web-cleaning/src/pages/EditQuote.tsx(440,25): error TS17004: Cannot use JSX unless the '--jsx' flag is provided.
../../apps/web-cleaning/src/pages/EditQuote.tsx(441,25): error TS17004: Cannot use JSX unless the '--jsx' flag is provided.
../../apps/web-cleaning/src/pages/EditQuote.tsx(445,23): error TS17004: Cannot use JSX unless the '--jsx' flag is provided.
../../apps/web-cleaning/src/pages/EditQuote.tsx(446,25): error TS17004: Cannot use JSX unless the '--jsx' flag is provided.
../../apps/web-cleaning/src/pages/EditQuote.tsx(462,13): error TS17004: Cannot use JSX unless the '--jsx' flag is provided.
../../apps/web-cleaning/src/pages/EditQuote.tsx(463,15): error TS17004: Cannot use JSX unless the '--jsx' flag is provided.
../../apps/web-cleaning/src/pages/EditQuote.tsx(464,17): error TS17004: Cannot use JSX unless the '--jsx' flag is provided.
../../apps/web-cleaning/src/pages/EditQuote.tsx(465,19): error TS17004: Cannot use JSX unless the '--jsx' flag is provided.
../../apps/web-cleaning/src/pages/EditQuote.tsx(466,19): error TS17004: Cannot use JSX unless the '--jsx' flag is provided.
../../apps/web-cleaning/src/pages/EditQuote.tsx(469,19): error TS17004: Cannot use JSX unless the '--jsx' flag is provided.
../../apps/web-cleaning/src/pages/EditQuote.tsx(470,21): error TS17004: Cannot use JSX unless the '--jsx' flag is provided.
../../apps/web-cleaning/src/pages/EditQuote.tsx(471,21): error TS17004: Cannot use JSX unless the '--jsx' flag is provided.
../../apps/web-cleaning/src/pages/EditQuote.tsx(474,17): error TS17004: Cannot use JSX unless the '--jsx' flag is provided.
../../apps/web-cleaning/src/pages/EditQuote.tsx(475,19): error TS17004: Cannot use JSX unless the '--jsx' flag is provided.
../../apps/web-cleaning/src/pages/EditQuote.tsx(476,19): error TS17004: Cannot use JSX unless the '--jsx' flag is provided.
../../apps/web-cleaning/src/pages/EditQuote.tsx(478,17): error TS17004: Cannot use JSX unless the '--jsx' flag is provided.
../../apps/web-cleaning/src/pages/EditQuote.tsx(479,19): error TS17004: Cannot use JSX unless the '--jsx' flag is provided.
../../apps/web-cleaning/src/pages/EditQuote.tsx(480,19): error TS17004: Cannot use JSX unless the '--jsx' flag is provided.
../../apps/web-cleaning/src/pages/EditQuote.tsx(486,13): error TS17004: Cannot use JSX unless the '--jsx' flag is provided.
../../apps/web-cleaning/src/pages/EditQuote.tsx(487,15): error TS17004: Cannot use JSX unless the '--jsx' flag is provided.
../../apps/web-cleaning/src/pages/EditQuote.tsx(490,52): error TS2339: Property 'value' does not exist on type 'EventTarget & HTMLTextAreaElement'.
../../apps/web-cleaning/src/pages/EditQuote.tsx(498,11): error TS17004: Cannot use JSX unless the '--jsx' flag is provided.
../../apps/web-cleaning/src/pages/EditQuote.tsx(499,13): error TS17004: Cannot use JSX unless the '--jsx' flag is provided.
../../apps/web-cleaning/src/pages/EditQuote.tsx(500,29): error TS17004: Cannot use JSX unless the '--jsx' flag is provided.
../../apps/web-cleaning/src/pages/EditQuote.tsx(503,13): error TS17004: Cannot use JSX unless the '--jsx' flag is provided.
../../apps/web-cleaning/src/pages/Financial.tsx(34,25): error TS17004: Cannot use JSX unless the '--jsx' flag is provided.
../../apps/web-cleaning/src/pages/Financial.tsx(34,55): error TS17004: Cannot use JSX unless the '--jsx' flag is provided.
../../apps/web-cleaning/src/pages/Financial.tsx(37,5): error TS17004: Cannot use JSX unless the '--jsx' flag is provided.
../../apps/web-cleaning/src/pages/Financial.tsx(38,7): error TS17004: Cannot use JSX unless the '--jsx' flag is provided.
../../apps/web-cleaning/src/pages/Financial.tsx(39,9): error TS17004: Cannot use JSX unless the '--jsx' flag is provided.
../../apps/web-cleaning/src/pages/Financial.tsx(39,14): error TS17004: Cannot use JSX unless the '--jsx' flag is provided.
../../apps/web-cleaning/src/pages/Financial.tsx(39,64): error TS17004: Cannot use JSX unless the '--jsx' flag is provided.
../../apps/web-cleaning/src/pages/Financial.tsx(42,7): error TS17004: Cannot use JSX unless the '--jsx' flag is provided.
../../apps/web-cleaning/src/pages/Financial.tsx(43,9): error TS17004: Cannot use JSX unless the '--jsx' flag is provided.
../../apps/web-cleaning/src/pages/Financial.tsx(44,11): error TS17004: Cannot use JSX unless the '--jsx' flag is provided.
../../apps/web-cleaning/src/pages/Financial.tsx(45,11): error TS17004: Cannot use JSX unless the '--jsx' flag is provided.
../../apps/web-cleaning/src/pages/Financial.tsx(47,9): error TS17004: Cannot use JSX unless the '--jsx' flag is provided.
../../apps/web-cleaning/src/pages/Financial.tsx(48,11): error TS17004: Cannot use JSX unless the '--jsx' flag is provided.
../../apps/web-cleaning/src/pages/Financial.tsx(49,11): error TS17004: Cannot use JSX unless the '--jsx' flag is provided.
../../apps/web-cleaning/src/pages/Financial.tsx(51,9): error TS17004: Cannot use JSX unless the '--jsx' flag is provided.
../../apps/web-cleaning/src/pages/Financial.tsx(52,11): error TS17004: Cannot use JSX unless the '--jsx' flag is provided.
../../apps/web-cleaning/src/pages/Financial.tsx(53,11): error TS17004: Cannot use JSX unless the '--jsx' flag is provided.
../../apps/web-cleaning/src/pages/Financial.tsx(55,9): error TS17004: Cannot use JSX unless the '--jsx' flag is provided.
../../apps/web-cleaning/src/pages/Financial.tsx(56,11): error TS17004: Cannot use JSX unless the '--jsx' flag is provided.
../../apps/web-cleaning/src/pages/Financial.tsx(57,11): error TS17004: Cannot use JSX unless the '--jsx' flag is provided.
../../apps/web-cleaning/src/pages/Financial.tsx(61,7): error TS17004: Cannot use JSX unless the '--jsx' flag is provided.
../../apps/web-cleaning/src/pages/Financial.tsx(62,9): error TS17004: Cannot use JSX unless the '--jsx' flag is provided.
../../apps/web-cleaning/src/pages/Financial.tsx(64,11): error TS17004: Cannot use JSX unless the '--jsx' flag is provided.
../../apps/web-cleaning/src/pages/Financial.tsx(66,11): error TS17004: Cannot use JSX unless the '--jsx' flag is provided.
../../apps/web-cleaning/src/pages/Financial.tsx(67,13): error TS17004: Cannot use JSX unless the '--jsx' flag is provided.
../../apps/web-cleaning/src/pages/Financial.tsx(68,15): error TS17004: Cannot use JSX unless the '--jsx' flag is provided.
../../apps/web-cleaning/src/pages/Financial.tsx(69,17): error TS17004: Cannot use JSX unless the '--jsx' flag is provided.
../../apps/web-cleaning/src/pages/Financial.tsx(70,19): error TS17004: Cannot use JSX unless the '--jsx' flag is provided.
../../apps/web-cleaning/src/pages/Financial.tsx(71,19): error TS17004: Cannot use JSX unless the '--jsx' flag is provided.
../../apps/web-cleaning/src/pages/Financial.tsx(72,19): error TS17004: Cannot use JSX unless the '--jsx' flag is provided.
../../apps/web-cleaning/src/pages/Financial.tsx(73,19): error TS17004: Cannot use JSX unless the '--jsx' flag is provided.
../../apps/web-cleaning/src/pages/Financial.tsx(74,19): error TS17004: Cannot use JSX unless the '--jsx' flag is provided.
../../apps/web-cleaning/src/pages/Financial.tsx(77,15): error TS17004: Cannot use JSX unless the '--jsx' flag is provided.
../../apps/web-cleaning/src/pages/Financial.tsx(79,19): error TS17004: Cannot use JSX unless the '--jsx' flag is provided.
../../apps/web-cleaning/src/pages/Financial.tsx(80,21): error TS17004: Cannot use JSX unless the '--jsx' flag is provided.
../../apps/web-cleaning/src/pages/Financial.tsx(81,21): error TS17004: Cannot use JSX unless the '--jsx' flag is provided.
../../apps/web-cleaning/src/pages/Financial.tsx(82,21): error TS17004: Cannot use JSX unless the '--jsx' flag is provided.
../../apps/web-cleaning/src/pages/Financial.tsx(83,21): error TS17004: Cannot use JSX unless the '--jsx' flag is provided.
../../apps/web-cleaning/src/pages/Financial.tsx(84,21): error TS17004: Cannot use JSX unless the '--jsx' flag is provided.
../../apps/web-cleaning/src/pages/InvoiceDetails.tsx(90,12): error TS17004: Cannot use JSX unless the '--jsx' flag is provided.
../../apps/web-cleaning/src/pages/InvoiceDetails.tsx(90,19): error TS2322: Type '"info" | "warning" | "success" | "danger"' is not assignable to type 'BadgeVariant | undefined'.
  Type '"info"' is not assignable to type 'BadgeVariant | undefined'.
../../apps/web-cleaning/src/pages/InvoiceDetails.tsx(118,7): error TS17004: Cannot use JSX unless the '--jsx' flag is provided.
../../apps/web-cleaning/src/pages/InvoiceDetails.tsx(119,9): error TS17004: Cannot use JSX unless the '--jsx' flag is provided.
../../apps/web-cleaning/src/pages/InvoiceDetails.tsx(120,11): error TS17004: Cannot use JSX unless the '--jsx' flag is provided.
../../apps/web-cleaning/src/pages/InvoiceDetails.tsx(121,13): error TS17004: Cannot use JSX unless the '--jsx' flag is provided.
../../apps/web-cleaning/src/pages/InvoiceDetails.tsx(122,13): error TS17004: Cannot use JSX unless the '--jsx' flag is provided.
../../apps/web-cleaning/src/pages/InvoiceDetails.tsx(131,7): error TS17004: Cannot use JSX unless the '--jsx' flag is provided.
../../apps/web-cleaning/src/pages/InvoiceDetails.tsx(132,9): error TS17004: Cannot use JSX unless the '--jsx' flag is provided.
../../apps/web-cleaning/src/pages/InvoiceDetails.tsx(133,11): error TS17004: Cannot use JSX unless the '--jsx' flag is provided.
../../apps/web-cleaning/src/pages/InvoiceDetails.tsx(134,13): error TS17004: Cannot use JSX unless the '--jsx' flag is provided.
../../apps/web-cleaning/src/pages/InvoiceDetails.tsx(135,13): error TS17004: Cannot use JSX unless the '--jsx' flag is provided.
../../apps/web-cleaning/src/pages/InvoiceDetails.tsx(136,13): error TS17004: Cannot use JSX unless the '--jsx' flag is provided.
../../apps/web-cleaning/src/pages/InvoiceDetails.tsx(144,5): error TS17004: Cannot use JSX unless the '--jsx' flag is provided.
../../apps/web-cleaning/src/pages/InvoiceDetails.tsx(146,7): error TS17004: Cannot use JSX unless the '--jsx' flag is provided.
../../apps/web-cleaning/src/pages/InvoiceDetails.tsx(147,9): error TS17004: Cannot use JSX unless the '--jsx' flag is provided.
../../apps/web-cleaning/src/pages/InvoiceDetails.tsx(150,9): error TS17004: Cannot use JSX unless the '--jsx' flag is provided.
../../apps/web-cleaning/src/pages/InvoiceDetails.tsx(152,13): error TS17004: Cannot use JSX unless the '--jsx' flag is provided.
../../apps/web-cleaning/src/pages/InvoiceDetails.tsx(153,15): error TS17004: Cannot use JSX unless the '--jsx' flag is provided.
../../apps/web-cleaning/src/pages/InvoiceDetails.tsx(154,15): error TS17004: Cannot use JSX unless the '--jsx' flag is provided.
../../apps/web-cleaning/src/pages/InvoiceDetails.tsx(159,11): error TS17004: Cannot use JSX unless the '--jsx' flag is provided.
../../apps/web-cleaning/src/pages/InvoiceDetails.tsx(162,11): error TS17004: Cannot use JSX unless the '--jsx' flag is provided.
../../apps/web-cleaning/src/pages/InvoiceDetails.tsx(169,7): error TS17004: Cannot use JSX unless the '--jsx' flag is provided.
../../apps/web-cleaning/src/pages/InvoiceDetails.tsx(170,9): error TS17004: Cannot use JSX unless the '--jsx' flag is provided.
../../apps/web-cleaning/src/pages/InvoiceDetails.tsx(171,11): error TS17004: Cannot use JSX unless the '--jsx' flag is provided.
../../apps/web-cleaning/src/pages/InvoiceDetails.tsx(172,13): error TS17004: Cannot use JSX unless the '--jsx' flag is provided.
../../apps/web-cleaning/src/pages/InvoiceDetails.tsx(175,11): error TS17004: Cannot use JSX unless the '--jsx' flag is provided.
../../apps/web-cleaning/src/pages/InvoiceDetails.tsx(176,13): error TS17004: Cannot use JSX unless the '--jsx' flag is provided.
../../apps/web-cleaning/src/pages/InvoiceDetails.tsx(177,13): error TS17004: Cannot use JSX unless the '--jsx' flag is provided.
../../apps/web-cleaning/src/pages/InvoiceDetails.tsx(178,13): error TS17004: Cannot use JSX unless the '--jsx' flag is provided.
../../apps/web-cleaning/src/pages/InvoiceDetails.tsx(179,13): error TS17004: Cannot use JSX unless the '--jsx' flag is provided.
../../apps/web-cleaning/src/pages/InvoiceDetails.tsx(183,9): error TS17004: Cannot use JSX unless the '--jsx' flag is provided.
../../apps/web-cleaning/src/pages/InvoiceDetails.tsx(184,11): error TS17004: Cannot use JSX unless the '--jsx' flag is provided.
../../apps/web-cleaning/src/pages/InvoiceDetails.tsx(185,13): error TS17004: Cannot use JSX unless the '--jsx' flag is provided.
../../apps/web-cleaning/src/pages/InvoiceDetails.tsx(186,13): error TS17004: Cannot use JSX unless the '--jsx' flag is provided.
../../apps/web-cleaning/src/pages/InvoiceDetails.tsx(187,13): error TS17004: Cannot use JSX unless the '--jsx' flag is provided.
../../apps/web-cleaning/src/pages/InvoiceDetails.tsx(188,13): error TS17004: Cannot use JSX unless the '--jsx' flag is provided.
../../apps/web-cleaning/src/pages/InvoiceDetails.tsx(190,11): error TS17004: Cannot use JSX unless the '--jsx' flag is provided.
../../apps/web-cleaning/src/pages/InvoiceDetails.tsx(191,13): error TS17004: Cannot use JSX unless the '--jsx' flag is provided.
../../apps/web-cleaning/src/pages/InvoiceDetails.tsx(192,13): error TS17004: Cannot use JSX unless the '--jsx' flag is provided.
../../apps/web-cleaning/src/pages/InvoiceDetails.tsx(195,13): error TS17004: Cannot use JSX unless the '--jsx' flag is provided.
../../apps/web-cleaning/src/pages/InvoiceDetails.tsx(196,13): error TS17004: Cannot use JSX unless the '--jsx' flag is provided.
../../apps/web-cleaning/src/pages/InvoiceDetails.tsx(201,9): error TS17004: Cannot use JSX unless the '--jsx' flag is provided.
../../apps/web-cleaning/src/pages/InvoiceDetails.tsx(202,11): error TS17004: Cannot use JSX unless the '--jsx' flag is provided.
../../apps/web-cleaning/src/pages/InvoiceDetails.tsx(203,13): error TS17004: Cannot use JSX unless the '--jsx' flag is provided.
../../apps/web-cleaning/src/pages/InvoiceDetails.tsx(204,15): error TS17004: Cannot use JSX unless the '--jsx' flag is provided.
../../apps/web-cleaning/src/pages/InvoiceDetails.tsx(205,17): error TS17004: Cannot use JSX unless the '--jsx' flag is provided.
../../apps/web-cleaning/src/pages/InvoiceDetails.tsx(206,17): error TS17004: Cannot use JSX unless the '--jsx' flag is provided.
../../apps/web-cleaning/src/pages/InvoiceDetails.tsx(207,17): error TS17004: Cannot use JSX unless the '--jsx' flag is provided.
../../apps/web-cleaning/src/pages/InvoiceDetails.tsx(208,17): error TS17004: Cannot use JSX unless the '--jsx' flag is provided.
../../apps/web-cleaning/src/pages/InvoiceDetails.tsx(211,13): error TS17004: Cannot use JSX unless the '--jsx' flag is provided.
../../apps/web-cleaning/src/pages/InvoiceDetails.tsx(213,17): error TS17004: Cannot use JSX unless the '--jsx' flag is provided.
../../apps/web-cleaning/src/pages/InvoiceDetails.tsx(214,19): error TS17004: Cannot use JSX unless the '--jsx' flag is provided.
../../apps/web-cleaning/src/pages/InvoiceDetails.tsx(215,19): error TS17004: Cannot use JSX unless the '--jsx' flag is provided.
../../apps/web-cleaning/src/pages/InvoiceDetails.tsx(216,19): error TS17004: Cannot use JSX unless the '--jsx' flag is provided.
../../apps/web-cleaning/src/pages/InvoiceDetails.tsx(217,19): error TS17004: Cannot use JSX unless the '--jsx' flag is provided.
../../apps/web-cleaning/src/pages/InvoiceDetails.tsx(225,9): error TS17004: Cannot use JSX unless the '--jsx' flag is provided.
../../apps/web-cleaning/src/pages/InvoiceDetails.tsx(226,11): error TS17004: Cannot use JSX unless the '--jsx' flag is provided.
../../apps/web-cleaning/src/pages/InvoiceDetails.tsx(227,13): error TS17004: Cannot use JSX unless the '--jsx' flag is provided.
../../apps/web-cleaning/src/pages/InvoiceDetails.tsx(228,15): error TS17004: Cannot use JSX unless the '--jsx' flag is provided.
../../apps/web-cleaning/src/pages/InvoiceDetails.tsx(229,15): error TS17004: Cannot use JSX unless the '--jsx' flag is provided.
../../apps/web-cleaning/src/pages/InvoiceDetails.tsx(231,13): error TS17004: Cannot use JSX unless the '--jsx' flag is provided.
../../apps/web-cleaning/src/pages/InvoiceDetails.tsx(232,15): error TS17004: Cannot use JSX unless the '--jsx' flag is provided.
../../apps/web-cleaning/src/pages/InvoiceDetails.tsx(233,15): error TS17004: Cannot use JSX unless the '--jsx' flag is provided.
../../apps/web-cleaning/src/pages/InvoiceDetails.tsx(235,13): error TS17004: Cannot use JSX unless the '--jsx' flag is provided.
../../apps/web-cleaning/src/pages/InvoiceDetails.tsx(236,15): error TS17004: Cannot use JSX unless the '--jsx' flag is provided.
../../apps/web-cleaning/src/pages/InvoiceDetails.tsx(237,15): error TS17004: Cannot use JSX unless the '--jsx' flag is provided.
../../apps/web-cleaning/src/pages/InvoiceDetails.tsx(244,11): error TS17004: Cannot use JSX unless the '--jsx' flag is provided.
../../apps/web-cleaning/src/pages/InvoiceDetails.tsx(245,13): error TS17004: Cannot use JSX unless the '--jsx' flag is provided.
../../apps/web-cleaning/src/pages/InvoiceDetails.tsx(253,11): error TS17004: Cannot use JSX unless the '--jsx' flag is provided.
../../apps/web-cleaning/src/pages/InvoiceDetails.tsx(254,13): error TS17004: Cannot use JSX unless the '--jsx' flag is provided.
../../apps/web-cleaning/src/pages/InvoiceDetails.tsx(260,11): error TS17004: Cannot use JSX unless the '--jsx' flag is provided.
../../apps/web-cleaning/src/pages/InvoiceDetails.tsx(261,13): error TS17004: Cannot use JSX unless the '--jsx' flag is provided.
../../apps/web-cleaning/src/pages/InvoiceDetails.tsx(262,13): error TS17004: Cannot use JSX unless the '--jsx' flag is provided.
../../apps/web-cleaning/src/pages/InvoiceDetails.tsx(268,7): error TS17004: Cannot use JSX unless the '--jsx' flag is provided.
../../apps/web-cleaning/src/pages/InvoiceDetails.tsx(269,9): error TS17004: Cannot use JSX unless the '--jsx' flag is provided.
../../apps/web-cleaning/src/pages/InvoiceDetails.tsx(270,9): error TS17004: Cannot use JSX unless the '--jsx' flag is provided.
../../apps/web-cleaning/src/pages/InvoiceDetails.tsx(271,11): error TS17004: Cannot use JSX unless the '--jsx' flag is provided.
../../apps/web-cleaning/src/pages/InvoiceDetails.tsx(272,13): error TS17004: Cannot use JSX unless the '--jsx' flag is provided.
../../apps/web-cleaning/src/pages/InvoiceDetails.tsx(273,13): error TS17004: Cannot use JSX unless the '--jsx' flag is provided.
../../apps/web-cleaning/src/pages/InvoiceDetails.tsx(275,11): error TS17004: Cannot use JSX unless the '--jsx' flag is provided.
../../apps/web-cleaning/src/pages/InvoiceDetails.tsx(276,13): error TS17004: Cannot use JSX unless the '--jsx' flag is provided.
../../apps/web-cleaning/src/pages/InvoiceDetails.tsx(277,13): error TS17004: Cannot use JSX unless the '--jsx' flag is provided.
../../apps/web-cleaning/src/pages/InvoiceDetails.tsx(280,13): error TS17004: Cannot use JSX unless the '--jsx' flag is provided.
../../apps/web-cleaning/src/pages/InvoiceDetails.tsx(281,15): error TS17004: Cannot use JSX unless the '--jsx' flag is provided.
../../apps/web-cleaning/src/pages/InvoiceDetails.tsx(282,15): error TS17004: Cannot use JSX unless the '--jsx' flag is provided.
../../apps/web-cleaning/src/pages/InvoiceDetails.tsx(286,13): error TS17004: Cannot use JSX unless the '--jsx' flag is provided.
../../apps/web-cleaning/src/pages/InvoiceDetails.tsx(287,15): error TS17004: Cannot use JSX unless the '--jsx' flag is provided.
../../apps/web-cleaning/src/pages/InvoiceDetails.tsx(288,15): error TS17004: Cannot use JSX unless the '--jsx' flag is provided.
../../apps/web-cleaning/src/pages/InvoiceDetails.tsx(295,7): error TS17004: Cannot use JSX unless the '--jsx' flag is provided.
../../apps/web-cleaning/src/pages/InvoiceDetails.tsx(296,9): error TS17004: Cannot use JSX unless the '--jsx' flag is provided.
../../apps/web-cleaning/src/pages/InvoiceDetails.tsx(297,11): error TS17004: Cannot use JSX unless the '--jsx' flag is provided.
../../apps/web-cleaning/src/pages/InvoiceDetails.tsx(301,51): error TS2339: Property 'value' does not exist on type 'EventTarget & HTMLInputElement'.
../../apps/web-cleaning/src/pages/InvoiceDetails.tsx(304,11): error TS17004: Cannot use JSX unless the '--jsx' flag is provided.
../../apps/web-cleaning/src/pages/InvoiceDetails.tsx(307,51): error TS2345: Argument of type 'ChangeEvent<HTMLSelectElement>' is not assignable to parameter of type 'SetStateAction<string>'.
../../apps/web-cleaning/src/pages/InvoiceDetails.tsx(310,11): error TS17004: Cannot use JSX unless the '--jsx' flag is provided.
../../apps/web-cleaning/src/pages/InvoiceDetails.tsx(311,13): error TS17004: Cannot use JSX unless the '--jsx' flag is provided.
../../apps/web-cleaning/src/pages/InvoiceDetails.tsx(314,13): error TS17004: Cannot use JSX unless the '--jsx' flag is provided.
../../apps/web-cleaning/src/pages/InvoiceDetails.tsx(315,29): error TS17004: Cannot use JSX unless the '--jsx' flag is provided.
../../apps/web-cleaning/src/pages/InvoiceDetails.tsx(323,7): error TS17004: Cannot use JSX unless the '--jsx' flag is provided.
../../apps/web-cleaning/src/pages/InvoiceDetails.tsx(324,9): error TS17004: Cannot use JSX unless the '--jsx' flag is provided.
../../apps/web-cleaning/src/pages/InvoiceDetails.tsx(325,11): error TS17004: Cannot use JSX unless the '--jsx' flag is provided.
../../apps/web-cleaning/src/pages/InvoiceDetails.tsx(326,13): error TS17004: Cannot use JSX unless the '--jsx' flag is provided.
../../apps/web-cleaning/src/pages/InvoiceDetails.tsx(327,13): error TS17004: Cannot use JSX unless the '--jsx' flag is provided.
../../apps/web-cleaning/src/pages/InvoiceDetails.tsx(332,11): error TS17004: Cannot use JSX unless the '--jsx' flag is provided.
../../apps/web-cleaning/src/pages/InvoiceDetails.tsx(333,13): error TS17004: Cannot use JSX unless the '--jsx' flag is provided.
../../apps/web-cleaning/src/pages/InvoiceDetails.tsx(334,68): error TS17004: Cannot use JSX unless the '--jsx' flag is provided.
../../apps/web-cleaning/src/pages/InvoiceDetails.tsx(336,13): error TS17004: Cannot use JSX unless the '--jsx' flag is provided.
../../apps/web-cleaning/src/pages/InvoiceDetails.tsx(338,62): error TS2339: Property 'value' does not exist on type 'EventTarget & HTMLInputElement'.
../../apps/web-cleaning/src/pages/InvoiceDetails.tsx(343,11): error TS17004: Cannot use JSX unless the '--jsx' flag is provided.
../../apps/web-cleaning/src/pages/InvoiceDetails.tsx(344,13): error TS17004: Cannot use JSX unless the '--jsx' flag is provided.
../../apps/web-cleaning/src/pages/InvoiceDetails.tsx(347,13): error TS17004: Cannot use JSX unless the '--jsx' flag is provided.
../../apps/web-cleaning/src/pages/InvoiceDetails.tsx(352,29): error TS17004: Cannot use JSX unless the '--jsx' flag is provided.
../../apps/web-cleaning/src/pages/Invoices.tsx(5,25): error TS6142: Module '../contexts/AuthContext' was resolved to '/home/orrox/projects/rightfit-cleaning-staging/apps/web-cleaning/src/contexts/AuthContext.tsx', but '--jsx' is not set.
../../apps/web-cleaning/src/pages/Invoices.tsx(78,12): error TS17004: Cannot use JSX unless the '--jsx' flag is provided.
../../apps/web-cleaning/src/pages/Invoices.tsx(78,19): error TS2322: Type '"info" | "warning" | "success" | "danger"' is not assignable to type 'BadgeVariant | undefined'.
  Type '"info"' is not assignable to type 'BadgeVariant | undefined'.
../../apps/web-cleaning/src/pages/Invoices.tsx(102,7): error TS17004: Cannot use JSX unless the '--jsx' flag is provided.
../../apps/web-cleaning/src/pages/Invoices.tsx(103,9): error TS17004: Cannot use JSX unless the '--jsx' flag is provided.
../../apps/web-cleaning/src/pages/Invoices.tsx(104,11): error TS17004: Cannot use JSX unless the '--jsx' flag is provided.
../../apps/web-cleaning/src/pages/Invoices.tsx(105,11): error TS17004: Cannot use JSX unless the '--jsx' flag is provided.
../../apps/web-cleaning/src/pages/Invoices.tsx(112,5): error TS17004: Cannot use JSX unless the '--jsx' flag is provided.
../../apps/web-cleaning/src/pages/Invoices.tsx(114,7): error TS17004: Cannot use JSX unless the '--jsx' flag is provided.
../../apps/web-cleaning/src/pages/Invoices.tsx(115,9): error TS17004: Cannot use JSX unless the '--jsx' flag is provided.
../../apps/web-cleaning/src/pages/Invoices.tsx(116,11): error TS17004: Cannot use JSX unless the '--jsx' flag is provided.
../../apps/web-cleaning/src/pages/Invoices.tsx(117,11): error TS17004: Cannot use JSX unless the '--jsx' flag is provided.
../../apps/web-cleaning/src/pages/Invoices.tsx(119,9): error TS17004: Cannot use JSX unless the '--jsx' flag is provided.
../../apps/web-cleaning/src/pages/Invoices.tsx(123,7): error TS17004: Cannot use JSX unless the '--jsx' flag is provided.
../../apps/web-cleaning/src/pages/Invoices.tsx(124,9): error TS17004: Cannot use JSX unless the '--jsx' flag is provided.
../../apps/web-cleaning/src/pages/Invoices.tsx(125,11): error TS17004: Cannot use JSX unless the '--jsx' flag is provided.
../../apps/web-cleaning/src/pages/Invoices.tsx(126,13): error TS17004: Cannot use JSX unless the '--jsx' flag is provided.
../../apps/web-cleaning/src/pages/Invoices.tsx(127,13): error TS17004: Cannot use JSX unless the '--jsx' flag is provided.
../../apps/web-cleaning/src/pages/Invoices.tsx(128,13): error TS17004: Cannot use JSX unless the '--jsx' flag is provided.
../../apps/web-cleaning/src/pages/Invoices.tsx(132,9): error TS17004: Cannot use JSX unless the '--jsx' flag is provided.
../../apps/web-cleaning/src/pages/Invoices.tsx(133,11): error TS17004: Cannot use JSX unless the '--jsx' flag is provided.
../../apps/web-cleaning/src/pages/Invoices.tsx(134,13): error TS17004: Cannot use JSX unless the '--jsx' flag is provided.
../../apps/web-cleaning/src/pages/Invoices.tsx(135,13): error TS17004: Cannot use JSX unless the '--jsx' flag is provided.
../../apps/web-cleaning/src/pages/Invoices.tsx(136,13): error TS17004: Cannot use JSX unless the '--jsx' flag is provided.
../../apps/web-cleaning/src/pages/Invoices.tsx(140,9): error TS17004: Cannot use JSX unless the '--jsx' flag is provided.
../../apps/web-cleaning/src/pages/Invoices.tsx(141,11): error TS17004: Cannot use JSX unless the '--jsx' flag is provided.
../../apps/web-cleaning/src/pages/Invoices.tsx(142,13): error TS17004: Cannot use JSX unless the '--jsx' flag is provided.
../../apps/web-cleaning/src/pages/Invoices.tsx(143,13): error TS17004: Cannot use JSX unless the '--jsx' flag is provided.
../../apps/web-cleaning/src/pages/Invoices.tsx(144,13): error TS17004: Cannot use JSX unless the '--jsx' flag is provided.
../../apps/web-cleaning/src/pages/Invoices.tsx(148,9): error TS17004: Cannot use JSX unless the '--jsx' flag is provided.
../../apps/web-cleaning/src/pages/Invoices.tsx(149,11): error TS17004: Cannot use JSX unless the '--jsx' flag is provided.
../../apps/web-cleaning/src/pages/Invoices.tsx(150,13): error TS17004: Cannot use JSX unless the '--jsx' flag is provided.
../../apps/web-cleaning/src/pages/Invoices.tsx(151,13): error TS17004: Cannot use JSX unless the '--jsx' flag is provided.
../../apps/web-cleaning/src/pages/Invoices.tsx(152,13): error TS17004: Cannot use JSX unless the '--jsx' flag is provided.
../../apps/web-cleaning/src/pages/Invoices.tsx(158,7): error TS17004: Cannot use JSX unless the '--jsx' flag is provided.
../../apps/web-cleaning/src/pages/Invoices.tsx(159,9): error TS17004: Cannot use JSX unless the '--jsx' flag is provided.
../../apps/web-cleaning/src/pages/Invoices.tsx(160,11): error TS17004: Cannot use JSX unless the '--jsx' flag is provided.
../../apps/web-cleaning/src/pages/Invoices.tsx(163,53): error TS2339: Property 'value' does not exist on type 'EventTarget & HTMLInputElement'.
../../apps/web-cleaning/src/pages/Invoices.tsx(166,9): error TS17004: Cannot use JSX unless the '--jsx' flag is provided.
../../apps/web-cleaning/src/pages/Invoices.tsx(167,11): error TS17004: Cannot use JSX unless the '--jsx' flag is provided.
../../apps/web-cleaning/src/pages/Invoices.tsx(169,50): error TS2345: Argument of type 'ChangeEvent<HTMLSelectElement>' is not assignable to parameter of type 'SetStateAction<string>'.
../../apps/web-cleaning/src/pages/Invoices.tsx(173,9): error TS17004: Cannot use JSX unless the '--jsx' flag is provided.
../../apps/web-cleaning/src/pages/Invoices.tsx(174,11): error TS17004: Cannot use JSX unless the '--jsx' flag is provided.
../../apps/web-cleaning/src/pages/Invoices.tsx(180,11): error TS17004: Cannot use JSX unless the '--jsx' flag is provided.
../../apps/web-cleaning/src/pages/Invoices.tsx(191,9): error TS17004: Cannot use JSX unless the '--jsx' flag is provided.
../../apps/web-cleaning/src/pages/Invoices.tsx(192,11): error TS17004: Cannot use JSX unless the '--jsx' flag is provided.
../../apps/web-cleaning/src/pages/Invoices.tsx(193,11): error TS17004: Cannot use JSX unless the '--jsx' flag is provided.
../../apps/web-cleaning/src/pages/Invoices.tsx(199,13): error TS17004: Cannot use JSX unless the '--jsx' flag is provided.
../../apps/web-cleaning/src/pages/Invoices.tsx(203,9): error TS17004: Cannot use JSX unless the '--jsx' flag is provided.
../../apps/web-cleaning/src/pages/Invoices.tsx(205,13): error TS17004: Cannot use JSX unless the '--jsx' flag is provided.
../../apps/web-cleaning/src/pages/Invoices.tsx(210,15): error TS17004: Cannot use JSX unless the '--jsx' flag is provided.
../../apps/web-cleaning/src/pages/Invoices.tsx(211,17): error TS17004: Cannot use JSX unless the '--jsx' flag is provided.
../../apps/web-cleaning/src/pages/Invoices.tsx(212,19): error TS17004: Cannot use JSX unless the '--jsx' flag is provided.
../../apps/web-cleaning/src/pages/Invoices.tsx(213,19): error TS17004: Cannot use JSX unless the '--jsx' flag is provided.
../../apps/web-cleaning/src/pages/Invoices.tsx(218,15): error TS17004: Cannot use JSX unless the '--jsx' flag is provided.
../../apps/web-cleaning/src/pages/Invoices.tsx(219,17): error TS17004: Cannot use JSX unless the '--jsx' flag is provided.
../../apps/web-cleaning/src/pages/Invoices.tsx(220,19): error TS17004: Cannot use JSX unless the '--jsx' flag is provided.
../../apps/web-cleaning/src/pages/Invoices.tsx(221,19): error TS17004: Cannot use JSX unless the '--jsx' flag is provided.
../../apps/web-cleaning/src/pages/Invoices.tsx(223,17): error TS17004: Cannot use JSX unless the '--jsx' flag is provided.
../../apps/web-cleaning/src/pages/Invoices.tsx(224,19): error TS17004: Cannot use JSX unless the '--jsx' flag is provided.
../../apps/web-cleaning/src/pages/Invoices.tsx(225,19): error TS17004: Cannot use JSX unless the '--jsx' flag is provided.
../../apps/web-cleaning/src/pages/Invoices.tsx(227,17): error TS17004: Cannot use JSX unless the '--jsx' flag is provided.
../../apps/web-cleaning/src/pages/Invoices.tsx(228,19): error TS17004: Cannot use JSX unless the '--jsx' flag is provided.
../../apps/web-cleaning/src/pages/Invoices.tsx(229,19): error TS17004: Cannot use JSX unless the '--jsx' flag is provided.
../../apps/web-cleaning/src/pages/Invoices.tsx(235,15): error TS17004: Cannot use JSX unless the '--jsx' flag is provided.
../../apps/web-cleaning/src/pages/Invoices.tsx(236,17): error TS17004: Cannot use JSX unless the '--jsx' flag is provided.
../../apps/web-cleaning/src/pages/Invoices.tsx(237,19): error TS17004: Cannot use JSX unless the '--jsx' flag is provided.
../../apps/web-cleaning/src/pages/Invoices.tsx(238,19): error TS17004: Cannot use JSX unless the '--jsx' flag is provided.
../../apps/web-cleaning/src/pages/Invoices.tsx(241,19): error TS17004: Cannot use JSX unless the '--jsx' flag is provided.
../../apps/web-cleaning/src/pages/Invoices.tsx(246,19): error TS17004: Cannot use JSX unless the '--jsx' flag is provided.
../../apps/web-cleaning/src/pages/Login.tsx(13,25): error TS6142: Module '../contexts/AuthContext' was resolved to '/home/orrox/projects/rightfit-cleaning-staging/apps/web-cleaning/src/contexts/AuthContext.tsx', but '--jsx' is not set.
../../apps/web-cleaning/src/pages/Login.tsx(39,5): error TS17004: Cannot use JSX unless the '--jsx' flag is provided.
../../apps/web-cleaning/src/pages/Login.tsx(40,7): error TS17004: Cannot use JSX unless the '--jsx' flag is provided.
../../apps/web-cleaning/src/pages/Login.tsx(48,9): error TS17004: Cannot use JSX unless the '--jsx' flag is provided.
../../apps/web-cleaning/src/pages/Login.tsx(49,11): error TS17004: Cannot use JSX unless the '--jsx' flag is provided.
../../apps/web-cleaning/src/pages/Login.tsx(52,11): error TS17004: Cannot use JSX unless the '--jsx' flag is provided.
../../apps/web-cleaning/src/pages/Login.tsx(57,13): error TS17004: Cannot use JSX unless the '--jsx' flag is provided.
../../apps/web-cleaning/src/pages/Login.tsx(62,11): error TS17004: Cannot use JSX unless the '--jsx' flag is provided.
../../apps/web-cleaning/src/pages/Login.tsx(63,13): error TS17004: Cannot use JSX unless the '--jsx' flag is provided.
../../apps/web-cleaning/src/pages/Login.tsx(73,50): error TS2339: Property 'value' does not exist on type 'EventTarget & (HTMLInputElement | HTMLTextAreaElement)'.
  Property 'value' does not exist on type 'EventTarget & HTMLTextAreaElement'.
../../apps/web-cleaning/src/pages/Login.tsx(75,13): error TS17004: Cannot use JSX unless the '--jsx' flag is provided.
../../apps/web-cleaning/src/pages/Login.tsx(85,53): error TS2339: Property 'value' does not exist on type 'EventTarget & (HTMLInputElement | HTMLTextAreaElement)'.
  Property 'value' does not exist on type 'EventTarget & HTMLTextAreaElement'.
../../apps/web-cleaning/src/pages/Login.tsx(87,13): error TS17004: Cannot use JSX unless the '--jsx' flag is provided.
../../apps/web-cleaning/src/pages/Login.tsx(96,13): error TS17004: Cannot use JSX unless the '--jsx' flag is provided.
../../apps/web-cleaning/src/pages/Login.tsx(97,15): error TS17004: Cannot use JSX unless the '--jsx' flag is provided.
../../apps/web-cleaning/src/pages/Properties.tsx(10,7): error TS6133: 'SERVICE_PROVIDER_ID' is declared but its value is never read.
../../apps/web-cleaning/src/pages/Properties.tsx(38,7): error TS17004: Cannot use JSX unless the '--jsx' flag is provided.
../../apps/web-cleaning/src/pages/Properties.tsx(39,9): error TS17004: Cannot use JSX unless the '--jsx' flag is provided.
../../apps/web-cleaning/src/pages/Properties.tsx(45,5): error TS17004: Cannot use JSX unless the '--jsx' flag is provided.
../../apps/web-cleaning/src/pages/Properties.tsx(46,7): error TS17004: Cannot use JSX unless the '--jsx' flag is provided.
../../apps/web-cleaning/src/pages/Properties.tsx(47,9): error TS17004: Cannot use JSX unless the '--jsx' flag is provided.
../../apps/web-cleaning/src/pages/Properties.tsx(48,11): error TS17004: Cannot use JSX unless the '--jsx' flag is provided.
../../apps/web-cleaning/src/pages/Properties.tsx(49,11): error TS17004: Cannot use JSX unless the '--jsx' flag is provided.
../../apps/web-cleaning/src/pages/Properties.tsx(51,9): error TS17004: Cannot use JSX unless the '--jsx' flag is provided.
../../apps/web-cleaning/src/pages/Properties.tsx(52,11): error TS17004: Cannot use JSX unless the '--jsx' flag is provided.
../../apps/web-cleaning/src/pages/Properties.tsx(55,11): error TS17004: Cannot use JSX unless the '--jsx' flag is provided.
../../apps/web-cleaning/src/pages/Properties.tsx(56,13): error TS17004: Cannot use JSX unless the '--jsx' flag is provided.
../../apps/web-cleaning/src/pages/Properties.tsx(61,15): error TS17004: Cannot use JSX unless the '--jsx' flag is provided.
../../apps/web-cleaning/src/pages/Properties.tsx(62,17): error TS17004: Cannot use JSX unless the '--jsx' flag is provided.
../../apps/web-cleaning/src/pages/Properties.tsx(63,17): error TS17004: Cannot use JSX unless the '--jsx' flag is provided.
../../apps/web-cleaning/src/pages/Properties.tsx(64,17): error TS17004: Cannot use JSX unless the '--jsx' flag is provided.
../../apps/web-cleaning/src/pages/Properties.tsx(65,17): error TS17004: Cannot use JSX unless the '--jsx' flag is provided.
../../apps/web-cleaning/src/pages/Properties.tsx(68,13): error TS17004: Cannot use JSX unless the '--jsx' flag is provided.
../../apps/web-cleaning/src/pages/Properties.tsx(73,15): error TS17004: Cannot use JSX unless the '--jsx' flag is provided.
../../apps/web-cleaning/src/pages/Properties.tsx(74,17): error TS17004: Cannot use JSX unless the '--jsx' flag is provided.
../../apps/web-cleaning/src/pages/Properties.tsx(81,9): error TS17004: Cannot use JSX unless the '--jsx' flag is provided.
../../apps/web-cleaning/src/pages/Properties.tsx(86,9): error TS17004: Cannot use JSX unless the '--jsx' flag is provided.
../../apps/web-cleaning/src/pages/Properties.tsx(88,13): error TS17004: Cannot use JSX unless the '--jsx' flag is provided.
../../apps/web-cleaning/src/pages/Properties.tsx(95,15): error TS17004: Cannot use JSX unless the '--jsx' flag is provided.
../../apps/web-cleaning/src/pages/Properties.tsx(96,17): error TS17004: Cannot use JSX unless the '--jsx' flag is provided.
../../apps/web-cleaning/src/pages/Properties.tsx(97,19): error TS17004: Cannot use JSX unless the '--jsx' flag is provided.
../../apps/web-cleaning/src/pages/Properties.tsx(98,19): error TS17004: Cannot use JSX unless the '--jsx' flag is provided.
../../apps/web-cleaning/src/pages/Properties.tsx(100,21): error TS17004: Cannot use JSX unless the '--jsx' flag is provided.
../../apps/web-cleaning/src/pages/Properties.tsx(101,23): error TS17004: Cannot use JSX unless the '--jsx' flag is provided.
../../apps/web-cleaning/src/pages/Properties.tsx(102,25): error TS17004: Cannot use JSX unless the '--jsx' flag is provided.
../../apps/web-cleaning/src/pages/Properties.tsx(108,17): error TS17004: Cannot use JSX unless the '--jsx' flag is provided.
../../apps/web-cleaning/src/pages/Properties.tsx(111,15): error TS17004: Cannot use JSX unless the '--jsx' flag is provided.
../../apps/web-cleaning/src/pages/Properties.tsx(112,17): error TS17004: Cannot use JSX unless the '--jsx' flag is provided.
../../apps/web-cleaning/src/pages/Properties.tsx(113,19): error TS17004: Cannot use JSX unless the '--jsx' flag is provided.
../../apps/web-cleaning/src/pages/Properties.tsx(114,21): error TS17004: Cannot use JSX unless the '--jsx' flag is provided.
../../apps/web-cleaning/src/pages/Properties.tsx(116,19): error TS17004: Cannot use JSX unless the '--jsx' flag is provided.
../../apps/web-cleaning/src/pages/Properties.tsx(118,17): error TS17004: Cannot use JSX unless the '--jsx' flag is provided.
../../apps/web-cleaning/src/pages/Properties.tsx(119,19): error TS17004: Cannot use JSX unless the '--jsx' flag is provided.
../../apps/web-cleaning/src/pages/Properties.tsx(120,21): error TS17004: Cannot use JSX unless the '--jsx' flag is provided.
../../apps/web-cleaning/src/pages/Properties.tsx(122,19): error TS17004: Cannot use JSX unless the '--jsx' flag is provided.
../../apps/web-cleaning/src/pages/Properties.tsx(124,17): error TS17004: Cannot use JSX unless the '--jsx' flag is provided.
../../apps/web-cleaning/src/pages/Properties.tsx(125,19): error TS17004: Cannot use JSX unless the '--jsx' flag is provided.
../../apps/web-cleaning/src/pages/Properties.tsx(126,21): error TS17004: Cannot use JSX unless the '--jsx' flag is provided.
../../apps/web-cleaning/src/pages/Properties.tsx(128,19): error TS17004: Cannot use JSX unless the '--jsx' flag is provided.
../../apps/web-cleaning/src/pages/Properties.tsx(133,17): error TS17004: Cannot use JSX unless the '--jsx' flag is provided.
../../apps/web-cleaning/src/pages/Properties.tsx(134,19): error TS17004: Cannot use JSX unless the '--jsx' flag is provided.
../../apps/web-cleaning/src/pages/Properties.tsx(135,21): error TS17004: Cannot use JSX unless the '--jsx' flag is provided.
../../apps/web-cleaning/src/pages/Properties.tsx(136,21): error TS17004: Cannot use JSX unless the '--jsx' flag is provided.
../../apps/web-cleaning/src/pages/Properties.tsx(138,19): error TS17004: Cannot use JSX unless the '--jsx' flag is provided.
../../apps/web-cleaning/src/pages/Properties.tsx(139,21): error TS17004: Cannot use JSX unless the '--jsx' flag is provided.
../../apps/web-cleaning/src/pages/Properties.tsx(140,21): error TS17004: Cannot use JSX unless the '--jsx' flag is provided.
../../apps/web-cleaning/src/pages/Properties.tsx(143,21): error TS17004: Cannot use JSX unless the '--jsx' flag is provided.
../../apps/web-cleaning/src/pages/Properties.tsx(144,23): error TS17004: Cannot use JSX unless the '--jsx' flag is provided.
../../apps/web-cleaning/src/pages/Properties.tsx(145,23): error TS17004: Cannot use JSX unless the '--jsx' flag is provided.
../../apps/web-cleaning/src/pages/PropertyCalendar.tsx(2,33): error TS6133: 'Badge' is declared but its value is never read.
../../apps/web-cleaning/src/pages/PropertyCalendar.tsx(7,35): error TS6142: Module '../components/calendar/QuickEditJobModal' was resolved to '/home/orrox/projects/rightfit-cleaning-staging/apps/web-cleaning/src/components/calendar/QuickEditJobModal.tsx', but '--jsx' is not set.
../../apps/web-cleaning/src/pages/PropertyCalendar.tsx(55,32): error TS2769: No overload matches this call.
  Overload 1 of 4, '(value: string | number | Date): Date', gave the following error.
    Argument of type 'string | null | undefined' is not assignable to parameter of type 'string | number | Date'.
      Type 'undefined' is not assignable to type 'string | number | Date'.
  Overload 2 of 4, '(value: string | number): Date', gave the following error.
    Argument of type 'string | null | undefined' is not assignable to parameter of type 'string | number'.
      Type 'undefined' is not assignable to type 'string | number'.
../../apps/web-cleaning/src/pages/PropertyCalendar.tsx(69,9): error TS6133: 'isCurrentMonth' is declared but its value is never read.
../../apps/web-cleaning/src/pages/PropertyCalendar.tsx(162,18): error TS2769: No overload matches this call.
  Overload 1 of 4, '(value: string | number | Date): Date', gave the following error.
    Argument of type 'string | null | undefined' is not assignable to parameter of type 'string | number | Date'.
      Type 'undefined' is not assignable to type 'string | number | Date'.
  Overload 2 of 4, '(value: string | number): Date', gave the following error.
    Argument of type 'string | null | undefined' is not assignable to parameter of type 'string | number'.
      Type 'undefined' is not assignable to type 'string | number'.
../../apps/web-cleaning/src/pages/PropertyCalendar.tsx(169,11): error TS2345: Argument of type 'string | null | undefined' is not assignable to parameter of type 'string'.
  Type 'undefined' is not assignable to type 'string'.
../../apps/web-cleaning/src/pages/PropertyCalendar.tsx(209,20): error TS2339: Property 'effectAllowed' does not exist on type 'DataTransfer'.
../../apps/web-cleaning/src/pages/PropertyCalendar.tsx(210,20): error TS2339: Property 'setData' does not exist on type 'DataTransfer'.
../../apps/web-cleaning/src/pages/PropertyCalendar.tsx(211,20): error TS2339: Property 'setData' does not exist on type 'DataTransfer'.
../../apps/web-cleaning/src/pages/PropertyCalendar.tsx(224,20): error TS2339: Property 'dropEffect' does not exist on type 'DataTransfer'.
../../apps/web-cleaning/src/pages/PropertyCalendar.tsx(236,34): error TS2339: Property 'getData' does not exist on type 'DataTransfer'.
../../apps/web-cleaning/src/pages/PropertyCalendar.tsx(237,36): error TS2339: Property 'getData' does not exist on type 'DataTransfer'.
../../apps/web-cleaning/src/pages/PropertyCalendar.tsx(289,7): error TS2339: Property 'stopPropagation' does not exist on type 'MouseEvent<Element, MouseEvent> | Touch'.
  Property 'stopPropagation' does not exist on type 'Touch'.
../../apps/web-cleaning/src/pages/PropertyCalendar.tsx(313,9): error TS17004: Cannot use JSX unless the '--jsx' flag is provided.
../../apps/web-cleaning/src/pages/PropertyCalendar.tsx(327,11): error TS17004: Cannot use JSX unless the '--jsx' flag is provided.
../../apps/web-cleaning/src/pages/PropertyCalendar.tsx(331,13): error TS17004: Cannot use JSX unless the '--jsx' flag is provided.
../../apps/web-cleaning/src/pages/PropertyCalendar.tsx(338,19): error TS17004: Cannot use JSX unless the '--jsx' flag is provided.
../../apps/web-cleaning/src/pages/PropertyCalendar.tsx(345,31): error TS6133: 'e' is declared but its value is never read.
../../apps/web-cleaning/src/pages/PropertyCalendar.tsx(360,74): error TS2339: Property 'style' does not exist on type 'EventTarget & HTMLDivElement'.
../../apps/web-cleaning/src/pages/PropertyCalendar.tsx(361,74): error TS2339: Property 'style' does not exist on type 'EventTarget & HTMLDivElement'.
../../apps/web-cleaning/src/pages/PropertyCalendar.tsx(363,21): error TS17004: Cannot use JSX unless the '--jsx' flag is provided.
../../apps/web-cleaning/src/pages/PropertyCalendar.tsx(367,21): error TS17004: Cannot use JSX unless the '--jsx' flag is provided.
../../apps/web-cleaning/src/pages/PropertyCalendar.tsx(385,41): error TS2339: Property 'style' does not exist on type 'EventTarget & HTMLButtonElement'.
../../apps/web-cleaning/src/pages/PropertyCalendar.tsx(388,41): error TS2339: Property 'style' does not exist on type 'EventTarget & HTMLButtonElement'.
../../apps/web-cleaning/src/pages/PropertyCalendar.tsx(392,23): error TS17004: Cannot use JSX unless the '--jsx' flag is provided.
../../apps/web-cleaning/src/pages/PropertyCalendar.tsx(414,9): error TS17004: Cannot use JSX unless the '--jsx' flag is provided.
../../apps/web-cleaning/src/pages/PropertyCalendar.tsx(428,11): error TS17004: Cannot use JSX unless the '--jsx' flag is provided.
../../apps/web-cleaning/src/pages/PropertyCalendar.tsx(436,29): error TS17004: Cannot use JSX unless the '--jsx' flag is provided.
../../apps/web-cleaning/src/pages/PropertyCalendar.tsx(438,11): error TS17004: Cannot use JSX unless the '--jsx' flag is provided.
../../apps/web-cleaning/src/pages/PropertyCalendar.tsx(445,17): error TS17004: Cannot use JSX unless the '--jsx' flag is provided.
../../apps/web-cleaning/src/pages/PropertyCalendar.tsx(452,29): error TS6133: 'e' is declared but its value is never read.
../../apps/web-cleaning/src/pages/PropertyCalendar.tsx(468,72): error TS2339: Property 'style' does not exist on type 'EventTarget & HTMLDivElement'.
../../apps/web-cleaning/src/pages/PropertyCalendar.tsx(469,72): error TS2339: Property 'style' does not exist on type 'EventTarget & HTMLDivElement'.
../../apps/web-cleaning/src/pages/PropertyCalendar.tsx(471,19): error TS17004: Cannot use JSX unless the '--jsx' flag is provided.
../../apps/web-cleaning/src/pages/PropertyCalendar.tsx(474,19): error TS17004: Cannot use JSX unless the '--jsx' flag is provided.
../../apps/web-cleaning/src/pages/PropertyCalendar.tsx(480,19): error TS17004: Cannot use JSX unless the '--jsx' flag is provided.
../../apps/web-cleaning/src/pages/PropertyCalendar.tsx(498,39): error TS2339: Property 'style' does not exist on type 'EventTarget & HTMLButtonElement'.
../../apps/web-cleaning/src/pages/PropertyCalendar.tsx(501,39): error TS2339: Property 'style' does not exist on type 'EventTarget & HTMLButtonElement'.
../../apps/web-cleaning/src/pages/PropertyCalendar.tsx(505,21): error TS17004: Cannot use JSX unless the '--jsx' flag is provided.
../../apps/web-cleaning/src/pages/PropertyCalendar.tsx(527,9): error TS17004: Cannot use JSX unless the '--jsx' flag is provided.
../../apps/web-cleaning/src/pages/PropertyCalendar.tsx(541,11): error TS17004: Cannot use JSX unless the '--jsx' flag is provided.
../../apps/web-cleaning/src/pages/PropertyCalendar.tsx(545,13): error TS17004: Cannot use JSX unless the '--jsx' flag is provided.
../../apps/web-cleaning/src/pages/PropertyCalendar.tsx(552,19): error TS17004: Cannot use JSX unless the '--jsx' flag is provided.
../../apps/web-cleaning/src/pages/PropertyCalendar.tsx(559,31): error TS6133: 'e' is declared but its value is never read.
../../apps/web-cleaning/src/pages/PropertyCalendar.tsx(574,74): error TS2339: Property 'style' does not exist on type 'EventTarget & HTMLDivElement'.
../../apps/web-cleaning/src/pages/PropertyCalendar.tsx(575,74): error TS2339: Property 'style' does not exist on type 'EventTarget & HTMLDivElement'.
../../apps/web-cleaning/src/pages/PropertyCalendar.tsx(577,21): error TS17004: Cannot use JSX unless the '--jsx' flag is provided.
../../apps/web-cleaning/src/pages/PropertyCalendar.tsx(581,21): error TS17004: Cannot use JSX unless the '--jsx' flag is provided.
../../apps/web-cleaning/src/pages/PropertyCalendar.tsx(599,41): error TS2339: Property 'style' does not exist on type 'EventTarget & HTMLButtonElement'.
../../apps/web-cleaning/src/pages/PropertyCalendar.tsx(602,41): error TS2339: Property 'style' does not exist on type 'EventTarget & HTMLButtonElement'.
../../apps/web-cleaning/src/pages/PropertyCalendar.tsx(606,23): error TS17004: Cannot use JSX unless the '--jsx' flag is provided.
../../apps/web-cleaning/src/pages/PropertyCalendar.tsx(622,7): error TS17004: Cannot use JSX unless the '--jsx' flag is provided.
../../apps/web-cleaning/src/pages/PropertyCalendar.tsx(623,9): error TS17004: Cannot use JSX unless the '--jsx' flag is provided.
../../apps/web-cleaning/src/pages/PropertyCalendar.tsx(649,30): error TS2769: No overload matches this call.
  Overload 1 of 4, '(value: string | number | Date): Date', gave the following error.
    Argument of type 'string | null | undefined' is not assignable to parameter of type 'string | number | Date'.
      Type 'undefined' is not assignable to type 'string | number | Date'.
  Overload 2 of 4, '(value: string | number): Date', gave the following error.
    Argument of type 'string | null | undefined' is not assignable to parameter of type 'string | number'.
      Type 'undefined' is not assignable to type 'string | number'.
../../apps/web-cleaning/src/pages/PropertyCalendar.tsx(671,5): error TS17004: Cannot use JSX unless the '--jsx' flag is provided.
../../apps/web-cleaning/src/pages/PropertyCalendar.tsx(673,7): error TS17004: Cannot use JSX unless the '--jsx' flag is provided.
../../apps/web-cleaning/src/pages/PropertyCalendar.tsx(674,9): error TS17004: Cannot use JSX unless the '--jsx' flag is provided.
../../apps/web-cleaning/src/pages/PropertyCalendar.tsx(675,11): error TS17004: Cannot use JSX unless the '--jsx' flag is provided.
../../apps/web-cleaning/src/pages/PropertyCalendar.tsx(679,9): error TS17004: Cannot use JSX unless the '--jsx' flag is provided.
../../apps/web-cleaning/src/pages/PropertyCalendar.tsx(680,11): error TS17004: Cannot use JSX unless the '--jsx' flag is provided.
../../apps/web-cleaning/src/pages/PropertyCalendar.tsx(683,11): error TS17004: Cannot use JSX unless the '--jsx' flag is provided.
../../apps/web-cleaning/src/pages/PropertyCalendar.tsx(686,11): error TS17004: Cannot use JSX unless the '--jsx' flag is provided.
../../apps/web-cleaning/src/pages/PropertyCalendar.tsx(689,11): error TS17004: Cannot use JSX unless the '--jsx' flag is provided.
../../apps/web-cleaning/src/pages/PropertyCalendar.tsx(696,7): error TS17004: Cannot use JSX unless the '--jsx' flag is provided.
../../apps/web-cleaning/src/pages/PropertyCalendar.tsx(697,9): error TS17004: Cannot use JSX unless the '--jsx' flag is provided.
../../apps/web-cleaning/src/pages/PropertyCalendar.tsx(698,11): error TS17004: Cannot use JSX unless the '--jsx' flag is provided.
../../apps/web-cleaning/src/pages/PropertyCalendar.tsx(699,13): error TS17004: Cannot use JSX unless the '--jsx' flag is provided.
../../apps/web-cleaning/src/pages/PropertyCalendar.tsx(700,15): error TS17004: Cannot use JSX unless the '--jsx' flag is provided.
../../apps/web-cleaning/src/pages/PropertyCalendar.tsx(701,15): error TS17004: Cannot use JSX unless the '--jsx' flag is provided.
../../apps/web-cleaning/src/pages/PropertyCalendar.tsx(703,13): error TS17004: Cannot use JSX unless the '--jsx' flag is provided.
../../apps/web-cleaning/src/pages/PropertyCalendar.tsx(704,15): error TS17004: Cannot use JSX unless the '--jsx' flag is provided.
../../apps/web-cleaning/src/pages/PropertyCalendar.tsx(707,11): error TS17004: Cannot use JSX unless the '--jsx' flag is provided.
../../apps/web-cleaning/src/pages/PropertyCalendar.tsx(710,9): error TS17004: Cannot use JSX unless the '--jsx' flag is provided.
../../apps/web-cleaning/src/pages/PropertyCalendar.tsx(711,11): error TS17004: Cannot use JSX unless the '--jsx' flag is provided.
../../apps/web-cleaning/src/pages/PropertyCalendar.tsx(712,13): error TS17004: Cannot use JSX unless the '--jsx' flag is provided.
../../apps/web-cleaning/src/pages/PropertyCalendar.tsx(713,15): error TS17004: Cannot use JSX unless the '--jsx' flag is provided.
../../apps/web-cleaning/src/pages/PropertyCalendar.tsx(714,15): error TS17004: Cannot use JSX unless the '--jsx' flag is provided.
../../apps/web-cleaning/src/pages/PropertyCalendar.tsx(716,13): error TS17004: Cannot use JSX unless the '--jsx' flag is provided.
../../apps/web-cleaning/src/pages/PropertyCalendar.tsx(717,15): error TS17004: Cannot use JSX unless the '--jsx' flag is provided.
../../apps/web-cleaning/src/pages/PropertyCalendar.tsx(720,11): error TS17004: Cannot use JSX unless the '--jsx' flag is provided.
../../apps/web-cleaning/src/pages/PropertyCalendar.tsx(723,9): error TS17004: Cannot use JSX unless the '--jsx' flag is provided.
../../apps/web-cleaning/src/pages/PropertyCalendar.tsx(724,11): error TS17004: Cannot use JSX unless the '--jsx' flag is provided.
../../apps/web-cleaning/src/pages/PropertyCalendar.tsx(725,13): error TS17004: Cannot use JSX unless the '--jsx' flag is provided.
../../apps/web-cleaning/src/pages/PropertyCalendar.tsx(726,15): error TS17004: Cannot use JSX unless the '--jsx' flag is provided.
../../apps/web-cleaning/src/pages/PropertyCalendar.tsx(727,15): error TS17004: Cannot use JSX unless the '--jsx' flag is provided.
../../apps/web-cleaning/src/pages/PropertyCalendar.tsx(729,13): error TS17004: Cannot use JSX unless the '--jsx' flag is provided.
../../apps/web-cleaning/src/pages/PropertyCalendar.tsx(730,15): error TS17004: Cannot use JSX unless the '--jsx' flag is provided.
../../apps/web-cleaning/src/pages/PropertyCalendar.tsx(733,11): error TS17004: Cannot use JSX unless the '--jsx' flag is provided.
../../apps/web-cleaning/src/pages/PropertyCalendar.tsx(736,9): error TS17004: Cannot use JSX unless the '--jsx' flag is provided.
../../apps/web-cleaning/src/pages/PropertyCalendar.tsx(737,11): error TS17004: Cannot use JSX unless the '--jsx' flag is provided.
../../apps/web-cleaning/src/pages/PropertyCalendar.tsx(738,13): error TS17004: Cannot use JSX unless the '--jsx' flag is provided.
../../apps/web-cleaning/src/pages/PropertyCalendar.tsx(739,15): error TS17004: Cannot use JSX unless the '--jsx' flag is provided.
../../apps/web-cleaning/src/pages/PropertyCalendar.tsx(740,15): error TS17004: Cannot use JSX unless the '--jsx' flag is provided.
../../apps/web-cleaning/src/pages/PropertyCalendar.tsx(742,13): error TS17004: Cannot use JSX unless the '--jsx' flag is provided.
../../apps/web-cleaning/src/pages/PropertyCalendar.tsx(743,15): error TS17004: Cannot use JSX unless the '--jsx' flag is provided.
../../apps/web-cleaning/src/pages/PropertyCalendar.tsx(746,11): error TS17004: Cannot use JSX unless the '--jsx' flag is provided.
../../apps/web-cleaning/src/pages/PropertyCalendar.tsx(751,7): error TS17004: Cannot use JSX unless the '--jsx' flag is provided.
../../apps/web-cleaning/src/pages/PropertyCalendar.tsx(752,9): error TS17004: Cannot use JSX unless the '--jsx' flag is provided.
../../apps/web-cleaning/src/pages/PropertyCalendar.tsx(753,11): error TS17004: Cannot use JSX unless the '--jsx' flag is provided.
../../apps/web-cleaning/src/pages/PropertyCalendar.tsx(754,11): error TS17004: Cannot use JSX unless the '--jsx' flag is provided.
../../apps/web-cleaning/src/pages/PropertyCalendar.tsx(755,13): error TS17004: Cannot use JSX unless the '--jsx' flag is provided.
../../apps/web-cleaning/src/pages/PropertyCalendar.tsx(764,13): error TS17004: Cannot use JSX unless the '--jsx' flag is provided.
../../apps/web-cleaning/src/pages/PropertyCalendar.tsx(766,11): error TS17004: Cannot use JSX unless the '--jsx' flag is provided.
../../apps/web-cleaning/src/pages/PropertyCalendar.tsx(767,13): error TS17004: Cannot use JSX unless the '--jsx' flag is provided.
../../apps/web-cleaning/src/pages/PropertyCalendar.tsx(776,13): error TS17004: Cannot use JSX unless the '--jsx' flag is provided.
../../apps/web-cleaning/src/pages/PropertyCalendar.tsx(778,11): error TS17004: Cannot use JSX unless the '--jsx' flag is provided.
../../apps/web-cleaning/src/pages/PropertyCalendar.tsx(779,13): error TS17004: Cannot use JSX unless the '--jsx' flag is provided.
../../apps/web-cleaning/src/pages/PropertyCalendar.tsx(788,13): error TS17004: Cannot use JSX unless the '--jsx' flag is provided.
../../apps/web-cleaning/src/pages/PropertyCalendar.tsx(790,11): error TS17004: Cannot use JSX unless the '--jsx' flag is provided.
../../apps/web-cleaning/src/pages/PropertyCalendar.tsx(791,13): error TS17004: Cannot use JSX unless the '--jsx' flag is provided.
../../apps/web-cleaning/src/pages/PropertyCalendar.tsx(800,13): error TS17004: Cannot use JSX unless the '--jsx' flag is provided.
../../apps/web-cleaning/src/pages/PropertyCalendar.tsx(802,11): error TS17004: Cannot use JSX unless the '--jsx' flag is provided.
../../apps/web-cleaning/src/pages/PropertyCalendar.tsx(807,7): error TS17004: Cannot use JSX unless the '--jsx' flag is provided.
../../apps/web-cleaning/src/pages/PropertyCalendar.tsx(809,9): error TS17004: Cannot use JSX unless the '--jsx' flag is provided.
../../apps/web-cleaning/src/pages/PropertyCalendar.tsx(819,15): error TS17004: Cannot use JSX unless the '--jsx' flag is provided.
../../apps/web-cleaning/src/pages/PropertyCalendar.tsx(833,9): error TS17004: Cannot use JSX unless the '--jsx' flag is provided.
../../apps/web-cleaning/src/pages/PropertyCalendar.tsx(839,7): error TS17004: Cannot use JSX unless the '--jsx' flag is provided.
../../apps/web-cleaning/src/pages/PropertyCalendar.tsx(840,9): error TS17004: Cannot use JSX unless the '--jsx' flag is provided.
../../apps/web-cleaning/src/pages/PropertyCalendar.tsx(841,11): error TS17004: Cannot use JSX unless the '--jsx' flag is provided.
../../apps/web-cleaning/src/pages/PropertyCalendar.tsx(844,9): error TS17004: Cannot use JSX unless the '--jsx' flag is provided.
../../apps/web-cleaning/src/pages/PropertyCalendar.tsx(851,15): error TS17004: Cannot use JSX unless the '--jsx' flag is provided.
../../apps/web-cleaning/src/pages/PropertyCalendar.tsx(856,17): error TS17004: Cannot use JSX unless the '--jsx' flag is provided.
../../apps/web-cleaning/src/pages/PropertyCalendar.tsx(857,19): error TS17004: Cannot use JSX unless the '--jsx' flag is provided.
../../apps/web-cleaning/src/pages/PropertyCalendar.tsx(858,21): error TS17004: Cannot use JSX unless the '--jsx' flag is provided.
../../apps/web-cleaning/src/pages/PropertyCalendar.tsx(860,19): error TS17004: Cannot use JSX unless the '--jsx' flag is provided.
../../apps/web-cleaning/src/pages/PropertyCalendar.tsx(861,21): error TS17004: Cannot use JSX unless the '--jsx' flag is provided.
../../apps/web-cleaning/src/pages/PropertyCalendar.tsx(863,23): error TS17004: Cannot use JSX unless the '--jsx' flag is provided.
../../apps/web-cleaning/src/pages/PropertyCalendar.tsx(867,17): error TS17004: Cannot use JSX unless the '--jsx' flag is provided.
../../apps/web-cleaning/src/pages/PropertyCalendar.tsx(868,19): error TS17004: Cannot use JSX unless the '--jsx' flag is provided.
../../apps/web-cleaning/src/pages/PropertyCalendar.tsx(869,21): error TS17004: Cannot use JSX unless the '--jsx' flag is provided.
../../apps/web-cleaning/src/pages/PropertyCalendar.tsx(870,21): error TS17004: Cannot use JSX unless the '--jsx' flag is provided.
../../apps/web-cleaning/src/pages/PropertyCalendar.tsx(872,19): error TS17004: Cannot use JSX unless the '--jsx' flag is provided.
../../apps/web-cleaning/src/pages/PropertyCalendar.tsx(873,21): error TS17004: Cannot use JSX unless the '--jsx' flag is provided.
../../apps/web-cleaning/src/pages/PropertyCalendar.tsx(874,21): error TS17004: Cannot use JSX unless the '--jsx' flag is provided.
../../apps/web-cleaning/src/pages/PropertyCalendar.tsx(884,11): error TS17004: Cannot use JSX unless the '--jsx' flag is provided.
../../apps/web-cleaning/src/pages/PropertyCalendar.tsx(885,13): error TS17004: Cannot use JSX unless the '--jsx' flag is provided.
../../apps/web-cleaning/src/pages/PropertyCalendar.tsx(891,7): error TS17004: Cannot use JSX unless the '--jsx' flag is provided.
../../apps/web-cleaning/src/pages/PropertyCalendar.tsx(892,9): error TS17004: Cannot use JSX unless the '--jsx' flag is provided.
../../apps/web-cleaning/src/pages/PropertyCalendar.tsx(893,11): error TS17004: Cannot use JSX unless the '--jsx' flag is provided.
../../apps/web-cleaning/src/pages/PropertyCalendar.tsx(896,9): error TS17004: Cannot use JSX unless the '--jsx' flag is provided.
../../apps/web-cleaning/src/pages/PropertyCalendar.tsx(905,15): error TS17004: Cannot use JSX unless the '--jsx' flag is provided.
../../apps/web-cleaning/src/pages/PropertyCalendar.tsx(910,17): error TS17004: Cannot use JSX unless the '--jsx' flag is provided.
../../apps/web-cleaning/src/pages/PropertyCalendar.tsx(911,19): error TS17004: Cannot use JSX unless the '--jsx' flag is provided.
../../apps/web-cleaning/src/pages/PropertyCalendar.tsx(912,21): error TS17004: Cannot use JSX unless the '--jsx' flag is provided.
../../apps/web-cleaning/src/pages/PropertyCalendar.tsx(914,19): error TS17004: Cannot use JSX unless the '--jsx' flag is provided.
../../apps/web-cleaning/src/pages/PropertyCalendar.tsx(915,21): error TS17004: Cannot use JSX unless the '--jsx' flag is provided.
../../apps/web-cleaning/src/pages/PropertyCalendar.tsx(918,21): error TS17004: Cannot use JSX unless the '--jsx' flag is provided.
../../apps/web-cleaning/src/pages/PropertyCalendar.tsx(918,94): error TS2339: Property 'email' does not exist on type '{ id: string; first_name: string; last_name: string; phone: string; }'.
../../apps/web-cleaning/src/pages/PropertyCalendar.tsx(921,17): error TS17004: Cannot use JSX unless the '--jsx' flag is provided.
../../apps/web-cleaning/src/pages/PropertyCalendar.tsx(922,19): error TS17004: Cannot use JSX unless the '--jsx' flag is provided.
../../apps/web-cleaning/src/pages/PropertyCalendar.tsx(923,21): error TS17004: Cannot use JSX unless the '--jsx' flag is provided.
../../apps/web-cleaning/src/pages/PropertyCalendar.tsx(924,21): error TS17004: Cannot use JSX unless the '--jsx' flag is provided.
../../apps/web-cleaning/src/pages/PropertyCalendar.tsx(926,19): error TS17004: Cannot use JSX unless the '--jsx' flag is provided.
../../apps/web-cleaning/src/pages/PropertyCalendar.tsx(927,21): error TS17004: Cannot use JSX unless the '--jsx' flag is provided.
../../apps/web-cleaning/src/pages/PropertyCalendar.tsx(928,21): error TS17004: Cannot use JSX unless the '--jsx' flag is provided.
../../apps/web-cleaning/src/pages/PropertyCalendar.tsx(932,19): error TS17004: Cannot use JSX unless the '--jsx' flag is provided.
../../apps/web-cleaning/src/pages/PropertyCalendar.tsx(933,21): error TS17004: Cannot use JSX unless the '--jsx' flag is provided.
../../apps/web-cleaning/src/pages/PropertyCalendar.tsx(934,21): error TS17004: Cannot use JSX unless the '--jsx' flag is provided.
../../apps/web-cleaning/src/pages/PropertyCalendar.tsx(944,11): error TS17004: Cannot use JSX unless the '--jsx' flag is provided.
../../apps/web-cleaning/src/pages/PropertyCalendar.tsx(945,13): error TS17004: Cannot use JSX unless the '--jsx' flag is provided.
../../apps/web-cleaning/src/pages/PropertyCalendar.tsx(952,9): error TS17004: Cannot use JSX unless the '--jsx' flag is provided.
../../apps/web-cleaning/src/pages/PropertyDetails.tsx(18,41): error TS6142: Module '../components/PropertyHistoryTimeline' was resolved to '/home/orrox/projects/rightfit-cleaning-staging/apps/web-cleaning/src/components/PropertyHistoryTimeline.tsx', but '--jsx' is not set.
../../apps/web-cleaning/src/pages/PropertyDetails.tsx(19,39): error TS6142: Module '../components/PropertyGuestCalendar' was resolved to '/home/orrox/projects/rightfit-cleaning-staging/apps/web-cleaning/src/components/PropertyGuestCalendar.tsx', but '--jsx' is not set.
../../apps/web-cleaning/src/pages/PropertyDetails.tsx(20,1): error TS6133: 'HomeIcon' is declared but its value is never read.
../../apps/web-cleaning/src/pages/PropertyDetails.tsx(22,1): error TS6133: 'KeyIcon' is declared but its value is never read.
../../apps/web-cleaning/src/pages/PropertyDetails.tsx(213,7): error TS17004: Cannot use JSX unless the '--jsx' flag is provided.
../../apps/web-cleaning/src/pages/PropertyDetails.tsx(214,9): error TS17004: Cannot use JSX unless the '--jsx' flag is provided.
../../apps/web-cleaning/src/pages/PropertyDetails.tsx(221,7): error TS17004: Cannot use JSX unless the '--jsx' flag is provided.
../../apps/web-cleaning/src/pages/PropertyDetails.tsx(222,9): error TS17004: Cannot use JSX unless the '--jsx' flag is provided.
../../apps/web-cleaning/src/pages/PropertyDetails.tsx(223,11): error TS17004: Cannot use JSX unless the '--jsx' flag is provided.
../../apps/web-cleaning/src/pages/PropertyDetails.tsx(224,11): error TS17004: Cannot use JSX unless the '--jsx' flag is provided.
../../apps/web-cleaning/src/pages/PropertyDetails.tsx(232,44): error TS2339: Property 'photo_urls' does not exist on type 'CustomerProperty'.
../../apps/web-cleaning/src/pages/PropertyDetails.tsx(232,67): error TS2339: Property 'photo_urls' does not exist on type 'CustomerProperty'.
../../apps/web-cleaning/src/pages/PropertyDetails.tsx(233,54): error TS2339: Property 'utility_locations' does not exist on type 'CustomerProperty'.
../../apps/web-cleaning/src/pages/PropertyDetails.tsx(233,84): error TS2339: Property 'utility_locations' does not exist on type 'CustomerProperty'.
../../apps/web-cleaning/src/pages/PropertyDetails.tsx(234,58): error TS2339: Property 'emergency_contacts' does not exist on type 'CustomerProperty'.
../../apps/web-cleaning/src/pages/PropertyDetails.tsx(234,89): error TS2339: Property 'emergency_contacts' does not exist on type 'CustomerProperty'.
../../apps/web-cleaning/src/pages/PropertyDetails.tsx(237,5): error TS17004: Cannot use JSX unless the '--jsx' flag is provided.
../../apps/web-cleaning/src/pages/PropertyDetails.tsx(239,7): error TS17004: Cannot use JSX unless the '--jsx' flag is provided.
../../apps/web-cleaning/src/pages/PropertyDetails.tsx(240,9): error TS17004: Cannot use JSX unless the '--jsx' flag is provided.
../../apps/web-cleaning/src/pages/PropertyDetails.tsx(241,11): error TS17004: Cannot use JSX unless the '--jsx' flag is provided.
../../apps/web-cleaning/src/pages/PropertyDetails.tsx(242,13): error TS17004: Cannot use JSX unless the '--jsx' flag is provided.
../../apps/web-cleaning/src/pages/PropertyDetails.tsx(245,11): error TS17004: Cannot use JSX unless the '--jsx' flag is provided.
../../apps/web-cleaning/src/pages/PropertyDetails.tsx(246,13): error TS17004: Cannot use JSX unless the '--jsx' flag is provided.
../../apps/web-cleaning/src/pages/PropertyDetails.tsx(247,13): error TS17004: Cannot use JSX unless the '--jsx' flag is provided.
../../apps/web-cleaning/src/pages/PropertyDetails.tsx(248,15): error TS17004: Cannot use JSX unless the '--jsx' flag is provided.
../../apps/web-cleaning/src/pages/PropertyDetails.tsx(253,9): error TS17004: Cannot use JSX unless the '--jsx' flag is provided.
../../apps/web-cleaning/src/pages/PropertyDetails.tsx(254,11): error TS17004: Cannot use JSX unless the '--jsx' flag is provided.
../../apps/web-cleaning/src/pages/PropertyDetails.tsx(259,7): error TS17004: Cannot use JSX unless the '--jsx' flag is provided.
../../apps/web-cleaning/src/pages/PropertyDetails.tsx(260,9): error TS17004: Cannot use JSX unless the '--jsx' flag is provided.
../../apps/web-cleaning/src/pages/PropertyDetails.tsx(263,9): error TS17004: Cannot use JSX unless the '--jsx' flag is provided.
../../apps/web-cleaning/src/pages/PropertyDetails.tsx(264,11): error TS17004: Cannot use JSX unless the '--jsx' flag is provided.
../../apps/web-cleaning/src/pages/PropertyDetails.tsx(265,11): error TS17004: Cannot use JSX unless the '--jsx' flag is provided.
../../apps/web-cleaning/src/pages/PropertyDetails.tsx(267,15): error TS17004: Cannot use JSX unless the '--jsx' flag is provided.
../../apps/web-cleaning/src/pages/PropertyDetails.tsx(268,17): error TS17004: Cannot use JSX unless the '--jsx' flag is provided.
../../apps/web-cleaning/src/pages/PropertyDetails.tsx(274,19): error TS17004: Cannot use JSX unless the '--jsx' flag is provided.
../../apps/web-cleaning/src/pages/PropertyDetails.tsx(285,7): error TS17004: Cannot use JSX unless the '--jsx' flag is provided.
../../apps/web-cleaning/src/pages/PropertyDetails.tsx(286,9): error TS17004: Cannot use JSX unless the '--jsx' flag is provided.
../../apps/web-cleaning/src/pages/PropertyDetails.tsx(289,7): error TS17004: Cannot use JSX unless the '--jsx' flag is provided.
../../apps/web-cleaning/src/pages/PropertyDetails.tsx(291,9): error TS17004: Cannot use JSX unless the '--jsx' flag is provided.
../../apps/web-cleaning/src/pages/PropertyDetails.tsx(292,11): error TS17004: Cannot use JSX unless the '--jsx' flag is provided.
../../apps/web-cleaning/src/pages/PropertyDetails.tsx(293,13): error TS17004: Cannot use JSX unless the '--jsx' flag is provided.
../../apps/web-cleaning/src/pages/PropertyDetails.tsx(294,15): error TS17004: Cannot use JSX unless the '--jsx' flag is provided.
../../apps/web-cleaning/src/pages/PropertyDetails.tsx(296,13): error TS17004: Cannot use JSX unless the '--jsx' flag is provided.
../../apps/web-cleaning/src/pages/PropertyDetails.tsx(297,15): error TS17004: Cannot use JSX unless the '--jsx' flag is provided.
../../apps/web-cleaning/src/pages/PropertyDetails.tsx(298,15): error TS17004: Cannot use JSX unless the '--jsx' flag is provided.
../../apps/web-cleaning/src/pages/PropertyDetails.tsx(306,9): error TS17004: Cannot use JSX unless the '--jsx' flag is provided.
../../apps/web-cleaning/src/pages/PropertyDetails.tsx(307,11): error TS17004: Cannot use JSX unless the '--jsx' flag is provided.
../../apps/web-cleaning/src/pages/PropertyDetails.tsx(308,13): error TS17004: Cannot use JSX unless the '--jsx' flag is provided.
../../apps/web-cleaning/src/pages/PropertyDetails.tsx(309,15): error TS17004: Cannot use JSX unless the '--jsx' flag is provided.
../../apps/web-cleaning/src/pages/PropertyDetails.tsx(311,13): error TS17004: Cannot use JSX unless the '--jsx' flag is provided.
../../apps/web-cleaning/src/pages/PropertyDetails.tsx(312,15): error TS17004: Cannot use JSX unless the '--jsx' flag is provided.
../../apps/web-cleaning/src/pages/PropertyDetails.tsx(313,15): error TS17004: Cannot use JSX unless the '--jsx' flag is provided.
../../apps/web-cleaning/src/pages/PropertyDetails.tsx(321,9): error TS17004: Cannot use JSX unless the '--jsx' flag is provided.
../../apps/web-cleaning/src/pages/PropertyDetails.tsx(322,11): error TS17004: Cannot use JSX unless the '--jsx' flag is provided.
../../apps/web-cleaning/src/pages/PropertyDetails.tsx(323,13): error TS17004: Cannot use JSX unless the '--jsx' flag is provided.
../../apps/web-cleaning/src/pages/PropertyDetails.tsx(324,15): error TS17004: Cannot use JSX unless the '--jsx' flag is provided.
../../apps/web-cleaning/src/pages/PropertyDetails.tsx(326,13): error TS17004: Cannot use JSX unless the '--jsx' flag is provided.
../../apps/web-cleaning/src/pages/PropertyDetails.tsx(327,15): error TS17004: Cannot use JSX unless the '--jsx' flag is provided.
../../apps/web-cleaning/src/pages/PropertyDetails.tsx(328,15): error TS17004: Cannot use JSX unless the '--jsx' flag is provided.
../../apps/web-cleaning/src/pages/PropertyDetails.tsx(337,11): error TS17004: Cannot use JSX unless the '--jsx' flag is provided.
../../apps/web-cleaning/src/pages/PropertyDetails.tsx(338,13): error TS17004: Cannot use JSX unless the '--jsx' flag is provided.
../../apps/web-cleaning/src/pages/PropertyDetails.tsx(339,15): error TS17004: Cannot use JSX unless the '--jsx' flag is provided.
../../apps/web-cleaning/src/pages/PropertyDetails.tsx(340,17): error TS17004: Cannot use JSX unless the '--jsx' flag is provided.
../../apps/web-cleaning/src/pages/PropertyDetails.tsx(342,15): error TS17004: Cannot use JSX unless the '--jsx' flag is provided.
../../apps/web-cleaning/src/pages/PropertyDetails.tsx(343,17): error TS17004: Cannot use JSX unless the '--jsx' flag is provided.
../../apps/web-cleaning/src/pages/PropertyDetails.tsx(344,17): error TS17004: Cannot use JSX unless the '--jsx' flag is provided.
../../apps/web-cleaning/src/pages/PropertyDetails.tsx(347,17): error TS17004: Cannot use JSX unless the '--jsx' flag is provided.
../../apps/web-cleaning/src/pages/PropertyDetails.tsx(356,9): error TS17004: Cannot use JSX unless the '--jsx' flag is provided.
../../apps/web-cleaning/src/pages/PropertyDetails.tsx(357,11): error TS17004: Cannot use JSX unless the '--jsx' flag is provided.
../../apps/web-cleaning/src/pages/PropertyDetails.tsx(358,13): error TS17004: Cannot use JSX unless the '--jsx' flag is provided.
../../apps/web-cleaning/src/pages/PropertyDetails.tsx(361,11): error TS17004: Cannot use JSX unless the '--jsx' flag is provided.
../../apps/web-cleaning/src/pages/PropertyDetails.tsx(363,15): error TS17004: Cannot use JSX unless the '--jsx' flag is provided.
../../apps/web-cleaning/src/pages/PropertyDetails.tsx(364,17): error TS17004: Cannot use JSX unless the '--jsx' flag is provided.
../../apps/web-cleaning/src/pages/PropertyDetails.tsx(365,19): error TS17004: Cannot use JSX unless the '--jsx' flag is provided.
../../apps/web-cleaning/src/pages/PropertyDetails.tsx(366,21): error TS17004: Cannot use JSX unless the '--jsx' flag is provided.
../../apps/web-cleaning/src/pages/PropertyDetails.tsx(368,19): error TS17004: Cannot use JSX unless the '--jsx' flag is provided.
../../apps/web-cleaning/src/pages/PropertyDetails.tsx(369,21): error TS17004: Cannot use JSX unless the '--jsx' flag is provided.
../../apps/web-cleaning/src/pages/PropertyDetails.tsx(370,21): error TS17004: Cannot use JSX unless the '--jsx' flag is provided.
../../apps/web-cleaning/src/pages/PropertyDetails.tsx(378,15): error TS17004: Cannot use JSX unless the '--jsx' flag is provided.
../../apps/web-cleaning/src/pages/PropertyDetails.tsx(379,17): error TS17004: Cannot use JSX unless the '--jsx' flag is provided.
../../apps/web-cleaning/src/pages/PropertyDetails.tsx(380,19): error TS17004: Cannot use JSX unless the '--jsx' flag is provided.
../../apps/web-cleaning/src/pages/PropertyDetails.tsx(381,21): error TS17004: Cannot use JSX unless the '--jsx' flag is provided.
../../apps/web-cleaning/src/pages/PropertyDetails.tsx(383,19): error TS17004: Cannot use JSX unless the '--jsx' flag is provided.
../../apps/web-cleaning/src/pages/PropertyDetails.tsx(384,21): error TS17004: Cannot use JSX unless the '--jsx' flag is provided.
../../apps/web-cleaning/src/pages/PropertyDetails.tsx(385,21): error TS17004: Cannot use JSX unless the '--jsx' flag is provided.
../../apps/web-cleaning/src/pages/PropertyDetails.tsx(398,9): error TS17004: Cannot use JSX unless the '--jsx' flag is provided.
../../apps/web-cleaning/src/pages/PropertyDetails.tsx(399,11): error TS17004: Cannot use JSX unless the '--jsx' flag is provided.
../../apps/web-cleaning/src/pages/PropertyDetails.tsx(400,13): error TS17004: Cannot use JSX unless the '--jsx' flag is provided.
../../apps/web-cleaning/src/pages/PropertyDetails.tsx(402,11): error TS17004: Cannot use JSX unless the '--jsx' flag is provided.
../../apps/web-cleaning/src/pages/PropertyDetails.tsx(404,15): error TS17004: Cannot use JSX unless the '--jsx' flag is provided.
../../apps/web-cleaning/src/pages/PropertyDetails.tsx(405,17): error TS17004: Cannot use JSX unless the '--jsx' flag is provided.
../../apps/web-cleaning/src/pages/PropertyDetails.tsx(406,17): error TS17004: Cannot use JSX unless the '--jsx' flag is provided.
../../apps/web-cleaning/src/pages/PropertyDetails.tsx(410,15): error TS17004: Cannot use JSX unless the '--jsx' flag is provided.
../../apps/web-cleaning/src/pages/PropertyDetails.tsx(411,17): error TS17004: Cannot use JSX unless the '--jsx' flag is provided.
../../apps/web-cleaning/src/pages/PropertyDetails.tsx(412,17): error TS17004: Cannot use JSX unless the '--jsx' flag is provided.
../../apps/web-cleaning/src/pages/PropertyDetails.tsx(416,15): error TS17004: Cannot use JSX unless the '--jsx' flag is provided.
../../apps/web-cleaning/src/pages/PropertyDetails.tsx(417,17): error TS17004: Cannot use JSX unless the '--jsx' flag is provided.
../../apps/web-cleaning/src/pages/PropertyDetails.tsx(418,17): error TS17004: Cannot use JSX unless the '--jsx' flag is provided.
../../apps/web-cleaning/src/pages/PropertyDetails.tsx(422,15): error TS17004: Cannot use JSX unless the '--jsx' flag is provided.
../../apps/web-cleaning/src/pages/PropertyDetails.tsx(423,17): error TS17004: Cannot use JSX unless the '--jsx' flag is provided.
../../apps/web-cleaning/src/pages/PropertyDetails.tsx(424,17): error TS17004: Cannot use JSX unless the '--jsx' flag is provided.
../../apps/web-cleaning/src/pages/PropertyDetails.tsx(428,15): error TS17004: Cannot use JSX unless the '--jsx' flag is provided.
../../apps/web-cleaning/src/pages/PropertyDetails.tsx(429,17): error TS17004: Cannot use JSX unless the '--jsx' flag is provided.
../../apps/web-cleaning/src/pages/PropertyDetails.tsx(430,17): error TS17004: Cannot use JSX unless the '--jsx' flag is provided.
../../apps/web-cleaning/src/pages/PropertyDetails.tsx(439,9): error TS17004: Cannot use JSX unless the '--jsx' flag is provided.
../../apps/web-cleaning/src/pages/PropertyDetails.tsx(440,11): error TS17004: Cannot use JSX unless the '--jsx' flag is provided.
../../apps/web-cleaning/src/pages/PropertyDetails.tsx(441,13): error TS17004: Cannot use JSX unless the '--jsx' flag is provided.
../../apps/web-cleaning/src/pages/PropertyDetails.tsx(443,11): error TS17004: Cannot use JSX unless the '--jsx' flag is provided.
../../apps/web-cleaning/src/pages/PropertyDetails.tsx(445,15): error TS17004: Cannot use JSX unless the '--jsx' flag is provided.
../../apps/web-cleaning/src/pages/PropertyDetails.tsx(446,17): error TS17004: Cannot use JSX unless the '--jsx' flag is provided.
../../apps/web-cleaning/src/pages/PropertyDetails.tsx(447,17): error TS17004: Cannot use JSX unless the '--jsx' flag is provided.
../../apps/web-cleaning/src/pages/PropertyDetails.tsx(449,19): error TS17004: Cannot use JSX unless the '--jsx' flag is provided.
../../apps/web-cleaning/src/pages/PropertyDetails.tsx(457,7): error TS17004: Cannot use JSX unless the '--jsx' flag is provided.
../../apps/web-cleaning/src/pages/PropertyDetails.tsx(459,20): error TS2339: Property 'wifi_ssid' does not exist on type 'CustomerProperty'.
../../apps/web-cleaning/src/pages/PropertyDetails.tsx(459,42): error TS2339: Property 'wifi_password' does not exist on type 'CustomerProperty'.
../../apps/web-cleaning/src/pages/PropertyDetails.tsx(460,11): error TS17004: Cannot use JSX unless the '--jsx' flag is provided.
../../apps/web-cleaning/src/pages/PropertyDetails.tsx(461,13): error TS17004: Cannot use JSX unless the '--jsx' flag is provided.
../../apps/web-cleaning/src/pages/PropertyDetails.tsx(462,15): error TS17004: Cannot use JSX unless the '--jsx' flag is provided.
../../apps/web-cleaning/src/pages/PropertyDetails.tsx(464,23): error TS2339: Property 'wifi_ssid' does not exist on type 'CustomerProperty'.
../../apps/web-cleaning/src/pages/PropertyDetails.tsx(465,15): error TS17004: Cannot use JSX unless the '--jsx' flag is provided.
../../apps/web-cleaning/src/pages/PropertyDetails.tsx(466,17): error TS17004: Cannot use JSX unless the '--jsx' flag is provided.
../../apps/web-cleaning/src/pages/PropertyDetails.tsx(467,17): error TS17004: Cannot use JSX unless the '--jsx' flag is provided.
../../apps/web-cleaning/src/pages/PropertyDetails.tsx(467,101): error TS2339: Property 'wifi_ssid' does not exist on type 'CustomerProperty'.
../../apps/web-cleaning/src/pages/PropertyDetails.tsx(470,23): error TS2339: Property 'wifi_password' does not exist on type 'CustomerProperty'.
../../apps/web-cleaning/src/pages/PropertyDetails.tsx(471,15): error TS17004: Cannot use JSX unless the '--jsx' flag is provided.
../../apps/web-cleaning/src/pages/PropertyDetails.tsx(472,17): error TS17004: Cannot use JSX unless the '--jsx' flag is provided.
../../apps/web-cleaning/src/pages/PropertyDetails.tsx(473,17): error TS17004: Cannot use JSX unless the '--jsx' flag is provided.
../../apps/web-cleaning/src/pages/PropertyDetails.tsx(473,101): error TS2339: Property 'wifi_password' does not exist on type 'CustomerProperty'.
../../apps/web-cleaning/src/pages/PropertyDetails.tsx(480,19): error TS2339: Property 'parking_info' does not exist on type 'CustomerProperty'.
../../apps/web-cleaning/src/pages/PropertyDetails.tsx(481,11): error TS17004: Cannot use JSX unless the '--jsx' flag is provided.
../../apps/web-cleaning/src/pages/PropertyDetails.tsx(482,13): error TS17004: Cannot use JSX unless the '--jsx' flag is provided.
../../apps/web-cleaning/src/pages/PropertyDetails.tsx(483,15): error TS17004: Cannot use JSX unless the '--jsx' flag is provided.
../../apps/web-cleaning/src/pages/PropertyDetails.tsx(485,13): error TS17004: Cannot use JSX unless the '--jsx' flag is provided.
../../apps/web-cleaning/src/pages/PropertyDetails.tsx(485,71): error TS2339: Property 'parking_info' does not exist on type 'CustomerProperty'.
../../apps/web-cleaning/src/pages/PropertyDetails.tsx(491,17): error TS2339: Property 'pet_info' does not exist on type 'CustomerProperty'.
../../apps/web-cleaning/src/pages/PropertyDetails.tsx(492,9): error TS17004: Cannot use JSX unless the '--jsx' flag is provided.
../../apps/web-cleaning/src/pages/PropertyDetails.tsx(493,11): error TS17004: Cannot use JSX unless the '--jsx' flag is provided.
../../apps/web-cleaning/src/pages/PropertyDetails.tsx(494,13): error TS17004: Cannot use JSX unless the '--jsx' flag is provided.
../../apps/web-cleaning/src/pages/PropertyDetails.tsx(496,11): error TS17004: Cannot use JSX unless the '--jsx' flag is provided.
../../apps/web-cleaning/src/pages/PropertyDetails.tsx(496,69): error TS2339: Property 'pet_info' does not exist on type 'CustomerProperty'.
../../apps/web-cleaning/src/pages/PropertyDetails.tsx(501,17): error TS2339: Property 'cleaner_notes' does not exist on type 'CustomerProperty'.
../../apps/web-cleaning/src/pages/PropertyDetails.tsx(502,9): error TS17004: Cannot use JSX unless the '--jsx' flag is provided.
../../apps/web-cleaning/src/pages/PropertyDetails.tsx(503,11): error TS17004: Cannot use JSX unless the '--jsx' flag is provided.
../../apps/web-cleaning/src/pages/PropertyDetails.tsx(504,11): error TS17004: Cannot use JSX unless the '--jsx' flag is provided.
../../apps/web-cleaning/src/pages/PropertyDetails.tsx(504,89): error TS2339: Property 'cleaner_notes' does not exist on type 'CustomerProperty'.
../../apps/web-cleaning/src/pages/PropertyDetails.tsx(509,17): error TS2339: Property 'special_requirements' does not exist on type 'CustomerProperty'.
../../apps/web-cleaning/src/pages/PropertyDetails.tsx(510,9): error TS17004: Cannot use JSX unless the '--jsx' flag is provided.
../../apps/web-cleaning/src/pages/PropertyDetails.tsx(511,11): error TS17004: Cannot use JSX unless the '--jsx' flag is provided.
../../apps/web-cleaning/src/pages/PropertyDetails.tsx(512,11): error TS17004: Cannot use JSX unless the '--jsx' flag is provided.
../../apps/web-cleaning/src/pages/PropertyDetails.tsx(512,93): error TS2339: Property 'special_requirements' does not exist on type 'CustomerProperty'.
../../apps/web-cleaning/src/pages/PropertyDetails.tsx(517,14): error TS17004: Cannot use JSX unless the '--jsx' flag is provided.
../../apps/web-cleaning/src/pages/PropertyDetails.tsx(520,14): error TS17004: Cannot use JSX unless the '--jsx' flag is provided.
../../apps/web-cleaning/src/pages/PropertyDetails.tsx(523,9): error TS17004: Cannot use JSX unless the '--jsx' flag is provided.
../../apps/web-cleaning/src/pages/PropertyDetails.tsx(525,13): error TS17004: Cannot use JSX unless the '--jsx' flag is provided.
../../apps/web-cleaning/src/pages/PropertyDetails.tsx(526,15): error TS17004: Cannot use JSX unless the '--jsx' flag is provided.
../../apps/web-cleaning/src/pages/PropertyDetails.tsx(527,15): error TS17004: Cannot use JSX unless the '--jsx' flag is provided.
../../apps/web-cleaning/src/pages/PropertyDetails.tsx(530,13): error TS17004: Cannot use JSX unless the '--jsx' flag is provided.
../../apps/web-cleaning/src/pages/PropertyDetails.tsx(531,15): error TS17004: Cannot use JSX unless the '--jsx' flag is provided.
../../apps/web-cleaning/src/pages/PropertyDetails.tsx(532,17): error TS17004: Cannot use JSX unless the '--jsx' flag is provided.
../../apps/web-cleaning/src/pages/PropertyDetails.tsx(533,19): error TS17004: Cannot use JSX unless the '--jsx' flag is provided.
../../apps/web-cleaning/src/pages/PropertyDetails.tsx(536,17): error TS17004: Cannot use JSX unless the '--jsx' flag is provided.
../../apps/web-cleaning/src/pages/PropertyDetails.tsx(537,19): error TS17004: Cannot use JSX unless the '--jsx' flag is provided.
../../apps/web-cleaning/src/pages/PropertyDetails.tsx(538,21): error TS17004: Cannot use JSX unless the '--jsx' flag is provided.
../../apps/web-cleaning/src/pages/PropertyDetails.tsx(541,19): error TS17004: Cannot use JSX unless the '--jsx' flag is provided.
../../apps/web-cleaning/src/pages/PropertyDetails.tsx(544,19): error TS17004: Cannot use JSX unless the '--jsx' flag is provided.
../../apps/web-cleaning/src/pages/PropertyDetails.tsx(544,37): error TS2322: Type '"outline"' is not assignable to type 'ButtonVariant | undefined'.
../../apps/web-cleaning/src/pages/PropertyDetails.tsx(552,17): error TS17004: Cannot use JSX unless the '--jsx' flag is provided.
../../apps/web-cleaning/src/pages/PropertyDetails.tsx(553,19): error TS17004: Cannot use JSX unless the '--jsx' flag is provided.
../../apps/web-cleaning/src/pages/PropertyDetails.tsx(554,21): error TS17004: Cannot use JSX unless the '--jsx' flag is provided.
../../apps/web-cleaning/src/pages/PropertyDetails.tsx(557,19): error TS17004: Cannot use JSX unless the '--jsx' flag is provided.
../../apps/web-cleaning/src/pages/PropertyDetails.tsx(558,21): error TS17004: Cannot use JSX unless the '--jsx' flag is provided.
../../apps/web-cleaning/src/pages/PropertyDetails.tsx(559,23): error TS2322: Type '{ placeholder: string; options: { value: string; label: string; }[]; value: string; onChange: (e: ChangeEvent<HTMLSelectElement>) => void; }' is not assignable to type 'IntrinsicAttributes & SelectProps & RefAttributes<HTMLSelectElement>'.
  Property 'placeholder' does not exist on type 'IntrinsicAttributes & SelectProps & RefAttributes<HTMLSelectElement>'.
../../apps/web-cleaning/src/pages/PropertyDetails.tsx(567,71): error TS2339: Property 'value' does not exist on type 'EventTarget & HTMLSelectElement'.
../../apps/web-cleaning/src/pages/PropertyDetails.tsx(570,21): error TS17004: Cannot use JSX unless the '--jsx' flag is provided.
../../apps/web-cleaning/src/pages/PropertyDetails.tsx(571,23): error TS17004: Cannot use JSX unless the '--jsx' flag is provided.
../../apps/web-cleaning/src/pages/PropertyDetails.tsx(572,43): error TS17004: Cannot use JSX unless the '--jsx' flag is provided.
../../apps/web-cleaning/src/pages/PropertyDetails.tsx(574,23): error TS17004: Cannot use JSX unless the '--jsx' flag is provided.
../../apps/web-cleaning/src/pages/PropertyDetails.tsx(574,31): error TS2322: Type '"outline"' is not assignable to type 'ButtonVariant | undefined'.
../../apps/web-cleaning/src/pages/PropertyDetails.tsx(584,15): error TS17004: Cannot use JSX unless the '--jsx' flag is provided.
../../apps/web-cleaning/src/pages/PropertyDetails.tsx(586,19): error TS17004: Cannot use JSX unless the '--jsx' flag is provided.
../../apps/web-cleaning/src/pages/PropertyDetails.tsx(591,21): error TS17004: Cannot use JSX unless the '--jsx' flag is provided.
../../apps/web-cleaning/src/pages/PropertyDetails.tsx(592,23): error TS17004: Cannot use JSX unless the '--jsx' flag is provided.
../../apps/web-cleaning/src/pages/PropertyDetails.tsx(593,25): error TS17004: Cannot use JSX unless the '--jsx' flag is provided.
../../apps/web-cleaning/src/pages/PropertyDetails.tsx(594,25): error TS17004: Cannot use JSX unless the '--jsx' flag is provided.
../../apps/web-cleaning/src/pages/PropertyDetails.tsx(597,25): error TS17004: Cannot use JSX unless the '--jsx' flag is provided.
../../apps/web-cleaning/src/pages/PropertyDetails.tsx(601,21): error TS17004: Cannot use JSX unless the '--jsx' flag is provided.
../../apps/web-cleaning/src/pages/PropertyDetails.tsx(602,23): error TS17004: Cannot use JSX unless the '--jsx' flag is provided.
../../apps/web-cleaning/src/pages/PropertyDetails.tsx(603,25): error TS17004: Cannot use JSX unless the '--jsx' flag is provided.
../../apps/web-cleaning/src/pages/PropertyDetails.tsx(604,25): error TS17004: Cannot use JSX unless the '--jsx' flag is provided.
../../apps/web-cleaning/src/pages/PropertyDetails.tsx(608,21): error TS17004: Cannot use JSX unless the '--jsx' flag is provided.
../../apps/web-cleaning/src/pages/PropertyDetails.tsx(609,23): error TS17004: Cannot use JSX unless the '--jsx' flag is provided.
../../apps/web-cleaning/src/pages/PropertyDetails.tsx(610,23): error TS17004: Cannot use JSX unless the '--jsx' flag is provided.
../../apps/web-cleaning/src/pages/PropertyDetails.tsx(611,25): error TS2322: Type '"outline"' is not assignable to type 'ButtonVariant | undefined'.
../../apps/web-cleaning/src/pages/PropertyDetails.tsx(615,31): error TS2304: Cannot find name 'confirm'.
../../apps/web-cleaning/src/pages/PropertyDetails.tsx(632,25): error TS17004: Cannot use JSX unless the '--jsx' flag is provided.
../../apps/web-cleaning/src/pages/PropertyDetails.tsx(640,13): error TS17004: Cannot use JSX unless the '--jsx' flag is provided.
../../apps/web-cleaning/src/pages/PropertyDetails.tsx(641,15): error TS17004: Cannot use JSX unless the '--jsx' flag is provided.
../../apps/web-cleaning/src/pages/PropertyDetails.tsx(642,17): error TS17004: Cannot use JSX unless the '--jsx' flag is provided.
../../apps/web-cleaning/src/pages/PropertyDetails.tsx(643,17): error TS17004: Cannot use JSX unless the '--jsx' flag is provided.
../../apps/web-cleaning/src/pages/PropertyDetails.tsx(646,17): error TS17004: Cannot use JSX unless the '--jsx' flag is provided.
../../apps/web-cleaning/src/pages/PropertyDetails.tsx(647,19): error TS17004: Cannot use JSX unless the '--jsx' flag is provided.
../../apps/web-cleaning/src/pages/PropertyDetails.tsx(648,21): error TS17004: Cannot use JSX unless the '--jsx' flag is provided.
../../apps/web-cleaning/src/pages/PropertyDetails.tsx(651,19): error TS17004: Cannot use JSX unless the '--jsx' flag is provided.
../../apps/web-cleaning/src/pages/PropertyDetails.tsx(654,19): error TS17004: Cannot use JSX unless the '--jsx' flag is provided.
../../apps/web-cleaning/src/pages/PropertyDetails.tsx(654,27): error TS2322: Type '"outline"' is not assignable to type 'ButtonVariant | undefined'.
../../apps/web-cleaning/src/pages/PropertyDetails.tsx(662,17): error TS17004: Cannot use JSX unless the '--jsx' flag is provided.
../../apps/web-cleaning/src/pages/PropertyDetails.tsx(663,19): error TS17004: Cannot use JSX unless the '--jsx' flag is provided.
../../apps/web-cleaning/src/pages/PropertyDetails.tsx(664,21): error TS17004: Cannot use JSX unless the '--jsx' flag is provided.
../../apps/web-cleaning/src/pages/PropertyDetails.tsx(667,19): error TS17004: Cannot use JSX unless the '--jsx' flag is provided.
../../apps/web-cleaning/src/pages/PropertyDetails.tsx(668,21): error TS17004: Cannot use JSX unless the '--jsx' flag is provided.
../../apps/web-cleaning/src/pages/PropertyDetails.tsx(669,23): error TS2322: Type '{ placeholder: string; options: { value: string; label: string; }[]; value: string; onChange: (e: ChangeEvent<HTMLSelectElement>) => void; }' is not assignable to type 'IntrinsicAttributes & SelectProps & RefAttributes<HTMLSelectElement>'.
  Property 'placeholder' does not exist on type 'IntrinsicAttributes & SelectProps & RefAttributes<HTMLSelectElement>'.
../../apps/web-cleaning/src/pages/PropertyDetails.tsx(675,71): error TS2339: Property 'value' does not exist on type 'EventTarget & HTMLSelectElement'.
../../apps/web-cleaning/src/pages/PropertyDetails.tsx(678,21): error TS17004: Cannot use JSX unless the '--jsx' flag is provided.
../../apps/web-cleaning/src/pages/PropertyDetails.tsx(679,23): error TS17004: Cannot use JSX unless the '--jsx' flag is provided.
../../apps/web-cleaning/src/pages/PropertyDetails.tsx(680,43): error TS17004: Cannot use JSX unless the '--jsx' flag is provided.
../../apps/web-cleaning/src/pages/PropertyDetails.tsx(682,23): error TS17004: Cannot use JSX unless the '--jsx' flag is provided.
../../apps/web-cleaning/src/pages/PropertyDetails.tsx(682,31): error TS2322: Type '"outline"' is not assignable to type 'ButtonVariant | undefined'.
../../apps/web-cleaning/src/pages/PropertyDetails.tsx(696,9): error TS17004: Cannot use JSX unless the '--jsx' flag is provided.
../../apps/web-cleaning/src/pages/PropertyDetails.tsx(698,13): error TS17004: Cannot use JSX unless the '--jsx' flag is provided.
../../apps/web-cleaning/src/pages/PropertyDetails.tsx(699,15): error TS17004: Cannot use JSX unless the '--jsx' flag is provided.
../../apps/web-cleaning/src/pages/PropertyDetails.tsx(700,15): error TS17004: Cannot use JSX unless the '--jsx' flag is provided.
../../apps/web-cleaning/src/pages/PropertyDetails.tsx(703,13): error TS17004: Cannot use JSX unless the '--jsx' flag is provided.
../../apps/web-cleaning/src/pages/PropertyDetails.tsx(704,15): error TS17004: Cannot use JSX unless the '--jsx' flag is provided.
../../apps/web-cleaning/src/pages/PropertyDetails.tsx(705,17): error TS17004: Cannot use JSX unless the '--jsx' flag is provided.
../../apps/web-cleaning/src/pages/PropertyDetails.tsx(706,19): error TS17004: Cannot use JSX unless the '--jsx' flag is provided.
../../apps/web-cleaning/src/pages/PropertyDetails.tsx(709,17): error TS17004: Cannot use JSX unless the '--jsx' flag is provided.
../../apps/web-cleaning/src/pages/PropertyDetails.tsx(709,35): error TS2322: Type '"outline"' is not assignable to type 'ButtonVariant | undefined'.
../../apps/web-cleaning/src/pages/PropertyDetails.tsx(713,15): error TS17004: Cannot use JSX unless the '--jsx' flag is provided.
../../apps/web-cleaning/src/pages/PropertyDetails.tsx(715,19): error TS17004: Cannot use JSX unless the '--jsx' flag is provided.
../../apps/web-cleaning/src/pages/PropertyDetails.tsx(720,21): error TS17004: Cannot use JSX unless the '--jsx' flag is provided.
../../apps/web-cleaning/src/pages/PropertyDetails.tsx(721,23): error TS17004: Cannot use JSX unless the '--jsx' flag is provided.
../../apps/web-cleaning/src/pages/PropertyDetails.tsx(722,25): error TS17004: Cannot use JSX unless the '--jsx' flag is provided.
../../apps/web-cleaning/src/pages/PropertyDetails.tsx(723,25): error TS17004: Cannot use JSX unless the '--jsx' flag is provided.
../../apps/web-cleaning/src/pages/PropertyDetails.tsx(727,23): error TS17004: Cannot use JSX unless the '--jsx' flag is provided.
../../apps/web-cleaning/src/pages/PropertyDetails.tsx(738,21): error TS17004: Cannot use JSX unless the '--jsx' flag is provided.
../../apps/web-cleaning/src/pages/PropertyDetails.tsx(739,23): error TS17004: Cannot use JSX unless the '--jsx' flag is provided.
../../apps/web-cleaning/src/pages/PropertyDetails.tsx(740,25): error TS17004: Cannot use JSX unless the '--jsx' flag is provided.
../../apps/web-cleaning/src/pages/PropertyDetails.tsx(741,25): error TS17004: Cannot use JSX unless the '--jsx' flag is provided.
../../apps/web-cleaning/src/pages/PropertyDetails.tsx(747,21): error TS17004: Cannot use JSX unless the '--jsx' flag is provided.
../../apps/web-cleaning/src/pages/PropertyDetails.tsx(748,23): error TS17004: Cannot use JSX unless the '--jsx' flag is provided.
../../apps/web-cleaning/src/pages/PropertyDetails.tsx(749,25): error TS17004: Cannot use JSX unless the '--jsx' flag is provided.
../../apps/web-cleaning/src/pages/PropertyDetails.tsx(750,25): error TS17004: Cannot use JSX unless the '--jsx' flag is provided.
../../apps/web-cleaning/src/pages/PropertyDetails.tsx(760,13): error TS17004: Cannot use JSX unless the '--jsx' flag is provided.
../../apps/web-cleaning/src/pages/PropertyDetails.tsx(761,15): error TS17004: Cannot use JSX unless the '--jsx' flag is provided.
../../apps/web-cleaning/src/pages/PropertyDetails.tsx(762,15): error TS17004: Cannot use JSX unless the '--jsx' flag is provided.
../../apps/web-cleaning/src/pages/PropertyDetails.tsx(765,15): error TS17004: Cannot use JSX unless the '--jsx' flag is provided.
../../apps/web-cleaning/src/pages/PropertyDetails.tsx(772,9): error TS17004: Cannot use JSX unless the '--jsx' flag is provided.
../../apps/web-cleaning/src/pages/PropertyDetails.tsx(774,13): error TS17004: Cannot use JSX unless the '--jsx' flag is provided.
../../apps/web-cleaning/src/pages/PropertyDetails.tsx(775,15): error TS17004: Cannot use JSX unless the '--jsx' flag is provided.
../../apps/web-cleaning/src/pages/PropertyDetails.tsx(776,15): error TS17004: Cannot use JSX unless the '--jsx' flag is provided.
../../apps/web-cleaning/src/pages/PropertyDetails.tsx(779,13): error TS17004: Cannot use JSX unless the '--jsx' flag is provided.
../../apps/web-cleaning/src/pages/PropertyDetails.tsx(780,15): error TS17004: Cannot use JSX unless the '--jsx' flag is provided.
../../apps/web-cleaning/src/pages/PropertyDetails.tsx(781,17): error TS17004: Cannot use JSX unless the '--jsx' flag is provided.
../../apps/web-cleaning/src/pages/PropertyDetails.tsx(782,19): error TS17004: Cannot use JSX unless the '--jsx' flag is provided.
../../apps/web-cleaning/src/pages/PropertyDetails.tsx(786,15): error TS17004: Cannot use JSX unless the '--jsx' flag is provided.
../../apps/web-cleaning/src/pages/PropertyDetails.tsx(795,21): error TS17004: Cannot use JSX unless the '--jsx' flag is provided.
../../apps/web-cleaning/src/pages/PropertyDetails.tsx(799,23): error TS17004: Cannot use JSX unless the '--jsx' flag is provided.
../../apps/web-cleaning/src/pages/PropertyDetails.tsx(800,25): error TS17004: Cannot use JSX unless the '--jsx' flag is provided.
../../apps/web-cleaning/src/pages/PropertyDetails.tsx(801,27): error TS17004: Cannot use JSX unless the '--jsx' flag is provided.
../../apps/web-cleaning/src/pages/PropertyDetails.tsx(802,27): error TS17004: Cannot use JSX unless the '--jsx' flag is provided.
../../apps/web-cleaning/src/pages/PropertyDetails.tsx(806,25): error TS17004: Cannot use JSX unless the '--jsx' flag is provided.
../../apps/web-cleaning/src/pages/PropertyDetails.tsx(806,32): error TS2322: Type '"warning" | "success" | "primary" | "danger"' is not assignable to type 'BadgeVariant | undefined'.
  Type '"danger"' is not assignable to type 'BadgeVariant | undefined'.
../../apps/web-cleaning/src/pages/PropertyDetails.tsx(811,23): error TS17004: Cannot use JSX unless the '--jsx' flag is provided.
../../apps/web-cleaning/src/pages/PropertyDetails.tsx(812,25): error TS17004: Cannot use JSX unless the '--jsx' flag is provided.
../../apps/web-cleaning/src/pages/PropertyDetails.tsx(813,27): error TS17004: Cannot use JSX unless the '--jsx' flag is provided.
../../apps/web-cleaning/src/pages/PropertyDetails.tsx(814,27): error TS17004: Cannot use JSX unless the '--jsx' flag is provided.
../../apps/web-cleaning/src/pages/PropertyDetails.tsx(816,25): error TS17004: Cannot use JSX unless the '--jsx' flag is provided.
../../apps/web-cleaning/src/pages/PropertyDetails.tsx(817,27): error TS17004: Cannot use JSX unless the '--jsx' flag is provided.
../../apps/web-cleaning/src/pages/PropertyDetails.tsx(818,27): error TS17004: Cannot use JSX unless the '--jsx' flag is provided.
../../apps/web-cleaning/src/pages/PropertyDetails.tsx(821,27): error TS17004: Cannot use JSX unless the '--jsx' flag is provided.
../../apps/web-cleaning/src/pages/PropertyDetails.tsx(822,29): error TS17004: Cannot use JSX unless the '--jsx' flag is provided.
../../apps/web-cleaning/src/pages/PropertyDetails.tsx(823,29): error TS17004: Cannot use JSX unless the '--jsx' flag is provided.
../../apps/web-cleaning/src/pages/PropertyDetails.tsx(834,23): error TS17004: Cannot use JSX unless the '--jsx' flag is provided.
../../apps/web-cleaning/src/pages/PropertyDetails.tsx(835,25): error TS17004: Cannot use JSX unless the '--jsx' flag is provided.
../../apps/web-cleaning/src/pages/PropertyDetails.tsx(847,13): error TS17004: Cannot use JSX unless the '--jsx' flag is provided.
../../apps/web-cleaning/src/pages/PropertyDetails.tsx(848,15): error TS17004: Cannot use JSX unless the '--jsx' flag is provided.
../../apps/web-cleaning/src/pages/PropertyDetails.tsx(849,15): error TS17004: Cannot use JSX unless the '--jsx' flag is provided.
../../apps/web-cleaning/src/pages/PropertyDetails.tsx(856,9): error TS17004: Cannot use JSX unless the '--jsx' flag is provided.
../../apps/web-cleaning/src/pages/PropertyDetails.tsx(858,13): error TS17004: Cannot use JSX unless the '--jsx' flag is provided.
../../apps/web-cleaning/src/pages/PropertyDetails.tsx(859,15): error TS17004: Cannot use JSX unless the '--jsx' flag is provided.
../../apps/web-cleaning/src/pages/PropertyDetails.tsx(860,17): error TS17004: Cannot use JSX unless the '--jsx' flag is provided.
../../apps/web-cleaning/src/pages/PropertyDetails.tsx(861,19): error TS17004: Cannot use JSX unless the '--jsx' flag is provided.
../../apps/web-cleaning/src/pages/PropertyDetails.tsx(864,17): error TS17004: Cannot use JSX unless the '--jsx' flag is provided.
../../apps/web-cleaning/src/pages/PropertyDetails.tsx(864,35): error TS2322: Type '"outline"' is not assignable to type 'ButtonVariant | undefined'.
../../apps/web-cleaning/src/pages/PropertyDetails.tsx(868,15): error TS17004: Cannot use JSX unless the '--jsx' flag is provided.
../../apps/web-cleaning/src/pages/PropertyDetails.tsx(909,21): error TS17004: Cannot use JSX unless the '--jsx' flag is provided.
../../apps/web-cleaning/src/pages/PropertyDetails.tsx(914,23): error TS17004: Cannot use JSX unless the '--jsx' flag is provided.
../../apps/web-cleaning/src/pages/PropertyDetails.tsx(915,25): error TS17004: Cannot use JSX unless the '--jsx' flag is provided.
../../apps/web-cleaning/src/pages/PropertyDetails.tsx(916,27): error TS17004: Cannot use JSX unless the '--jsx' flag is provided.
../../apps/web-cleaning/src/pages/PropertyDetails.tsx(918,25): error TS17004: Cannot use JSX unless the '--jsx' flag is provided.
../../apps/web-cleaning/src/pages/PropertyDetails.tsx(919,27): error TS17004: Cannot use JSX unless the '--jsx' flag is provided.
../../apps/web-cleaning/src/pages/PropertyDetails.tsx(920,39): error TS2769: No overload matches this call.
  Overload 1 of 4, '(value: string | number | Date): Date', gave the following error.
    Argument of type 'string | null | undefined' is not assignable to parameter of type 'string | number | Date'.
      Type 'undefined' is not assignable to type 'string | number | Date'.
  Overload 2 of 4, '(value: string | number): Date', gave the following error.
    Argument of type 'string | null | undefined' is not assignable to parameter of type 'string | number'.
      Type 'undefined' is not assignable to type 'string | number'.
../../apps/web-cleaning/src/pages/PropertyDetails.tsx(927,27): error TS17004: Cannot use JSX unless the '--jsx' flag is provided.
../../apps/web-cleaning/src/pages/PropertyDetails.tsx(931,29): error TS17004: Cannot use JSX unless the '--jsx' flag is provided.
../../apps/web-cleaning/src/pages/PropertyDetails.tsx(943,13): error TS17004: Cannot use JSX unless the '--jsx' flag is provided.
../../apps/web-cleaning/src/pages/PropertyDetails.tsx(944,15): error TS17004: Cannot use JSX unless the '--jsx' flag is provided.
../../apps/web-cleaning/src/pages/PropertyDetails.tsx(945,15): error TS17004: Cannot use JSX unless the '--jsx' flag is provided.
../../apps/web-cleaning/src/pages/QuoteDetails.tsx(112,12): error TS17004: Cannot use JSX unless the '--jsx' flag is provided.
../../apps/web-cleaning/src/pages/QuoteDetails.tsx(112,19): error TS2322: Type '"info" | "warning" | "success" | "danger"' is not assignable to type 'BadgeVariant | undefined'.
  Type '"info"' is not assignable to type 'BadgeVariant | undefined'.
../../apps/web-cleaning/src/pages/QuoteDetails.tsx(134,7): error TS17004: Cannot use JSX unless the '--jsx' flag is provided.
../../apps/web-cleaning/src/pages/QuoteDetails.tsx(135,9): error TS17004: Cannot use JSX unless the '--jsx' flag is provided.
../../apps/web-cleaning/src/pages/QuoteDetails.tsx(136,11): error TS17004: Cannot use JSX unless the '--jsx' flag is provided.
../../apps/web-cleaning/src/pages/QuoteDetails.tsx(137,13): error TS17004: Cannot use JSX unless the '--jsx' flag is provided.
../../apps/web-cleaning/src/pages/QuoteDetails.tsx(138,13): error TS17004: Cannot use JSX unless the '--jsx' flag is provided.
../../apps/web-cleaning/src/pages/QuoteDetails.tsx(147,7): error TS17004: Cannot use JSX unless the '--jsx' flag is provided.
../../apps/web-cleaning/src/pages/QuoteDetails.tsx(148,9): error TS17004: Cannot use JSX unless the '--jsx' flag is provided.
../../apps/web-cleaning/src/pages/QuoteDetails.tsx(149,11): error TS17004: Cannot use JSX unless the '--jsx' flag is provided.
../../apps/web-cleaning/src/pages/QuoteDetails.tsx(150,13): error TS17004: Cannot use JSX unless the '--jsx' flag is provided.
../../apps/web-cleaning/src/pages/QuoteDetails.tsx(151,13): error TS17004: Cannot use JSX unless the '--jsx' flag is provided.
../../apps/web-cleaning/src/pages/QuoteDetails.tsx(152,13): error TS17004: Cannot use JSX unless the '--jsx' flag is provided.
../../apps/web-cleaning/src/pages/QuoteDetails.tsx(160,5): error TS17004: Cannot use JSX unless the '--jsx' flag is provided.
../../apps/web-cleaning/src/pages/QuoteDetails.tsx(162,7): error TS17004: Cannot use JSX unless the '--jsx' flag is provided.
../../apps/web-cleaning/src/pages/QuoteDetails.tsx(163,9): error TS17004: Cannot use JSX unless the '--jsx' flag is provided.
../../apps/web-cleaning/src/pages/QuoteDetails.tsx(166,9): error TS17004: Cannot use JSX unless the '--jsx' flag is provided.
../../apps/web-cleaning/src/pages/QuoteDetails.tsx(168,13): error TS17004: Cannot use JSX unless the '--jsx' flag is provided.
../../apps/web-cleaning/src/pages/QuoteDetails.tsx(173,13): error TS17004: Cannot use JSX unless the '--jsx' flag is provided.
../../apps/web-cleaning/src/pages/QuoteDetails.tsx(174,15): error TS17004: Cannot use JSX unless the '--jsx' flag is provided.
../../apps/web-cleaning/src/pages/QuoteDetails.tsx(177,15): error TS17004: Cannot use JSX unless the '--jsx' flag is provided.
../../apps/web-cleaning/src/pages/QuoteDetails.tsx(183,13): error TS17004: Cannot use JSX unless the '--jsx' flag is provided.
../../apps/web-cleaning/src/pages/QuoteDetails.tsx(187,11): error TS17004: Cannot use JSX unless the '--jsx' flag is provided.
../../apps/web-cleaning/src/pages/QuoteDetails.tsx(190,11): error TS17004: Cannot use JSX unless the '--jsx' flag is provided.
../../apps/web-cleaning/src/pages/QuoteDetails.tsx(197,7): error TS17004: Cannot use JSX unless the '--jsx' flag is provided.
../../apps/web-cleaning/src/pages/QuoteDetails.tsx(198,9): error TS17004: Cannot use JSX unless the '--jsx' flag is provided.
../../apps/web-cleaning/src/pages/QuoteDetails.tsx(199,11): error TS17004: Cannot use JSX unless the '--jsx' flag is provided.
../../apps/web-cleaning/src/pages/QuoteDetails.tsx(200,13): error TS17004: Cannot use JSX unless the '--jsx' flag is provided.
../../apps/web-cleaning/src/pages/QuoteDetails.tsx(203,15): error TS17004: Cannot use JSX unless the '--jsx' flag is provided.
../../apps/web-cleaning/src/pages/QuoteDetails.tsx(203,22): error TS2322: Type '"danger"' is not assignable to type 'BadgeVariant | undefined'.
../../apps/web-cleaning/src/pages/QuoteDetails.tsx(206,11): error TS17004: Cannot use JSX unless the '--jsx' flag is provided.
../../apps/web-cleaning/src/pages/QuoteDetails.tsx(207,13): error TS17004: Cannot use JSX unless the '--jsx' flag is provided.
../../apps/web-cleaning/src/pages/QuoteDetails.tsx(208,13): error TS17004: Cannot use JSX unless the '--jsx' flag is provided.
../../apps/web-cleaning/src/pages/QuoteDetails.tsx(209,13): error TS17004: Cannot use JSX unless the '--jsx' flag is provided.
../../apps/web-cleaning/src/pages/QuoteDetails.tsx(210,13): error TS17004: Cannot use JSX unless the '--jsx' flag is provided.
../../apps/web-cleaning/src/pages/QuoteDetails.tsx(216,9): error TS17004: Cannot use JSX unless the '--jsx' flag is provided.
../../apps/web-cleaning/src/pages/QuoteDetails.tsx(217,11): error TS17004: Cannot use JSX unless the '--jsx' flag is provided.
../../apps/web-cleaning/src/pages/QuoteDetails.tsx(218,13): error TS17004: Cannot use JSX unless the '--jsx' flag is provided.
../../apps/web-cleaning/src/pages/QuoteDetails.tsx(219,13): error TS17004: Cannot use JSX unless the '--jsx' flag is provided.
../../apps/web-cleaning/src/pages/QuoteDetails.tsx(220,13): error TS17004: Cannot use JSX unless the '--jsx' flag is provided.
../../apps/web-cleaning/src/pages/QuoteDetails.tsx(221,13): error TS17004: Cannot use JSX unless the '--jsx' flag is provided.
../../apps/web-cleaning/src/pages/QuoteDetails.tsx(223,11): error TS17004: Cannot use JSX unless the '--jsx' flag is provided.
../../apps/web-cleaning/src/pages/QuoteDetails.tsx(225,15): error TS17004: Cannot use JSX unless the '--jsx' flag is provided.
../../apps/web-cleaning/src/pages/QuoteDetails.tsx(226,17): error TS17004: Cannot use JSX unless the '--jsx' flag is provided.
../../apps/web-cleaning/src/pages/QuoteDetails.tsx(227,17): error TS17004: Cannot use JSX unless the '--jsx' flag is provided.
../../apps/web-cleaning/src/pages/QuoteDetails.tsx(228,17): error TS17004: Cannot use JSX unless the '--jsx' flag is provided.
../../apps/web-cleaning/src/pages/QuoteDetails.tsx(235,9): error TS17004: Cannot use JSX unless the '--jsx' flag is provided.
../../apps/web-cleaning/src/pages/QuoteDetails.tsx(236,11): error TS17004: Cannot use JSX unless the '--jsx' flag is provided.
../../apps/web-cleaning/src/pages/QuoteDetails.tsx(237,11): error TS17004: Cannot use JSX unless the '--jsx' flag is provided.
../../apps/web-cleaning/src/pages/QuoteDetails.tsx(241,9): error TS17004: Cannot use JSX unless the '--jsx' flag is provided.
../../apps/web-cleaning/src/pages/QuoteDetails.tsx(242,11): error TS17004: Cannot use JSX unless the '--jsx' flag is provided.
../../apps/web-cleaning/src/pages/QuoteDetails.tsx(243,13): error TS17004: Cannot use JSX unless the '--jsx' flag is provided.
../../apps/web-cleaning/src/pages/QuoteDetails.tsx(244,15): error TS17004: Cannot use JSX unless the '--jsx' flag is provided.
../../apps/web-cleaning/src/pages/QuoteDetails.tsx(245,17): error TS17004: Cannot use JSX unless the '--jsx' flag is provided.
../../apps/web-cleaning/src/pages/QuoteDetails.tsx(246,17): error TS17004: Cannot use JSX unless the '--jsx' flag is provided.
../../apps/web-cleaning/src/pages/QuoteDetails.tsx(247,17): error TS17004: Cannot use JSX unless the '--jsx' flag is provided.
../../apps/web-cleaning/src/pages/QuoteDetails.tsx(248,17): error TS17004: Cannot use JSX unless the '--jsx' flag is provided.
../../apps/web-cleaning/src/pages/QuoteDetails.tsx(251,13): error TS17004: Cannot use JSX unless the '--jsx' flag is provided.
../../apps/web-cleaning/src/pages/QuoteDetails.tsx(253,17): error TS17004: Cannot use JSX unless the '--jsx' flag is provided.
../../apps/web-cleaning/src/pages/QuoteDetails.tsx(254,19): error TS17004: Cannot use JSX unless the '--jsx' flag is provided.
../../apps/web-cleaning/src/pages/QuoteDetails.tsx(255,19): error TS17004: Cannot use JSX unless the '--jsx' flag is provided.
../../apps/web-cleaning/src/pages/QuoteDetails.tsx(256,19): error TS17004: Cannot use JSX unless the '--jsx' flag is provided.
../../apps/web-cleaning/src/pages/QuoteDetails.tsx(257,19): error TS17004: Cannot use JSX unless the '--jsx' flag is provided.
../../apps/web-cleaning/src/pages/QuoteDetails.tsx(265,9): error TS17004: Cannot use JSX unless the '--jsx' flag is provided.
../../apps/web-cleaning/src/pages/QuoteDetails.tsx(266,11): error TS17004: Cannot use JSX unless the '--jsx' flag is provided.
../../apps/web-cleaning/src/pages/QuoteDetails.tsx(267,13): error TS17004: Cannot use JSX unless the '--jsx' flag is provided.
../../apps/web-cleaning/src/pages/QuoteDetails.tsx(268,15): error TS17004: Cannot use JSX unless the '--jsx' flag is provided.
../../apps/web-cleaning/src/pages/QuoteDetails.tsx(269,15): error TS17004: Cannot use JSX unless the '--jsx' flag is provided.
../../apps/web-cleaning/src/pages/QuoteDetails.tsx(272,15): error TS17004: Cannot use JSX unless the '--jsx' flag is provided.
../../apps/web-cleaning/src/pages/QuoteDetails.tsx(273,17): error TS17004: Cannot use JSX unless the '--jsx' flag is provided.
../../apps/web-cleaning/src/pages/QuoteDetails.tsx(274,17): error TS17004: Cannot use JSX unless the '--jsx' flag is provided.
../../apps/web-cleaning/src/pages/QuoteDetails.tsx(277,13): error TS17004: Cannot use JSX unless the '--jsx' flag is provided.
../../apps/web-cleaning/src/pages/QuoteDetails.tsx(278,15): error TS17004: Cannot use JSX unless the '--jsx' flag is provided.
../../apps/web-cleaning/src/pages/QuoteDetails.tsx(279,15): error TS17004: Cannot use JSX unless the '--jsx' flag is provided.
../../apps/web-cleaning/src/pages/QuoteDetails.tsx(281,13): error TS17004: Cannot use JSX unless the '--jsx' flag is provided.
../../apps/web-cleaning/src/pages/QuoteDetails.tsx(282,15): error TS17004: Cannot use JSX unless the '--jsx' flag is provided.
../../apps/web-cleaning/src/pages/QuoteDetails.tsx(283,15): error TS17004: Cannot use JSX unless the '--jsx' flag is provided.
../../apps/web-cleaning/src/pages/QuoteDetails.tsx(290,11): error TS17004: Cannot use JSX unless the '--jsx' flag is provided.
../../apps/web-cleaning/src/pages/QuoteDetails.tsx(291,13): error TS17004: Cannot use JSX unless the '--jsx' flag is provided.
../../apps/web-cleaning/src/pages/QuoteDetails.tsx(298,11): error TS17004: Cannot use JSX unless the '--jsx' flag is provided.
../../apps/web-cleaning/src/pages/QuoteDetails.tsx(299,13): error TS17004: Cannot use JSX unless the '--jsx' flag is provided.
../../apps/web-cleaning/src/pages/QuoteDetails.tsx(303,15): error TS17004: Cannot use JSX unless the '--jsx' flag is provided.
../../apps/web-cleaning/src/pages/QuoteDetails.tsx(309,11): error TS17004: Cannot use JSX unless the '--jsx' flag is provided.
../../apps/web-cleaning/src/pages/QuoteDetails.tsx(310,13): error TS17004: Cannot use JSX unless the '--jsx' flag is provided.
../../apps/web-cleaning/src/pages/QuoteDetails.tsx(316,11): error TS17004: Cannot use JSX unless the '--jsx' flag is provided.
../../apps/web-cleaning/src/pages/QuoteDetails.tsx(317,13): error TS17004: Cannot use JSX unless the '--jsx' flag is provided.
../../apps/web-cleaning/src/pages/QuoteDetails.tsx(318,13): error TS17004: Cannot use JSX unless the '--jsx' flag is provided.
../../apps/web-cleaning/src/pages/QuoteDetails.tsx(324,7): error TS17004: Cannot use JSX unless the '--jsx' flag is provided.
../../apps/web-cleaning/src/pages/QuoteDetails.tsx(325,9): error TS17004: Cannot use JSX unless the '--jsx' flag is provided.
../../apps/web-cleaning/src/pages/QuoteDetails.tsx(326,9): error TS17004: Cannot use JSX unless the '--jsx' flag is provided.
../../apps/web-cleaning/src/pages/QuoteDetails.tsx(327,11): error TS17004: Cannot use JSX unless the '--jsx' flag is provided.
../../apps/web-cleaning/src/pages/QuoteDetails.tsx(328,13): error TS17004: Cannot use JSX unless the '--jsx' flag is provided.
../../apps/web-cleaning/src/pages/QuoteDetails.tsx(329,13): error TS17004: Cannot use JSX unless the '--jsx' flag is provided.
../../apps/web-cleaning/src/pages/QuoteDetails.tsx(331,11): error TS17004: Cannot use JSX unless the '--jsx' flag is provided.
../../apps/web-cleaning/src/pages/QuoteDetails.tsx(332,13): error TS17004: Cannot use JSX unless the '--jsx' flag is provided.
../../apps/web-cleaning/src/pages/QuoteDetails.tsx(333,13): error TS17004: Cannot use JSX unless the '--jsx' flag is provided.
../../apps/web-cleaning/src/pages/QuoteDetails.tsx(336,13): error TS17004: Cannot use JSX unless the '--jsx' flag is provided.
../../apps/web-cleaning/src/pages/QuoteDetails.tsx(337,15): error TS17004: Cannot use JSX unless the '--jsx' flag is provided.
../../apps/web-cleaning/src/pages/QuoteDetails.tsx(338,15): error TS17004: Cannot use JSX unless the '--jsx' flag is provided.
../../apps/web-cleaning/src/pages/QuoteDetails.tsx(345,7): error TS17004: Cannot use JSX unless the '--jsx' flag is provided.
../../apps/web-cleaning/src/pages/QuoteDetails.tsx(346,9): error TS17004: Cannot use JSX unless the '--jsx' flag is provided.
../../apps/web-cleaning/src/pages/QuoteDetails.tsx(347,11): error TS17004: Cannot use JSX unless the '--jsx' flag is provided.
../../apps/web-cleaning/src/pages/QuoteDetails.tsx(350,11): error TS17004: Cannot use JSX unless the '--jsx' flag is provided.
../../apps/web-cleaning/src/pages/QuoteDetails.tsx(351,13): error TS17004: Cannot use JSX unless the '--jsx' flag is provided.
../../apps/web-cleaning/src/pages/QuoteDetails.tsx(354,13): error TS17004: Cannot use JSX unless the '--jsx' flag is provided.
../../apps/web-cleaning/src/pages/QuoteDetails.tsx(355,29): error TS17004: Cannot use JSX unless the '--jsx' flag is provided.
../../apps/web-cleaning/src/pages/QuoteDetails.tsx(363,7): error TS17004: Cannot use JSX unless the '--jsx' flag is provided.
../../apps/web-cleaning/src/pages/QuoteDetails.tsx(364,9): error TS17004: Cannot use JSX unless the '--jsx' flag is provided.
../../apps/web-cleaning/src/pages/QuoteDetails.tsx(365,11): error TS17004: Cannot use JSX unless the '--jsx' flag is provided.
../../apps/web-cleaning/src/pages/QuoteDetails.tsx(368,11): error TS17004: Cannot use JSX unless the '--jsx' flag is provided.
../../apps/web-cleaning/src/pages/QuoteDetails.tsx(370,56): error TS2339: Property 'value' does not exist on type 'EventTarget & HTMLTextAreaElement'.
../../apps/web-cleaning/src/pages/QuoteDetails.tsx(374,11): error TS17004: Cannot use JSX unless the '--jsx' flag is provided.
../../apps/web-cleaning/src/pages/QuoteDetails.tsx(375,13): error TS17004: Cannot use JSX unless the '--jsx' flag is provided.
../../apps/web-cleaning/src/pages/QuoteDetails.tsx(378,13): error TS17004: Cannot use JSX unless the '--jsx' flag is provided.
../../apps/web-cleaning/src/pages/QuoteDetails.tsx(379,29): error TS17004: Cannot use JSX unless the '--jsx' flag is provided.
../../apps/web-cleaning/src/pages/QuoteDetails.tsx(387,7): error TS17004: Cannot use JSX unless the '--jsx' flag is provided.
../../apps/web-cleaning/src/pages/QuoteDetails.tsx(388,9): error TS17004: Cannot use JSX unless the '--jsx' flag is provided.
../../apps/web-cleaning/src/pages/QuoteDetails.tsx(389,11): error TS17004: Cannot use JSX unless the '--jsx' flag is provided.
../../apps/web-cleaning/src/pages/QuoteDetails.tsx(390,13): error TS17004: Cannot use JSX unless the '--jsx' flag is provided.
../../apps/web-cleaning/src/pages/QuoteDetails.tsx(391,13): error TS17004: Cannot use JSX unless the '--jsx' flag is provided.
../../apps/web-cleaning/src/pages/QuoteDetails.tsx(396,11): error TS17004: Cannot use JSX unless the '--jsx' flag is provided.
../../apps/web-cleaning/src/pages/QuoteDetails.tsx(397,13): error TS17004: Cannot use JSX unless the '--jsx' flag is provided.
../../apps/web-cleaning/src/pages/QuoteDetails.tsx(398,66): error TS17004: Cannot use JSX unless the '--jsx' flag is provided.
../../apps/web-cleaning/src/pages/QuoteDetails.tsx(400,13): error TS17004: Cannot use JSX unless the '--jsx' flag is provided.
../../apps/web-cleaning/src/pages/QuoteDetails.tsx(402,62): error TS2339: Property 'value' does not exist on type 'EventTarget & HTMLInputElement'.
../../apps/web-cleaning/src/pages/QuoteDetails.tsx(407,11): error TS17004: Cannot use JSX unless the '--jsx' flag is provided.
../../apps/web-cleaning/src/pages/QuoteDetails.tsx(408,13): error TS17004: Cannot use JSX unless the '--jsx' flag is provided.
../../apps/web-cleaning/src/pages/QuoteDetails.tsx(411,13): error TS17004: Cannot use JSX unless the '--jsx' flag is provided.
../../apps/web-cleaning/src/pages/QuoteDetails.tsx(416,29): error TS17004: Cannot use JSX unless the '--jsx' flag is provided.
../../apps/web-cleaning/src/pages/Quotes.tsx(5,25): error TS6142: Module '../contexts/AuthContext' was resolved to '/home/orrox/projects/rightfit-cleaning-staging/apps/web-cleaning/src/contexts/AuthContext.tsx', but '--jsx' is not set.
../../apps/web-cleaning/src/pages/Quotes.tsx(78,12): error TS17004: Cannot use JSX unless the '--jsx' flag is provided.
../../apps/web-cleaning/src/pages/Quotes.tsx(78,19): error TS2322: Type '"info" | "warning" | "success" | "danger"' is not assignable to type 'BadgeVariant | undefined'.
  Type '"info"' is not assignable to type 'BadgeVariant | undefined'.
../../apps/web-cleaning/src/pages/Quotes.tsx(102,7): error TS17004: Cannot use JSX unless the '--jsx' flag is provided.
../../apps/web-cleaning/src/pages/Quotes.tsx(103,9): error TS17004: Cannot use JSX unless the '--jsx' flag is provided.
../../apps/web-cleaning/src/pages/Quotes.tsx(104,11): error TS17004: Cannot use JSX unless the '--jsx' flag is provided.
../../apps/web-cleaning/src/pages/Quotes.tsx(105,11): error TS17004: Cannot use JSX unless the '--jsx' flag is provided.
../../apps/web-cleaning/src/pages/Quotes.tsx(112,5): error TS17004: Cannot use JSX unless the '--jsx' flag is provided.
../../apps/web-cleaning/src/pages/Quotes.tsx(114,7): error TS17004: Cannot use JSX unless the '--jsx' flag is provided.
../../apps/web-cleaning/src/pages/Quotes.tsx(115,9): error TS17004: Cannot use JSX unless the '--jsx' flag is provided.
../../apps/web-cleaning/src/pages/Quotes.tsx(116,11): error TS17004: Cannot use JSX unless the '--jsx' flag is provided.
../../apps/web-cleaning/src/pages/Quotes.tsx(117,11): error TS17004: Cannot use JSX unless the '--jsx' flag is provided.
../../apps/web-cleaning/src/pages/Quotes.tsx(119,9): error TS17004: Cannot use JSX unless the '--jsx' flag is provided.
../../apps/web-cleaning/src/pages/Quotes.tsx(123,7): error TS17004: Cannot use JSX unless the '--jsx' flag is provided.
../../apps/web-cleaning/src/pages/Quotes.tsx(124,9): error TS17004: Cannot use JSX unless the '--jsx' flag is provided.
../../apps/web-cleaning/src/pages/Quotes.tsx(125,11): error TS17004: Cannot use JSX unless the '--jsx' flag is provided.
../../apps/web-cleaning/src/pages/Quotes.tsx(126,13): error TS17004: Cannot use JSX unless the '--jsx' flag is provided.
../../apps/web-cleaning/src/pages/Quotes.tsx(127,13): error TS17004: Cannot use JSX unless the '--jsx' flag is provided.
../../apps/web-cleaning/src/pages/Quotes.tsx(128,13): error TS17004: Cannot use JSX unless the '--jsx' flag is provided.
../../apps/web-cleaning/src/pages/Quotes.tsx(132,9): error TS17004: Cannot use JSX unless the '--jsx' flag is provided.
../../apps/web-cleaning/src/pages/Quotes.tsx(133,11): error TS17004: Cannot use JSX unless the '--jsx' flag is provided.
../../apps/web-cleaning/src/pages/Quotes.tsx(134,13): error TS17004: Cannot use JSX unless the '--jsx' flag is provided.
../../apps/web-cleaning/src/pages/Quotes.tsx(135,13): error TS17004: Cannot use JSX unless the '--jsx' flag is provided.
../../apps/web-cleaning/src/pages/Quotes.tsx(136,13): error TS17004: Cannot use JSX unless the '--jsx' flag is provided.
../../apps/web-cleaning/src/pages/Quotes.tsx(140,9): error TS17004: Cannot use JSX unless the '--jsx' flag is provided.
../../apps/web-cleaning/src/pages/Quotes.tsx(141,11): error TS17004: Cannot use JSX unless the '--jsx' flag is provided.
../../apps/web-cleaning/src/pages/Quotes.tsx(142,13): error TS17004: Cannot use JSX unless the '--jsx' flag is provided.
../../apps/web-cleaning/src/pages/Quotes.tsx(143,13): error TS17004: Cannot use JSX unless the '--jsx' flag is provided.
../../apps/web-cleaning/src/pages/Quotes.tsx(144,13): error TS17004: Cannot use JSX unless the '--jsx' flag is provided.
../../apps/web-cleaning/src/pages/Quotes.tsx(148,9): error TS17004: Cannot use JSX unless the '--jsx' flag is provided.
../../apps/web-cleaning/src/pages/Quotes.tsx(149,11): error TS17004: Cannot use JSX unless the '--jsx' flag is provided.
../../apps/web-cleaning/src/pages/Quotes.tsx(150,13): error TS17004: Cannot use JSX unless the '--jsx' flag is provided.
../../apps/web-cleaning/src/pages/Quotes.tsx(151,13): error TS17004: Cannot use JSX unless the '--jsx' flag is provided.
../../apps/web-cleaning/src/pages/Quotes.tsx(152,13): error TS17004: Cannot use JSX unless the '--jsx' flag is provided.
../../apps/web-cleaning/src/pages/Quotes.tsx(158,7): error TS17004: Cannot use JSX unless the '--jsx' flag is provided.
../../apps/web-cleaning/src/pages/Quotes.tsx(159,9): error TS17004: Cannot use JSX unless the '--jsx' flag is provided.
../../apps/web-cleaning/src/pages/Quotes.tsx(160,11): error TS17004: Cannot use JSX unless the '--jsx' flag is provided.
../../apps/web-cleaning/src/pages/Quotes.tsx(163,53): error TS2339: Property 'value' does not exist on type 'EventTarget & HTMLInputElement'.
../../apps/web-cleaning/src/pages/Quotes.tsx(166,9): error TS17004: Cannot use JSX unless the '--jsx' flag is provided.
../../apps/web-cleaning/src/pages/Quotes.tsx(167,11): error TS17004: Cannot use JSX unless the '--jsx' flag is provided.
../../apps/web-cleaning/src/pages/Quotes.tsx(169,50): error TS2345: Argument of type 'ChangeEvent<HTMLSelectElement>' is not assignable to parameter of type 'SetStateAction<string>'.
../../apps/web-cleaning/src/pages/Quotes.tsx(173,9): error TS17004: Cannot use JSX unless the '--jsx' flag is provided.
../../apps/web-cleaning/src/pages/Quotes.tsx(174,11): error TS17004: Cannot use JSX unless the '--jsx' flag is provided.
../../apps/web-cleaning/src/pages/Quotes.tsx(180,11): error TS17004: Cannot use JSX unless the '--jsx' flag is provided.
../../apps/web-cleaning/src/pages/Quotes.tsx(191,9): error TS17004: Cannot use JSX unless the '--jsx' flag is provided.
../../apps/web-cleaning/src/pages/Quotes.tsx(192,11): error TS17004: Cannot use JSX unless the '--jsx' flag is provided.
../../apps/web-cleaning/src/pages/Quotes.tsx(193,11): error TS17004: Cannot use JSX unless the '--jsx' flag is provided.
../../apps/web-cleaning/src/pages/Quotes.tsx(199,13): error TS17004: Cannot use JSX unless the '--jsx' flag is provided.
../../apps/web-cleaning/src/pages/Quotes.tsx(203,9): error TS17004: Cannot use JSX unless the '--jsx' flag is provided.
../../apps/web-cleaning/src/pages/Quotes.tsx(205,13): error TS17004: Cannot use JSX unless the '--jsx' flag is provided.
../../apps/web-cleaning/src/pages/Quotes.tsx(210,15): error TS17004: Cannot use JSX unless the '--jsx' flag is provided.
../../apps/web-cleaning/src/pages/Quotes.tsx(211,17): error TS17004: Cannot use JSX unless the '--jsx' flag is provided.
../../apps/web-cleaning/src/pages/Quotes.tsx(212,19): error TS17004: Cannot use JSX unless the '--jsx' flag is provided.
../../apps/web-cleaning/src/pages/Quotes.tsx(213,19): error TS17004: Cannot use JSX unless the '--jsx' flag is provided.
../../apps/web-cleaning/src/pages/Quotes.tsx(218,15): error TS17004: Cannot use JSX unless the '--jsx' flag is provided.
../../apps/web-cleaning/src/pages/Quotes.tsx(219,17): error TS17004: Cannot use JSX unless the '--jsx' flag is provided.
../../apps/web-cleaning/src/pages/Quotes.tsx(220,19): error TS17004: Cannot use JSX unless the '--jsx' flag is provided.
../../apps/web-cleaning/src/pages/Quotes.tsx(221,19): error TS17004: Cannot use JSX unless the '--jsx' flag is provided.
../../apps/web-cleaning/src/pages/Quotes.tsx(224,19): error TS17004: Cannot use JSX unless the '--jsx' flag is provided.
../../apps/web-cleaning/src/pages/Quotes.tsx(225,21): error TS17004: Cannot use JSX unless the '--jsx' flag is provided.
../../apps/web-cleaning/src/pages/Quotes.tsx(226,21): error TS17004: Cannot use JSX unless the '--jsx' flag is provided.
../../apps/web-cleaning/src/pages/Quotes.tsx(229,17): error TS17004: Cannot use JSX unless the '--jsx' flag is provided.
../../apps/web-cleaning/src/pages/Quotes.tsx(230,19): error TS17004: Cannot use JSX unless the '--jsx' flag is provided.
../../apps/web-cleaning/src/pages/Quotes.tsx(231,19): error TS17004: Cannot use JSX unless the '--jsx' flag is provided.
../../apps/web-cleaning/src/pages/Quotes.tsx(233,17): error TS17004: Cannot use JSX unless the '--jsx' flag is provided.
../../apps/web-cleaning/src/pages/Quotes.tsx(234,19): error TS17004: Cannot use JSX unless the '--jsx' flag is provided.
../../apps/web-cleaning/src/pages/Quotes.tsx(235,19): error TS17004: Cannot use JSX unless the '--jsx' flag is provided.
../../apps/web-cleaning/src/pages/Quotes.tsx(238,19): error TS17004: Cannot use JSX unless the '--jsx' flag is provided.
../../apps/web-cleaning/src/pages/Quotes.tsx(239,21): error TS17004: Cannot use JSX unless the '--jsx' flag is provided.
../../apps/web-cleaning/src/pages/Quotes.tsx(240,21): error TS17004: Cannot use JSX unless the '--jsx' flag is provided.
../../apps/web-cleaning/src/pages/Quotes.tsx(245,15): error TS17004: Cannot use JSX unless the '--jsx' flag is provided.
../../apps/web-cleaning/src/pages/Quotes.tsx(246,17): error TS17004: Cannot use JSX unless the '--jsx' flag is provided.
../../apps/web-cleaning/src/pages/Quotes.tsx(247,19): error TS17004: Cannot use JSX unless the '--jsx' flag is provided.
../../apps/web-cleaning/src/pages/Quotes.tsx(248,19): error TS17004: Cannot use JSX unless the '--jsx' flag is provided.
../../apps/web-cleaning/src/pages/Quotes.tsx(251,19): error TS17004: Cannot use JSX unless the '--jsx' flag is provided.
../../apps/web-cleaning/src/pages/Quotes.tsx(256,19): error TS17004: Cannot use JSX unless the '--jsx' flag is provided.
../../apps/web-cleaning/src/pages/Quotes.tsx(261,19): error TS17004: Cannot use JSX unless the '--jsx' flag is provided.
../../apps/web-cleaning/src/pages/Register.tsx(13,25): error TS6142: Module '../contexts/AuthContext' was resolved to '/home/orrox/projects/rightfit-cleaning-staging/apps/web-cleaning/src/contexts/AuthContext.tsx', but '--jsx' is not set.
../../apps/web-cleaning/src/pages/Register.tsx(54,5): error TS17004: Cannot use JSX unless the '--jsx' flag is provided.
../../apps/web-cleaning/src/pages/Register.tsx(55,7): error TS17004: Cannot use JSX unless the '--jsx' flag is provided.
../../apps/web-cleaning/src/pages/Register.tsx(63,9): error TS17004: Cannot use JSX unless the '--jsx' flag is provided.
../../apps/web-cleaning/src/pages/Register.tsx(64,11): error TS17004: Cannot use JSX unless the '--jsx' flag is provided.
../../apps/web-cleaning/src/pages/Register.tsx(67,11): error TS17004: Cannot use JSX unless the '--jsx' flag is provided.
../../apps/web-cleaning/src/pages/Register.tsx(72,13): error TS17004: Cannot use JSX unless the '--jsx' flag is provided.
../../apps/web-cleaning/src/pages/Register.tsx(77,11): error TS17004: Cannot use JSX unless the '--jsx' flag is provided.
../../apps/web-cleaning/src/pages/Register.tsx(78,13): error TS17004: Cannot use JSX unless the '--jsx' flag is provided.
../../apps/web-cleaning/src/pages/Register.tsx(87,53): error TS2339: Property 'value' does not exist on type 'EventTarget & (HTMLInputElement | HTMLTextAreaElement)'.
  Property 'value' does not exist on type 'EventTarget & HTMLTextAreaElement'.
../../apps/web-cleaning/src/pages/Register.tsx(89,13): error TS17004: Cannot use JSX unless the '--jsx' flag is provided.
../../apps/web-cleaning/src/pages/Register.tsx(96,56): error TS2339: Property 'value' does not exist on type 'EventTarget & (HTMLInputElement | HTMLTextAreaElement)'.
  Property 'value' does not exist on type 'EventTarget & HTMLTextAreaElement'.
../../apps/web-cleaning/src/pages/Register.tsx(98,13): error TS17004: Cannot use JSX unless the '--jsx' flag is provided.
../../apps/web-cleaning/src/pages/Register.tsx(107,50): error TS2339: Property 'value' does not exist on type 'EventTarget & (HTMLInputElement | HTMLTextAreaElement)'.
  Property 'value' does not exist on type 'EventTarget & HTMLTextAreaElement'.
../../apps/web-cleaning/src/pages/Register.tsx(109,13): error TS17004: Cannot use JSX unless the '--jsx' flag is provided.
../../apps/web-cleaning/src/pages/Register.tsx(119,53): error TS2339: Property 'value' does not exist on type 'EventTarget & (HTMLInputElement | HTMLTextAreaElement)'.
  Property 'value' does not exist on type 'EventTarget & HTMLTextAreaElement'.
../../apps/web-cleaning/src/pages/Register.tsx(122,13): error TS17004: Cannot use JSX unless the '--jsx' flag is provided.
../../apps/web-cleaning/src/pages/Register.tsx(132,60): error TS2339: Property 'value' does not exist on type 'EventTarget & (HTMLInputElement | HTMLTextAreaElement)'.
  Property 'value' does not exist on type 'EventTarget & HTMLTextAreaElement'.
../../apps/web-cleaning/src/pages/Register.tsx(134,13): error TS17004: Cannot use JSX unless the '--jsx' flag is provided.
../../apps/web-cleaning/src/pages/Register.tsx(143,13): error TS17004: Cannot use JSX unless the '--jsx' flag is provided.
../../apps/web-cleaning/src/pages/Register.tsx(144,15): error TS17004: Cannot use JSX unless the '--jsx' flag is provided.
../../apps/web-cleaning/src/pages/WorkerAccessDenied.tsx(7,5): error TS2304: Cannot find name 'window'.
../../apps/web-cleaning/src/pages/WorkerAccessDenied.tsx(11,5): error TS2304: Cannot find name 'localStorage'.
../../apps/web-cleaning/src/pages/WorkerAccessDenied.tsx(12,5): error TS2304: Cannot find name 'localStorage'.
../../apps/web-cleaning/src/pages/WorkerAccessDenied.tsx(13,5): error TS2304: Cannot find name 'localStorage'.
../../apps/web-cleaning/src/pages/WorkerAccessDenied.tsx(14,5): error TS2304: Cannot find name 'window'.
../../apps/web-cleaning/src/pages/WorkerAccessDenied.tsx(18,5): error TS17004: Cannot use JSX unless the '--jsx' flag is provided.
../../apps/web-cleaning/src/pages/WorkerAccessDenied.tsx(27,7): error TS17004: Cannot use JSX unless the '--jsx' flag is provided.
../../apps/web-cleaning/src/pages/WorkerAccessDenied.tsx(28,9): error TS17004: Cannot use JSX unless the '--jsx' flag is provided.
../../apps/web-cleaning/src/pages/WorkerAccessDenied.tsx(37,11): error TS17004: Cannot use JSX unless the '--jsx' flag is provided.
../../apps/web-cleaning/src/pages/WorkerAccessDenied.tsx(49,13): error TS17004: Cannot use JSX unless the '--jsx' flag is provided.
../../apps/web-cleaning/src/pages/WorkerAccessDenied.tsx(52,11): error TS17004: Cannot use JSX unless the '--jsx' flag is provided.
../../apps/web-cleaning/src/pages/WorkerAccessDenied.tsx(56,11): error TS17004: Cannot use JSX unless the '--jsx' flag is provided.
../../apps/web-cleaning/src/pages/WorkerAccessDenied.tsx(60,11): error TS17004: Cannot use JSX unless the '--jsx' flag is provided.
../../apps/web-cleaning/src/pages/WorkerAccessDenied.tsx(61,41): error TS17004: Cannot use JSX unless the '--jsx' flag is provided.
../../apps/web-cleaning/src/pages/WorkerAccessDenied.tsx(65,11): error TS17004: Cannot use JSX unless the '--jsx' flag is provided.
../../apps/web-cleaning/src/pages/WorkerAccessDenied.tsx(66,13): error TS17004: Cannot use JSX unless the '--jsx' flag is provided.
../../apps/web-cleaning/src/pages/WorkerAccessDenied.tsx(70,26): error TS17004: Cannot use JSX unless the '--jsx' flag is provided.
../../apps/web-cleaning/src/pages/WorkerAccessDenied.tsx(81,13): error TS17004: Cannot use JSX unless the '--jsx' flag is provided.
../../apps/web-cleaning/src/pages/WorkerAccessDenied.tsx(98,11): error TS17004: Cannot use JSX unless the '--jsx' flag is provided.
../../apps/web-cleaning/src/pages/WorkerDetails.tsx(6,39): error TS6142: Module '../components/WorkerHistoryTimeline' was resolved to '/home/orrox/projects/rightfit-cleaning-staging/apps/web-cleaning/src/components/WorkerHistoryTimeline.tsx', but '--jsx' is not set.
../../apps/web-cleaning/src/pages/WorkerDetails.tsx(141,9): error TS2353: Object literal may only specify known properties, and 'assigned_worker_id' does not exist in type '{ status?: string | undefined; worker_id?: string | undefined; property_id?: string | undefined; customer_id?: string | undefined; from_date?: string | undefined; to_date?: string | undefined; page?: number | undefined; limit?: number | undefined; }'.
../../apps/web-cleaning/src/pages/WorkerDetails.tsx(223,36): error TS2345: Argument of type '{ first_name: string; last_name: string; email: string; phone: string; address_street: string | null; address_city: string | null; address_postcode: string | null; address_country: string | null; ... 16 more ...; service_provider_id: string; }' is not assignable to parameter of type 'Partial<Worker> & { service_provider_id: string; }'.
  Type '{ first_name: string; last_name: string; email: string; phone: string; address_street: string | null; address_city: string | null; address_postcode: string | null; address_country: string | null; ... 16 more ...; service_provider_id: string; }' is not assignable to type 'Partial<Worker>'.
    Types of property 'address_street' are incompatible.
      Type 'string | null' is not assignable to type 'string | undefined'.
        Type 'null' is not assignable to type 'string | undefined'.
../../apps/web-cleaning/src/pages/WorkerDetails.tsx(246,27): error TS2339: Property 'files' does not exist on type 'EventTarget & HTMLInputElement'.
../../apps/web-cleaning/src/pages/WorkerDetails.tsx(249,26): error TS2304: Cannot find name 'FileReader'.
../../apps/web-cleaning/src/pages/WorkerDetails.tsx(281,27): error TS2339: Property 'files' does not exist on type 'EventTarget & HTMLInputElement'.
../../apps/web-cleaning/src/pages/WorkerDetails.tsx(302,16): error TS2339: Property 'value' does not exist on type 'EventTarget & HTMLInputElement'.
../../apps/web-cleaning/src/pages/WorkerDetails.tsx(308,5): error TS2304: Cannot find name 'window'.
../../apps/web-cleaning/src/pages/WorkerDetails.tsx(314,9): error TS2304: Cannot find name 'confirm'.
../../apps/web-cleaning/src/pages/WorkerDetails.tsx(352,7): error TS17004: Cannot use JSX unless the '--jsx' flag is provided.
../../apps/web-cleaning/src/pages/WorkerDetails.tsx(353,9): error TS17004: Cannot use JSX unless the '--jsx' flag is provided.
../../apps/web-cleaning/src/pages/WorkerDetails.tsx(363,14): error TS2769: No overload matches this call.
  Overload 1 of 4, '(value: string | number | Date): Date', gave the following error.
    Argument of type 'string | null | undefined' is not assignable to parameter of type 'string | number | Date'.
      Type 'undefined' is not assignable to type 'string | number | Date'.
  Overload 2 of 4, '(value: string | number): Date', gave the following error.
    Argument of type 'string | null | undefined' is not assignable to parameter of type 'string | number'.
      Type 'undefined' is not assignable to type 'string | number'.
../../apps/web-cleaning/src/pages/WorkerDetails.tsx(371,48): error TS17004: Cannot use JSX unless the '--jsx' flag is provided.
../../apps/web-cleaning/src/pages/WorkerDetails.tsx(372,48): error TS17004: Cannot use JSX unless the '--jsx' flag is provided.
../../apps/web-cleaning/src/pages/WorkerDetails.tsx(373,56): error TS17004: Cannot use JSX unless the '--jsx' flag is provided.
../../apps/web-cleaning/src/pages/WorkerDetails.tsx(374,56): error TS17004: Cannot use JSX unless the '--jsx' flag is provided.
../../apps/web-cleaning/src/pages/WorkerDetails.tsx(375,46): error TS17004: Cannot use JSX unless the '--jsx' flag is provided.
../../apps/web-cleaning/src/pages/WorkerDetails.tsx(379,5): error TS17004: Cannot use JSX unless the '--jsx' flag is provided.
../../apps/web-cleaning/src/pages/WorkerDetails.tsx(381,7): error TS17004: Cannot use JSX unless the '--jsx' flag is provided.
../../apps/web-cleaning/src/pages/WorkerDetails.tsx(382,9): error TS17004: Cannot use JSX unless the '--jsx' flag is provided.
../../apps/web-cleaning/src/pages/WorkerDetails.tsx(386,9): error TS17004: Cannot use JSX unless the '--jsx' flag is provided.
../../apps/web-cleaning/src/pages/WorkerDetails.tsx(387,11): error TS17004: Cannot use JSX unless the '--jsx' flag is provided.
../../apps/web-cleaning/src/pages/WorkerDetails.tsx(389,13): error TS17004: Cannot use JSX unless the '--jsx' flag is provided.
../../apps/web-cleaning/src/pages/WorkerDetails.tsx(390,15): error TS17004: Cannot use JSX unless the '--jsx' flag is provided.
../../apps/web-cleaning/src/pages/WorkerDetails.tsx(406,19): error TS17004: Cannot use JSX unless the '--jsx' flag is provided.
../../apps/web-cleaning/src/pages/WorkerDetails.tsx(412,19): error TS17004: Cannot use JSX unless the '--jsx' flag is provided.
../../apps/web-cleaning/src/pages/WorkerDetails.tsx(413,21): error TS17004: Cannot use JSX unless the '--jsx' flag is provided.
../../apps/web-cleaning/src/pages/WorkerDetails.tsx(414,21): error TS17004: Cannot use JSX unless the '--jsx' flag is provided.
../../apps/web-cleaning/src/pages/WorkerDetails.tsx(417,17): error TS17004: Cannot use JSX unless the '--jsx' flag is provided.
../../apps/web-cleaning/src/pages/WorkerDetails.tsx(433,17): error TS17004: Cannot use JSX unless the '--jsx' flag is provided.
../../apps/web-cleaning/src/pages/WorkerDetails.tsx(445,13): error TS17004: Cannot use JSX unless the '--jsx' flag is provided.
../../apps/web-cleaning/src/pages/WorkerDetails.tsx(446,15): error TS17004: Cannot use JSX unless the '--jsx' flag is provided.
../../apps/web-cleaning/src/pages/WorkerDetails.tsx(449,15): error TS17004: Cannot use JSX unless the '--jsx' flag is provided.
../../apps/web-cleaning/src/pages/WorkerDetails.tsx(450,15): error TS17004: Cannot use JSX unless the '--jsx' flag is provided.
../../apps/web-cleaning/src/pages/WorkerDetails.tsx(451,17): error TS17004: Cannot use JSX unless the '--jsx' flag is provided.
../../apps/web-cleaning/src/pages/WorkerDetails.tsx(451,24): error TS2322: Type '{ children: string; color: string; }' is not assignable to type 'IntrinsicAttributes & BadgeProps'.
  Property 'color' does not exist on type 'IntrinsicAttributes & BadgeProps'.
../../apps/web-cleaning/src/pages/WorkerDetails.tsx(454,17): error TS17004: Cannot use JSX unless the '--jsx' flag is provided.
../../apps/web-cleaning/src/pages/WorkerDetails.tsx(454,24): error TS2322: Type '{ children: string; color: string; }' is not assignable to type 'IntrinsicAttributes & BadgeProps'.
  Property 'color' does not exist on type 'IntrinsicAttributes & BadgeProps'.
../../apps/web-cleaning/src/pages/WorkerDetails.tsx(455,17): error TS17004: Cannot use JSX unless the '--jsx' flag is provided.
../../apps/web-cleaning/src/pages/WorkerDetails.tsx(455,24): error TS2322: Type '{ children: string; color: string; }' is not assignable to type 'IntrinsicAttributes & BadgeProps'.
  Property 'color' does not exist on type 'IntrinsicAttributes & BadgeProps'.
../../apps/web-cleaning/src/pages/WorkerDetails.tsx(462,9): error TS17004: Cannot use JSX unless the '--jsx' flag is provided.
../../apps/web-cleaning/src/pages/WorkerDetails.tsx(463,11): error TS17004: Cannot use JSX unless the '--jsx' flag is provided.
../../apps/web-cleaning/src/pages/WorkerDetails.tsx(464,13): error TS17004: Cannot use JSX unless the '--jsx' flag is provided.
../../apps/web-cleaning/src/pages/WorkerDetails.tsx(465,15): error TS17004: Cannot use JSX unless the '--jsx' flag is provided.
../../apps/web-cleaning/src/pages/WorkerDetails.tsx(466,17): error TS17004: Cannot use JSX unless the '--jsx' flag is provided.
../../apps/web-cleaning/src/pages/WorkerDetails.tsx(468,15): error TS17004: Cannot use JSX unless the '--jsx' flag is provided.
../../apps/web-cleaning/src/pages/WorkerDetails.tsx(469,17): error TS17004: Cannot use JSX unless the '--jsx' flag is provided.
../../apps/web-cleaning/src/pages/WorkerDetails.tsx(470,17): error TS17004: Cannot use JSX unless the '--jsx' flag is provided.
../../apps/web-cleaning/src/pages/WorkerDetails.tsx(477,11): error TS17004: Cannot use JSX unless the '--jsx' flag is provided.
../../apps/web-cleaning/src/pages/WorkerDetails.tsx(478,13): error TS17004: Cannot use JSX unless the '--jsx' flag is provided.
../../apps/web-cleaning/src/pages/WorkerDetails.tsx(479,15): error TS17004: Cannot use JSX unless the '--jsx' flag is provided.
../../apps/web-cleaning/src/pages/WorkerDetails.tsx(480,17): error TS17004: Cannot use JSX unless the '--jsx' flag is provided.
../../apps/web-cleaning/src/pages/WorkerDetails.tsx(482,15): error TS17004: Cannot use JSX unless the '--jsx' flag is provided.
../../apps/web-cleaning/src/pages/WorkerDetails.tsx(483,17): error TS17004: Cannot use JSX unless the '--jsx' flag is provided.
../../apps/web-cleaning/src/pages/WorkerDetails.tsx(484,17): error TS17004: Cannot use JSX unless the '--jsx' flag is provided.
../../apps/web-cleaning/src/pages/WorkerDetails.tsx(491,11): error TS17004: Cannot use JSX unless the '--jsx' flag is provided.
../../apps/web-cleaning/src/pages/WorkerDetails.tsx(492,13): error TS17004: Cannot use JSX unless the '--jsx' flag is provided.
../../apps/web-cleaning/src/pages/WorkerDetails.tsx(493,15): error TS17004: Cannot use JSX unless the '--jsx' flag is provided.
../../apps/web-cleaning/src/pages/WorkerDetails.tsx(494,17): error TS17004: Cannot use JSX unless the '--jsx' flag is provided.
../../apps/web-cleaning/src/pages/WorkerDetails.tsx(496,15): error TS17004: Cannot use JSX unless the '--jsx' flag is provided.
../../apps/web-cleaning/src/pages/WorkerDetails.tsx(497,17): error TS17004: Cannot use JSX unless the '--jsx' flag is provided.
../../apps/web-cleaning/src/pages/WorkerDetails.tsx(498,17): error TS17004: Cannot use JSX unless the '--jsx' flag is provided.
../../apps/web-cleaning/src/pages/WorkerDetails.tsx(505,11): error TS17004: Cannot use JSX unless the '--jsx' flag is provided.
../../apps/web-cleaning/src/pages/WorkerDetails.tsx(506,13): error TS17004: Cannot use JSX unless the '--jsx' flag is provided.
../../apps/web-cleaning/src/pages/WorkerDetails.tsx(507,15): error TS17004: Cannot use JSX unless the '--jsx' flag is provided.
../../apps/web-cleaning/src/pages/WorkerDetails.tsx(508,17): error TS17004: Cannot use JSX unless the '--jsx' flag is provided.
../../apps/web-cleaning/src/pages/WorkerDetails.tsx(510,15): error TS17004: Cannot use JSX unless the '--jsx' flag is provided.
../../apps/web-cleaning/src/pages/WorkerDetails.tsx(511,17): error TS17004: Cannot use JSX unless the '--jsx' flag is provided.
../../apps/web-cleaning/src/pages/WorkerDetails.tsx(512,17): error TS17004: Cannot use JSX unless the '--jsx' flag is provided.
../../apps/web-cleaning/src/pages/WorkerDetails.tsx(522,7): error TS17004: Cannot use JSX unless the '--jsx' flag is provided.
../../apps/web-cleaning/src/pages/WorkerDetails.tsx(529,7): error TS17004: Cannot use JSX unless the '--jsx' flag is provided.
../../apps/web-cleaning/src/pages/WorkerDetails.tsx(530,9): error TS17004: Cannot use JSX unless the '--jsx' flag is provided.
../../apps/web-cleaning/src/pages/WorkerDetails.tsx(532,11): error TS17004: Cannot use JSX unless the '--jsx' flag is provided.
../../apps/web-cleaning/src/pages/WorkerDetails.tsx(534,13): error TS17004: Cannot use JSX unless the '--jsx' flag is provided.
../../apps/web-cleaning/src/pages/WorkerDetails.tsx(535,15): error TS17004: Cannot use JSX unless the '--jsx' flag is provided.
../../apps/web-cleaning/src/pages/WorkerDetails.tsx(536,17): error TS17004: Cannot use JSX unless the '--jsx' flag is provided.
../../apps/web-cleaning/src/pages/WorkerDetails.tsx(537,17): error TS17004: Cannot use JSX unless the '--jsx' flag is provided.
../../apps/web-cleaning/src/pages/WorkerDetails.tsx(539,15): error TS17004: Cannot use JSX unless the '--jsx' flag is provided.
../../apps/web-cleaning/src/pages/WorkerDetails.tsx(544,13): error TS17004: Cannot use JSX unless the '--jsx' flag is provided.
../../apps/web-cleaning/src/pages/WorkerDetails.tsx(545,15): error TS17004: Cannot use JSX unless the '--jsx' flag is provided.
../../apps/web-cleaning/src/pages/WorkerDetails.tsx(546,17): error TS17004: Cannot use JSX unless the '--jsx' flag is provided.
../../apps/web-cleaning/src/pages/WorkerDetails.tsx(547,19): error TS17004: Cannot use JSX unless the '--jsx' flag is provided.
../../apps/web-cleaning/src/pages/WorkerDetails.tsx(548,19): error TS17004: Cannot use JSX unless the '--jsx' flag is provided.
../../apps/web-cleaning/src/pages/WorkerDetails.tsx(554,15): error TS17004: Cannot use JSX unless the '--jsx' flag is provided.
../../apps/web-cleaning/src/pages/WorkerDetails.tsx(555,17): error TS17004: Cannot use JSX unless the '--jsx' flag is provided.
../../apps/web-cleaning/src/pages/WorkerDetails.tsx(556,19): error TS17004: Cannot use JSX unless the '--jsx' flag is provided.
../../apps/web-cleaning/src/pages/WorkerDetails.tsx(557,19): error TS17004: Cannot use JSX unless the '--jsx' flag is provided.
../../apps/web-cleaning/src/pages/WorkerDetails.tsx(561,15): error TS17004: Cannot use JSX unless the '--jsx' flag is provided.
../../apps/web-cleaning/src/pages/WorkerDetails.tsx(562,17): error TS17004: Cannot use JSX unless the '--jsx' flag is provided.
../../apps/web-cleaning/src/pages/WorkerDetails.tsx(563,19): error TS17004: Cannot use JSX unless the '--jsx' flag is provided.
../../apps/web-cleaning/src/pages/WorkerDetails.tsx(564,19): error TS17004: Cannot use JSX unless the '--jsx' flag is provided.
../../apps/web-cleaning/src/pages/WorkerDetails.tsx(568,15): error TS17004: Cannot use JSX unless the '--jsx' flag is provided.
../../apps/web-cleaning/src/pages/WorkerDetails.tsx(569,17): error TS17004: Cannot use JSX unless the '--jsx' flag is provided.
../../apps/web-cleaning/src/pages/WorkerDetails.tsx(570,19): error TS17004: Cannot use JSX unless the '--jsx' flag is provided.
../../apps/web-cleaning/src/pages/WorkerDetails.tsx(571,19): error TS17004: Cannot use JSX unless the '--jsx' flag is provided.
../../apps/web-cleaning/src/pages/WorkerDetails.tsx(578,15): error TS17004: Cannot use JSX unless the '--jsx' flag is provided.
../../apps/web-cleaning/src/pages/WorkerDetails.tsx(579,17): error TS17004: Cannot use JSX unless the '--jsx' flag is provided.
../../apps/web-cleaning/src/pages/WorkerDetails.tsx(580,19): error TS17004: Cannot use JSX unless the '--jsx' flag is provided.
../../apps/web-cleaning/src/pages/WorkerDetails.tsx(581,19): error TS17004: Cannot use JSX unless the '--jsx' flag is provided.
../../apps/web-cleaning/src/pages/WorkerDetails.tsx(588,15): error TS17004: Cannot use JSX unless the '--jsx' flag is provided.
../../apps/web-cleaning/src/pages/WorkerDetails.tsx(589,17): error TS17004: Cannot use JSX unless the '--jsx' flag is provided.
../../apps/web-cleaning/src/pages/WorkerDetails.tsx(590,19): error TS17004: Cannot use JSX unless the '--jsx' flag is provided.
../../apps/web-cleaning/src/pages/WorkerDetails.tsx(591,19): error TS17004: Cannot use JSX unless the '--jsx' flag is provided.
../../apps/web-cleaning/src/pages/WorkerDetails.tsx(597,15): error TS17004: Cannot use JSX unless the '--jsx' flag is provided.
../../apps/web-cleaning/src/pages/WorkerDetails.tsx(598,17): error TS17004: Cannot use JSX unless the '--jsx' flag is provided.
../../apps/web-cleaning/src/pages/WorkerDetails.tsx(599,19): error TS17004: Cannot use JSX unless the '--jsx' flag is provided.
../../apps/web-cleaning/src/pages/WorkerDetails.tsx(600,19): error TS17004: Cannot use JSX unless the '--jsx' flag is provided.
../../apps/web-cleaning/src/pages/WorkerDetails.tsx(606,15): error TS17004: Cannot use JSX unless the '--jsx' flag is provided.
../../apps/web-cleaning/src/pages/WorkerDetails.tsx(607,17): error TS17004: Cannot use JSX unless the '--jsx' flag is provided.
../../apps/web-cleaning/src/pages/WorkerDetails.tsx(608,19): error TS17004: Cannot use JSX unless the '--jsx' flag is provided.
../../apps/web-cleaning/src/pages/WorkerDetails.tsx(609,19): error TS17004: Cannot use JSX unless the '--jsx' flag is provided.
../../apps/web-cleaning/src/pages/WorkerDetails.tsx(611,23): error TS17004: Cannot use JSX unless the '--jsx' flag is provided.
../../apps/web-cleaning/src/pages/WorkerDetails.tsx(615,23): error TS17004: Cannot use JSX unless the '--jsx' flag is provided.
../../apps/web-cleaning/src/pages/WorkerDetails.tsx(624,17): error TS17004: Cannot use JSX unless the '--jsx' flag is provided.
../../apps/web-cleaning/src/pages/WorkerDetails.tsx(625,19): error TS17004: Cannot use JSX unless the '--jsx' flag is provided.
../../apps/web-cleaning/src/pages/WorkerDetails.tsx(626,21): error TS17004: Cannot use JSX unless the '--jsx' flag is provided.
../../apps/web-cleaning/src/pages/WorkerDetails.tsx(627,21): error TS17004: Cannot use JSX unless the '--jsx' flag is provided.
../../apps/web-cleaning/src/pages/WorkerDetails.tsx(628,46): error TS17004: Cannot use JSX unless the '--jsx' flag is provided.
../../apps/web-cleaning/src/pages/WorkerDetails.tsx(636,17): error TS17004: Cannot use JSX unless the '--jsx' flag is provided.
../../apps/web-cleaning/src/pages/WorkerDetails.tsx(637,19): error TS17004: Cannot use JSX unless the '--jsx' flag is provided.
../../apps/web-cleaning/src/pages/WorkerDetails.tsx(638,21): error TS17004: Cannot use JSX unless the '--jsx' flag is provided.
../../apps/web-cleaning/src/pages/WorkerDetails.tsx(639,21): error TS17004: Cannot use JSX unless the '--jsx' flag is provided.
../../apps/web-cleaning/src/pages/WorkerDetails.tsx(647,17): error TS17004: Cannot use JSX unless the '--jsx' flag is provided.
../../apps/web-cleaning/src/pages/WorkerDetails.tsx(648,19): error TS17004: Cannot use JSX unless the '--jsx' flag is provided.
../../apps/web-cleaning/src/pages/WorkerDetails.tsx(649,21): error TS17004: Cannot use JSX unless the '--jsx' flag is provided.
../../apps/web-cleaning/src/pages/WorkerDetails.tsx(650,21): error TS17004: Cannot use JSX unless the '--jsx' flag is provided.
../../apps/web-cleaning/src/pages/WorkerDetails.tsx(662,17): error TS17004: Cannot use JSX unless the '--jsx' flag is provided.
../../apps/web-cleaning/src/pages/WorkerDetails.tsx(663,19): error TS17004: Cannot use JSX unless the '--jsx' flag is provided.
../../apps/web-cleaning/src/pages/WorkerDetails.tsx(664,21): error TS17004: Cannot use JSX unless the '--jsx' flag is provided.
../../apps/web-cleaning/src/pages/WorkerDetails.tsx(665,21): error TS17004: Cannot use JSX unless the '--jsx' flag is provided.
../../apps/web-cleaning/src/pages/WorkerDetails.tsx(667,25): error TS17004: Cannot use JSX unless the '--jsx' flag is provided.
../../apps/web-cleaning/src/pages/WorkerDetails.tsx(672,25): error TS17004: Cannot use JSX unless the '--jsx' flag is provided.
../../apps/web-cleaning/src/pages/WorkerDetails.tsx(682,17): error TS17004: Cannot use JSX unless the '--jsx' flag is provided.
../../apps/web-cleaning/src/pages/WorkerDetails.tsx(683,19): error TS17004: Cannot use JSX unless the '--jsx' flag is provided.
../../apps/web-cleaning/src/pages/WorkerDetails.tsx(684,21): error TS17004: Cannot use JSX unless the '--jsx' flag is provided.
../../apps/web-cleaning/src/pages/WorkerDetails.tsx(685,21): error TS17004: Cannot use JSX unless the '--jsx' flag is provided.
../../apps/web-cleaning/src/pages/WorkerDetails.tsx(693,17): error TS17004: Cannot use JSX unless the '--jsx' flag is provided.
../../apps/web-cleaning/src/pages/WorkerDetails.tsx(694,19): error TS17004: Cannot use JSX unless the '--jsx' flag is provided.
../../apps/web-cleaning/src/pages/WorkerDetails.tsx(695,21): error TS17004: Cannot use JSX unless the '--jsx' flag is provided.
../../apps/web-cleaning/src/pages/WorkerDetails.tsx(696,21): error TS17004: Cannot use JSX unless the '--jsx' flag is provided.
../../apps/web-cleaning/src/pages/WorkerDetails.tsx(697,54): error TS17004: Cannot use JSX unless the '--jsx' flag is provided.
../../apps/web-cleaning/src/pages/WorkerDetails.tsx(706,13): error TS17004: Cannot use JSX unless the '--jsx' flag is provided.
../../apps/web-cleaning/src/pages/WorkerDetails.tsx(707,15): error TS17004: Cannot use JSX unless the '--jsx' flag is provided.
../../apps/web-cleaning/src/pages/WorkerDetails.tsx(708,15): error TS17004: Cannot use JSX unless the '--jsx' flag is provided.
../../apps/web-cleaning/src/pages/WorkerDetails.tsx(711,13): error TS17004: Cannot use JSX unless the '--jsx' flag is provided.
../../apps/web-cleaning/src/pages/WorkerDetails.tsx(712,15): error TS17004: Cannot use JSX unless the '--jsx' flag is provided.
../../apps/web-cleaning/src/pages/WorkerDetails.tsx(713,17): error TS17004: Cannot use JSX unless the '--jsx' flag is provided.
../../apps/web-cleaning/src/pages/WorkerDetails.tsx(714,19): error TS17004: Cannot use JSX unless the '--jsx' flag is provided.
../../apps/web-cleaning/src/pages/WorkerDetails.tsx(715,19): error TS17004: Cannot use JSX unless the '--jsx' flag is provided.
../../apps/web-cleaning/src/pages/WorkerDetails.tsx(716,19): error TS17004: Cannot use JSX unless the '--jsx' flag is provided.
../../apps/web-cleaning/src/pages/WorkerDetails.tsx(720,15): error TS17004: Cannot use JSX unless the '--jsx' flag is provided.
../../apps/web-cleaning/src/pages/WorkerDetails.tsx(721,17): error TS17004: Cannot use JSX unless the '--jsx' flag is provided.
../../apps/web-cleaning/src/pages/WorkerDetails.tsx(722,19): error TS17004: Cannot use JSX unless the '--jsx' flag is provided.
../../apps/web-cleaning/src/pages/WorkerDetails.tsx(723,19): error TS17004: Cannot use JSX unless the '--jsx' flag is provided.
../../apps/web-cleaning/src/pages/WorkerDetails.tsx(724,19): error TS17004: Cannot use JSX unless the '--jsx' flag is provided.
../../apps/web-cleaning/src/pages/WorkerDetails.tsx(728,15): error TS17004: Cannot use JSX unless the '--jsx' flag is provided.
../../apps/web-cleaning/src/pages/WorkerDetails.tsx(729,17): error TS17004: Cannot use JSX unless the '--jsx' flag is provided.
../../apps/web-cleaning/src/pages/WorkerDetails.tsx(730,19): error TS17004: Cannot use JSX unless the '--jsx' flag is provided.
../../apps/web-cleaning/src/pages/WorkerDetails.tsx(733,19): error TS17004: Cannot use JSX unless the '--jsx' flag is provided.
../../apps/web-cleaning/src/pages/WorkerDetails.tsx(734,19): error TS17004: Cannot use JSX unless the '--jsx' flag is provided.
../../apps/web-cleaning/src/pages/WorkerDetails.tsx(738,15): error TS17004: Cannot use JSX unless the '--jsx' flag is provided.
../../apps/web-cleaning/src/pages/WorkerDetails.tsx(739,17): error TS17004: Cannot use JSX unless the '--jsx' flag is provided.
../../apps/web-cleaning/src/pages/WorkerDetails.tsx(740,19): error TS17004: Cannot use JSX unless the '--jsx' flag is provided.
../../apps/web-cleaning/src/pages/WorkerDetails.tsx(746,19): error TS17004: Cannot use JSX unless the '--jsx' flag is provided.
../../apps/web-cleaning/src/pages/WorkerDetails.tsx(747,19): error TS17004: Cannot use JSX unless the '--jsx' flag is provided.
../../apps/web-cleaning/src/pages/WorkerDetails.tsx(754,11): error TS17004: Cannot use JSX unless the '--jsx' flag is provided.
../../apps/web-cleaning/src/pages/WorkerDetails.tsx(760,13): error TS17004: Cannot use JSX unless the '--jsx' flag is provided.
../../apps/web-cleaning/src/pages/WorkerDetails.tsx(762,15): error TS17004: Cannot use JSX unless the '--jsx' flag is provided.
../../apps/web-cleaning/src/pages/WorkerDetails.tsx(763,17): error TS17004: Cannot use JSX unless the '--jsx' flag is provided.
../../apps/web-cleaning/src/pages/WorkerDetails.tsx(764,17): error TS17004: Cannot use JSX unless the '--jsx' flag is provided.
../../apps/web-cleaning/src/pages/WorkerDetails.tsx(765,19): error TS17004: Cannot use JSX unless the '--jsx' flag is provided.
../../apps/web-cleaning/src/pages/WorkerDetails.tsx(768,86): error TS2339: Property 'value' does not exist on type 'EventTarget & HTMLInputElement'.
../../apps/web-cleaning/src/pages/WorkerDetails.tsx(771,19): error TS17004: Cannot use JSX unless the '--jsx' flag is provided.
../../apps/web-cleaning/src/pages/WorkerDetails.tsx(774,85): error TS2339: Property 'value' does not exist on type 'EventTarget & HTMLInputElement'.
../../apps/web-cleaning/src/pages/WorkerDetails.tsx(778,17): error TS17004: Cannot use JSX unless the '--jsx' flag is provided.
../../apps/web-cleaning/src/pages/WorkerDetails.tsx(782,79): error TS2339: Property 'value' does not exist on type 'EventTarget & HTMLInputElement'.
../../apps/web-cleaning/src/pages/WorkerDetails.tsx(785,17): error TS17004: Cannot use JSX unless the '--jsx' flag is provided.
../../apps/web-cleaning/src/pages/WorkerDetails.tsx(788,79): error TS2339: Property 'value' does not exist on type 'EventTarget & HTMLInputElement'.
../../apps/web-cleaning/src/pages/WorkerDetails.tsx(791,17): error TS17004: Cannot use JSX unless the '--jsx' flag is provided.
../../apps/web-cleaning/src/pages/WorkerDetails.tsx(795,87): error TS2339: Property 'value' does not exist on type 'EventTarget & HTMLInputElement'.
../../apps/web-cleaning/src/pages/WorkerDetails.tsx(800,15): error TS17004: Cannot use JSX unless the '--jsx' flag is provided.
../../apps/web-cleaning/src/pages/WorkerDetails.tsx(801,17): error TS17004: Cannot use JSX unless the '--jsx' flag is provided.
../../apps/web-cleaning/src/pages/WorkerDetails.tsx(802,17): error TS17004: Cannot use JSX unless the '--jsx' flag is provided.
../../apps/web-cleaning/src/pages/WorkerDetails.tsx(805,88): error TS2339: Property 'value' does not exist on type 'EventTarget & HTMLInputElement'.
../../apps/web-cleaning/src/pages/WorkerDetails.tsx(807,17): error TS17004: Cannot use JSX unless the '--jsx' flag is provided.
../../apps/web-cleaning/src/pages/WorkerDetails.tsx(808,19): error TS17004: Cannot use JSX unless the '--jsx' flag is provided.
../../apps/web-cleaning/src/pages/WorkerDetails.tsx(811,88): error TS2339: Property 'value' does not exist on type 'EventTarget & HTMLInputElement'.
../../apps/web-cleaning/src/pages/WorkerDetails.tsx(813,19): error TS17004: Cannot use JSX unless the '--jsx' flag is provided.
../../apps/web-cleaning/src/pages/WorkerDetails.tsx(816,92): error TS2339: Property 'value' does not exist on type 'EventTarget & HTMLInputElement'.
../../apps/web-cleaning/src/pages/WorkerDetails.tsx(819,17): error TS17004: Cannot use JSX unless the '--jsx' flag is provided.
../../apps/web-cleaning/src/pages/WorkerDetails.tsx(822,89): error TS2339: Property 'value' does not exist on type 'EventTarget & HTMLInputElement'.
../../apps/web-cleaning/src/pages/WorkerDetails.tsx(827,15): error TS17004: Cannot use JSX unless the '--jsx' flag is provided.
../../apps/web-cleaning/src/pages/WorkerDetails.tsx(828,17): error TS17004: Cannot use JSX unless the '--jsx' flag is provided.
../../apps/web-cleaning/src/pages/WorkerDetails.tsx(829,17): error TS17004: Cannot use JSX unless the '--jsx' flag is provided.
../../apps/web-cleaning/src/pages/WorkerDetails.tsx(830,19): error TS17004: Cannot use JSX unless the '--jsx' flag is provided.
../../apps/web-cleaning/src/pages/WorkerDetails.tsx(831,19): error TS17004: Cannot use JSX unless the '--jsx' flag is provided.
../../apps/web-cleaning/src/pages/WorkerDetails.tsx(833,87): error TS2339: Property 'value' does not exist on type 'EventTarget & HTMLSelectElement'.
../../apps/web-cleaning/src/pages/WorkerDetails.tsx(837,21): error TS17004: Cannot use JSX unless the '--jsx' flag is provided.
../../apps/web-cleaning/src/pages/WorkerDetails.tsx(838,21): error TS17004: Cannot use JSX unless the '--jsx' flag is provided.
../../apps/web-cleaning/src/pages/WorkerDetails.tsx(839,21): error TS17004: Cannot use JSX unless the '--jsx' flag is provided.
../../apps/web-cleaning/src/pages/WorkerDetails.tsx(842,17): error TS17004: Cannot use JSX unless the '--jsx' flag is provided.
../../apps/web-cleaning/src/pages/WorkerDetails.tsx(843,19): error TS17004: Cannot use JSX unless the '--jsx' flag is provided.
../../apps/web-cleaning/src/pages/WorkerDetails.tsx(844,19): error TS17004: Cannot use JSX unless the '--jsx' flag is provided.
../../apps/web-cleaning/src/pages/WorkerDetails.tsx(846,91): error TS2339: Property 'value' does not exist on type 'EventTarget & HTMLSelectElement'.
../../apps/web-cleaning/src/pages/WorkerDetails.tsx(850,21): error TS17004: Cannot use JSX unless the '--jsx' flag is provided.
../../apps/web-cleaning/src/pages/WorkerDetails.tsx(851,21): error TS17004: Cannot use JSX unless the '--jsx' flag is provided.
../../apps/web-cleaning/src/pages/WorkerDetails.tsx(852,21): error TS17004: Cannot use JSX unless the '--jsx' flag is provided.
../../apps/web-cleaning/src/pages/WorkerDetails.tsx(855,17): error TS17004: Cannot use JSX unless the '--jsx' flag is provided.
../../apps/web-cleaning/src/pages/WorkerDetails.tsx(856,19): error TS17004: Cannot use JSX unless the '--jsx' flag is provided.
../../apps/web-cleaning/src/pages/WorkerDetails.tsx(861,87): error TS2339: Property 'value' does not exist on type 'EventTarget & HTMLInputElement'.
../../apps/web-cleaning/src/pages/WorkerDetails.tsx(864,19): error TS17004: Cannot use JSX unless the '--jsx' flag is provided.
../../apps/web-cleaning/src/pages/WorkerDetails.tsx(868,92): error TS2339: Property 'value' does not exist on type 'EventTarget & HTMLInputElement'.
../../apps/web-cleaning/src/pages/WorkerDetails.tsx(871,17): error TS17004: Cannot use JSX unless the '--jsx' flag is provided.
../../apps/web-cleaning/src/pages/WorkerDetails.tsx(875,95): error TS2339: Property 'value' does not exist on type 'EventTarget & HTMLInputElement'.
../../apps/web-cleaning/src/pages/WorkerDetails.tsx(877,17): error TS17004: Cannot use JSX unless the '--jsx' flag is provided.
../../apps/web-cleaning/src/pages/WorkerDetails.tsx(878,19): error TS17004: Cannot use JSX unless the '--jsx' flag is provided.
../../apps/web-cleaning/src/pages/WorkerDetails.tsx(882,85): error TS2339: Property 'checked' does not exist on type 'EventTarget & HTMLInputElement'.
../../apps/web-cleaning/src/pages/WorkerDetails.tsx(885,19): error TS17004: Cannot use JSX unless the '--jsx' flag is provided.
../../apps/web-cleaning/src/pages/WorkerDetails.tsx(890,15): error TS17004: Cannot use JSX unless the '--jsx' flag is provided.
../../apps/web-cleaning/src/pages/WorkerDetails.tsx(891,17): error TS17004: Cannot use JSX unless the '--jsx' flag is provided.
../../apps/web-cleaning/src/pages/WorkerDetails.tsx(892,17): error TS17004: Cannot use JSX unless the '--jsx' flag is provided.
../../apps/web-cleaning/src/pages/WorkerDetails.tsx(895,83): error TS2339: Property 'value' does not exist on type 'EventTarget & HTMLInputElement'.
../../apps/web-cleaning/src/pages/WorkerDetails.tsx(898,17): error TS17004: Cannot use JSX unless the '--jsx' flag is provided.
../../apps/web-cleaning/src/pages/WorkerDetails.tsx(901,96): error TS2339: Property 'value' does not exist on type 'EventTarget & HTMLInputElement'.
../../apps/web-cleaning/src/pages/WorkerDetails.tsx(903,17): error TS17004: Cannot use JSX unless the '--jsx' flag is provided.
../../apps/web-cleaning/src/pages/WorkerDetails.tsx(907,96): error TS2339: Property 'value' does not exist on type 'EventTarget & HTMLInputElement'.
../../apps/web-cleaning/src/pages/WorkerDetails.tsx(912,15): error TS17004: Cannot use JSX unless the '--jsx' flag is provided.
../../apps/web-cleaning/src/pages/WorkerDetails.tsx(913,17): error TS17004: Cannot use JSX unless the '--jsx' flag is provided.
../../apps/web-cleaning/src/pages/WorkerDetails.tsx(914,17): error TS17004: Cannot use JSX unless the '--jsx' flag is provided.
../../apps/web-cleaning/src/pages/WorkerDetails.tsx(918,90): error TS2339: Property 'value' does not exist on type 'EventTarget & HTMLInputElement'.
../../apps/web-cleaning/src/pages/WorkerDetails.tsx(921,17): error TS17004: Cannot use JSX unless the '--jsx' flag is provided.
../../apps/web-cleaning/src/pages/WorkerDetails.tsx(922,19): error TS17004: Cannot use JSX unless the '--jsx' flag is provided.
../../apps/web-cleaning/src/pages/WorkerDetails.tsx(923,19): error TS17004: Cannot use JSX unless the '--jsx' flag is provided.
../../apps/web-cleaning/src/pages/WorkerDetails.tsx(925,79): error TS2339: Property 'value' does not exist on type 'EventTarget & HTMLTextAreaElement'.
../../apps/web-cleaning/src/pages/WorkerDetails.tsx(931,17): error TS17004: Cannot use JSX unless the '--jsx' flag is provided.
../../apps/web-cleaning/src/pages/WorkerDetails.tsx(932,19): error TS17004: Cannot use JSX unless the '--jsx' flag is provided.
../../apps/web-cleaning/src/pages/WorkerDetails.tsx(933,19): error TS17004: Cannot use JSX unless the '--jsx' flag is provided.
../../apps/web-cleaning/src/pages/WorkerDetails.tsx(934,21): error TS17004: Cannot use JSX unless the '--jsx' flag is provided.
../../apps/web-cleaning/src/pages/WorkerDetails.tsx(936,63): error TS2339: Property 'value' does not exist on type 'EventTarget & HTMLInputElement'.
../../apps/web-cleaning/src/pages/WorkerDetails.tsx(946,21): error TS17004: Cannot use JSX unless the '--jsx' flag is provided.
../../apps/web-cleaning/src/pages/WorkerDetails.tsx(957,19): error TS17004: Cannot use JSX unless the '--jsx' flag is provided.
../../apps/web-cleaning/src/pages/WorkerDetails.tsx(959,23): error TS17004: Cannot use JSX unless the '--jsx' flag is provided.
../../apps/web-cleaning/src/pages/WorkerDetails.tsx(964,25): error TS17004: Cannot use JSX unless the '--jsx' flag is provided.
../../apps/web-cleaning/src/pages/WorkerDetails.tsx(978,15): error TS17004: Cannot use JSX unless the '--jsx' flag is provided.
../../apps/web-cleaning/src/pages/WorkerDetails.tsx(979,17): error TS17004: Cannot use JSX unless the '--jsx' flag is provided.
../../apps/web-cleaning/src/pages/WorkerDetails.tsx(980,17): error TS17004: Cannot use JSX unless the '--jsx' flag is provided.
../../apps/web-cleaning/src/pages/WorkerDetails.tsx(983,96): error TS2339: Property 'value' does not exist on type 'EventTarget & HTMLInputElement'.
../../apps/web-cleaning/src/pages/WorkerDetails.tsx(985,17): error TS17004: Cannot use JSX unless the '--jsx' flag is provided.
../../apps/web-cleaning/src/pages/WorkerDetails.tsx(988,97): error TS2339: Property 'value' does not exist on type 'EventTarget & HTMLInputElement'.
../../apps/web-cleaning/src/pages/WorkerDetails.tsx(990,17): error TS17004: Cannot use JSX unless the '--jsx' flag is provided.
../../apps/web-cleaning/src/pages/WorkerDetails.tsx(993,100): error TS2339: Property 'value' does not exist on type 'EventTarget & HTMLInputElement'.
../../apps/web-cleaning/src/pages/WorkerDetails.tsx(999,13): error TS17004: Cannot use JSX unless the '--jsx' flag is provided.
../../apps/web-cleaning/src/pages/WorkerDetails.tsx(1000,15): error TS17004: Cannot use JSX unless the '--jsx' flag is provided.
../../apps/web-cleaning/src/pages/WorkerDetails.tsx(1003,15): error TS17004: Cannot use JSX unless the '--jsx' flag is provided.
../../apps/web-cleaning/src/pages/WorkerDetails.tsx(1011,27): error TS17004: Cannot use JSX unless the '--jsx' flag is provided.
../../apps/web-cleaning/src/pages/WorkerDetails.tsx(1017,9): error TS17004: Cannot use JSX unless the '--jsx' flag is provided.
../../apps/web-cleaning/src/pages/WorkerDetails.tsx(1019,11): error TS17004: Cannot use JSX unless the '--jsx' flag is provided.
../../apps/web-cleaning/src/pages/WorkerDetails.tsx(1020,13): error TS17004: Cannot use JSX unless the '--jsx' flag is provided.
../../apps/web-cleaning/src/pages/WorkerDetails.tsx(1021,15): error TS17004: Cannot use JSX unless the '--jsx' flag is provided.
../../apps/web-cleaning/src/pages/WorkerDetails.tsx(1022,15): error TS17004: Cannot use JSX unless the '--jsx' flag is provided.
../../apps/web-cleaning/src/pages/WorkerDetails.tsx(1026,15): error TS17004: Cannot use JSX unless the '--jsx' flag is provided.
../../apps/web-cleaning/src/pages/WorkerDetails.tsx(1027,17): error TS17004: Cannot use JSX unless the '--jsx' flag is provided.
../../apps/web-cleaning/src/pages/WorkerDetails.tsx(1028,17): error TS17004: Cannot use JSX unless the '--jsx' flag is provided.
../../apps/web-cleaning/src/pages/WorkerDetails.tsx(1031,15): error TS17004: Cannot use JSX unless the '--jsx' flag is provided.
../../apps/web-cleaning/src/pages/WorkerDetails.tsx(1033,19): error TS17004: Cannot use JSX unless the '--jsx' flag is provided.
../../apps/web-cleaning/src/pages/WorkerDetails.tsx(1038,21): error TS17004: Cannot use JSX unless the '--jsx' flag is provided.
../../apps/web-cleaning/src/pages/WorkerDetails.tsx(1039,23): error TS17004: Cannot use JSX unless the '--jsx' flag is provided.
../../apps/web-cleaning/src/pages/WorkerDetails.tsx(1040,25): error TS17004: Cannot use JSX unless the '--jsx' flag is provided.
../../apps/web-cleaning/src/pages/WorkerDetails.tsx(1041,25): error TS17004: Cannot use JSX unless the '--jsx' flag is provided.
../../apps/web-cleaning/src/pages/WorkerDetails.tsx(1043,23): error TS17004: Cannot use JSX unless the '--jsx' flag is provided.
../../apps/web-cleaning/src/pages/WorkerDetails.tsx(1043,30): error TS2322: Type '{ children: string; color: string; }' is not assignable to type 'IntrinsicAttributes & BadgeProps'.
  Property 'color' does not exist on type 'IntrinsicAttributes & BadgeProps'.
../../apps/web-cleaning/src/pages/WorkerDetails.tsx(1048,21): error TS17004: Cannot use JSX unless the '--jsx' flag is provided.
../../apps/web-cleaning/src/pages/WorkerDetails.tsx(1049,23): error TS17004: Cannot use JSX unless the '--jsx' flag is provided.
../../apps/web-cleaning/src/pages/WorkerDetails.tsx(1050,25): error TS17004: Cannot use JSX unless the '--jsx' flag is provided.
../../apps/web-cleaning/src/pages/WorkerDetails.tsx(1051,25): error TS17004: Cannot use JSX unless the '--jsx' flag is provided.
../../apps/web-cleaning/src/pages/WorkerDetails.tsx(1052,37): error TS2769: No overload matches this call.
  Overload 1 of 4, '(value: string | number | Date): Date', gave the following error.
    Argument of type 'string | null | undefined' is not assignable to parameter of type 'string | number | Date'.
      Type 'undefined' is not assignable to type 'string | number | Date'.
  Overload 2 of 4, '(value: string | number): Date', gave the following error.
    Argument of type 'string | null | undefined' is not assignable to parameter of type 'string | number'.
      Type 'undefined' is not assignable to type 'string | number'.
../../apps/web-cleaning/src/pages/WorkerDetails.tsx(1059,23): error TS17004: Cannot use JSX unless the '--jsx' flag is provided.
../../apps/web-cleaning/src/pages/WorkerDetails.tsx(1060,25): error TS17004: Cannot use JSX unless the '--jsx' flag is provided.
../../apps/web-cleaning/src/pages/WorkerDetails.tsx(1061,25): error TS17004: Cannot use JSX unless the '--jsx' flag is provided.
../../apps/web-cleaning/src/pages/WorkerDetails.tsx(1072,15): error TS17004: Cannot use JSX unless the '--jsx' flag is provided.
../../apps/web-cleaning/src/pages/WorkerDetails.tsx(1073,17): error TS17004: Cannot use JSX unless the '--jsx' flag is provided.
../../apps/web-cleaning/src/pages/WorkerDetails.tsx(1074,19): error TS17004: Cannot use JSX unless the '--jsx' flag is provided.
../../apps/web-cleaning/src/pages/WorkerDetails.tsx(1075,19): error TS17004: Cannot use JSX unless the '--jsx' flag is provided.
../../apps/web-cleaning/src/pages/WorkerDetails.tsx(1077,17): error TS17004: Cannot use JSX unless the '--jsx' flag is provided.
../../apps/web-cleaning/src/pages/WorkerDetails.tsx(1079,21): error TS17004: Cannot use JSX unless the '--jsx' flag is provided.
../../apps/web-cleaning/src/pages/WorkerDetails.tsx(1084,23): error TS17004: Cannot use JSX unless the '--jsx' flag is provided.
../../apps/web-cleaning/src/pages/WorkerDetails.tsx(1085,25): error TS17004: Cannot use JSX unless the '--jsx' flag is provided.
../../apps/web-cleaning/src/pages/WorkerDetails.tsx(1086,27): error TS17004: Cannot use JSX unless the '--jsx' flag is provided.
../../apps/web-cleaning/src/pages/WorkerDetails.tsx(1087,27): error TS17004: Cannot use JSX unless the '--jsx' flag is provided.
../../apps/web-cleaning/src/pages/WorkerDetails.tsx(1089,25): error TS17004: Cannot use JSX unless the '--jsx' flag is provided.
../../apps/web-cleaning/src/pages/WorkerDetails.tsx(1089,32): error TS2322: Type '{ children: string; color: string; }' is not assignable to type 'IntrinsicAttributes & BadgeProps'.
  Property 'color' does not exist on type 'IntrinsicAttributes & BadgeProps'.
../../apps/web-cleaning/src/pages/WorkerDetails.tsx(1092,23): error TS17004: Cannot use JSX unless the '--jsx' flag is provided.
../../apps/web-cleaning/src/pages/WorkerDetails.tsx(1093,25): error TS17004: Cannot use JSX unless the '--jsx' flag is provided.
../../apps/web-cleaning/src/pages/WorkerDetails.tsx(1094,27): error TS17004: Cannot use JSX unless the '--jsx' flag is provided.
../../apps/web-cleaning/src/pages/WorkerDetails.tsx(1095,27): error TS17004: Cannot use JSX unless the '--jsx' flag is provided.
../../apps/web-cleaning/src/pages/WorkerDetails.tsx(1096,39): error TS2769: No overload matches this call.
  Overload 1 of 4, '(value: string | number | Date): Date', gave the following error.
    Argument of type 'string | null | undefined' is not assignable to parameter of type 'string | number | Date'.
      Type 'undefined' is not assignable to type 'string | number | Date'.
  Overload 2 of 4, '(value: string | number): Date', gave the following error.
    Argument of type 'string | null | undefined' is not assignable to parameter of type 'string | number'.
      Type 'undefined' is not assignable to type 'string | number'.
../../apps/web-cleaning/src/pages/WorkerDetails.tsx(1112,9): error TS17004: Cannot use JSX unless the '--jsx' flag is provided.
../../apps/web-cleaning/src/pages/WorkerDetails.tsx(1114,11): error TS17004: Cannot use JSX unless the '--jsx' flag is provided.
../../apps/web-cleaning/src/pages/WorkerDetails.tsx(1115,13): error TS17004: Cannot use JSX unless the '--jsx' flag is provided.
../../apps/web-cleaning/src/pages/WorkerDetails.tsx(1116,15): error TS17004: Cannot use JSX unless the '--jsx' flag is provided.
../../apps/web-cleaning/src/pages/WorkerDetails.tsx(1117,15): error TS17004: Cannot use JSX unless the '--jsx' flag is provided.
../../apps/web-cleaning/src/pages/WorkerDetails.tsx(1118,17): error TS17004: Cannot use JSX unless the '--jsx' flag is provided.
../../apps/web-cleaning/src/pages/WorkerDetails.tsx(1119,19): error TS17004: Cannot use JSX unless the '--jsx' flag is provided.
../../apps/web-cleaning/src/pages/WorkerDetails.tsx(1121,19): error TS17004: Cannot use JSX unless the '--jsx' flag is provided.
../../apps/web-cleaning/src/pages/WorkerDetails.tsx(1132,15): error TS17004: Cannot use JSX unless the '--jsx' flag is provided.
../../apps/web-cleaning/src/pages/WorkerDetails.tsx(1133,17): error TS17004: Cannot use JSX unless the '--jsx' flag is provided.
../../apps/web-cleaning/src/pages/WorkerDetails.tsx(1134,17): error TS17004: Cannot use JSX unless the '--jsx' flag is provided.
../../apps/web-cleaning/src/pages/WorkerDetails.tsx(1135,17): error TS17004: Cannot use JSX unless the '--jsx' flag is provided.
../../apps/web-cleaning/src/pages/WorkerDetails.tsx(1140,15): error TS17004: Cannot use JSX unless the '--jsx' flag is provided.
../../apps/web-cleaning/src/pages/WorkerDetails.tsx(1142,19): error TS17004: Cannot use JSX unless the '--jsx' flag is provided.
../../apps/web-cleaning/src/pages/WorkerDetails.tsx(1143,21): error TS17004: Cannot use JSX unless the '--jsx' flag is provided.
../../apps/web-cleaning/src/pages/WorkerDetails.tsx(1144,23): error TS17004: Cannot use JSX unless the '--jsx' flag is provided.
../../apps/web-cleaning/src/pages/WorkerDetails.tsx(1145,25): error TS17004: Cannot use JSX unless the '--jsx' flag is provided.
../../apps/web-cleaning/src/pages/WorkerDetails.tsx(1146,25): error TS17004: Cannot use JSX unless the '--jsx' flag is provided.
../../apps/web-cleaning/src/pages/WorkerDetails.tsx(1150,27): error TS17004: Cannot use JSX unless the '--jsx' flag is provided.
../../apps/web-cleaning/src/pages/WorkerDetails.tsx(1156,21): error TS17004: Cannot use JSX unless the '--jsx' flag is provided.
../../apps/web-cleaning/src/pages/WorkerDetails.tsx(1157,23): error TS17004: Cannot use JSX unless the '--jsx' flag is provided.
../../apps/web-cleaning/src/pages/WorkerDetails.tsx(1160,23): error TS17004: Cannot use JSX unless the '--jsx' flag is provided.
../../apps/web-cleaning/src/pages/WorkerDetails.tsx(1171,9): error TS17004: Cannot use JSX unless the '--jsx' flag is provided.
../../apps/web-cleaning/src/pages/WorkerDetails.tsx(1173,11): error TS17004: Cannot use JSX unless the '--jsx' flag is provided.
../../apps/web-cleaning/src/pages/WorkerDetails.tsx(1227,17): error TS17004: Cannot use JSX unless the '--jsx' flag is provided.
../../apps/web-cleaning/src/pages/WorkerDetails.tsx(1228,19): error TS17004: Cannot use JSX unless the '--jsx' flag is provided.
../../apps/web-cleaning/src/pages/WorkerDetails.tsx(1229,21): error TS17004: Cannot use JSX unless the '--jsx' flag is provided.
../../apps/web-cleaning/src/pages/WorkerDetails.tsx(1230,23): error TS17004: Cannot use JSX unless the '--jsx' flag is provided.
../../apps/web-cleaning/src/pages/WorkerDetails.tsx(1231,23): error TS17004: Cannot use JSX unless the '--jsx' flag is provided.
../../apps/web-cleaning/src/pages/WorkerDetails.tsx(1232,23): error TS17004: Cannot use JSX unless the '--jsx' flag is provided.
../../apps/web-cleaning/src/pages/WorkerDetails.tsx(1238,19): error TS17004: Cannot use JSX unless the '--jsx' flag is provided.
../../apps/web-cleaning/src/pages/WorkerDetails.tsx(1239,21): error TS17004: Cannot use JSX unless the '--jsx' flag is provided.
../../apps/web-cleaning/src/pages/WorkerDetails.tsx(1240,23): error TS17004: Cannot use JSX unless the '--jsx' flag is provided.
../../apps/web-cleaning/src/pages/WorkerDetails.tsx(1241,23): error TS17004: Cannot use JSX unless the '--jsx' flag is provided.
../../apps/web-cleaning/src/pages/WorkerDetails.tsx(1242,23): error TS17004: Cannot use JSX unless the '--jsx' flag is provided.
../../apps/web-cleaning/src/pages/WorkerDetails.tsx(1246,19): error TS17004: Cannot use JSX unless the '--jsx' flag is provided.
../../apps/web-cleaning/src/pages/WorkerDetails.tsx(1247,21): error TS17004: Cannot use JSX unless the '--jsx' flag is provided.
../../apps/web-cleaning/src/pages/WorkerDetails.tsx(1248,23): error TS17004: Cannot use JSX unless the '--jsx' flag is provided.
../../apps/web-cleaning/src/pages/WorkerDetails.tsx(1251,23): error TS17004: Cannot use JSX unless the '--jsx' flag is provided.
../../apps/web-cleaning/src/pages/WorkerDetails.tsx(1252,23): error TS17004: Cannot use JSX unless the '--jsx' flag is provided.
../../apps/web-cleaning/src/pages/WorkerDetails.tsx(1258,19): error TS17004: Cannot use JSX unless the '--jsx' flag is provided.
../../apps/web-cleaning/src/pages/WorkerDetails.tsx(1259,21): error TS17004: Cannot use JSX unless the '--jsx' flag is provided.
../../apps/web-cleaning/src/pages/WorkerDetails.tsx(1260,23): error TS17004: Cannot use JSX unless the '--jsx' flag is provided.
../../apps/web-cleaning/src/pages/WorkerDetails.tsx(1263,23): error TS17004: Cannot use JSX unless the '--jsx' flag is provided.
../../apps/web-cleaning/src/pages/WorkerDetails.tsx(1264,23): error TS17004: Cannot use JSX unless the '--jsx' flag is provided.
../../apps/web-cleaning/src/pages/WorkerDetails.tsx(1275,15): error TS17004: Cannot use JSX unless the '--jsx' flag is provided.
../../apps/web-cleaning/src/pages/WorkerDetails.tsx(1276,17): error TS17004: Cannot use JSX unless the '--jsx' flag is provided.
../../apps/web-cleaning/src/pages/WorkerDetails.tsx(1279,15): error TS17004: Cannot use JSX unless the '--jsx' flag is provided.
../../apps/web-cleaning/src/pages/WorkerDetails.tsx(1280,17): error TS17004: Cannot use JSX unless the '--jsx' flag is provided.
../../apps/web-cleaning/src/pages/WorkerDetails.tsx(1282,19): error TS17004: Cannot use JSX unless the '--jsx' flag is provided.
../../apps/web-cleaning/src/pages/WorkerDetails.tsx(1283,21): error TS17004: Cannot use JSX unless the '--jsx' flag is provided.
../../apps/web-cleaning/src/pages/WorkerDetails.tsx(1297,21): error TS17004: Cannot use JSX unless the '--jsx' flag is provided.
../../apps/web-cleaning/src/pages/WorkerDetails.tsx(1298,23): error TS17004: Cannot use JSX unless the '--jsx' flag is provided.
../../apps/web-cleaning/src/pages/WorkerDetails.tsx(1299,25): error TS17004: Cannot use JSX unless the '--jsx' flag is provided.
../../apps/web-cleaning/src/pages/WorkerDetails.tsx(1300,25): error TS17004: Cannot use JSX unless the '--jsx' flag is provided.
../../apps/web-cleaning/src/pages/WorkerDetails.tsx(1301,25): error TS17004: Cannot use JSX unless the '--jsx' flag is provided.
../../apps/web-cleaning/src/pages/WorkerDetails.tsx(1316,25): error TS17004: Cannot use JSX unless the '--jsx' flag is provided.
../../apps/web-cleaning/src/pages/WorkerDetails.tsx(1317,27): error TS17004: Cannot use JSX unless the '--jsx' flag is provided.
../../apps/web-cleaning/src/pages/WorkerDetails.tsx(1318,29): error TS17004: Cannot use JSX unless the '--jsx' flag is provided.
../../apps/web-cleaning/src/pages/WorkerDetails.tsx(1319,31): error TS17004: Cannot use JSX unless the '--jsx' flag is provided.
../../apps/web-cleaning/src/pages/WorkerDetails.tsx(1320,31): error TS17004: Cannot use JSX unless the '--jsx' flag is provided.
../../apps/web-cleaning/src/pages/WorkerDetails.tsx(1322,29): error TS17004: Cannot use JSX unless the '--jsx' flag is provided.
../../apps/web-cleaning/src/pages/WorkerDetails.tsx(1323,31): error TS17004: Cannot use JSX unless the '--jsx' flag is provided.
../../apps/web-cleaning/src/pages/WorkerDetails.tsx(1324,31): error TS17004: Cannot use JSX unless the '--jsx' flag is provided.
../../apps/web-cleaning/src/pages/WorkerDetails.tsx(1325,33): error TS17004: Cannot use JSX unless the '--jsx' flag is provided.
../../apps/web-cleaning/src/pages/WorkerDetails.tsx(1328,29): error TS17004: Cannot use JSX unless the '--jsx' flag is provided.
../../apps/web-cleaning/src/pages/WorkerDetails.tsx(1334,31): error TS17004: Cannot use JSX unless the '--jsx' flag is provided.
../../apps/web-cleaning/src/pages/WorkerDetails.tsx(1335,33): error TS17004: Cannot use JSX unless the '--jsx' flag is provided.
../../apps/web-cleaning/src/pages/WorkerDetails.tsx(1345,19): error TS17004: Cannot use JSX unless the '--jsx' flag is provided.
../../apps/web-cleaning/src/pages/WorkerDetails.tsx(1346,21): error TS17004: Cannot use JSX unless the '--jsx' flag is provided.
../../apps/web-cleaning/src/pages/WorkerDetails.tsx(1347,23): error TS17004: Cannot use JSX unless the '--jsx' flag is provided.
../../apps/web-cleaning/src/pages/WorkerDetails.tsx(1348,23): error TS17004: Cannot use JSX unless the '--jsx' flag is provided.
../../apps/web-cleaning/src/pages/WorkerDetails.tsx(1362,19): error TS17004: Cannot use JSX unless the '--jsx' flag is provided.
../../apps/web-cleaning/src/pages/WorkerDetails.tsx(1363,21): error TS17004: Cannot use JSX unless the '--jsx' flag is provided.
../../apps/web-cleaning/src/pages/WorkerDetails.tsx(1364,23): error TS17004: Cannot use JSX unless the '--jsx' flag is provided.
../../apps/web-cleaning/src/pages/WorkerDetails.tsx(1365,23): error TS17004: Cannot use JSX unless the '--jsx' flag is provided.
../../apps/web-cleaning/src/pages/WorkerDetails.tsx(1369,21): error TS17004: Cannot use JSX unless the '--jsx' flag is provided.
../../apps/web-cleaning/src/pages/WorkerDetails.tsx(1377,29): error TS17004: Cannot use JSX unless the '--jsx' flag is provided.
../../apps/web-cleaning/src/pages/WorkerDetails.tsx(1381,31): error TS17004: Cannot use JSX unless the '--jsx' flag is provided.
../../apps/web-cleaning/src/pages/WorkerDetails.tsx(1382,33): error TS17004: Cannot use JSX unless the '--jsx' flag is provided.
../../apps/web-cleaning/src/pages/WorkerDetails.tsx(1383,35): error TS17004: Cannot use JSX unless the '--jsx' flag is provided.
../../apps/web-cleaning/src/pages/WorkerDetails.tsx(1384,35): error TS17004: Cannot use JSX unless the '--jsx' flag is provided.
../../apps/web-cleaning/src/pages/WorkerDetails.tsx(1385,37): error TS17004: Cannot use JSX unless the '--jsx' flag is provided.
../../apps/web-cleaning/src/pages/WorkerDetails.tsx(1386,37): error TS17004: Cannot use JSX unless the '--jsx' flag is provided.
../../apps/web-cleaning/src/pages/WorkerDetails.tsx(1395,33): error TS17004: Cannot use JSX unless the '--jsx' flag is provided.
../../apps/web-cleaning/src/pages/WorkerDetails.tsx(1396,35): error TS17004: Cannot use JSX unless the '--jsx' flag is provided.
../../apps/web-cleaning/src/pages/WorkerDetails.tsx(1397,37): error TS17004: Cannot use JSX unless the '--jsx' flag is provided.
../../apps/web-cleaning/src/pages/WorkerDetails.tsx(1398,37): error TS17004: Cannot use JSX unless the '--jsx' flag is provided.
../../apps/web-cleaning/src/pages/WorkerDetails.tsx(1413,9): error TS17004: Cannot use JSX unless the '--jsx' flag is provided.
../../apps/web-cleaning/src/pages/WorkerDetails.tsx(1415,18): error TS17004: Cannot use JSX unless the '--jsx' flag is provided.
../../apps/web-cleaning/src/pages/WorkerReports.tsx(6,25): error TS6142: Module '../contexts/AuthContext' was resolved to '/home/orrox/projects/rightfit-cleaning-staging/apps/web-cleaning/src/contexts/AuthContext.tsx', but '--jsx' is not set.
../../apps/web-cleaning/src/pages/WorkerReports.tsx(117,7): error TS17004: Cannot use JSX unless the '--jsx' flag is provided.
../../apps/web-cleaning/src/pages/WorkerReports.tsx(118,9): error TS17004: Cannot use JSX unless the '--jsx' flag is provided.
../../apps/web-cleaning/src/pages/WorkerReports.tsx(124,5): error TS17004: Cannot use JSX unless the '--jsx' flag is provided.
../../apps/web-cleaning/src/pages/WorkerReports.tsx(126,7): error TS17004: Cannot use JSX unless the '--jsx' flag is provided.
../../apps/web-cleaning/src/pages/WorkerReports.tsx(127,9): error TS17004: Cannot use JSX unless the '--jsx' flag is provided.
../../apps/web-cleaning/src/pages/WorkerReports.tsx(128,11): error TS17004: Cannot use JSX unless the '--jsx' flag is provided.
../../apps/web-cleaning/src/pages/WorkerReports.tsx(129,13): error TS17004: Cannot use JSX unless the '--jsx' flag is provided.
../../apps/web-cleaning/src/pages/WorkerReports.tsx(131,11): error TS17004: Cannot use JSX unless the '--jsx' flag is provided.
../../apps/web-cleaning/src/pages/WorkerReports.tsx(132,13): error TS17004: Cannot use JSX unless the '--jsx' flag is provided.
../../apps/web-cleaning/src/pages/WorkerReports.tsx(133,13): error TS17004: Cannot use JSX unless the '--jsx' flag is provided.
../../apps/web-cleaning/src/pages/WorkerReports.tsx(142,9): error TS17004: Cannot use JSX unless the '--jsx' flag is provided.
../../apps/web-cleaning/src/pages/WorkerReports.tsx(143,11): error TS17004: Cannot use JSX unless the '--jsx' flag is provided.
../../apps/web-cleaning/src/pages/WorkerReports.tsx(149,9): error TS17004: Cannot use JSX unless the '--jsx' flag is provided.
../../apps/web-cleaning/src/pages/WorkerReports.tsx(151,13): error TS17004: Cannot use JSX unless the '--jsx' flag is provided.
../../apps/web-cleaning/src/pages/WorkerReports.tsx(152,15): error TS17004: Cannot use JSX unless the '--jsx' flag is provided.
../../apps/web-cleaning/src/pages/WorkerReports.tsx(153,17): error TS17004: Cannot use JSX unless the '--jsx' flag is provided.
../../apps/web-cleaning/src/pages/WorkerReports.tsx(154,19): error TS17004: Cannot use JSX unless the '--jsx' flag is provided.
../../apps/web-cleaning/src/pages/WorkerReports.tsx(155,19): error TS17004: Cannot use JSX unless the '--jsx' flag is provided.
../../apps/web-cleaning/src/pages/WorkerReports.tsx(159,17): error TS17004: Cannot use JSX unless the '--jsx' flag is provided.
../../apps/web-cleaning/src/pages/WorkerReports.tsx(164,15): error TS17004: Cannot use JSX unless the '--jsx' flag is provided.
../../apps/web-cleaning/src/pages/WorkerReports.tsx(165,17): error TS17004: Cannot use JSX unless the '--jsx' flag is provided.
../../apps/web-cleaning/src/pages/WorkerReports.tsx(166,17): error TS17004: Cannot use JSX unless the '--jsx' flag is provided.
../../apps/web-cleaning/src/pages/WorkerReports.tsx(169,15): error TS17004: Cannot use JSX unless the '--jsx' flag is provided.
../../apps/web-cleaning/src/pages/WorkerReports.tsx(170,17): error TS17004: Cannot use JSX unless the '--jsx' flag is provided.
../../apps/web-cleaning/src/pages/WorkerReports.tsx(171,17): error TS17004: Cannot use JSX unless the '--jsx' flag is provided.
../../apps/web-cleaning/src/pages/WorkerReports.tsx(175,17): error TS17004: Cannot use JSX unless the '--jsx' flag is provided.
../../apps/web-cleaning/src/pages/WorkerReports.tsx(176,19): error TS17004: Cannot use JSX unless the '--jsx' flag is provided.
../../apps/web-cleaning/src/pages/WorkerReports.tsx(177,19): error TS17004: Cannot use JSX unless the '--jsx' flag is provided.
../../apps/web-cleaning/src/pages/WorkerReports.tsx(185,17): error TS17004: Cannot use JSX unless the '--jsx' flag is provided.
../../apps/web-cleaning/src/pages/WorkerReports.tsx(186,19): error TS17004: Cannot use JSX unless the '--jsx' flag is provided.
../../apps/web-cleaning/src/pages/WorkerReports.tsx(187,19): error TS17004: Cannot use JSX unless the '--jsx' flag is provided.
../../apps/web-cleaning/src/pages/WorkerReports.tsx(193,15): error TS17004: Cannot use JSX unless the '--jsx' flag is provided.
../../apps/web-cleaning/src/pages/WorkerReports.tsx(194,17): error TS17004: Cannot use JSX unless the '--jsx' flag is provided.
../../apps/web-cleaning/src/pages/WorkerReports.tsx(200,17): error TS17004: Cannot use JSX unless the '--jsx' flag is provided.
../../apps/web-cleaning/src/pages/WorkerReports.tsx(201,19): error TS17004: Cannot use JSX unless the '--jsx' flag is provided.
../../apps/web-cleaning/src/pages/WorkerReports.tsx(202,19): error TS17004: Cannot use JSX unless the '--jsx' flag is provided.
../../apps/web-cleaning/src/pages/WorkerReports.tsx(204,23): error TS17004: Cannot use JSX unless the '--jsx' flag is provided.
../../apps/web-cleaning/src/pages/WorkerReports.tsx(216,17): error TS17004: Cannot use JSX unless the '--jsx' flag is provided.
../../apps/web-cleaning/src/pages/WorkerReports.tsx(217,19): error TS17004: Cannot use JSX unless the '--jsx' flag is provided.
../../apps/web-cleaning/src/pages/WorkerReports.tsx(219,66): error TS2339: Property 'value' does not exist on type 'EventTarget & HTMLTextAreaElement'.
../../apps/web-cleaning/src/pages/WorkerReports.tsx(224,19): error TS17004: Cannot use JSX unless the '--jsx' flag is provided.
../../apps/web-cleaning/src/pages/WorkerReports.tsx(225,21): error TS17004: Cannot use JSX unless the '--jsx' flag is provided.
../../apps/web-cleaning/src/pages/WorkerReports.tsx(231,21): error TS17004: Cannot use JSX unless the '--jsx' flag is provided.
../../apps/web-cleaning/src/pages/WorkerReports.tsx(244,17): error TS17004: Cannot use JSX unless the '--jsx' flag is provided.
../../apps/web-cleaning/src/pages/WorkerReports.tsx(245,19): error TS17004: Cannot use JSX unless the '--jsx' flag is provided.
../../apps/web-cleaning/src/pages/WorkerReports.tsx(251,19): error TS17004: Cannot use JSX unless the '--jsx' flag is provided.
../../apps/web-cleaning/src/pages/Workers.tsx(101,10): error TS2304: Cannot find name 'confirm'.
../../apps/web-cleaning/src/pages/Workers.tsx(112,25): error TS17004: Cannot use JSX unless the '--jsx' flag is provided.
../../apps/web-cleaning/src/pages/Workers.tsx(112,55): error TS17004: Cannot use JSX unless the '--jsx' flag is provided.
../../apps/web-cleaning/src/pages/Workers.tsx(115,5): error TS17004: Cannot use JSX unless the '--jsx' flag is provided.
../../apps/web-cleaning/src/pages/Workers.tsx(116,7): error TS17004: Cannot use JSX unless the '--jsx' flag is provided.
../../apps/web-cleaning/src/pages/Workers.tsx(117,9): error TS17004: Cannot use JSX unless the '--jsx' flag is provided.
../../apps/web-cleaning/src/pages/Workers.tsx(118,11): error TS17004: Cannot use JSX unless the '--jsx' flag is provided.
../../apps/web-cleaning/src/pages/Workers.tsx(119,11): error TS17004: Cannot use JSX unless the '--jsx' flag is provided.
../../apps/web-cleaning/src/pages/Workers.tsx(121,9): error TS17004: Cannot use JSX unless the '--jsx' flag is provided.
../../apps/web-cleaning/src/pages/Workers.tsx(122,11): error TS17004: Cannot use JSX unless the '--jsx' flag is provided.
../../apps/web-cleaning/src/pages/Workers.tsx(123,13): error TS17004: Cannot use JSX unless the '--jsx' flag is provided.
../../apps/web-cleaning/src/pages/Workers.tsx(128,15): error TS17004: Cannot use JSX unless the '--jsx' flag is provided.
../../apps/web-cleaning/src/pages/Workers.tsx(129,17): error TS17004: Cannot use JSX unless the '--jsx' flag is provided.
../../apps/web-cleaning/src/pages/Workers.tsx(130,17): error TS17004: Cannot use JSX unless the '--jsx' flag is provided.
../../apps/web-cleaning/src/pages/Workers.tsx(131,17): error TS17004: Cannot use JSX unless the '--jsx' flag is provided.
../../apps/web-cleaning/src/pages/Workers.tsx(132,17): error TS17004: Cannot use JSX unless the '--jsx' flag is provided.
../../apps/web-cleaning/src/pages/Workers.tsx(135,13): error TS17004: Cannot use JSX unless the '--jsx' flag is provided.
../../apps/web-cleaning/src/pages/Workers.tsx(140,15): error TS17004: Cannot use JSX unless the '--jsx' flag is provided.
../../apps/web-cleaning/src/pages/Workers.tsx(141,17): error TS17004: Cannot use JSX unless the '--jsx' flag is provided.
../../apps/web-cleaning/src/pages/Workers.tsx(142,17): error TS17004: Cannot use JSX unless the '--jsx' flag is provided.
../../apps/web-cleaning/src/pages/Workers.tsx(143,17): error TS17004: Cannot use JSX unless the '--jsx' flag is provided.
../../apps/web-cleaning/src/pages/Workers.tsx(147,11): error TS17004: Cannot use JSX unless the '--jsx' flag is provided.
../../apps/web-cleaning/src/pages/Workers.tsx(154,9): error TS17004: Cannot use JSX unless the '--jsx' flag is provided.
../../apps/web-cleaning/src/pages/Workers.tsx(155,17): error TS17004: Cannot use JSX unless the '--jsx' flag is provided.
../../apps/web-cleaning/src/pages/Workers.tsx(155,77): error TS17004: Cannot use JSX unless the '--jsx' flag is provided.
../../apps/web-cleaning/src/pages/Workers.tsx(158,19): error TS17004: Cannot use JSX unless the '--jsx' flag is provided.
../../apps/web-cleaning/src/pages/Workers.tsx(161,9): error TS17004: Cannot use JSX unless the '--jsx' flag is provided.
../../apps/web-cleaning/src/pages/Workers.tsx(163,13): error TS17004: Cannot use JSX unless the '--jsx' flag is provided.
../../apps/web-cleaning/src/pages/Workers.tsx(164,15): error TS17004: Cannot use JSX unless the '--jsx' flag is provided.
../../apps/web-cleaning/src/pages/Workers.tsx(165,17): error TS17004: Cannot use JSX unless the '--jsx' flag is provided.
../../apps/web-cleaning/src/pages/Workers.tsx(166,19): error TS17004: Cannot use JSX unless the '--jsx' flag is provided.
../../apps/web-cleaning/src/pages/Workers.tsx(167,19): error TS17004: Cannot use JSX unless the '--jsx' flag is provided.
../../apps/web-cleaning/src/pages/Workers.tsx(168,19): error TS17004: Cannot use JSX unless the '--jsx' flag is provided.
../../apps/web-cleaning/src/pages/Workers.tsx(169,21): error TS17004: Cannot use JSX unless the '--jsx' flag is provided.
../../apps/web-cleaning/src/pages/Workers.tsx(170,21): error TS17004: Cannot use JSX unless the '--jsx' flag is provided.
../../apps/web-cleaning/src/pages/Workers.tsx(171,21): error TS17004: Cannot use JSX unless the '--jsx' flag is provided.
../../apps/web-cleaning/src/pages/Workers.tsx(173,19): error TS17004: Cannot use JSX unless the '--jsx' flag is provided.
../../apps/web-cleaning/src/pages/Workers.tsx(174,21): error TS17004: Cannot use JSX unless the '--jsx' flag is provided.
../../apps/web-cleaning/src/pages/Workers.tsx(175,23): error TS17004: Cannot use JSX unless the '--jsx' flag is provided.
../../apps/web-cleaning/src/pages/Workers.tsx(176,23): error TS17004: Cannot use JSX unless the '--jsx' flag is provided.
../../apps/web-cleaning/src/pages/Workers.tsx(179,23): error TS17004: Cannot use JSX unless the '--jsx' flag is provided.
../../apps/web-cleaning/src/pages/Workers.tsx(180,25): error TS17004: Cannot use JSX unless the '--jsx' flag is provided.
../../apps/web-cleaning/src/pages/Workers.tsx(181,25): error TS17004: Cannot use JSX unless the '--jsx' flag is provided.
../../apps/web-cleaning/src/pages/Workers.tsx(184,21): error TS17004: Cannot use JSX unless the '--jsx' flag is provided.
../../apps/web-cleaning/src/pages/Workers.tsx(185,23): error TS17004: Cannot use JSX unless the '--jsx' flag is provided.
../../apps/web-cleaning/src/pages/Workers.tsx(191,17): error TS17004: Cannot use JSX unless the '--jsx' flag is provided.
../../apps/web-cleaning/src/pages/Workers.tsx(192,19): error TS17004: Cannot use JSX unless the '--jsx' flag is provided.
../../apps/web-cleaning/src/pages/Workers.tsx(195,19): error TS17004: Cannot use JSX unless the '--jsx' flag is provided.
../../apps/web-cleaning/src/pages/Workers.tsx(205,7): error TS17004: Cannot use JSX unless the '--jsx' flag is provided.
../../apps/web-cleaning/src/pages/Workers.tsx(210,11): error TS17004: Cannot use JSX unless the '--jsx' flag is provided.
../../apps/web-cleaning/src/pages/Workers.tsx(211,13): error TS17004: Cannot use JSX unless the '--jsx' flag is provided.
../../apps/web-cleaning/src/pages/Workers.tsx(212,13): error TS17004: Cannot use JSX unless the '--jsx' flag is provided.
../../apps/web-cleaning/src/pages/Workers.tsx(218,9): error TS17004: Cannot use JSX unless the '--jsx' flag is provided.
../../apps/web-cleaning/src/pages/Workers.tsx(219,11): error TS17004: Cannot use JSX unless the '--jsx' flag is provided.
../../apps/web-cleaning/src/pages/Workers.tsx(222,78): error TS2339: Property 'value' does not exist on type 'EventTarget & HTMLInputElement'.
../../apps/web-cleaning/src/pages/Workers.tsx(225,11): error TS17004: Cannot use JSX unless the '--jsx' flag is provided.
../../apps/web-cleaning/src/pages/Workers.tsx(228,77): error TS2339: Property 'value' does not exist on type 'EventTarget & HTMLInputElement'.
../../apps/web-cleaning/src/pages/Workers.tsx(231,11): error TS17004: Cannot use JSX unless the '--jsx' flag is provided.
../../apps/web-cleaning/src/pages/Workers.tsx(235,73): error TS2339: Property 'value' does not exist on type 'EventTarget & HTMLInputElement'.
../../apps/web-cleaning/src/pages/Workers.tsx(238,11): error TS17004: Cannot use JSX unless the '--jsx' flag is provided.
../../apps/web-cleaning/src/pages/Workers.tsx(241,73): error TS2339: Property 'value' does not exist on type 'EventTarget & HTMLInputElement'.
../../apps/web-cleaning/src/pages/Workers.tsx(244,11): error TS17004: Cannot use JSX unless the '--jsx' flag is provided.
../../apps/web-cleaning/src/pages/Workers.tsx(245,13): error TS17004: Cannot use JSX unless the '--jsx' flag is provided.
../../apps/web-cleaning/src/pages/Workers.tsx(246,13): error TS17004: Cannot use JSX unless the '--jsx' flag is provided.
../../apps/web-cleaning/src/pages/Workers.tsx(248,81): error TS2339: Property 'value' does not exist on type 'EventTarget & HTMLSelectElement'.
../../apps/web-cleaning/src/pages/Workers.tsx(251,15): error TS17004: Cannot use JSX unless the '--jsx' flag is provided.
../../apps/web-cleaning/src/pages/Workers.tsx(252,15): error TS17004: Cannot use JSX unless the '--jsx' flag is provided.
../../apps/web-cleaning/src/pages/Workers.tsx(253,15): error TS17004: Cannot use JSX unless the '--jsx' flag is provided.
../../apps/web-cleaning/src/pages/Workers.tsx(256,11): error TS17004: Cannot use JSX unless the '--jsx' flag is provided.
../../apps/web-cleaning/src/pages/Workers.tsx(257,13): error TS17004: Cannot use JSX unless the '--jsx' flag is provided.
../../apps/web-cleaning/src/pages/Workers.tsx(258,13): error TS17004: Cannot use JSX unless the '--jsx' flag is provided.
../../apps/web-cleaning/src/pages/Workers.tsx(260,85): error TS2339: Property 'value' does not exist on type 'EventTarget & HTMLSelectElement'.
../../apps/web-cleaning/src/pages/Workers.tsx(263,15): error TS17004: Cannot use JSX unless the '--jsx' flag is provided.
../../apps/web-cleaning/src/pages/Workers.tsx(264,15): error TS17004: Cannot use JSX unless the '--jsx' flag is provided.
../../apps/web-cleaning/src/pages/Workers.tsx(265,15): error TS17004: Cannot use JSX unless the '--jsx' flag is provided.
../../apps/web-cleaning/src/pages/Workers.tsx(268,11): error TS17004: Cannot use JSX unless the '--jsx' flag is provided.
../../apps/web-cleaning/src/pages/Workers.tsx(273,79): error TS2339: Property 'value' does not exist on type 'EventTarget & HTMLInputElement'.
../../apps/web-cleaning/src/pages/Workers.tsx(276,11): error TS17004: Cannot use JSX unless the '--jsx' flag is provided.
../../apps/web-cleaning/src/pages/Workers.tsx(280,84): error TS2339: Property 'value' does not exist on type 'EventTarget & HTMLInputElement'.
../../apps/web-cleaning/src/pages/Workers.tsx(282,11): error TS17004: Cannot use JSX unless the '--jsx' flag is provided.
../../apps/web-cleaning/src/pages/Workers.tsx(283,13): error TS17004: Cannot use JSX unless the '--jsx' flag is provided.
../../apps/web-cleaning/src/pages/Workers.tsx(287,79): error TS2339: Property 'checked' does not exist on type 'EventTarget & HTMLInputElement'.
../../apps/web-cleaning/src/pages/Workers.tsx(290,13): error TS17004: Cannot use JSX unless the '--jsx' flag is provided.
../../apps/web-cleaning/src/pages/__tests__/CleaningJobs.test.tsx(6,36): error TS6133: 'beforeEach' is declared but its value is never read.
../../apps/web-cleaning/src/pages/__tests__/CleaningJobs.test.tsx(7,22): error TS2307: Cannot find module 'msw' or its corresponding type declarations.
../../apps/web-cleaning/src/pages/__tests__/CleaningJobs.test.tsx(8,29): error TS2307: Cannot find module 'msw/node' or its corresponding type declarations.
../../apps/web-cleaning/src/pages/__tests__/CleaningJobs.test.tsx(9,30): error TS2307: Cannot find module '../CleaningJobs' or its corresponding type declarations.
../../apps/web-cleaning/src/pages/__tests__/CleaningJobs.test.tsx(10,30): error TS6142: Module '../../contexts/AuthContext' was resolved to '/home/orrox/projects/rightfit-cleaning-staging/apps/web-cleaning/src/contexts/AuthContext.tsx', but '--jsx' is not set.
../../apps/web-cleaning/src/pages/__tests__/CleaningJobs.test.tsx(35,35): error TS6133: 'req' is declared but its value is never read.
../../apps/web-cleaning/src/pages/__tests__/CleaningJobs.test.tsx(35,35): error TS7006: Parameter 'req' implicitly has an 'any' type.
../../apps/web-cleaning/src/pages/__tests__/CleaningJobs.test.tsx(35,40): error TS7006: Parameter 'res' implicitly has an 'any' type.
../../apps/web-cleaning/src/pages/__tests__/CleaningJobs.test.tsx(35,45): error TS7006: Parameter 'ctx' implicitly has an 'any' type.
../../apps/web-cleaning/src/pages/__tests__/CleaningJobs.test.tsx(56,3): error TS17004: Cannot use JSX unless the '--jsx' flag is provided.
../../apps/web-cleaning/src/pages/__tests__/CleaningJobs.test.tsx(57,5): error TS17004: Cannot use JSX unless the '--jsx' flag is provided.
../../apps/web-cleaning/src/pages/__tests__/CleaningJobs.test.tsx(64,7): error TS17004: Cannot use JSX unless the '--jsx' flag is provided.
../../apps/web-cleaning/src/pages/__tests__/CleaningJobs.test.tsx(65,9): error TS17004: Cannot use JSX unless the '--jsx' flag is provided.
../../apps/web-cleaning/src/pages/__tests__/CleaningJobs.test.tsx(73,7): error TS17004: Cannot use JSX unless the '--jsx' flag is provided.
../../apps/web-cleaning/src/pages/__tests__/CleaningJobs.test.tsx(74,9): error TS17004: Cannot use JSX unless the '--jsx' flag is provided.
../../apps/web-cleaning/src/pages/__tests__/CleaningJobs.test.tsx(90,7): error TS17004: Cannot use JSX unless the '--jsx' flag is provided.
../../apps/web-cleaning/src/pages/__tests__/CleaningJobs.test.tsx(91,9): error TS17004: Cannot use JSX unless the '--jsx' flag is provided.
../../apps/web-cleaning/src/pages/__tests__/CleaningJobs.test.tsx(106,39): error TS6133: 'req' is declared but its value is never read.
../../apps/web-cleaning/src/pages/__tests__/CleaningJobs.test.tsx(106,39): error TS7006: Parameter 'req' implicitly has an 'any' type.
../../apps/web-cleaning/src/pages/__tests__/CleaningJobs.test.tsx(106,44): error TS7006: Parameter 'res' implicitly has an 'any' type.
../../apps/web-cleaning/src/pages/__tests__/CleaningJobs.test.tsx(106,49): error TS7006: Parameter 'ctx' implicitly has an 'any' type.
../../apps/web-cleaning/src/pages/__tests__/CleaningJobs.test.tsx(112,7): error TS17004: Cannot use JSX unless the '--jsx' flag is provided.
../../apps/web-cleaning/src/pages/__tests__/CleaningJobs.test.tsx(113,9): error TS17004: Cannot use JSX unless the '--jsx' flag is provided.
../../apps/web-cleaning/src/pages/__tests__/CleaningJobs.test.tsx(124,39): error TS7006: Parameter 'req' implicitly has an 'any' type.
../../apps/web-cleaning/src/pages/__tests__/CleaningJobs.test.tsx(124,44): error TS7006: Parameter 'res' implicitly has an 'any' type.
../../apps/web-cleaning/src/pages/__tests__/CleaningJobs.test.tsx(124,49): error TS7006: Parameter 'ctx' implicitly has an 'any' type.
../../apps/web-cleaning/src/pages/__tests__/CleaningJobs.test.tsx(145,7): error TS17004: Cannot use JSX unless the '--jsx' flag is provided.
../../apps/web-cleaning/src/pages/__tests__/CleaningJobs.test.tsx(146,9): error TS17004: Cannot use JSX unless the '--jsx' flag is provided.
../../apps/web-cleaning/src/pages/__tests__/CleaningJobs.test.tsx(168,7): error TS17004: Cannot use JSX unless the '--jsx' flag is provided.
../../apps/web-cleaning/src/pages/__tests__/CleaningJobs.test.tsx(169,9): error TS17004: Cannot use JSX unless the '--jsx' flag is provided.
../../apps/web-cleaning/src/pages/__tests__/CleaningJobs.test.tsx(188,7): error TS17004: Cannot use JSX unless the '--jsx' flag is provided.
../../apps/web-cleaning/src/pages/__tests__/CleaningJobs.test.tsx(189,9): error TS17004: Cannot use JSX unless the '--jsx' flag is provided.
../../apps/web-cleaning/src/pages/__tests__/CleaningJobs.test.tsx(201,39): error TS6133: 'req' is declared but its value is never read.
../../apps/web-cleaning/src/pages/__tests__/CleaningJobs.test.tsx(201,39): error TS7006: Parameter 'req' implicitly has an 'any' type.
../../apps/web-cleaning/src/pages/__tests__/CleaningJobs.test.tsx(201,44): error TS7006: Parameter 'res' implicitly has an 'any' type.
../../apps/web-cleaning/src/pages/__tests__/CleaningJobs.test.tsx(201,49): error TS7006: Parameter 'ctx' implicitly has an 'any' type.
../../apps/web-cleaning/src/pages/__tests__/CleaningJobs.test.tsx(217,7): error TS17004: Cannot use JSX unless the '--jsx' flag is provided.
../../apps/web-cleaning/src/pages/__tests__/CleaningJobs.test.tsx(218,9): error TS17004: Cannot use JSX unless the '--jsx' flag is provided.
../../apps/web-cleaning/src/pages/cleaning/CleaningJobDetails.tsx(18,31): error TS6142: Module '../../components/timesheet/StartJobModal' was resolved to '/home/orrox/projects/rightfit-cleaning-staging/apps/web-cleaning/src/components/timesheet/StartJobModal.tsx', but '--jsx' is not set.
../../apps/web-cleaning/src/pages/cleaning/CleaningJobDetails.tsx(19,34): error TS6142: Module '../../components/timesheet/CompleteJobModal' was resolved to '/home/orrox/projects/rightfit-cleaning-staging/apps/web-cleaning/src/components/timesheet/CompleteJobModal.tsx', but '--jsx' is not set.
../../apps/web-cleaning/src/pages/cleaning/CleaningJobDetails.tsx(20,36): error TS6142: Module '../../components/JobHistoryTimeline' was resolved to '/home/orrox/projects/rightfit-cleaning-staging/apps/web-cleaning/src/components/JobHistoryTimeline.tsx', but '--jsx' is not set.
../../apps/web-cleaning/src/pages/cleaning/CleaningJobDetails.tsx(69,10): error TS6133: 'checklists' is declared but its value is never read.
../../apps/web-cleaning/src/pages/cleaning/CleaningJobDetails.tsx(101,58): error TS2554: Expected 2 arguments, but got 1.
../../apps/web-cleaning/src/pages/cleaning/CleaningJobDetails.tsx(166,38): error TS2339: Property 'data' does not exist on type 'CleaningContract[]'.
../../apps/web-cleaning/src/pages/cleaning/CleaningJobDetails.tsx(261,7): error TS17004: Cannot use JSX unless the '--jsx' flag is provided.
../../apps/web-cleaning/src/pages/cleaning/CleaningJobDetails.tsx(262,9): error TS17004: Cannot use JSX unless the '--jsx' flag is provided.
../../apps/web-cleaning/src/pages/cleaning/CleaningJobDetails.tsx(269,7): error TS17004: Cannot use JSX unless the '--jsx' flag is provided.
../../apps/web-cleaning/src/pages/cleaning/CleaningJobDetails.tsx(270,9): error TS17004: Cannot use JSX unless the '--jsx' flag is provided.
../../apps/web-cleaning/src/pages/cleaning/CleaningJobDetails.tsx(271,11): error TS17004: Cannot use JSX unless the '--jsx' flag is provided.
../../apps/web-cleaning/src/pages/cleaning/CleaningJobDetails.tsx(272,11): error TS17004: Cannot use JSX unless the '--jsx' flag is provided.
../../apps/web-cleaning/src/pages/cleaning/CleaningJobDetails.tsx(281,5): error TS17004: Cannot use JSX unless the '--jsx' flag is provided.
../../apps/web-cleaning/src/pages/cleaning/CleaningJobDetails.tsx(283,7): error TS17004: Cannot use JSX unless the '--jsx' flag is provided.
../../apps/web-cleaning/src/pages/cleaning/CleaningJobDetails.tsx(284,9): error TS17004: Cannot use JSX unless the '--jsx' flag is provided.
../../apps/web-cleaning/src/pages/cleaning/CleaningJobDetails.tsx(285,11): error TS2322: Type '"outline"' is not assignable to type 'ButtonVariant | undefined'.
../../apps/web-cleaning/src/pages/cleaning/CleaningJobDetails.tsx(289,11): error TS17004: Cannot use JSX unless the '--jsx' flag is provided.
../../apps/web-cleaning/src/pages/cleaning/CleaningJobDetails.tsx(291,9): error TS17004: Cannot use JSX unless the '--jsx' flag is provided.
../../apps/web-cleaning/src/pages/cleaning/CleaningJobDetails.tsx(292,11): error TS17004: Cannot use JSX unless the '--jsx' flag is provided.
../../apps/web-cleaning/src/pages/cleaning/CleaningJobDetails.tsx(295,11): error TS17004: Cannot use JSX unless the '--jsx' flag is provided.
../../apps/web-cleaning/src/pages/cleaning/CleaningJobDetails.tsx(299,9): error TS17004: Cannot use JSX unless the '--jsx' flag is provided.
../../apps/web-cleaning/src/pages/cleaning/CleaningJobDetails.tsx(299,16): error TS2322: Type '{ children: string; color: string; }' is not assignable to type 'IntrinsicAttributes & BadgeProps'.
  Property 'color' does not exist on type 'IntrinsicAttributes & BadgeProps'.
../../apps/web-cleaning/src/pages/cleaning/CleaningJobDetails.tsx(304,9): error TS17004: Cannot use JSX unless the '--jsx' flag is provided.
../../apps/web-cleaning/src/pages/cleaning/CleaningJobDetails.tsx(306,13): error TS17004: Cannot use JSX unless the '--jsx' flag is provided.
../../apps/web-cleaning/src/pages/cleaning/CleaningJobDetails.tsx(311,15): error TS17004: Cannot use JSX unless the '--jsx' flag is provided.
../../apps/web-cleaning/src/pages/cleaning/CleaningJobDetails.tsx(316,13): error TS17004: Cannot use JSX unless the '--jsx' flag is provided.
../../apps/web-cleaning/src/pages/cleaning/CleaningJobDetails.tsx(321,15): error TS17004: Cannot use JSX unless the '--jsx' flag is provided.
../../apps/web-cleaning/src/pages/cleaning/CleaningJobDetails.tsx(329,7): error TS17004: Cannot use JSX unless the '--jsx' flag is provided.
../../apps/web-cleaning/src/pages/cleaning/CleaningJobDetails.tsx(331,9): error TS17004: Cannot use JSX unless the '--jsx' flag is provided.
../../apps/web-cleaning/src/pages/cleaning/CleaningJobDetails.tsx(332,11): error TS17004: Cannot use JSX unless the '--jsx' flag is provided.
../../apps/web-cleaning/src/pages/cleaning/CleaningJobDetails.tsx(334,13): error TS17004: Cannot use JSX unless the '--jsx' flag is provided.
../../apps/web-cleaning/src/pages/cleaning/CleaningJobDetails.tsx(335,15): error TS17004: Cannot use JSX unless the '--jsx' flag is provided.
../../apps/web-cleaning/src/pages/cleaning/CleaningJobDetails.tsx(336,17): error TS17004: Cannot use JSX unless the '--jsx' flag is provided.
../../apps/web-cleaning/src/pages/cleaning/CleaningJobDetails.tsx(340,15): error TS17004: Cannot use JSX unless the '--jsx' flag is provided.
../../apps/web-cleaning/src/pages/cleaning/CleaningJobDetails.tsx(342,17): error TS17004: Cannot use JSX unless the '--jsx' flag is provided.
../../apps/web-cleaning/src/pages/cleaning/CleaningJobDetails.tsx(343,19): error TS17004: Cannot use JSX unless the '--jsx' flag is provided.
../../apps/web-cleaning/src/pages/cleaning/CleaningJobDetails.tsx(344,21): error TS17004: Cannot use JSX unless the '--jsx' flag is provided.
../../apps/web-cleaning/src/pages/cleaning/CleaningJobDetails.tsx(345,23): error TS17004: Cannot use JSX unless the '--jsx' flag is provided.
../../apps/web-cleaning/src/pages/cleaning/CleaningJobDetails.tsx(347,21): error TS17004: Cannot use JSX unless the '--jsx' flag is provided.
../../apps/web-cleaning/src/pages/cleaning/CleaningJobDetails.tsx(348,23): error TS17004: Cannot use JSX unless the '--jsx' flag is provided.
../../apps/web-cleaning/src/pages/cleaning/CleaningJobDetails.tsx(349,23): error TS17004: Cannot use JSX unless the '--jsx' flag is provided.
../../apps/web-cleaning/src/pages/cleaning/CleaningJobDetails.tsx(350,35): error TS2769: No overload matches this call.
  Overload 1 of 4, '(value: string | number | Date): Date', gave the following error.
    Argument of type 'string | null | undefined' is not assignable to parameter of type 'string | number | Date'.
      Type 'undefined' is not assignable to type 'string | number | Date'.
  Overload 2 of 4, '(value: string | number): Date', gave the following error.
    Argument of type 'string | null | undefined' is not assignable to parameter of type 'string | number'.
      Type 'undefined' is not assignable to type 'string | number'.
../../apps/web-cleaning/src/pages/cleaning/CleaningJobDetails.tsx(362,17): error TS17004: Cannot use JSX unless the '--jsx' flag is provided.
../../apps/web-cleaning/src/pages/cleaning/CleaningJobDetails.tsx(363,19): error TS17004: Cannot use JSX unless the '--jsx' flag is provided.
../../apps/web-cleaning/src/pages/cleaning/CleaningJobDetails.tsx(364,21): error TS17004: Cannot use JSX unless the '--jsx' flag is provided.
../../apps/web-cleaning/src/pages/cleaning/CleaningJobDetails.tsx(365,23): error TS17004: Cannot use JSX unless the '--jsx' flag is provided.
../../apps/web-cleaning/src/pages/cleaning/CleaningJobDetails.tsx(367,21): error TS17004: Cannot use JSX unless the '--jsx' flag is provided.
../../apps/web-cleaning/src/pages/cleaning/CleaningJobDetails.tsx(368,23): error TS17004: Cannot use JSX unless the '--jsx' flag is provided.
../../apps/web-cleaning/src/pages/cleaning/CleaningJobDetails.tsx(369,23): error TS17004: Cannot use JSX unless the '--jsx' flag is provided.
../../apps/web-cleaning/src/pages/cleaning/CleaningJobDetails.tsx(373,25): error TS17004: Cannot use JSX unless the '--jsx' flag is provided.
../../apps/web-cleaning/src/pages/cleaning/CleaningJobDetails.tsx(383,19): error TS17004: Cannot use JSX unless the '--jsx' flag is provided.
../../apps/web-cleaning/src/pages/cleaning/CleaningJobDetails.tsx(384,21): error TS17004: Cannot use JSX unless the '--jsx' flag is provided.
../../apps/web-cleaning/src/pages/cleaning/CleaningJobDetails.tsx(385,23): error TS17004: Cannot use JSX unless the '--jsx' flag is provided.
../../apps/web-cleaning/src/pages/cleaning/CleaningJobDetails.tsx(386,25): error TS17004: Cannot use JSX unless the '--jsx' flag is provided.
../../apps/web-cleaning/src/pages/cleaning/CleaningJobDetails.tsx(388,23): error TS17004: Cannot use JSX unless the '--jsx' flag is provided.
../../apps/web-cleaning/src/pages/cleaning/CleaningJobDetails.tsx(389,25): error TS17004: Cannot use JSX unless the '--jsx' flag is provided.
../../apps/web-cleaning/src/pages/cleaning/CleaningJobDetails.tsx(390,25): error TS17004: Cannot use JSX unless the '--jsx' flag is provided.
../../apps/web-cleaning/src/pages/cleaning/CleaningJobDetails.tsx(394,27): error TS17004: Cannot use JSX unless the '--jsx' flag is provided.
../../apps/web-cleaning/src/pages/cleaning/CleaningJobDetails.tsx(402,19): error TS17004: Cannot use JSX unless the '--jsx' flag is provided.
../../apps/web-cleaning/src/pages/cleaning/CleaningJobDetails.tsx(403,21): error TS17004: Cannot use JSX unless the '--jsx' flag is provided.
../../apps/web-cleaning/src/pages/cleaning/CleaningJobDetails.tsx(404,23): error TS17004: Cannot use JSX unless the '--jsx' flag is provided.
../../apps/web-cleaning/src/pages/cleaning/CleaningJobDetails.tsx(405,25): error TS17004: Cannot use JSX unless the '--jsx' flag is provided.
../../apps/web-cleaning/src/pages/cleaning/CleaningJobDetails.tsx(407,23): error TS17004: Cannot use JSX unless the '--jsx' flag is provided.
../../apps/web-cleaning/src/pages/cleaning/CleaningJobDetails.tsx(408,25): error TS17004: Cannot use JSX unless the '--jsx' flag is provided.
../../apps/web-cleaning/src/pages/cleaning/CleaningJobDetails.tsx(409,25): error TS17004: Cannot use JSX unless the '--jsx' flag is provided.
../../apps/web-cleaning/src/pages/cleaning/CleaningJobDetails.tsx(420,13): error TS17004: Cannot use JSX unless the '--jsx' flag is provided.
../../apps/web-cleaning/src/pages/cleaning/CleaningJobDetails.tsx(421,15): error TS17004: Cannot use JSX unless the '--jsx' flag is provided.
../../apps/web-cleaning/src/pages/cleaning/CleaningJobDetails.tsx(422,17): error TS17004: Cannot use JSX unless the '--jsx' flag is provided.
../../apps/web-cleaning/src/pages/cleaning/CleaningJobDetails.tsx(426,15): error TS17004: Cannot use JSX unless the '--jsx' flag is provided.
../../apps/web-cleaning/src/pages/cleaning/CleaningJobDetails.tsx(428,17): error TS17004: Cannot use JSX unless the '--jsx' flag is provided.
../../apps/web-cleaning/src/pages/cleaning/CleaningJobDetails.tsx(429,19): error TS17004: Cannot use JSX unless the '--jsx' flag is provided.
../../apps/web-cleaning/src/pages/cleaning/CleaningJobDetails.tsx(430,21): error TS17004: Cannot use JSX unless the '--jsx' flag is provided.
../../apps/web-cleaning/src/pages/cleaning/CleaningJobDetails.tsx(431,23): error TS17004: Cannot use JSX unless the '--jsx' flag is provided.
../../apps/web-cleaning/src/pages/cleaning/CleaningJobDetails.tsx(433,21): error TS17004: Cannot use JSX unless the '--jsx' flag is provided.
../../apps/web-cleaning/src/pages/cleaning/CleaningJobDetails.tsx(434,23): error TS17004: Cannot use JSX unless the '--jsx' flag is provided.
../../apps/web-cleaning/src/pages/cleaning/CleaningJobDetails.tsx(435,23): error TS17004: Cannot use JSX unless the '--jsx' flag is provided.
../../apps/web-cleaning/src/pages/cleaning/CleaningJobDetails.tsx(443,17): error TS17004: Cannot use JSX unless the '--jsx' flag is provided.
../../apps/web-cleaning/src/pages/cleaning/CleaningJobDetails.tsx(444,19): error TS17004: Cannot use JSX unless the '--jsx' flag is provided.
../../apps/web-cleaning/src/pages/cleaning/CleaningJobDetails.tsx(445,21): error TS17004: Cannot use JSX unless the '--jsx' flag is provided.
../../apps/web-cleaning/src/pages/cleaning/CleaningJobDetails.tsx(446,23): error TS17004: Cannot use JSX unless the '--jsx' flag is provided.
../../apps/web-cleaning/src/pages/cleaning/CleaningJobDetails.tsx(448,21): error TS17004: Cannot use JSX unless the '--jsx' flag is provided.
../../apps/web-cleaning/src/pages/cleaning/CleaningJobDetails.tsx(449,23): error TS17004: Cannot use JSX unless the '--jsx' flag is provided.
../../apps/web-cleaning/src/pages/cleaning/CleaningJobDetails.tsx(450,23): error TS17004: Cannot use JSX unless the '--jsx' flag is provided.
../../apps/web-cleaning/src/pages/cleaning/CleaningJobDetails.tsx(459,19): error TS17004: Cannot use JSX unless the '--jsx' flag is provided.
../../apps/web-cleaning/src/pages/cleaning/CleaningJobDetails.tsx(460,21): error TS17004: Cannot use JSX unless the '--jsx' flag is provided.
../../apps/web-cleaning/src/pages/cleaning/CleaningJobDetails.tsx(461,23): error TS17004: Cannot use JSX unless the '--jsx' flag is provided.
../../apps/web-cleaning/src/pages/cleaning/CleaningJobDetails.tsx(462,25): error TS17004: Cannot use JSX unless the '--jsx' flag is provided.
../../apps/web-cleaning/src/pages/cleaning/CleaningJobDetails.tsx(464,23): error TS17004: Cannot use JSX unless the '--jsx' flag is provided.
../../apps/web-cleaning/src/pages/cleaning/CleaningJobDetails.tsx(465,25): error TS17004: Cannot use JSX unless the '--jsx' flag is provided.
../../apps/web-cleaning/src/pages/cleaning/CleaningJobDetails.tsx(466,25): error TS17004: Cannot use JSX unless the '--jsx' flag is provided.
../../apps/web-cleaning/src/pages/cleaning/CleaningJobDetails.tsx(477,28): error TS2339: Property 'access_instructions' does not exist on type '{ id: string; property_name: string; address: string; postcode: string; }'.
../../apps/web-cleaning/src/pages/cleaning/CleaningJobDetails.tsx(478,15): error TS17004: Cannot use JSX unless the '--jsx' flag is provided.
../../apps/web-cleaning/src/pages/cleaning/CleaningJobDetails.tsx(479,17): error TS17004: Cannot use JSX unless the '--jsx' flag is provided.
../../apps/web-cleaning/src/pages/cleaning/CleaningJobDetails.tsx(480,19): error TS17004: Cannot use JSX unless the '--jsx' flag is provided.
../../apps/web-cleaning/src/pages/cleaning/CleaningJobDetails.tsx(483,17): error TS17004: Cannot use JSX unless the '--jsx' flag is provided.
../../apps/web-cleaning/src/pages/cleaning/CleaningJobDetails.tsx(484,19): error TS17004: Cannot use JSX unless the '--jsx' flag is provided.
../../apps/web-cleaning/src/pages/cleaning/CleaningJobDetails.tsx(485,21): error TS17004: Cannot use JSX unless the '--jsx' flag is provided.
../../apps/web-cleaning/src/pages/cleaning/CleaningJobDetails.tsx(486,23): error TS17004: Cannot use JSX unless the '--jsx' flag is provided.
../../apps/web-cleaning/src/pages/cleaning/CleaningJobDetails.tsx(488,21): error TS17004: Cannot use JSX unless the '--jsx' flag is provided.
../../apps/web-cleaning/src/pages/cleaning/CleaningJobDetails.tsx(489,23): error TS17004: Cannot use JSX unless the '--jsx' flag is provided.
../../apps/web-cleaning/src/pages/cleaning/CleaningJobDetails.tsx(490,39): error TS2339: Property 'access_instructions' does not exist on type '{ id: string; property_name: string; address: string; postcode: string; }'.
../../apps/web-cleaning/src/pages/cleaning/CleaningJobDetails.tsx(499,13): error TS17004: Cannot use JSX unless the '--jsx' flag is provided.
../../apps/web-cleaning/src/pages/cleaning/CleaningJobDetails.tsx(500,15): error TS17004: Cannot use JSX unless the '--jsx' flag is provided.
../../apps/web-cleaning/src/pages/cleaning/CleaningJobDetails.tsx(501,17): error TS17004: Cannot use JSX unless the '--jsx' flag is provided.
../../apps/web-cleaning/src/pages/cleaning/CleaningJobDetails.tsx(506,17): error TS17004: Cannot use JSX unless the '--jsx' flag is provided.
../../apps/web-cleaning/src/pages/cleaning/CleaningJobDetails.tsx(507,19): error TS17004: Cannot use JSX unless the '--jsx' flag is provided.
../../apps/web-cleaning/src/pages/cleaning/CleaningJobDetails.tsx(510,17): error TS17004: Cannot use JSX unless the '--jsx' flag is provided.
../../apps/web-cleaning/src/pages/cleaning/CleaningJobDetails.tsx(512,21): error TS17004: Cannot use JSX unless the '--jsx' flag is provided.
../../apps/web-cleaning/src/pages/cleaning/CleaningJobDetails.tsx(513,23): error TS17004: Cannot use JSX unless the '--jsx' flag is provided.
../../apps/web-cleaning/src/pages/cleaning/CleaningJobDetails.tsx(514,25): error TS17004: Cannot use JSX unless the '--jsx' flag is provided.
../../apps/web-cleaning/src/pages/cleaning/CleaningJobDetails.tsx(515,27): error TS17004: Cannot use JSX unless the '--jsx' flag is provided.
../../apps/web-cleaning/src/pages/cleaning/CleaningJobDetails.tsx(516,27): error TS17004: Cannot use JSX unless the '--jsx' flag is provided.
../../apps/web-cleaning/src/pages/cleaning/CleaningJobDetails.tsx(521,25): error TS17004: Cannot use JSX unless the '--jsx' flag is provided.
../../apps/web-cleaning/src/pages/cleaning/CleaningJobDetails.tsx(522,27): error TS17004: Cannot use JSX unless the '--jsx' flag is provided.
../../apps/web-cleaning/src/pages/cleaning/CleaningJobDetails.tsx(523,27): error TS17004: Cannot use JSX unless the '--jsx' flag is provided.
../../apps/web-cleaning/src/pages/cleaning/CleaningJobDetails.tsx(530,25): error TS17004: Cannot use JSX unless the '--jsx' flag is provided.
../../apps/web-cleaning/src/pages/cleaning/CleaningJobDetails.tsx(531,27): error TS17004: Cannot use JSX unless the '--jsx' flag is provided.
../../apps/web-cleaning/src/pages/cleaning/CleaningJobDetails.tsx(532,27): error TS17004: Cannot use JSX unless the '--jsx' flag is provided.
../../apps/web-cleaning/src/pages/cleaning/CleaningJobDetails.tsx(541,27): error TS17004: Cannot use JSX unless the '--jsx' flag is provided.
../../apps/web-cleaning/src/pages/cleaning/CleaningJobDetails.tsx(542,29): error TS17004: Cannot use JSX unless the '--jsx' flag is provided.
../../apps/web-cleaning/src/pages/cleaning/CleaningJobDetails.tsx(543,29): error TS17004: Cannot use JSX unless the '--jsx' flag is provided.
../../apps/web-cleaning/src/pages/cleaning/CleaningJobDetails.tsx(554,25): error TS17004: Cannot use JSX unless the '--jsx' flag is provided.
../../apps/web-cleaning/src/pages/cleaning/CleaningJobDetails.tsx(555,27): error TS17004: Cannot use JSX unless the '--jsx' flag is provided.
../../apps/web-cleaning/src/pages/cleaning/CleaningJobDetails.tsx(556,27): error TS17004: Cannot use JSX unless the '--jsx' flag is provided.
../../apps/web-cleaning/src/pages/cleaning/CleaningJobDetails.tsx(561,25): error TS17004: Cannot use JSX unless the '--jsx' flag is provided.
../../apps/web-cleaning/src/pages/cleaning/CleaningJobDetails.tsx(562,27): error TS17004: Cannot use JSX unless the '--jsx' flag is provided.
../../apps/web-cleaning/src/pages/cleaning/CleaningJobDetails.tsx(563,27): error TS17004: Cannot use JSX unless the '--jsx' flag is provided.
../../apps/web-cleaning/src/pages/cleaning/CleaningJobDetails.tsx(568,23): error TS17004: Cannot use JSX unless the '--jsx' flag is provided.
../../apps/web-cleaning/src/pages/cleaning/CleaningJobDetails.tsx(570,27): error TS17004: Cannot use JSX unless the '--jsx' flag is provided.
../../apps/web-cleaning/src/pages/cleaning/CleaningJobDetails.tsx(571,29): error TS17004: Cannot use JSX unless the '--jsx' flag is provided.
../../apps/web-cleaning/src/pages/cleaning/CleaningJobDetails.tsx(572,29): error TS17004: Cannot use JSX unless the '--jsx' flag is provided.
../../apps/web-cleaning/src/pages/cleaning/CleaningJobDetails.tsx(576,27): error TS17004: Cannot use JSX unless the '--jsx' flag is provided.
../../apps/web-cleaning/src/pages/cleaning/CleaningJobDetails.tsx(577,29): error TS17004: Cannot use JSX unless the '--jsx' flag is provided.
../../apps/web-cleaning/src/pages/cleaning/CleaningJobDetails.tsx(578,29): error TS17004: Cannot use JSX unless the '--jsx' flag is provided.
../../apps/web-cleaning/src/pages/cleaning/CleaningJobDetails.tsx(582,27): error TS17004: Cannot use JSX unless the '--jsx' flag is provided.
../../apps/web-cleaning/src/pages/cleaning/CleaningJobDetails.tsx(583,29): error TS17004: Cannot use JSX unless the '--jsx' flag is provided.
../../apps/web-cleaning/src/pages/cleaning/CleaningJobDetails.tsx(584,29): error TS17004: Cannot use JSX unless the '--jsx' flag is provided.
../../apps/web-cleaning/src/pages/cleaning/CleaningJobDetails.tsx(595,13): error TS17004: Cannot use JSX unless the '--jsx' flag is provided.
../../apps/web-cleaning/src/pages/cleaning/CleaningJobDetails.tsx(596,15): error TS17004: Cannot use JSX unless the '--jsx' flag is provided.
../../apps/web-cleaning/src/pages/cleaning/CleaningJobDetails.tsx(597,17): error TS17004: Cannot use JSX unless the '--jsx' flag is provided.
../../apps/web-cleaning/src/pages/cleaning/CleaningJobDetails.tsx(600,15): error TS17004: Cannot use JSX unless the '--jsx' flag is provided.
../../apps/web-cleaning/src/pages/cleaning/CleaningJobDetails.tsx(606,9): error TS17004: Cannot use JSX unless the '--jsx' flag is provided.
../../apps/web-cleaning/src/pages/cleaning/CleaningJobDetails.tsx(607,11): error TS17004: Cannot use JSX unless the '--jsx' flag is provided.
../../apps/web-cleaning/src/pages/cleaning/CleaningJobDetails.tsx(608,13): error TS17004: Cannot use JSX unless the '--jsx' flag is provided.
../../apps/web-cleaning/src/pages/cleaning/CleaningJobDetails.tsx(609,15): error TS17004: Cannot use JSX unless the '--jsx' flag is provided.
../../apps/web-cleaning/src/pages/cleaning/CleaningJobDetails.tsx(610,17): error TS17004: Cannot use JSX unless the '--jsx' flag is provided.
../../apps/web-cleaning/src/pages/cleaning/CleaningJobDetails.tsx(613,15): error TS17004: Cannot use JSX unless the '--jsx' flag is provided.
../../apps/web-cleaning/src/pages/cleaning/CleaningJobDetails.tsx(614,17): error TS17004: Cannot use JSX unless the '--jsx' flag is provided.
../../apps/web-cleaning/src/pages/cleaning/CleaningJobDetails.tsx(620,15): error TS17004: Cannot use JSX unless the '--jsx' flag is provided.
../../apps/web-cleaning/src/pages/cleaning/CleaningJobDetails.tsx(621,17): error TS17004: Cannot use JSX unless the '--jsx' flag is provided.
../../apps/web-cleaning/src/pages/cleaning/CleaningJobDetails.tsx(623,19): error TS17004: Cannot use JSX unless the '--jsx' flag is provided.
../../apps/web-cleaning/src/pages/cleaning/CleaningJobDetails.tsx(624,21): error TS17004: Cannot use JSX unless the '--jsx' flag is provided.
../../apps/web-cleaning/src/pages/cleaning/CleaningJobDetails.tsx(625,23): error TS17004: Cannot use JSX unless the '--jsx' flag is provided.
../../apps/web-cleaning/src/pages/cleaning/CleaningJobDetails.tsx(627,21): error TS17004: Cannot use JSX unless the '--jsx' flag is provided.
../../apps/web-cleaning/src/pages/cleaning/CleaningJobDetails.tsx(628,23): error TS17004: Cannot use JSX unless the '--jsx' flag is provided.
../../apps/web-cleaning/src/pages/cleaning/CleaningJobDetails.tsx(629,23): error TS17004: Cannot use JSX unless the '--jsx' flag is provided.
../../apps/web-cleaning/src/pages/cleaning/CleaningJobDetails.tsx(636,17): error TS17004: Cannot use JSX unless the '--jsx' flag is provided.
../../apps/web-cleaning/src/pages/cleaning/CleaningJobDetails.tsx(637,19): error TS17004: Cannot use JSX unless the '--jsx' flag is provided.
../../apps/web-cleaning/src/pages/cleaning/CleaningJobDetails.tsx(638,21): error TS17004: Cannot use JSX unless the '--jsx' flag is provided.
../../apps/web-cleaning/src/pages/cleaning/CleaningJobDetails.tsx(639,23): error TS17004: Cannot use JSX unless the '--jsx' flag is provided.
../../apps/web-cleaning/src/pages/cleaning/CleaningJobDetails.tsx(641,21): error TS17004: Cannot use JSX unless the '--jsx' flag is provided.
../../apps/web-cleaning/src/pages/cleaning/CleaningJobDetails.tsx(642,23): error TS17004: Cannot use JSX unless the '--jsx' flag is provided.
../../apps/web-cleaning/src/pages/cleaning/CleaningJobDetails.tsx(643,23): error TS17004: Cannot use JSX unless the '--jsx' flag is provided.
../../apps/web-cleaning/src/pages/cleaning/CleaningJobDetails.tsx(651,15): error TS17004: Cannot use JSX unless the '--jsx' flag is provided.
../../apps/web-cleaning/src/pages/cleaning/CleaningJobDetails.tsx(652,17): error TS17004: Cannot use JSX unless the '--jsx' flag is provided.
../../apps/web-cleaning/src/pages/cleaning/CleaningJobDetails.tsx(653,17): error TS17004: Cannot use JSX unless the '--jsx' flag is provided.
../../apps/web-cleaning/src/pages/cleaning/CleaningJobDetails.tsx(656,17): error TS17004: Cannot use JSX unless the '--jsx' flag is provided.
../../apps/web-cleaning/src/pages/cleaning/CleaningJobDetails.tsx(657,19): error TS17004: Cannot use JSX unless the '--jsx' flag is provided.
../../apps/web-cleaning/src/pages/cleaning/CleaningJobDetails.tsx(666,9): error TS17004: Cannot use JSX unless the '--jsx' flag is provided.
../../apps/web-cleaning/src/pages/cleaning/CleaningJobDetails.tsx(667,11): error TS17004: Cannot use JSX unless the '--jsx' flag is provided.
../../apps/web-cleaning/src/pages/cleaning/CleaningJobDetails.tsx(668,13): error TS17004: Cannot use JSX unless the '--jsx' flag is provided.
../../apps/web-cleaning/src/pages/cleaning/CleaningJobDetails.tsx(669,15): error TS17004: Cannot use JSX unless the '--jsx' flag is provided.
../../apps/web-cleaning/src/pages/cleaning/CleaningJobDetails.tsx(670,17): error TS17004: Cannot use JSX unless the '--jsx' flag is provided.
../../apps/web-cleaning/src/pages/cleaning/CleaningJobDetails.tsx(673,15): error TS17004: Cannot use JSX unless the '--jsx' flag is provided.
../../apps/web-cleaning/src/pages/cleaning/CleaningJobDetails.tsx(674,17): error TS17004: Cannot use JSX unless the '--jsx' flag is provided.
../../apps/web-cleaning/src/pages/cleaning/CleaningJobDetails.tsx(680,15): error TS17004: Cannot use JSX unless the '--jsx' flag is provided.
../../apps/web-cleaning/src/pages/cleaning/CleaningJobDetails.tsx(682,17): error TS17004: Cannot use JSX unless the '--jsx' flag is provided.
../../apps/web-cleaning/src/pages/cleaning/CleaningJobDetails.tsx(683,19): error TS17004: Cannot use JSX unless the '--jsx' flag is provided.
../../apps/web-cleaning/src/pages/cleaning/CleaningJobDetails.tsx(684,21): error TS17004: Cannot use JSX unless the '--jsx' flag is provided.
../../apps/web-cleaning/src/pages/cleaning/CleaningJobDetails.tsx(686,19): error TS17004: Cannot use JSX unless the '--jsx' flag is provided.
../../apps/web-cleaning/src/pages/cleaning/CleaningJobDetails.tsx(687,21): error TS17004: Cannot use JSX unless the '--jsx' flag is provided.
../../apps/web-cleaning/src/pages/cleaning/CleaningJobDetails.tsx(688,21): error TS17004: Cannot use JSX unless the '--jsx' flag is provided.
../../apps/web-cleaning/src/pages/cleaning/CleaningJobDetails.tsx(691,21): error TS17004: Cannot use JSX unless the '--jsx' flag is provided.
../../apps/web-cleaning/src/pages/cleaning/CleaningJobDetails.tsx(694,21): error TS17004: Cannot use JSX unless the '--jsx' flag is provided.
../../apps/web-cleaning/src/pages/cleaning/CleaningJobDetails.tsx(701,15): error TS17004: Cannot use JSX unless the '--jsx' flag is provided.
../../apps/web-cleaning/src/pages/cleaning/CleaningJobDetails.tsx(702,17): error TS17004: Cannot use JSX unless the '--jsx' flag is provided.
../../apps/web-cleaning/src/pages/cleaning/CleaningJobDetails.tsx(703,17): error TS17004: Cannot use JSX unless the '--jsx' flag is provided.
../../apps/web-cleaning/src/pages/cleaning/CleaningJobDetails.tsx(706,17): error TS17004: Cannot use JSX unless the '--jsx' flag is provided.
../../apps/web-cleaning/src/pages/cleaning/CleaningJobDetails.tsx(707,19): error TS17004: Cannot use JSX unless the '--jsx' flag is provided.
../../apps/web-cleaning/src/pages/cleaning/CleaningJobDetails.tsx(716,9): error TS17004: Cannot use JSX unless the '--jsx' flag is provided.
../../apps/web-cleaning/src/pages/cleaning/CleaningJobDetails.tsx(718,13): error TS17004: Cannot use JSX unless the '--jsx' flag is provided.
../../apps/web-cleaning/src/pages/cleaning/CleaningJobDetails.tsx(719,15): error TS17004: Cannot use JSX unless the '--jsx' flag is provided.
../../apps/web-cleaning/src/pages/cleaning/CleaningJobDetails.tsx(720,15): error TS17004: Cannot use JSX unless the '--jsx' flag is provided.
../../apps/web-cleaning/src/pages/cleaning/CleaningJobDetails.tsx(723,13): error TS17004: Cannot use JSX unless the '--jsx' flag is provided.
../../apps/web-cleaning/src/pages/cleaning/CleaningJobDetails.tsx(724,15): error TS17004: Cannot use JSX unless the '--jsx' flag is provided.
../../apps/web-cleaning/src/pages/cleaning/CleaningJobDetails.tsx(725,17): error TS17004: Cannot use JSX unless the '--jsx' flag is provided.
../../apps/web-cleaning/src/pages/cleaning/CleaningJobDetails.tsx(726,19): error TS17004: Cannot use JSX unless the '--jsx' flag is provided.
../../apps/web-cleaning/src/pages/cleaning/CleaningJobDetails.tsx(729,17): error TS17004: Cannot use JSX unless the '--jsx' flag is provided.
../../apps/web-cleaning/src/pages/cleaning/CleaningJobDetails.tsx(730,19): error TS17004: Cannot use JSX unless the '--jsx' flag is provided.
../../apps/web-cleaning/src/pages/cleaning/CleaningJobDetails.tsx(734,15): error TS17004: Cannot use JSX unless the '--jsx' flag is provided.
../../apps/web-cleaning/src/pages/cleaning/CleaningJobDetails.tsx(736,19): error TS17004: Cannot use JSX unless the '--jsx' flag is provided.
../../apps/web-cleaning/src/pages/cleaning/CleaningJobDetails.tsx(741,21): error TS17004: Cannot use JSX unless the '--jsx' flag is provided.
../../apps/web-cleaning/src/pages/cleaning/CleaningJobDetails.tsx(742,23): error TS17004: Cannot use JSX unless the '--jsx' flag is provided.
../../apps/web-cleaning/src/pages/cleaning/CleaningJobDetails.tsx(743,25): error TS17004: Cannot use JSX unless the '--jsx' flag is provided.
../../apps/web-cleaning/src/pages/cleaning/CleaningJobDetails.tsx(744,25): error TS17004: Cannot use JSX unless the '--jsx' flag is provided.
../../apps/web-cleaning/src/pages/cleaning/CleaningJobDetails.tsx(748,23): error TS17004: Cannot use JSX unless the '--jsx' flag is provided.
../../apps/web-cleaning/src/pages/cleaning/CleaningJobDetails.tsx(759,21): error TS17004: Cannot use JSX unless the '--jsx' flag is provided.
../../apps/web-cleaning/src/pages/cleaning/CleaningJobDetails.tsx(760,23): error TS17004: Cannot use JSX unless the '--jsx' flag is provided.
../../apps/web-cleaning/src/pages/cleaning/CleaningJobDetails.tsx(761,25): error TS17004: Cannot use JSX unless the '--jsx' flag is provided.
../../apps/web-cleaning/src/pages/cleaning/CleaningJobDetails.tsx(762,25): error TS17004: Cannot use JSX unless the '--jsx' flag is provided.
../../apps/web-cleaning/src/pages/cleaning/CleaningJobDetails.tsx(768,21): error TS17004: Cannot use JSX unless the '--jsx' flag is provided.
../../apps/web-cleaning/src/pages/cleaning/CleaningJobDetails.tsx(769,23): error TS17004: Cannot use JSX unless the '--jsx' flag is provided.
../../apps/web-cleaning/src/pages/cleaning/CleaningJobDetails.tsx(770,25): error TS17004: Cannot use JSX unless the '--jsx' flag is provided.
../../apps/web-cleaning/src/pages/cleaning/CleaningJobDetails.tsx(771,25): error TS17004: Cannot use JSX unless the '--jsx' flag is provided.
../../apps/web-cleaning/src/pages/cleaning/CleaningJobDetails.tsx(781,13): error TS17004: Cannot use JSX unless the '--jsx' flag is provided.
../../apps/web-cleaning/src/pages/cleaning/CleaningJobDetails.tsx(782,15): error TS17004: Cannot use JSX unless the '--jsx' flag is provided.
../../apps/web-cleaning/src/pages/cleaning/CleaningJobDetails.tsx(783,15): error TS17004: Cannot use JSX unless the '--jsx' flag is provided.
../../apps/web-cleaning/src/pages/cleaning/CleaningJobDetails.tsx(786,15): error TS17004: Cannot use JSX unless the '--jsx' flag is provided.
../../apps/web-cleaning/src/pages/cleaning/CleaningJobDetails.tsx(787,17): error TS17004: Cannot use JSX unless the '--jsx' flag is provided.
../../apps/web-cleaning/src/pages/cleaning/CleaningJobDetails.tsx(795,9): error TS17004: Cannot use JSX unless the '--jsx' flag is provided.
../../apps/web-cleaning/src/pages/cleaning/CleaningJobDetails.tsx(797,13): error TS17004: Cannot use JSX unless the '--jsx' flag is provided.
../../apps/web-cleaning/src/pages/cleaning/CleaningJobDetails.tsx(798,15): error TS17004: Cannot use JSX unless the '--jsx' flag is provided.
../../apps/web-cleaning/src/pages/cleaning/CleaningJobDetails.tsx(799,15): error TS17004: Cannot use JSX unless the '--jsx' flag is provided.
../../apps/web-cleaning/src/pages/cleaning/CleaningJobDetails.tsx(802,13): error TS17004: Cannot use JSX unless the '--jsx' flag is provided.
../../apps/web-cleaning/src/pages/cleaning/CleaningJobDetails.tsx(803,15): error TS17004: Cannot use JSX unless the '--jsx' flag is provided.
../../apps/web-cleaning/src/pages/cleaning/CleaningJobDetails.tsx(804,17): error TS17004: Cannot use JSX unless the '--jsx' flag is provided.
../../apps/web-cleaning/src/pages/cleaning/CleaningJobDetails.tsx(805,19): error TS17004: Cannot use JSX unless the '--jsx' flag is provided.
../../apps/web-cleaning/src/pages/cleaning/CleaningJobDetails.tsx(808,17): error TS17004: Cannot use JSX unless the '--jsx' flag is provided.
../../apps/web-cleaning/src/pages/cleaning/CleaningJobDetails.tsx(808,35): error TS2322: Type '"warning"' is not assignable to type 'ButtonVariant | undefined'.
../../apps/web-cleaning/src/pages/cleaning/CleaningJobDetails.tsx(809,19): error TS17004: Cannot use JSX unless the '--jsx' flag is provided.
../../apps/web-cleaning/src/pages/cleaning/CleaningJobDetails.tsx(816,17): error TS17004: Cannot use JSX unless the '--jsx' flag is provided.
../../apps/web-cleaning/src/pages/cleaning/CleaningJobDetails.tsx(817,19): error TS17004: Cannot use JSX unless the '--jsx' flag is provided.
../../apps/web-cleaning/src/pages/cleaning/CleaningJobDetails.tsx(818,19): error TS17004: Cannot use JSX unless the '--jsx' flag is provided.
../../apps/web-cleaning/src/pages/cleaning/CleaningJobDetails.tsx(819,21): error TS17004: Cannot use JSX unless the '--jsx' flag is provided.
../../apps/web-cleaning/src/pages/cleaning/CleaningJobDetails.tsx(820,23): error TS17004: Cannot use JSX unless the '--jsx' flag is provided.
../../apps/web-cleaning/src/pages/cleaning/CleaningJobDetails.tsx(821,23): error TS17004: Cannot use JSX unless the '--jsx' flag is provided.
../../apps/web-cleaning/src/pages/cleaning/CleaningJobDetails.tsx(825,65): error TS2339: Property 'value' does not exist on type 'EventTarget & HTMLInputElement'.
../../apps/web-cleaning/src/pages/cleaning/CleaningJobDetails.tsx(830,21): error TS17004: Cannot use JSX unless the '--jsx' flag is provided.
../../apps/web-cleaning/src/pages/cleaning/CleaningJobDetails.tsx(831,23): error TS17004: Cannot use JSX unless the '--jsx' flag is provided.
../../apps/web-cleaning/src/pages/cleaning/CleaningJobDetails.tsx(832,23): error TS17004: Cannot use JSX unless the '--jsx' flag is provided.
../../apps/web-cleaning/src/pages/cleaning/CleaningJobDetails.tsx(836,71): error TS2339: Property 'value' does not exist on type 'EventTarget & HTMLTextAreaElement'.
../../apps/web-cleaning/src/pages/cleaning/CleaningJobDetails.tsx(841,21): error TS17004: Cannot use JSX unless the '--jsx' flag is provided.
../../apps/web-cleaning/src/pages/cleaning/CleaningJobDetails.tsx(842,23): error TS17004: Cannot use JSX unless the '--jsx' flag is provided.
../../apps/web-cleaning/src/pages/cleaning/CleaningJobDetails.tsx(843,25): error TS17004: Cannot use JSX unless the '--jsx' flag is provided.
../../apps/web-cleaning/src/pages/cleaning/CleaningJobDetails.tsx(844,25): error TS17004: Cannot use JSX unless the '--jsx' flag is provided.
../../apps/web-cleaning/src/pages/cleaning/CleaningJobDetails.tsx(847,70): error TS2339: Property 'value' does not exist on type 'EventTarget & HTMLSelectElement'.
../../apps/web-cleaning/src/pages/cleaning/CleaningJobDetails.tsx(849,27): error TS17004: Cannot use JSX unless the '--jsx' flag is provided.
../../apps/web-cleaning/src/pages/cleaning/CleaningJobDetails.tsx(850,27): error TS17004: Cannot use JSX unless the '--jsx' flag is provided.
../../apps/web-cleaning/src/pages/cleaning/CleaningJobDetails.tsx(851,27): error TS17004: Cannot use JSX unless the '--jsx' flag is provided.
../../apps/web-cleaning/src/pages/cleaning/CleaningJobDetails.tsx(852,27): error TS17004: Cannot use JSX unless the '--jsx' flag is provided.
../../apps/web-cleaning/src/pages/cleaning/CleaningJobDetails.tsx(853,27): error TS17004: Cannot use JSX unless the '--jsx' flag is provided.
../../apps/web-cleaning/src/pages/cleaning/CleaningJobDetails.tsx(854,27): error TS17004: Cannot use JSX unless the '--jsx' flag is provided.
../../apps/web-cleaning/src/pages/cleaning/CleaningJobDetails.tsx(858,23): error TS17004: Cannot use JSX unless the '--jsx' flag is provided.
../../apps/web-cleaning/src/pages/cleaning/CleaningJobDetails.tsx(859,25): error TS17004: Cannot use JSX unless the '--jsx' flag is provided.
../../apps/web-cleaning/src/pages/cleaning/CleaningJobDetails.tsx(860,25): error TS17004: Cannot use JSX unless the '--jsx' flag is provided.
../../apps/web-cleaning/src/pages/cleaning/CleaningJobDetails.tsx(863,70): error TS2339: Property 'value' does not exist on type 'EventTarget & HTMLSelectElement'.
../../apps/web-cleaning/src/pages/cleaning/CleaningJobDetails.tsx(865,27): error TS17004: Cannot use JSX unless the '--jsx' flag is provided.
../../apps/web-cleaning/src/pages/cleaning/CleaningJobDetails.tsx(866,27): error TS17004: Cannot use JSX unless the '--jsx' flag is provided.
../../apps/web-cleaning/src/pages/cleaning/CleaningJobDetails.tsx(867,27): error TS17004: Cannot use JSX unless the '--jsx' flag is provided.
../../apps/web-cleaning/src/pages/cleaning/CleaningJobDetails.tsx(868,27): error TS17004: Cannot use JSX unless the '--jsx' flag is provided.
../../apps/web-cleaning/src/pages/cleaning/CleaningJobDetails.tsx(873,21): error TS17004: Cannot use JSX unless the '--jsx' flag is provided.
../../apps/web-cleaning/src/pages/cleaning/CleaningJobDetails.tsx(884,15): error TS17004: Cannot use JSX unless the '--jsx' flag is provided.
../../apps/web-cleaning/src/pages/cleaning/CleaningJobDetails.tsx(893,21): error TS17004: Cannot use JSX unless the '--jsx' flag is provided.
../../apps/web-cleaning/src/pages/cleaning/CleaningJobDetails.tsx(897,23): error TS17004: Cannot use JSX unless the '--jsx' flag is provided.
../../apps/web-cleaning/src/pages/cleaning/CleaningJobDetails.tsx(898,25): error TS17004: Cannot use JSX unless the '--jsx' flag is provided.
../../apps/web-cleaning/src/pages/cleaning/CleaningJobDetails.tsx(899,27): error TS17004: Cannot use JSX unless the '--jsx' flag is provided.
../../apps/web-cleaning/src/pages/cleaning/CleaningJobDetails.tsx(900,27): error TS17004: Cannot use JSX unless the '--jsx' flag is provided.
../../apps/web-cleaning/src/pages/cleaning/CleaningJobDetails.tsx(904,25): error TS17004: Cannot use JSX unless the '--jsx' flag is provided.
../../apps/web-cleaning/src/pages/cleaning/CleaningJobDetails.tsx(904,32): error TS2322: Type '"warning" | "success" | "primary" | "danger"' is not assignable to type 'BadgeVariant | undefined'.
  Type '"danger"' is not assignable to type 'BadgeVariant | undefined'.
../../apps/web-cleaning/src/pages/cleaning/CleaningJobDetails.tsx(909,23): error TS17004: Cannot use JSX unless the '--jsx' flag is provided.
../../apps/web-cleaning/src/pages/cleaning/CleaningJobDetails.tsx(910,25): error TS17004: Cannot use JSX unless the '--jsx' flag is provided.
../../apps/web-cleaning/src/pages/cleaning/CleaningJobDetails.tsx(911,27): error TS17004: Cannot use JSX unless the '--jsx' flag is provided.
../../apps/web-cleaning/src/pages/cleaning/CleaningJobDetails.tsx(912,27): error TS17004: Cannot use JSX unless the '--jsx' flag is provided.
../../apps/web-cleaning/src/pages/cleaning/CleaningJobDetails.tsx(914,25): error TS17004: Cannot use JSX unless the '--jsx' flag is provided.
../../apps/web-cleaning/src/pages/cleaning/CleaningJobDetails.tsx(915,27): error TS17004: Cannot use JSX unless the '--jsx' flag is provided.
../../apps/web-cleaning/src/pages/cleaning/CleaningJobDetails.tsx(916,27): error TS17004: Cannot use JSX unless the '--jsx' flag is provided.
../../apps/web-cleaning/src/pages/cleaning/CleaningJobDetails.tsx(919,27): error TS17004: Cannot use JSX unless the '--jsx' flag is provided.
../../apps/web-cleaning/src/pages/cleaning/CleaningJobDetails.tsx(920,29): error TS17004: Cannot use JSX unless the '--jsx' flag is provided.
../../apps/web-cleaning/src/pages/cleaning/CleaningJobDetails.tsx(921,29): error TS17004: Cannot use JSX unless the '--jsx' flag is provided.
../../apps/web-cleaning/src/pages/cleaning/CleaningJobDetails.tsx(932,23): error TS17004: Cannot use JSX unless the '--jsx' flag is provided.
../../apps/web-cleaning/src/pages/cleaning/CleaningJobDetails.tsx(933,25): error TS17004: Cannot use JSX unless the '--jsx' flag is provided.
../../apps/web-cleaning/src/pages/cleaning/CleaningJobDetails.tsx(945,13): error TS17004: Cannot use JSX unless the '--jsx' flag is provided.
../../apps/web-cleaning/src/pages/cleaning/CleaningJobDetails.tsx(946,15): error TS17004: Cannot use JSX unless the '--jsx' flag is provided.
../../apps/web-cleaning/src/pages/cleaning/CleaningJobDetails.tsx(947,15): error TS17004: Cannot use JSX unless the '--jsx' flag is provided.
../../apps/web-cleaning/src/pages/cleaning/CleaningJobDetails.tsx(950,15): error TS17004: Cannot use JSX unless the '--jsx' flag is provided.
../../apps/web-cleaning/src/pages/cleaning/CleaningJobDetails.tsx(950,72): error TS2322: Type '"warning"' is not assignable to type 'ButtonVariant | undefined'.
../../apps/web-cleaning/src/pages/cleaning/CleaningJobDetails.tsx(951,17): error TS17004: Cannot use JSX unless the '--jsx' flag is provided.
../../apps/web-cleaning/src/pages/cleaning/CleaningJobDetails.tsx(959,9): error TS17004: Cannot use JSX unless the '--jsx' flag is provided.
../../apps/web-cleaning/src/pages/cleaning/CleaningJobDetails.tsx(961,13): error TS17004: Cannot use JSX unless the '--jsx' flag is provided.
../../apps/web-cleaning/src/pages/cleaning/CleaningJobDetails.tsx(962,15): error TS17004: Cannot use JSX unless the '--jsx' flag is provided.
../../apps/web-cleaning/src/pages/cleaning/CleaningJobDetails.tsx(963,15): error TS17004: Cannot use JSX unless the '--jsx' flag is provided.
../../apps/web-cleaning/src/pages/cleaning/CleaningJobDetails.tsx(966,13): error TS17004: Cannot use JSX unless the '--jsx' flag is provided.
../../apps/web-cleaning/src/pages/cleaning/CleaningJobDetails.tsx(967,15): error TS17004: Cannot use JSX unless the '--jsx' flag is provided.
../../apps/web-cleaning/src/pages/cleaning/CleaningJobDetails.tsx(968,17): error TS17004: Cannot use JSX unless the '--jsx' flag is provided.
../../apps/web-cleaning/src/pages/cleaning/CleaningJobDetails.tsx(969,19): error TS17004: Cannot use JSX unless the '--jsx' flag is provided.
../../apps/web-cleaning/src/pages/cleaning/CleaningJobDetails.tsx(972,17): error TS17004: Cannot use JSX unless the '--jsx' flag is provided.
../../apps/web-cleaning/src/pages/cleaning/CleaningJobDetails.tsx(973,19): error TS17004: Cannot use JSX unless the '--jsx' flag is provided.
../../apps/web-cleaning/src/pages/cleaning/CleaningJobDetails.tsx(979,17): error TS17004: Cannot use JSX unless the '--jsx' flag is provided.
../../apps/web-cleaning/src/pages/cleaning/CleaningJobDetails.tsx(988,19): error TS17004: Cannot use JSX unless the '--jsx' flag is provided.
../../apps/web-cleaning/src/pages/cleaning/CleaningJobDetails.tsx(995,58): error TS2339: Property 'style' does not exist on type 'EventTarget & HTMLDivElement'.
../../apps/web-cleaning/src/pages/cleaning/CleaningJobDetails.tsx(996,58): error TS2339: Property 'style' does not exist on type 'EventTarget & HTMLDivElement'.
../../apps/web-cleaning/src/pages/cleaning/CleaningJobDetails.tsx(998,21): error TS17004: Cannot use JSX unless the '--jsx' flag is provided.
../../apps/web-cleaning/src/pages/cleaning/CleaningJobDetails.tsx(999,23): error TS17004: Cannot use JSX unless the '--jsx' flag is provided.
../../apps/web-cleaning/src/pages/cleaning/CleaningJobDetails.tsx(1000,25): error TS17004: Cannot use JSX unless the '--jsx' flag is provided.
../../apps/web-cleaning/src/pages/cleaning/CleaningJobDetails.tsx(1001,27): error TS17004: Cannot use JSX unless the '--jsx' flag is provided.
../../apps/web-cleaning/src/pages/cleaning/CleaningJobDetails.tsx(1002,27): error TS17004: Cannot use JSX unless the '--jsx' flag is provided.
../../apps/web-cleaning/src/pages/cleaning/CleaningJobDetails.tsx(1013,25): error TS17004: Cannot use JSX unless the '--jsx' flag is provided.
../../apps/web-cleaning/src/pages/cleaning/CleaningJobDetails.tsx(1014,27): error TS17004: Cannot use JSX unless the '--jsx' flag is provided.
../../apps/web-cleaning/src/pages/cleaning/CleaningJobDetails.tsx(1024,25): error TS17004: Cannot use JSX unless the '--jsx' flag is provided.
../../apps/web-cleaning/src/pages/cleaning/CleaningJobDetails.tsx(1028,23): error TS17004: Cannot use JSX unless the '--jsx' flag is provided.
../../apps/web-cleaning/src/pages/cleaning/CleaningJobDetails.tsx(1030,27): error TS17004: Cannot use JSX unless the '--jsx' flag is provided.
../../apps/web-cleaning/src/pages/cleaning/CleaningJobDetails.tsx(1032,27): error TS17004: Cannot use JSX unless the '--jsx' flag is provided.
../../apps/web-cleaning/src/pages/cleaning/CleaningJobDetails.tsx(1040,21): error TS17004: Cannot use JSX unless the '--jsx' flag is provided.
../../apps/web-cleaning/src/pages/cleaning/CleaningJobDetails.tsx(1046,25): error TS17004: Cannot use JSX unless the '--jsx' flag is provided.
../../apps/web-cleaning/src/pages/cleaning/CleaningJobDetails.tsx(1061,31): error TS17004: Cannot use JSX unless the '--jsx' flag is provided.
../../apps/web-cleaning/src/pages/cleaning/CleaningJobDetails.tsx(1063,33): error TS17004: Cannot use JSX unless the '--jsx' flag is provided.
../../apps/web-cleaning/src/pages/cleaning/CleaningJobDetails.tsx(1075,33): error TS17004: Cannot use JSX unless the '--jsx' flag is provided.
../../apps/web-cleaning/src/pages/cleaning/CleaningJobDetails.tsx(1077,37): error TS17004: Cannot use JSX unless the '--jsx' flag is provided.
../../apps/web-cleaning/src/pages/cleaning/CleaningJobDetails.tsx(1089,39): error TS17004: Cannot use JSX unless the '--jsx' flag is provided.
../../apps/web-cleaning/src/pages/cleaning/CleaningJobDetails.tsx(1100,41): error TS17004: Cannot use JSX unless the '--jsx' flag is provided.
../../apps/web-cleaning/src/pages/cleaning/CleaningJobDetails.tsx(1104,39): error TS17004: Cannot use JSX unless the '--jsx' flag is provided.
../../apps/web-cleaning/src/pages/cleaning/CleaningJobDetails.tsx(1105,41): error TS17004: Cannot use JSX unless the '--jsx' flag is provided.
../../apps/web-cleaning/src/pages/cleaning/CleaningJobDetails.tsx(1117,25): error TS17004: Cannot use JSX unless the '--jsx' flag is provided.
../../apps/web-cleaning/src/pages/cleaning/CleaningJobDetails.tsx(1125,17): error TS17004: Cannot use JSX unless the '--jsx' flag is provided.
../../apps/web-cleaning/src/pages/cleaning/CleaningJobDetails.tsx(1126,19): error TS17004: Cannot use JSX unless the '--jsx' flag is provided.
../../apps/web-cleaning/src/pages/cleaning/CleaningJobDetails.tsx(1127,19): error TS17004: Cannot use JSX unless the '--jsx' flag is provided.
../../apps/web-cleaning/src/pages/cleaning/CleaningJobDetails.tsx(1130,19): error TS17004: Cannot use JSX unless the '--jsx' flag is provided.
../../apps/web-cleaning/src/pages/cleaning/CleaningJobDetails.tsx(1131,21): error TS17004: Cannot use JSX unless the '--jsx' flag is provided.
../../apps/web-cleaning/src/pages/cleaning/CleaningJobDetails.tsx(1141,9): error TS17004: Cannot use JSX unless the '--jsx' flag is provided.
../../apps/web-cleaning/src/pages/cleaning/CleaningJobDetails.tsx(1143,13): error TS17004: Cannot use JSX unless the '--jsx' flag is provided.
../../apps/web-cleaning/src/pages/cleaning/CleaningJobDetails.tsx(1144,15): error TS17004: Cannot use JSX unless the '--jsx' flag is provided.
../../apps/web-cleaning/src/pages/cleaning/CleaningJobDetails.tsx(1145,15): error TS17004: Cannot use JSX unless the '--jsx' flag is provided.
../../apps/web-cleaning/src/pages/cleaning/CleaningJobDetails.tsx(1148,13): error TS17004: Cannot use JSX unless the '--jsx' flag is provided.
../../apps/web-cleaning/src/pages/cleaning/CleaningJobDetails.tsx(1149,15): error TS17004: Cannot use JSX unless the '--jsx' flag is provided.
../../apps/web-cleaning/src/pages/cleaning/CleaningJobDetails.tsx(1150,17): error TS17004: Cannot use JSX unless the '--jsx' flag is provided.
../../apps/web-cleaning/src/pages/cleaning/CleaningJobDetails.tsx(1151,19): error TS17004: Cannot use JSX unless the '--jsx' flag is provided.
../../apps/web-cleaning/src/pages/cleaning/CleaningJobDetails.tsx(1154,17): error TS17004: Cannot use JSX unless the '--jsx' flag is provided.
../../apps/web-cleaning/src/pages/cleaning/CleaningJobDetails.tsx(1155,19): error TS17004: Cannot use JSX unless the '--jsx' flag is provided.
../../apps/web-cleaning/src/pages/cleaning/CleaningJobDetails.tsx(1159,15): error TS17004: Cannot use JSX unless the '--jsx' flag is provided.
../../apps/web-cleaning/src/pages/cleaning/CleaningJobDetails.tsx(1161,19): error TS17004: Cannot use JSX unless the '--jsx' flag is provided.
../../apps/web-cleaning/src/pages/cleaning/CleaningJobDetails.tsx(1166,21): error TS17004: Cannot use JSX unless the '--jsx' flag is provided.
../../apps/web-cleaning/src/pages/cleaning/CleaningJobDetails.tsx(1167,23): error TS17004: Cannot use JSX unless the '--jsx' flag is provided.
../../apps/web-cleaning/src/pages/cleaning/CleaningJobDetails.tsx(1168,25): error TS17004: Cannot use JSX unless the '--jsx' flag is provided.
../../apps/web-cleaning/src/pages/cleaning/CleaningJobDetails.tsx(1169,25): error TS17004: Cannot use JSX unless the '--jsx' flag is provided.
../../apps/web-cleaning/src/pages/cleaning/CleaningJobDetails.tsx(1171,23): error TS17004: Cannot use JSX unless the '--jsx' flag is provided.
../../apps/web-cleaning/src/pages/cleaning/CleaningJobDetails.tsx(1176,21): error TS17004: Cannot use JSX unless the '--jsx' flag is provided.
../../apps/web-cleaning/src/pages/cleaning/CleaningJobDetails.tsx(1178,25): error TS17004: Cannot use JSX unless the '--jsx' flag is provided.
../../apps/web-cleaning/src/pages/cleaning/CleaningJobDetails.tsx(1179,27): error TS17004: Cannot use JSX unless the '--jsx' flag is provided.
../../apps/web-cleaning/src/pages/cleaning/CleaningJobDetails.tsx(1180,27): error TS17004: Cannot use JSX unless the '--jsx' flag is provided.
../../apps/web-cleaning/src/pages/cleaning/CleaningJobDetails.tsx(1184,25): error TS17004: Cannot use JSX unless the '--jsx' flag is provided.
../../apps/web-cleaning/src/pages/cleaning/CleaningJobDetails.tsx(1185,27): error TS17004: Cannot use JSX unless the '--jsx' flag is provided.
../../apps/web-cleaning/src/pages/cleaning/CleaningJobDetails.tsx(1186,27): error TS17004: Cannot use JSX unless the '--jsx' flag is provided.
../../apps/web-cleaning/src/pages/cleaning/CleaningJobDetails.tsx(1195,13): error TS17004: Cannot use JSX unless the '--jsx' flag is provided.
../../apps/web-cleaning/src/pages/cleaning/CleaningJobDetails.tsx(1196,15): error TS17004: Cannot use JSX unless the '--jsx' flag is provided.
../../apps/web-cleaning/src/pages/cleaning/CleaningJobDetails.tsx(1197,15): error TS17004: Cannot use JSX unless the '--jsx' flag is provided.
../../apps/web-cleaning/src/pages/cleaning/CleaningJobDetails.tsx(1200,15): error TS17004: Cannot use JSX unless the '--jsx' flag is provided.
../../apps/web-cleaning/src/pages/cleaning/CleaningJobDetails.tsx(1201,17): error TS17004: Cannot use JSX unless the '--jsx' flag is provided.
../../apps/web-cleaning/src/pages/cleaning/CleaningJobDetails.tsx(1211,9): error TS17004: Cannot use JSX unless the '--jsx' flag is provided.
../../apps/web-cleaning/src/pages/cleaning/CleaningJobDetails.tsx(1226,9): error TS17004: Cannot use JSX unless the '--jsx' flag is provided.
../../apps/web-cleaning/src/pages/cleaning/CleaningJobs.tsx(68,9): error TS6133: 'handleDelete' is declared but its value is never read.
../../apps/web-cleaning/src/pages/cleaning/CleaningJobs.tsx(69,10): error TS2304: Cannot find name 'confirm'.
../../apps/web-cleaning/src/pages/cleaning/CleaningJobs.tsx(105,7): error TS17004: Cannot use JSX unless the '--jsx' flag is provided.
../../apps/web-cleaning/src/pages/cleaning/CleaningJobs.tsx(106,9): error TS17004: Cannot use JSX unless the '--jsx' flag is provided.
../../apps/web-cleaning/src/pages/cleaning/CleaningJobs.tsx(112,5): error TS17004: Cannot use JSX unless the '--jsx' flag is provided.
../../apps/web-cleaning/src/pages/cleaning/CleaningJobs.tsx(114,7): error TS17004: Cannot use JSX unless the '--jsx' flag is provided.
../../apps/web-cleaning/src/pages/cleaning/CleaningJobs.tsx(115,9): error TS17004: Cannot use JSX unless the '--jsx' flag is provided.
../../apps/web-cleaning/src/pages/cleaning/CleaningJobs.tsx(116,9): error TS17004: Cannot use JSX unless the '--jsx' flag is provided.
../../apps/web-cleaning/src/pages/cleaning/CleaningJobs.tsx(122,7): error TS17004: Cannot use JSX unless the '--jsx' flag is provided.
../../apps/web-cleaning/src/pages/cleaning/CleaningJobs.tsx(123,9): error TS17004: Cannot use JSX unless the '--jsx' flag is provided.
../../apps/web-cleaning/src/pages/cleaning/CleaningJobs.tsx(124,11): error TS17004: Cannot use JSX unless the '--jsx' flag is provided.
../../apps/web-cleaning/src/pages/cleaning/CleaningJobs.tsx(125,13): error TS17004: Cannot use JSX unless the '--jsx' flag is provided.
../../apps/web-cleaning/src/pages/cleaning/CleaningJobs.tsx(126,15): error TS17004: Cannot use JSX unless the '--jsx' flag is provided.
../../apps/web-cleaning/src/pages/cleaning/CleaningJobs.tsx(127,15): error TS17004: Cannot use JSX unless the '--jsx' flag is provided.
../../apps/web-cleaning/src/pages/cleaning/CleaningJobs.tsx(129,13): error TS17004: Cannot use JSX unless the '--jsx' flag is provided.
../../apps/web-cleaning/src/pages/cleaning/CleaningJobs.tsx(130,15): error TS17004: Cannot use JSX unless the '--jsx' flag is provided.
../../apps/web-cleaning/src/pages/cleaning/CleaningJobs.tsx(133,11): error TS17004: Cannot use JSX unless the '--jsx' flag is provided.
../../apps/web-cleaning/src/pages/cleaning/CleaningJobs.tsx(136,9): error TS17004: Cannot use JSX unless the '--jsx' flag is provided.
../../apps/web-cleaning/src/pages/cleaning/CleaningJobs.tsx(137,11): error TS17004: Cannot use JSX unless the '--jsx' flag is provided.
../../apps/web-cleaning/src/pages/cleaning/CleaningJobs.tsx(138,13): error TS17004: Cannot use JSX unless the '--jsx' flag is provided.
../../apps/web-cleaning/src/pages/cleaning/CleaningJobs.tsx(139,15): error TS17004: Cannot use JSX unless the '--jsx' flag is provided.
../../apps/web-cleaning/src/pages/cleaning/CleaningJobs.tsx(140,15): error TS17004: Cannot use JSX unless the '--jsx' flag is provided.
../../apps/web-cleaning/src/pages/cleaning/CleaningJobs.tsx(142,13): error TS17004: Cannot use JSX unless the '--jsx' flag is provided.
../../apps/web-cleaning/src/pages/cleaning/CleaningJobs.tsx(143,15): error TS17004: Cannot use JSX unless the '--jsx' flag is provided.
../../apps/web-cleaning/src/pages/cleaning/CleaningJobs.tsx(146,11): error TS17004: Cannot use JSX unless the '--jsx' flag is provided.
../../apps/web-cleaning/src/pages/cleaning/CleaningJobs.tsx(149,9): error TS17004: Cannot use JSX unless the '--jsx' flag is provided.
../../apps/web-cleaning/src/pages/cleaning/CleaningJobs.tsx(150,11): error TS17004: Cannot use JSX unless the '--jsx' flag is provided.
../../apps/web-cleaning/src/pages/cleaning/CleaningJobs.tsx(151,13): error TS17004: Cannot use JSX unless the '--jsx' flag is provided.
../../apps/web-cleaning/src/pages/cleaning/CleaningJobs.tsx(152,15): error TS17004: Cannot use JSX unless the '--jsx' flag is provided.
../../apps/web-cleaning/src/pages/cleaning/CleaningJobs.tsx(153,15): error TS17004: Cannot use JSX unless the '--jsx' flag is provided.
../../apps/web-cleaning/src/pages/cleaning/CleaningJobs.tsx(155,13): error TS17004: Cannot use JSX unless the '--jsx' flag is provided.
../../apps/web-cleaning/src/pages/cleaning/CleaningJobs.tsx(156,15): error TS17004: Cannot use JSX unless the '--jsx' flag is provided.
../../apps/web-cleaning/src/pages/cleaning/CleaningJobs.tsx(159,11): error TS17004: Cannot use JSX unless the '--jsx' flag is provided.
../../apps/web-cleaning/src/pages/cleaning/CleaningJobs.tsx(162,9): error TS17004: Cannot use JSX unless the '--jsx' flag is provided.
../../apps/web-cleaning/src/pages/cleaning/CleaningJobs.tsx(163,11): error TS17004: Cannot use JSX unless the '--jsx' flag is provided.
../../apps/web-cleaning/src/pages/cleaning/CleaningJobs.tsx(164,13): error TS17004: Cannot use JSX unless the '--jsx' flag is provided.
../../apps/web-cleaning/src/pages/cleaning/CleaningJobs.tsx(165,15): error TS17004: Cannot use JSX unless the '--jsx' flag is provided.
../../apps/web-cleaning/src/pages/cleaning/CleaningJobs.tsx(166,15): error TS17004: Cannot use JSX unless the '--jsx' flag is provided.
../../apps/web-cleaning/src/pages/cleaning/CleaningJobs.tsx(168,13): error TS17004: Cannot use JSX unless the '--jsx' flag is provided.
../../apps/web-cleaning/src/pages/cleaning/CleaningJobs.tsx(169,15): error TS17004: Cannot use JSX unless the '--jsx' flag is provided.
../../apps/web-cleaning/src/pages/cleaning/CleaningJobs.tsx(172,11): error TS17004: Cannot use JSX unless the '--jsx' flag is provided.
../../apps/web-cleaning/src/pages/cleaning/CleaningJobs.tsx(177,7): error TS17004: Cannot use JSX unless the '--jsx' flag is provided.
../../apps/web-cleaning/src/pages/cleaning/CleaningJobs.tsx(178,9): error TS17004: Cannot use JSX unless the '--jsx' flag is provided.
../../apps/web-cleaning/src/pages/cleaning/CleaningJobs.tsx(179,11): error TS17004: Cannot use JSX unless the '--jsx' flag is provided.
../../apps/web-cleaning/src/pages/cleaning/CleaningJobs.tsx(180,13): error TS17004: Cannot use JSX unless the '--jsx' flag is provided.
../../apps/web-cleaning/src/pages/cleaning/CleaningJobs.tsx(181,13): error TS17004: Cannot use JSX unless the '--jsx' flag is provided.
../../apps/web-cleaning/src/pages/cleaning/CleaningJobs.tsx(185,56): error TS2339: Property 'value' does not exist on type 'EventTarget & HTMLInputElement'.
../../apps/web-cleaning/src/pages/cleaning/CleaningJobs.tsx(188,11): error TS17004: Cannot use JSX unless the '--jsx' flag is provided.
../../apps/web-cleaning/src/pages/cleaning/CleaningJobs.tsx(189,13): error TS17004: Cannot use JSX unless the '--jsx' flag is provided.
../../apps/web-cleaning/src/pages/cleaning/CleaningJobs.tsx(193,57): error TS2339: Property 'value' does not exist on type 'EventTarget & HTMLSelectElement'.
../../apps/web-cleaning/src/pages/cleaning/CleaningJobs.tsx(197,11): error TS17004: Cannot use JSX unless the '--jsx' flag is provided.
../../apps/web-cleaning/src/pages/cleaning/CleaningJobs.tsx(198,13): error TS17004: Cannot use JSX unless the '--jsx' flag is provided.
../../apps/web-cleaning/src/pages/cleaning/CleaningJobs.tsx(209,11): error TS17004: Cannot use JSX unless the '--jsx' flag is provided.
../../apps/web-cleaning/src/pages/cleaning/CleaningJobs.tsx(210,13): error TS17004: Cannot use JSX unless the '--jsx' flag is provided.
../../apps/web-cleaning/src/pages/cleaning/CleaningJobs.tsx(215,15): error TS17004: Cannot use JSX unless the '--jsx' flag is provided.
../../apps/web-cleaning/src/pages/cleaning/CleaningJobs.tsx(217,13): error TS17004: Cannot use JSX unless the '--jsx' flag is provided.
../../apps/web-cleaning/src/pages/cleaning/CleaningJobs.tsx(222,15): error TS17004: Cannot use JSX unless the '--jsx' flag is provided.
../../apps/web-cleaning/src/pages/cleaning/CleaningJobs.tsx(230,9): error TS17004: Cannot use JSX unless the '--jsx' flag is provided.
../../apps/web-cleaning/src/pages/cleaning/CleaningJobs.tsx(235,9): error TS17004: Cannot use JSX unless the '--jsx' flag is provided.
../../apps/web-cleaning/src/pages/cleaning/CleaningJobs.tsx(237,13): error TS17004: Cannot use JSX unless the '--jsx' flag is provided.
../../apps/web-cleaning/src/pages/cleaning/CleaningJobs.tsx(242,15): error TS17004: Cannot use JSX unless the '--jsx' flag is provided.
../../apps/web-cleaning/src/pages/cleaning/CleaningJobs.tsx(244,17): error TS17004: Cannot use JSX unless the '--jsx' flag is provided.
../../apps/web-cleaning/src/pages/cleaning/CleaningJobs.tsx(245,19): error TS17004: Cannot use JSX unless the '--jsx' flag is provided.
../../apps/web-cleaning/src/pages/cleaning/CleaningJobs.tsx(246,21): error TS17004: Cannot use JSX unless the '--jsx' flag is provided.
../../apps/web-cleaning/src/pages/cleaning/CleaningJobs.tsx(249,21): error TS17004: Cannot use JSX unless the '--jsx' flag is provided.
../../apps/web-cleaning/src/pages/cleaning/CleaningJobs.tsx(254,21): error TS17004: Cannot use JSX unless the '--jsx' flag is provided.
../../apps/web-cleaning/src/pages/cleaning/CleaningJobs.tsx(261,17): error TS17004: Cannot use JSX unless the '--jsx' flag is provided.
../../apps/web-cleaning/src/pages/cleaning/CleaningJobs.tsx(262,19): error TS17004: Cannot use JSX unless the '--jsx' flag is provided.
../../apps/web-cleaning/src/pages/cleaning/CleaningJobs.tsx(263,21): error TS17004: Cannot use JSX unless the '--jsx' flag is provided.
../../apps/web-cleaning/src/pages/cleaning/CleaningJobs.tsx(264,21): error TS17004: Cannot use JSX unless the '--jsx' flag is provided.
../../apps/web-cleaning/src/pages/cleaning/CleaningJobs.tsx(266,19): error TS17004: Cannot use JSX unless the '--jsx' flag is provided.
../../apps/web-cleaning/src/pages/cleaning/CleaningJobs.tsx(267,21): error TS17004: Cannot use JSX unless the '--jsx' flag is provided.
../../apps/web-cleaning/src/pages/cleaning/CleaningJobs.tsx(268,21): error TS17004: Cannot use JSX unless the '--jsx' flag is provided.
../../apps/web-cleaning/src/pages/cleaning/CleaningJobs.tsx(270,19): error TS17004: Cannot use JSX unless the '--jsx' flag is provided.
../../apps/web-cleaning/src/pages/cleaning/CleaningJobs.tsx(271,21): error TS17004: Cannot use JSX unless the '--jsx' flag is provided.
../../apps/web-cleaning/src/pages/cleaning/CleaningJobs.tsx(272,21): error TS17004: Cannot use JSX unless the '--jsx' flag is provided.
../../apps/web-cleaning/src/pages/cleaning/CleaningJobs.tsx(278,19): error TS17004: Cannot use JSX unless the '--jsx' flag is provided.
../../apps/web-cleaning/src/pages/cleaning/CleaningJobs.tsx(279,21): error TS17004: Cannot use JSX unless the '--jsx' flag is provided.
../../apps/web-cleaning/src/pages/cleaning/CleaningJobs.tsx(280,21): error TS17004: Cannot use JSX unless the '--jsx' flag is provided.
../../apps/web-cleaning/src/pages/cleaning/CleaningJobs.tsx(286,19): error TS17004: Cannot use JSX unless the '--jsx' flag is provided.
../../apps/web-cleaning/src/pages/cleaning/CleaningJobs.tsx(287,21): error TS17004: Cannot use JSX unless the '--jsx' flag is provided.
../../apps/web-cleaning/src/pages/cleaning/CleaningJobs.tsx(288,23): error TS17004: Cannot use JSX unless the '--jsx' flag is provided.
../../apps/web-cleaning/src/pages/cleaning/CleaningJobs.tsx(295,21): error TS17004: Cannot use JSX unless the '--jsx' flag is provided.
../../apps/web-cleaning/src/pages/cleaning/CleaningJobs.tsx(302,17): error TS17004: Cannot use JSX unless the '--jsx' flag is provided.
../../apps/web-cleaning/src/pages/cleaning/CleaningJobs.tsx(303,19): error TS17004: Cannot use JSX unless the '--jsx' flag is provided.
../../apps/web-cleaning/src/pages/cleaning/CleaningJobs.tsx(304,21): error TS17004: Cannot use JSX unless the '--jsx' flag is provided.
../../apps/web-cleaning/src/pages/cleaning/CleaningJobs.tsx(308,23): error TS17004: Cannot use JSX unless the '--jsx' flag is provided.
../../apps/web-cleaning/src/pages/cleaning/CleaningJobs.tsx(313,19): error TS17004: Cannot use JSX unless the '--jsx' flag is provided.
../../apps/web-cleaning/src/pages/cleaning/CleaningJobs.tsx(315,23): error TS17004: Cannot use JSX unless the '--jsx' flag is provided.
../../apps/web-cleaning/src/pages/cleaning/CleaningJobs.tsx(325,21): error TS17004: Cannot use JSX unless the '--jsx' flag is provided.
../../apps/web-cleaning/src/pages/cleaning/CleaningJobs.tsx(342,9): error TS17004: Cannot use JSX unless the '--jsx' flag is provided.
../../apps/web-cleaning/src/pages/cleaning/CleaningJobs.tsx(344,13): error TS17004: Cannot use JSX unless the '--jsx' flag is provided.
../../apps/web-cleaning/src/pages/cleaning/CleaningJobs.tsx(349,15): error TS17004: Cannot use JSX unless the '--jsx' flag is provided.
../../apps/web-cleaning/src/pages/cleaning/CleaningJobs.tsx(350,17): error TS17004: Cannot use JSX unless the '--jsx' flag is provided.
../../apps/web-cleaning/src/pages/cleaning/CleaningJobs.tsx(351,19): error TS17004: Cannot use JSX unless the '--jsx' flag is provided.
../../apps/web-cleaning/src/pages/cleaning/CleaningJobs.tsx(352,21): error TS17004: Cannot use JSX unless the '--jsx' flag is provided.
../../apps/web-cleaning/src/pages/cleaning/CleaningJobs.tsx(355,21): error TS17004: Cannot use JSX unless the '--jsx' flag is provided.
../../apps/web-cleaning/src/pages/cleaning/CleaningJobs.tsx(359,23): error TS17004: Cannot use JSX unless the '--jsx' flag is provided.
../../apps/web-cleaning/src/pages/cleaning/CleaningJobs.tsx(365,19): error TS17004: Cannot use JSX unless the '--jsx' flag is provided.
../../apps/web-cleaning/src/pages/cleaning/CleaningJobs.tsx(366,21): error TS17004: Cannot use JSX unless the '--jsx' flag is provided.
../../apps/web-cleaning/src/pages/cleaning/CleaningJobs.tsx(367,23): error TS17004: Cannot use JSX unless the '--jsx' flag is provided.
../../apps/web-cleaning/src/pages/cleaning/CleaningJobs.tsx(368,23): error TS17004: Cannot use JSX unless the '--jsx' flag is provided.
../../apps/web-cleaning/src/pages/cleaning/CleaningJobs.tsx(370,21): error TS17004: Cannot use JSX unless the '--jsx' flag is provided.
../../apps/web-cleaning/src/pages/cleaning/CleaningJobs.tsx(371,23): error TS17004: Cannot use JSX unless the '--jsx' flag is provided.
../../apps/web-cleaning/src/pages/cleaning/CleaningJobs.tsx(372,23): error TS17004: Cannot use JSX unless the '--jsx' flag is provided.
../../apps/web-cleaning/src/pages/cleaning/CleaningJobs.tsx(374,21): error TS17004: Cannot use JSX unless the '--jsx' flag is provided.
../../apps/web-cleaning/src/pages/cleaning/CleaningJobs.tsx(375,23): error TS17004: Cannot use JSX unless the '--jsx' flag is provided.
../../apps/web-cleaning/src/pages/cleaning/CleaningJobs.tsx(376,23): error TS17004: Cannot use JSX unless the '--jsx' flag is provided.
../../apps/web-cleaning/src/pages/cleaning/CleaningJobs.tsx(382,21): error TS17004: Cannot use JSX unless the '--jsx' flag is provided.
../../apps/web-cleaning/src/pages/cleaning/CleaningJobs.tsx(383,23): error TS17004: Cannot use JSX unless the '--jsx' flag is provided.
../../apps/web-cleaning/src/pages/cleaning/CleaningJobs.tsx(384,23): error TS17004: Cannot use JSX unless the '--jsx' flag is provided.
../../apps/web-cleaning/src/pages/cleaning/CleaningJobs.tsx(389,21): error TS17004: Cannot use JSX unless the '--jsx' flag is provided.
../../apps/web-cleaning/src/pages/cleaning/CleaningJobs.tsx(390,23): error TS17004: Cannot use JSX unless the '--jsx' flag is provided.
../../apps/web-cleaning/src/pages/cleaning/CleaningJobs.tsx(391,25): error TS17004: Cannot use JSX unless the '--jsx' flag is provided.
../../apps/web-cleaning/src/pages/cleaning/CleaningJobs.tsx(398,23): error TS17004: Cannot use JSX unless the '--jsx' flag is provided.
../../apps/web-cleaning/src/pages/cleaning/CleaningJobs.tsx(405,17): error TS17004: Cannot use JSX unless the '--jsx' flag is provided.
../../apps/web-cleaning/src/pages/cleaning/CleaningJobs.tsx(406,19): error TS17004: Cannot use JSX unless the '--jsx' flag is provided.
../../apps/web-cleaning/src/pages/cleaning/CleaningJobs.tsx(410,21): error TS17004: Cannot use JSX unless the '--jsx' flag is provided.
../../apps/web-cleaning/src/pages/cleaning/CleaningJobs.tsx(414,19): error TS17004: Cannot use JSX unless the '--jsx' flag is provided.
../../apps/web-cleaning/src/pages/cleaning/CleaningJobs.tsx(416,23): error TS17004: Cannot use JSX unless the '--jsx' flag is provided.
../../apps/web-cleaning/src/pages/cleaning/CleaningJobs.tsx(426,21): error TS17004: Cannot use JSX unless the '--jsx' flag is provided.
../../apps/web-cleaning/src/pages/cleaning/CreateCleaningJob.tsx(5,25): error TS6142: Module '../../contexts/AuthContext' was resolved to '/home/orrox/projects/rightfit-cleaning-staging/apps/web-cleaning/src/contexts/AuthContext.tsx', but '--jsx' is not set.
../../apps/web-cleaning/src/pages/cleaning/CreateCleaningJob.tsx(165,50): error TS2345: Argument of type 'string | null | undefined' is not assignable to parameter of type 'string'.
  Type 'undefined' is not assignable to type 'string'.
../../apps/web-cleaning/src/pages/cleaning/CreateCleaningJob.tsx(173,9): error TS2322: Type '"SCHEDULED" | "IN_PROGRESS" | "COMPLETED" | "PENDING" | "CANCELLED"' is not assignable to type '"SCHEDULED" | "PENDING" | undefined'.
  Type '"IN_PROGRESS"' is not assignable to type '"SCHEDULED" | "PENDING" | undefined'.
../../apps/web-cleaning/src/pages/cleaning/CreateCleaningJob.tsx(414,7): error TS17004: Cannot use JSX unless the '--jsx' flag is provided.
../../apps/web-cleaning/src/pages/cleaning/CreateCleaningJob.tsx(415,9): error TS17004: Cannot use JSX unless the '--jsx' flag is provided.
../../apps/web-cleaning/src/pages/cleaning/CreateCleaningJob.tsx(421,5): error TS17004: Cannot use JSX unless the '--jsx' flag is provided.
../../apps/web-cleaning/src/pages/cleaning/CreateCleaningJob.tsx(422,7): error TS17004: Cannot use JSX unless the '--jsx' flag is provided.
../../apps/web-cleaning/src/pages/cleaning/CreateCleaningJob.tsx(423,9): error TS17004: Cannot use JSX unless the '--jsx' flag is provided.
../../apps/web-cleaning/src/pages/cleaning/CreateCleaningJob.tsx(426,9): error TS17004: Cannot use JSX unless the '--jsx' flag is provided.
../../apps/web-cleaning/src/pages/cleaning/CreateCleaningJob.tsx(433,9): error TS17004: Cannot use JSX unless the '--jsx' flag is provided.
../../apps/web-cleaning/src/pages/cleaning/CreateCleaningJob.tsx(434,11): error TS17004: Cannot use JSX unless the '--jsx' flag is provided.
../../apps/web-cleaning/src/pages/cleaning/CreateCleaningJob.tsx(444,11): error TS17004: Cannot use JSX unless the '--jsx' flag is provided.
../../apps/web-cleaning/src/pages/cleaning/CreateCleaningJob.tsx(457,7): error TS17004: Cannot use JSX unless the '--jsx' flag is provided.
../../apps/web-cleaning/src/pages/cleaning/CreateCleaningJob.tsx(458,9): error TS17004: Cannot use JSX unless the '--jsx' flag is provided.
../../apps/web-cleaning/src/pages/cleaning/CreateCleaningJob.tsx(461,13): error TS17004: Cannot use JSX unless the '--jsx' flag is provided.
../../apps/web-cleaning/src/pages/cleaning/CreateCleaningJob.tsx(463,15): error TS17004: Cannot use JSX unless the '--jsx' flag is provided.
../../apps/web-cleaning/src/pages/cleaning/CreateCleaningJob.tsx(465,17): error TS2322: Type '{ label: string; placeholder: string; options: SelectOption[]; value: string; onChange: (e: ChangeEvent<HTMLSelectElement>) => void; required: true; fullWidth: true; helperText: string; error: string | undefined; }' is not assignable to type 'IntrinsicAttributes & SelectProps & RefAttributes<HTMLSelectElement>'.
  Property 'placeholder' does not exist on type 'IntrinsicAttributes & SelectProps & RefAttributes<HTMLSelectElement>'.
../../apps/web-cleaning/src/pages/cleaning/CreateCleaningJob.tsx(468,64): error TS2339: Property 'value' does not exist on type 'EventTarget & HTMLSelectElement'.
../../apps/web-cleaning/src/pages/cleaning/CreateCleaningJob.tsx(477,17): error TS17004: Cannot use JSX unless the '--jsx' flag is provided.
../../apps/web-cleaning/src/pages/cleaning/CreateCleaningJob.tsx(479,19): error TS2322: Type '{ label: string; placeholder: string; options: SelectOption[]; value: string; onChange: (e: ChangeEvent<HTMLSelectElement>) => void; required: true; fullWidth: true; helperText: string | undefined; }' is not assignable to type 'IntrinsicAttributes & SelectProps & RefAttributes<HTMLSelectElement>'.
  Property 'placeholder' does not exist on type 'IntrinsicAttributes & SelectProps & RefAttributes<HTMLSelectElement>'.
../../apps/web-cleaning/src/pages/cleaning/CreateCleaningJob.tsx(482,74): error TS2339: Property 'value' does not exist on type 'EventTarget & HTMLSelectElement'.
../../apps/web-cleaning/src/pages/cleaning/CreateCleaningJob.tsx(491,17): error TS17004: Cannot use JSX unless the '--jsx' flag is provided.
../../apps/web-cleaning/src/pages/cleaning/CreateCleaningJob.tsx(492,19): error TS17004: Cannot use JSX unless the '--jsx' flag is provided.
../../apps/web-cleaning/src/pages/cleaning/CreateCleaningJob.tsx(495,19): error TS17004: Cannot use JSX unless the '--jsx' flag is provided.
../../apps/web-cleaning/src/pages/cleaning/CreateCleaningJob.tsx(505,25): error TS17004: Cannot use JSX unless the '--jsx' flag is provided.
../../apps/web-cleaning/src/pages/cleaning/CreateCleaningJob.tsx(514,27): error TS17004: Cannot use JSX unless the '--jsx' flag is provided.
../../apps/web-cleaning/src/pages/cleaning/CreateCleaningJob.tsx(515,29): error TS17004: Cannot use JSX unless the '--jsx' flag is provided.
../../apps/web-cleaning/src/pages/cleaning/CreateCleaningJob.tsx(516,31): error TS17004: Cannot use JSX unless the '--jsx' flag is provided.
../../apps/web-cleaning/src/pages/cleaning/CreateCleaningJob.tsx(518,35): error TS17004: Cannot use JSX unless the '--jsx' flag is provided.
../../apps/web-cleaning/src/pages/cleaning/CreateCleaningJob.tsx(518,42): error TS2322: Type '{ children: string; color: string; }' is not assignable to type 'IntrinsicAttributes & BadgeProps'.
  Property 'color' does not exist on type 'IntrinsicAttributes & BadgeProps'.
../../apps/web-cleaning/src/pages/cleaning/CreateCleaningJob.tsx(521,35): error TS17004: Cannot use JSX unless the '--jsx' flag is provided.
../../apps/web-cleaning/src/pages/cleaning/CreateCleaningJob.tsx(521,42): error TS2322: Type '{ children: string; color: string; }' is not assignable to type 'IntrinsicAttributes & BadgeProps'.
  Property 'color' does not exist on type 'IntrinsicAttributes & BadgeProps'.
../../apps/web-cleaning/src/pages/cleaning/CreateCleaningJob.tsx(524,31): error TS17004: Cannot use JSX unless the '--jsx' flag is provided.
../../apps/web-cleaning/src/pages/cleaning/CreateCleaningJob.tsx(525,33): error TS17004: Cannot use JSX unless the '--jsx' flag is provided.
../../apps/web-cleaning/src/pages/cleaning/CreateCleaningJob.tsx(526,35): error TS17004: Cannot use JSX unless the '--jsx' flag is provided.
../../apps/web-cleaning/src/pages/cleaning/CreateCleaningJob.tsx(534,33): error TS17004: Cannot use JSX unless the '--jsx' flag is provided.
../../apps/web-cleaning/src/pages/cleaning/CreateCleaningJob.tsx(535,35): error TS17004: Cannot use JSX unless the '--jsx' flag is provided.
../../apps/web-cleaning/src/pages/cleaning/CreateCleaningJob.tsx(543,33): error TS17004: Cannot use JSX unless the '--jsx' flag is provided.
../../apps/web-cleaning/src/pages/cleaning/CreateCleaningJob.tsx(547,35): error TS17004: Cannot use JSX unless the '--jsx' flag is provided.
../../apps/web-cleaning/src/pages/cleaning/CreateCleaningJob.tsx(558,19): error TS17004: Cannot use JSX unless the '--jsx' flag is provided.
../../apps/web-cleaning/src/pages/cleaning/CreateCleaningJob.tsx(568,13): error TS17004: Cannot use JSX unless the '--jsx' flag is provided.
../../apps/web-cleaning/src/pages/cleaning/CreateCleaningJob.tsx(570,15): error TS2322: Type '{ label: string; placeholder: string; options: SelectOption[]; value: string; onChange: (e: ChangeEvent<HTMLSelectElement>) => void; required: true; fullWidth: true; helperText: string | undefined; error: string | undefined; }' is not assignable to type 'IntrinsicAttributes & SelectProps & RefAttributes<HTMLSelectElement>'.
  Property 'placeholder' does not exist on type 'IntrinsicAttributes & SelectProps & RefAttributes<HTMLSelectElement>'.
../../apps/web-cleaning/src/pages/cleaning/CreateCleaningJob.tsx(573,62): error TS2339: Property 'value' does not exist on type 'EventTarget & HTMLSelectElement'.
../../apps/web-cleaning/src/pages/cleaning/CreateCleaningJob.tsx(583,13): error TS17004: Cannot use JSX unless the '--jsx' flag is provided.
../../apps/web-cleaning/src/pages/cleaning/CreateCleaningJob.tsx(585,15): error TS17004: Cannot use JSX unless the '--jsx' flag is provided.
../../apps/web-cleaning/src/pages/cleaning/CreateCleaningJob.tsx(587,17): error TS2322: Type '{ label: string; placeholder: string; options: SelectOption[]; value: string; onChange: (e: ChangeEvent<HTMLSelectElement>) => void; required: true; fullWidth: true; helperText: string | undefined; error: string | undefined; }' is not assignable to type 'IntrinsicAttributes & SelectProps & RefAttributes<HTMLSelectElement>'.
  Property 'placeholder' does not exist on type 'IntrinsicAttributes & SelectProps & RefAttributes<HTMLSelectElement>'.
../../apps/web-cleaning/src/pages/cleaning/CreateCleaningJob.tsx(590,63): error TS2339: Property 'value' does not exist on type 'EventTarget & HTMLSelectElement'.
../../apps/web-cleaning/src/pages/cleaning/CreateCleaningJob.tsx(598,15): error TS17004: Cannot use JSX unless the '--jsx' flag is provided.
../../apps/web-cleaning/src/pages/cleaning/CreateCleaningJob.tsx(599,17): error TS17004: Cannot use JSX unless the '--jsx' flag is provided.
../../apps/web-cleaning/src/pages/cleaning/CreateCleaningJob.tsx(603,60): error TS2339: Property 'checked' does not exist on type 'EventTarget & HTMLInputElement'.
../../apps/web-cleaning/src/pages/cleaning/CreateCleaningJob.tsx(606,17): error TS17004: Cannot use JSX unless the '--jsx' flag is provided.
../../apps/web-cleaning/src/pages/cleaning/CreateCleaningJob.tsx(612,15): error TS17004: Cannot use JSX unless the '--jsx' flag is provided.
../../apps/web-cleaning/src/pages/cleaning/CreateCleaningJob.tsx(614,17): error TS2322: Type '{ label: string; placeholder: string; options: SelectOption[]; value: string; onChange: (e: ChangeEvent<HTMLSelectElement>) => void; fullWidth: true; helperText: string; }' is not assignable to type 'IntrinsicAttributes & SelectProps & RefAttributes<HTMLSelectElement>'.
  Property 'placeholder' does not exist on type 'IntrinsicAttributes & SelectProps & RefAttributes<HTMLSelectElement>'.
../../apps/web-cleaning/src/pages/cleaning/CreateCleaningJob.tsx(617,78): error TS2339: Property 'value' does not exist on type 'EventTarget & HTMLSelectElement'.
../../apps/web-cleaning/src/pages/cleaning/CreateCleaningJob.tsx(623,17): error TS17004: Cannot use JSX unless the '--jsx' flag is provided.
../../apps/web-cleaning/src/pages/cleaning/CreateCleaningJob.tsx(625,19): error TS17004: Cannot use JSX unless the '--jsx' flag is provided.
../../apps/web-cleaning/src/pages/cleaning/CreateCleaningJob.tsx(626,21): error TS17004: Cannot use JSX unless the '--jsx' flag is provided.
../../apps/web-cleaning/src/pages/cleaning/CreateCleaningJob.tsx(627,23): error TS17004: Cannot use JSX unless the '--jsx' flag is provided.
../../apps/web-cleaning/src/pages/cleaning/CreateCleaningJob.tsx(628,23): error TS17004: Cannot use JSX unless the '--jsx' flag is provided.
../../apps/web-cleaning/src/pages/cleaning/CreateCleaningJob.tsx(632,82): error TS2339: Property 'value' does not exist on type 'EventTarget & HTMLInputElement'.
../../apps/web-cleaning/src/pages/cleaning/CreateCleaningJob.tsx(636,21): error TS17004: Cannot use JSX unless the '--jsx' flag is provided.
../../apps/web-cleaning/src/pages/cleaning/CreateCleaningJob.tsx(637,23): error TS17004: Cannot use JSX unless the '--jsx' flag is provided.
../../apps/web-cleaning/src/pages/cleaning/CreateCleaningJob.tsx(638,23): error TS17004: Cannot use JSX unless the '--jsx' flag is provided.
../../apps/web-cleaning/src/pages/cleaning/CreateCleaningJob.tsx(642,88): error TS2339: Property 'value' does not exist on type 'EventTarget & HTMLInputElement'.
../../apps/web-cleaning/src/pages/cleaning/CreateCleaningJob.tsx(646,21): error TS17004: Cannot use JSX unless the '--jsx' flag is provided.
../../apps/web-cleaning/src/pages/cleaning/CreateCleaningJob.tsx(647,23): error TS17004: Cannot use JSX unless the '--jsx' flag is provided.
../../apps/web-cleaning/src/pages/cleaning/CreateCleaningJob.tsx(648,23): error TS17004: Cannot use JSX unless the '--jsx' flag is provided.
../../apps/web-cleaning/src/pages/cleaning/CreateCleaningJob.tsx(652,86): error TS2339: Property 'value' does not exist on type 'EventTarget & HTMLInputElement'.
../../apps/web-cleaning/src/pages/cleaning/CreateCleaningJob.tsx(660,15): error TS17004: Cannot use JSX unless the '--jsx' flag is provided.
../../apps/web-cleaning/src/pages/cleaning/CreateCleaningJob.tsx(661,17): error TS17004: Cannot use JSX unless the '--jsx' flag is provided.
../../apps/web-cleaning/src/pages/cleaning/CreateCleaningJob.tsx(663,19): error TS2322: Type '{ label: string; placeholder: string; options: SelectOption[]; value: string; onChange: (e: ChangeEvent<HTMLSelectElement>) => void; required: true; fullWidth: true; }' is not assignable to type 'IntrinsicAttributes & SelectProps & RefAttributes<HTMLSelectElement>'.
  Property 'placeholder' does not exist on type 'IntrinsicAttributes & SelectProps & RefAttributes<HTMLSelectElement>'.
../../apps/web-cleaning/src/pages/cleaning/CreateCleaningJob.tsx(666,74): error TS2339: Property 'value' does not exist on type 'EventTarget & HTMLSelectElement'.
../../apps/web-cleaning/src/pages/cleaning/CreateCleaningJob.tsx(671,17): error TS17004: Cannot use JSX unless the '--jsx' flag is provided.
../../apps/web-cleaning/src/pages/cleaning/CreateCleaningJob.tsx(672,19): error TS17004: Cannot use JSX unless the '--jsx' flag is provided.
../../apps/web-cleaning/src/pages/cleaning/CreateCleaningJob.tsx(675,19): error TS17004: Cannot use JSX unless the '--jsx' flag is provided.
../../apps/web-cleaning/src/pages/cleaning/CreateCleaningJob.tsx(681,87): error TS2339: Property 'value' does not exist on type 'EventTarget & HTMLInputElement'.
../../apps/web-cleaning/src/pages/cleaning/CreateCleaningJob.tsx(688,15): error TS17004: Cannot use JSX unless the '--jsx' flag is provided.
../../apps/web-cleaning/src/pages/cleaning/CreateCleaningJob.tsx(690,17): error TS2322: Type '{ label: string; placeholder: string; options: SelectOption[]; value: string; onChange: (e: ChangeEvent<HTMLSelectElement>) => void; fullWidth: true; }' is not assignable to type 'IntrinsicAttributes & SelectProps & RefAttributes<HTMLSelectElement>'.
  Property 'placeholder' does not exist on type 'IntrinsicAttributes & SelectProps & RefAttributes<HTMLSelectElement>'.
../../apps/web-cleaning/src/pages/cleaning/CreateCleaningJob.tsx(694,47): error TS2339: Property 'value' does not exist on type 'EventTarget & HTMLSelectElement'.
../../apps/web-cleaning/src/pages/cleaning/CreateCleaningJob.tsx(721,11): error TS17004: Cannot use JSX unless the '--jsx' flag is provided.
../../apps/web-cleaning/src/pages/cleaning/CreateCleaningJob.tsx(722,13): error TS17004: Cannot use JSX unless the '--jsx' flag is provided.
../../apps/web-cleaning/src/pages/cleaning/CreateCleaningJob.tsx(735,13): error TS17004: Cannot use JSX unless the '--jsx' flag is provided.
../../apps/web-cleaning/src/pages/cleaning/CreateCleaningJob.tsx(749,9): error TS17004: Cannot use JSX unless the '--jsx' flag is provided.
../../apps/web-cleaning/src/pages/cleaning/CreateCleaningJob.tsx(751,13): error TS17004: Cannot use JSX unless the '--jsx' flag is provided.
../../apps/web-cleaning/src/pages/cleaning/CreateCleaningJob.tsx(752,15): error TS17004: Cannot use JSX unless the '--jsx' flag is provided.
../../apps/web-cleaning/src/pages/cleaning/CreateCleaningJob.tsx(753,15): error TS17004: Cannot use JSX unless the '--jsx' flag is provided.
../../apps/web-cleaning/src/pages/cleaning/CreateCleaningJob.tsx(761,13): error TS17004: Cannot use JSX unless the '--jsx' flag is provided.
../../apps/web-cleaning/src/pages/cleaning/CreateCleaningJob.tsx(762,15): error TS17004: Cannot use JSX unless the '--jsx' flag is provided.
../../apps/web-cleaning/src/pages/cleaning/CreateCleaningJob.tsx(763,15): error TS17004: Cannot use JSX unless the '--jsx' flag is provided.
../../apps/web-cleaning/src/pages/cleaning/CreateCleaningJob.tsx(764,45): error TS17004: Cannot use JSX unless the '--jsx' flag is provided.
../../apps/web-cleaning/src/pages/cleaning/CreateCleaningJob.tsx(765,43): error TS17004: Cannot use JSX unless the '--jsx' flag is provided.
../../apps/web-cleaning/src/pages/cleaning/CreateCleaningJob.tsx(766,42): error TS17004: Cannot use JSX unless the '--jsx' flag is provided.
../../apps/web-cleaning/src/pages/dashboards/CleaningDashboard.tsx(6,40): error TS6142: Module '../../components/GlobalActivityTimeline' was resolved to '/home/orrox/projects/rightfit-cleaning-staging/apps/web-cleaning/src/components/GlobalActivityTimeline.tsx', but '--jsx' is not set.
../../apps/web-cleaning/src/pages/dashboards/CleaningDashboard.tsx(107,7): error TS17004: Cannot use JSX unless the '--jsx' flag is provided.
../../apps/web-cleaning/src/pages/dashboards/CleaningDashboard.tsx(108,9): error TS17004: Cannot use JSX unless the '--jsx' flag is provided.
../../apps/web-cleaning/src/pages/dashboards/CleaningDashboard.tsx(114,5): error TS17004: Cannot use JSX unless the '--jsx' flag is provided.
../../apps/web-cleaning/src/pages/dashboards/CleaningDashboard.tsx(115,7): error TS17004: Cannot use JSX unless the '--jsx' flag is provided.
../../apps/web-cleaning/src/pages/dashboards/CleaningDashboard.tsx(116,9): error TS17004: Cannot use JSX unless the '--jsx' flag is provided.
../../apps/web-cleaning/src/pages/dashboards/CleaningDashboard.tsx(117,9): error TS17004: Cannot use JSX unless the '--jsx' flag is provided.
../../apps/web-cleaning/src/pages/dashboards/CleaningDashboard.tsx(123,7): error TS17004: Cannot use JSX unless the '--jsx' flag is provided.
../../apps/web-cleaning/src/pages/dashboards/CleaningDashboard.tsx(124,9): error TS17004: Cannot use JSX unless the '--jsx' flag is provided.
../../apps/web-cleaning/src/pages/dashboards/CleaningDashboard.tsx(125,11): error TS17004: Cannot use JSX unless the '--jsx' flag is provided.
../../apps/web-cleaning/src/pages/dashboards/CleaningDashboard.tsx(126,13): error TS17004: Cannot use JSX unless the '--jsx' flag is provided.
../../apps/web-cleaning/src/pages/dashboards/CleaningDashboard.tsx(127,15): error TS17004: Cannot use JSX unless the '--jsx' flag is provided.
../../apps/web-cleaning/src/pages/dashboards/CleaningDashboard.tsx(128,15): error TS17004: Cannot use JSX unless the '--jsx' flag is provided.
../../apps/web-cleaning/src/pages/dashboards/CleaningDashboard.tsx(130,13): error TS17004: Cannot use JSX unless the '--jsx' flag is provided.
../../apps/web-cleaning/src/pages/dashboards/CleaningDashboard.tsx(131,15): error TS17004: Cannot use JSX unless the '--jsx' flag is provided.
../../apps/web-cleaning/src/pages/dashboards/CleaningDashboard.tsx(134,11): error TS17004: Cannot use JSX unless the '--jsx' flag is provided.
../../apps/web-cleaning/src/pages/dashboards/CleaningDashboard.tsx(137,9): error TS17004: Cannot use JSX unless the '--jsx' flag is provided.
../../apps/web-cleaning/src/pages/dashboards/CleaningDashboard.tsx(138,11): error TS17004: Cannot use JSX unless the '--jsx' flag is provided.
../../apps/web-cleaning/src/pages/dashboards/CleaningDashboard.tsx(139,13): error TS17004: Cannot use JSX unless the '--jsx' flag is provided.
../../apps/web-cleaning/src/pages/dashboards/CleaningDashboard.tsx(140,15): error TS17004: Cannot use JSX unless the '--jsx' flag is provided.
../../apps/web-cleaning/src/pages/dashboards/CleaningDashboard.tsx(141,15): error TS17004: Cannot use JSX unless the '--jsx' flag is provided.
../../apps/web-cleaning/src/pages/dashboards/CleaningDashboard.tsx(143,13): error TS17004: Cannot use JSX unless the '--jsx' flag is provided.
../../apps/web-cleaning/src/pages/dashboards/CleaningDashboard.tsx(144,15): error TS17004: Cannot use JSX unless the '--jsx' flag is provided.
../../apps/web-cleaning/src/pages/dashboards/CleaningDashboard.tsx(147,11): error TS17004: Cannot use JSX unless the '--jsx' flag is provided.
../../apps/web-cleaning/src/pages/dashboards/CleaningDashboard.tsx(150,9): error TS17004: Cannot use JSX unless the '--jsx' flag is provided.
../../apps/web-cleaning/src/pages/dashboards/CleaningDashboard.tsx(151,11): error TS17004: Cannot use JSX unless the '--jsx' flag is provided.
../../apps/web-cleaning/src/pages/dashboards/CleaningDashboard.tsx(152,13): error TS17004: Cannot use JSX unless the '--jsx' flag is provided.
../../apps/web-cleaning/src/pages/dashboards/CleaningDashboard.tsx(153,15): error TS17004: Cannot use JSX unless the '--jsx' flag is provided.
../../apps/web-cleaning/src/pages/dashboards/CleaningDashboard.tsx(154,15): error TS17004: Cannot use JSX unless the '--jsx' flag is provided.
../../apps/web-cleaning/src/pages/dashboards/CleaningDashboard.tsx(156,13): error TS17004: Cannot use JSX unless the '--jsx' flag is provided.
../../apps/web-cleaning/src/pages/dashboards/CleaningDashboard.tsx(157,15): error TS17004: Cannot use JSX unless the '--jsx' flag is provided.
../../apps/web-cleaning/src/pages/dashboards/CleaningDashboard.tsx(160,11): error TS17004: Cannot use JSX unless the '--jsx' flag is provided.
../../apps/web-cleaning/src/pages/dashboards/CleaningDashboard.tsx(163,9): error TS17004: Cannot use JSX unless the '--jsx' flag is provided.
../../apps/web-cleaning/src/pages/dashboards/CleaningDashboard.tsx(164,11): error TS17004: Cannot use JSX unless the '--jsx' flag is provided.
../../apps/web-cleaning/src/pages/dashboards/CleaningDashboard.tsx(165,13): error TS17004: Cannot use JSX unless the '--jsx' flag is provided.
../../apps/web-cleaning/src/pages/dashboards/CleaningDashboard.tsx(166,15): error TS17004: Cannot use JSX unless the '--jsx' flag is provided.
../../apps/web-cleaning/src/pages/dashboards/CleaningDashboard.tsx(167,15): error TS17004: Cannot use JSX unless the '--jsx' flag is provided.
../../apps/web-cleaning/src/pages/dashboards/CleaningDashboard.tsx(169,13): error TS17004: Cannot use JSX unless the '--jsx' flag is provided.
../../apps/web-cleaning/src/pages/dashboards/CleaningDashboard.tsx(170,15): error TS17004: Cannot use JSX unless the '--jsx' flag is provided.
../../apps/web-cleaning/src/pages/dashboards/CleaningDashboard.tsx(173,11): error TS17004: Cannot use JSX unless the '--jsx' flag is provided.
../../apps/web-cleaning/src/pages/dashboards/CleaningDashboard.tsx(178,7): error TS17004: Cannot use JSX unless the '--jsx' flag is provided.
../../apps/web-cleaning/src/pages/dashboards/CleaningDashboard.tsx(179,9): error TS17004: Cannot use JSX unless the '--jsx' flag is provided.
../../apps/web-cleaning/src/pages/dashboards/CleaningDashboard.tsx(182,11): error TS17004: Cannot use JSX unless the '--jsx' flag is provided.
../../apps/web-cleaning/src/pages/dashboards/CleaningDashboard.tsx(183,13): error TS17004: Cannot use JSX unless the '--jsx' flag is provided.
../../apps/web-cleaning/src/pages/dashboards/CleaningDashboard.tsx(189,11): error TS17004: Cannot use JSX unless the '--jsx' flag is provided.
../../apps/web-cleaning/src/pages/dashboards/CleaningDashboard.tsx(191,15): error TS17004: Cannot use JSX unless the '--jsx' flag is provided.
../../apps/web-cleaning/src/pages/dashboards/CleaningDashboard.tsx(196,17): error TS17004: Cannot use JSX unless the '--jsx' flag is provided.
../../apps/web-cleaning/src/pages/dashboards/CleaningDashboard.tsx(197,19): error TS17004: Cannot use JSX unless the '--jsx' flag is provided.
../../apps/web-cleaning/src/pages/dashboards/CleaningDashboard.tsx(198,21): error TS17004: Cannot use JSX unless the '--jsx' flag is provided.
../../apps/web-cleaning/src/pages/dashboards/CleaningDashboard.tsx(199,23): error TS17004: Cannot use JSX unless the '--jsx' flag is provided.
../../apps/web-cleaning/src/pages/dashboards/CleaningDashboard.tsx(202,23): error TS17004: Cannot use JSX unless the '--jsx' flag is provided.
../../apps/web-cleaning/src/pages/dashboards/CleaningDashboard.tsx(206,25): error TS17004: Cannot use JSX unless the '--jsx' flag is provided.
../../apps/web-cleaning/src/pages/dashboards/CleaningDashboard.tsx(212,21): error TS17004: Cannot use JSX unless the '--jsx' flag is provided.
../../apps/web-cleaning/src/pages/dashboards/CleaningDashboard.tsx(213,23): error TS17004: Cannot use JSX unless the '--jsx' flag is provided.
../../apps/web-cleaning/src/pages/dashboards/CleaningDashboard.tsx(214,23): error TS17004: Cannot use JSX unless the '--jsx' flag is provided.
../../apps/web-cleaning/src/pages/dashboards/CleaningDashboard.tsx(215,25): error TS17004: Cannot use JSX unless the '--jsx' flag is provided.
../../apps/web-cleaning/src/pages/dashboards/CleaningDashboard.tsx(217,23): error TS17004: Cannot use JSX unless the '--jsx' flag is provided.
../../apps/web-cleaning/src/pages/dashboards/CleaningDashboard.tsx(218,25): error TS17004: Cannot use JSX unless the '--jsx' flag is provided.
../../apps/web-cleaning/src/pages/dashboards/CleaningDashboard.tsx(222,23): error TS17004: Cannot use JSX unless the '--jsx' flag is provided.
../../apps/web-cleaning/src/pages/dashboards/CleaningDashboard.tsx(223,25): error TS17004: Cannot use JSX unless the '--jsx' flag is provided.
../../apps/web-cleaning/src/pages/dashboards/CleaningDashboard.tsx(226,25): error TS17004: Cannot use JSX unless the '--jsx' flag is provided.
../../apps/web-cleaning/src/pages/dashboards/CleaningDashboard.tsx(227,27): error TS17004: Cannot use JSX unless the '--jsx' flag is provided.
../../apps/web-cleaning/src/pages/dashboards/CleaningDashboard.tsx(233,19): error TS17004: Cannot use JSX unless the '--jsx' flag is provided.
../../apps/web-cleaning/src/pages/dashboards/CleaningDashboard.tsx(234,21): error TS17004: Cannot use JSX unless the '--jsx' flag is provided.
../../apps/web-cleaning/src/pages/dashboards/CleaningDashboard.tsx(238,23): error TS17004: Cannot use JSX unless the '--jsx' flag is provided.
../../apps/web-cleaning/src/pages/dashboards/CleaningDashboard.tsx(251,7): error TS17004: Cannot use JSX unless the '--jsx' flag is provided.
../../apps/web-cleaning/src/pages/dashboards/CleaningDashboard.tsx(252,9): error TS17004: Cannot use JSX unless the '--jsx' flag is provided.
../../apps/web-cleaning/src/pages/dashboards/CleaningDashboard.tsx(253,11): error TS17004: Cannot use JSX unless the '--jsx' flag is provided.
../../apps/web-cleaning/src/pages/dashboards/CleaningDashboard.tsx(254,11): error TS17004: Cannot use JSX unless the '--jsx' flag is provided.
../../apps/web-cleaning/src/pages/dashboards/CleaningDashboard.tsx(255,13): error TS17004: Cannot use JSX unless the '--jsx' flag is provided.
../../apps/web-cleaning/src/pages/dashboards/CleaningDashboard.tsx(258,13): error TS17004: Cannot use JSX unless the '--jsx' flag is provided.
../../apps/web-cleaning/src/pages/dashboards/CleaningDashboard.tsx(264,9): error TS17004: Cannot use JSX unless the '--jsx' flag is provided.
../../apps/web-cleaning/src/pages/dashboards/CleaningDashboard.tsx(265,11): error TS17004: Cannot use JSX unless the '--jsx' flag is provided.
../../apps/web-cleaning/src/pages/dashboards/CleaningDashboard.tsx(266,11): error TS17004: Cannot use JSX unless the '--jsx' flag is provided.
../../apps/web-cleaning/src/pages/dashboards/CleaningDashboard.tsx(267,13): error TS17004: Cannot use JSX unless the '--jsx' flag is provided.
../../apps/web-cleaning/src/pages/dashboards/CleaningDashboard.tsx(268,15): error TS17004: Cannot use JSX unless the '--jsx' flag is provided.
../../apps/web-cleaning/src/pages/dashboards/CleaningDashboard.tsx(269,15): error TS17004: Cannot use JSX unless the '--jsx' flag is provided.
../../apps/web-cleaning/src/pages/dashboards/CleaningDashboard.tsx(271,13): error TS17004: Cannot use JSX unless the '--jsx' flag is provided.
../../apps/web-cleaning/src/pages/dashboards/CleaningDashboard.tsx(272,15): error TS17004: Cannot use JSX unless the '--jsx' flag is provided.
../../apps/web-cleaning/src/pages/dashboards/CleaningDashboard.tsx(273,15): error TS17004: Cannot use JSX unless the '--jsx' flag is provided.
../../apps/web-cleaning/src/pages/dashboards/CleaningDashboard.tsx(278,9): error TS17004: Cannot use JSX unless the '--jsx' flag is provided.
../../apps/web-cleaning/src/pages/dashboards/CleaningDashboard.tsx(279,11): error TS17004: Cannot use JSX unless the '--jsx' flag is provided.
../../apps/web-cleaning/src/pages/dashboards/CleaningDashboard.tsx(280,11): error TS17004: Cannot use JSX unless the '--jsx' flag is provided.
../../apps/web-cleaning/src/pages/dashboards/CleaningDashboard.tsx(282,15): error TS17004: Cannot use JSX unless the '--jsx' flag is provided.
../../apps/web-cleaning/src/pages/dashboards/CleaningDashboard.tsx(287,15): error TS17004: Cannot use JSX unless the '--jsx' flag is provided.
../../apps/web-cleaning/src/pages/dashboards/CleaningDashboard.tsx(292,15): error TS17004: Cannot use JSX unless the '--jsx' flag is provided.
../../apps/web-cleaning/src/pages/dashboards/CleaningDashboard.tsx(299,7): error TS17004: Cannot use JSX unless the '--jsx' flag is provided.
../../apps/web-cleaning/src/pages/dashboards/CleaningDashboard.tsx(300,9): error TS17004: Cannot use JSX unless the '--jsx' flag is provided.
../../apps/web-cleaning/src/pages/dashboards/MaintenanceDashboard.tsx(90,7): error TS17004: Cannot use JSX unless the '--jsx' flag is provided.
../../apps/web-cleaning/src/pages/dashboards/MaintenanceDashboard.tsx(91,9): error TS17004: Cannot use JSX unless the '--jsx' flag is provided.
../../apps/web-cleaning/src/pages/dashboards/MaintenanceDashboard.tsx(97,5): error TS17004: Cannot use JSX unless the '--jsx' flag is provided.
../../apps/web-cleaning/src/pages/dashboards/MaintenanceDashboard.tsx(98,7): error TS17004: Cannot use JSX unless the '--jsx' flag is provided.
../../apps/web-cleaning/src/pages/dashboards/MaintenanceDashboard.tsx(99,9): error TS17004: Cannot use JSX unless the '--jsx' flag is provided.
../../apps/web-cleaning/src/pages/dashboards/MaintenanceDashboard.tsx(100,9): error TS17004: Cannot use JSX unless the '--jsx' flag is provided.
../../apps/web-cleaning/src/pages/dashboards/MaintenanceDashboard.tsx(106,7): error TS17004: Cannot use JSX unless the '--jsx' flag is provided.
../../apps/web-cleaning/src/pages/dashboards/MaintenanceDashboard.tsx(107,9): error TS17004: Cannot use JSX unless the '--jsx' flag is provided.
../../apps/web-cleaning/src/pages/dashboards/MaintenanceDashboard.tsx(108,11): error TS17004: Cannot use JSX unless the '--jsx' flag is provided.
../../apps/web-cleaning/src/pages/dashboards/MaintenanceDashboard.tsx(109,11): error TS17004: Cannot use JSX unless the '--jsx' flag is provided.
../../apps/web-cleaning/src/pages/dashboards/MaintenanceDashboard.tsx(111,9): error TS17004: Cannot use JSX unless the '--jsx' flag is provided.
../../apps/web-cleaning/src/pages/dashboards/MaintenanceDashboard.tsx(112,11): error TS17004: Cannot use JSX unless the '--jsx' flag is provided.
../../apps/web-cleaning/src/pages/dashboards/MaintenanceDashboard.tsx(113,11): error TS17004: Cannot use JSX unless the '--jsx' flag is provided.
../../apps/web-cleaning/src/pages/dashboards/MaintenanceDashboard.tsx(115,9): error TS17004: Cannot use JSX unless the '--jsx' flag is provided.
../../apps/web-cleaning/src/pages/dashboards/MaintenanceDashboard.tsx(116,11): error TS17004: Cannot use JSX unless the '--jsx' flag is provided.
../../apps/web-cleaning/src/pages/dashboards/MaintenanceDashboard.tsx(117,11): error TS17004: Cannot use JSX unless the '--jsx' flag is provided.
../../apps/web-cleaning/src/pages/dashboards/MaintenanceDashboard.tsx(119,9): error TS17004: Cannot use JSX unless the '--jsx' flag is provided.
../../apps/web-cleaning/src/pages/dashboards/MaintenanceDashboard.tsx(120,11): error TS17004: Cannot use JSX unless the '--jsx' flag is provided.
../../apps/web-cleaning/src/pages/dashboards/MaintenanceDashboard.tsx(121,11): error TS17004: Cannot use JSX unless the '--jsx' flag is provided.
../../apps/web-cleaning/src/pages/dashboards/MaintenanceDashboard.tsx(126,7): error TS17004: Cannot use JSX unless the '--jsx' flag is provided.
../../apps/web-cleaning/src/pages/dashboards/MaintenanceDashboard.tsx(127,9): error TS17004: Cannot use JSX unless the '--jsx' flag is provided.
../../apps/web-cleaning/src/pages/dashboards/MaintenanceDashboard.tsx(130,11): error TS17004: Cannot use JSX unless the '--jsx' flag is provided.
../../apps/web-cleaning/src/pages/dashboards/MaintenanceDashboard.tsx(135,11): error TS17004: Cannot use JSX unless the '--jsx' flag is provided.
../../apps/web-cleaning/src/pages/dashboards/MaintenanceDashboard.tsx(137,15): error TS17004: Cannot use JSX unless the '--jsx' flag is provided.
../../apps/web-cleaning/src/pages/dashboards/MaintenanceDashboard.tsx(142,17): error TS17004: Cannot use JSX unless the '--jsx' flag is provided.
../../apps/web-cleaning/src/pages/dashboards/MaintenanceDashboard.tsx(143,19): error TS17004: Cannot use JSX unless the '--jsx' flag is provided.
../../apps/web-cleaning/src/pages/dashboards/MaintenanceDashboard.tsx(144,21): error TS17004: Cannot use JSX unless the '--jsx' flag is provided.
../../apps/web-cleaning/src/pages/dashboards/MaintenanceDashboard.tsx(145,23): error TS17004: Cannot use JSX unless the '--jsx' flag is provided.
../../apps/web-cleaning/src/pages/dashboards/MaintenanceDashboard.tsx(146,23): error TS17004: Cannot use JSX unless the '--jsx' flag is provided.
../../apps/web-cleaning/src/pages/dashboards/MaintenanceDashboard.tsx(149,23): error TS17004: Cannot use JSX unless the '--jsx' flag is provided.
../../apps/web-cleaning/src/pages/dashboards/MaintenanceDashboard.tsx(154,21): error TS17004: Cannot use JSX unless the '--jsx' flag is provided.
../../apps/web-cleaning/src/pages/dashboards/MaintenanceDashboard.tsx(155,23): error TS17004: Cannot use JSX unless the '--jsx' flag is provided.
../../apps/web-cleaning/src/pages/dashboards/MaintenanceDashboard.tsx(156,25): error TS17004: Cannot use JSX unless the '--jsx' flag is provided.
../../apps/web-cleaning/src/pages/dashboards/MaintenanceDashboard.tsx(158,23): error TS17004: Cannot use JSX unless the '--jsx' flag is provided.
../../apps/web-cleaning/src/pages/dashboards/MaintenanceDashboard.tsx(159,25): error TS17004: Cannot use JSX unless the '--jsx' flag is provided.
../../apps/web-cleaning/src/pages/dashboards/MaintenanceDashboard.tsx(161,23): error TS17004: Cannot use JSX unless the '--jsx' flag is provided.
../../apps/web-cleaning/src/pages/dashboards/MaintenanceDashboard.tsx(162,25): error TS17004: Cannot use JSX unless the '--jsx' flag is provided.
../../apps/web-cleaning/src/pages/dashboards/MaintenanceDashboard.tsx(165,25): error TS17004: Cannot use JSX unless the '--jsx' flag is provided.
../../apps/web-cleaning/src/pages/dashboards/MaintenanceDashboard.tsx(166,27): error TS17004: Cannot use JSX unless the '--jsx' flag is provided.
../../apps/web-cleaning/src/pages/dashboards/MaintenanceDashboard.tsx(170,25): error TS17004: Cannot use JSX unless the '--jsx' flag is provided.
../../apps/web-cleaning/src/pages/dashboards/MaintenanceDashboard.tsx(171,27): error TS17004: Cannot use JSX unless the '--jsx' flag is provided.
../../apps/web-cleaning/src/pages/dashboards/MaintenanceDashboard.tsx(175,25): error TS17004: Cannot use JSX unless the '--jsx' flag is provided.
../../apps/web-cleaning/src/pages/dashboards/MaintenanceDashboard.tsx(176,27): error TS17004: Cannot use JSX unless the '--jsx' flag is provided.
../../apps/web-cleaning/src/pages/dashboards/MaintenanceDashboard.tsx(182,23): error TS17004: Cannot use JSX unless the '--jsx' flag is provided.
../../apps/web-cleaning/src/pages/dashboards/MaintenanceDashboard.tsx(190,19): error TS17004: Cannot use JSX unless the '--jsx' flag is provided.
../../apps/web-cleaning/src/pages/dashboards/MaintenanceDashboard.tsx(192,23): error TS17004: Cannot use JSX unless the '--jsx' flag is provided.
../../apps/web-cleaning/src/pages/dashboards/MaintenanceDashboard.tsx(197,23): error TS17004: Cannot use JSX unless the '--jsx' flag is provided.
../../apps/web-cleaning/src/pages/dashboards/MaintenanceDashboard.tsx(210,7): error TS17004: Cannot use JSX unless the '--jsx' flag is provided.
../../apps/web-cleaning/src/pages/dashboards/MaintenanceDashboard.tsx(211,9): error TS17004: Cannot use JSX unless the '--jsx' flag is provided.
../../apps/web-cleaning/src/pages/dashboards/MaintenanceDashboard.tsx(212,11): error TS17004: Cannot use JSX unless the '--jsx' flag is provided.
../../apps/web-cleaning/src/pages/dashboards/MaintenanceDashboard.tsx(213,11): error TS17004: Cannot use JSX unless the '--jsx' flag is provided.
../../apps/web-cleaning/src/pages/dashboards/MaintenanceDashboard.tsx(214,13): error TS17004: Cannot use JSX unless the '--jsx' flag is provided.
../../apps/web-cleaning/src/pages/dashboards/MaintenanceDashboard.tsx(217,13): error TS17004: Cannot use JSX unless the '--jsx' flag is provided.
../../apps/web-cleaning/src/pages/dashboards/MaintenanceDashboard.tsx(223,9): error TS17004: Cannot use JSX unless the '--jsx' flag is provided.
../../apps/web-cleaning/src/pages/dashboards/MaintenanceDashboard.tsx(224,11): error TS17004: Cannot use JSX unless the '--jsx' flag is provided.
../../apps/web-cleaning/src/pages/dashboards/MaintenanceDashboard.tsx(225,11): error TS17004: Cannot use JSX unless the '--jsx' flag is provided.
../../apps/web-cleaning/src/pages/dashboards/MaintenanceDashboard.tsx(226,13): error TS17004: Cannot use JSX unless the '--jsx' flag is provided.
../../apps/web-cleaning/src/pages/dashboards/MaintenanceDashboard.tsx(227,13): error TS17004: Cannot use JSX unless the '--jsx' flag is provided.
../../apps/web-cleaning/src/pages/dashboards/MaintenanceDashboard.tsx(231,9): error TS17004: Cannot use JSX unless the '--jsx' flag is provided.
../../apps/web-cleaning/src/pages/dashboards/MaintenanceDashboard.tsx(232,11): error TS17004: Cannot use JSX unless the '--jsx' flag is provided.
../../apps/web-cleaning/src/pages/dashboards/MaintenanceDashboard.tsx(233,11): error TS17004: Cannot use JSX unless the '--jsx' flag is provided.
../../apps/web-cleaning/src/pages/dashboards/MaintenanceDashboard.tsx(234,13): error TS17004: Cannot use JSX unless the '--jsx' flag is provided.
../../apps/web-cleaning/src/pages/dashboards/MaintenanceDashboard.tsx(235,13): error TS17004: Cannot use JSX unless the '--jsx' flag is provided.
../../apps/web-cleaning/src/pages/maintenance/CreateMaintenanceJob.tsx(47,5): error TS17004: Cannot use JSX unless the '--jsx' flag is provided.
../../apps/web-cleaning/src/pages/maintenance/CreateMaintenanceJob.tsx(48,7): error TS17004: Cannot use JSX unless the '--jsx' flag is provided.
../../apps/web-cleaning/src/pages/maintenance/CreateMaintenanceJob.tsx(49,9): error TS17004: Cannot use JSX unless the '--jsx' flag is provided.
../../apps/web-cleaning/src/pages/maintenance/CreateMaintenanceJob.tsx(52,9): error TS17004: Cannot use JSX unless the '--jsx' flag is provided.
../../apps/web-cleaning/src/pages/maintenance/CreateMaintenanceJob.tsx(55,7): error TS17004: Cannot use JSX unless the '--jsx' flag is provided.
../../apps/web-cleaning/src/pages/maintenance/CreateMaintenanceJob.tsx(56,9): error TS17004: Cannot use JSX unless the '--jsx' flag is provided.
../../apps/web-cleaning/src/pages/maintenance/CreateMaintenanceJob.tsx(58,11): error TS17004: Cannot use JSX unless the '--jsx' flag is provided.
../../apps/web-cleaning/src/pages/maintenance/CreateMaintenanceJob.tsx(59,13): error TS17004: Cannot use JSX unless the '--jsx' flag is provided.
../../apps/web-cleaning/src/pages/maintenance/CreateMaintenanceJob.tsx(60,15): error TS17004: Cannot use JSX unless the '--jsx' flag is provided.
../../apps/web-cleaning/src/pages/maintenance/CreateMaintenanceJob.tsx(61,15): error TS17004: Cannot use JSX unless the '--jsx' flag is provided.
../../apps/web-cleaning/src/pages/maintenance/CreateMaintenanceJob.tsx(65,70): error TS2339: Property 'value' does not exist on type 'EventTarget & HTMLInputElement'.
../../apps/web-cleaning/src/pages/maintenance/CreateMaintenanceJob.tsx(70,13): error TS17004: Cannot use JSX unless the '--jsx' flag is provided.
../../apps/web-cleaning/src/pages/maintenance/CreateMaintenanceJob.tsx(71,15): error TS17004: Cannot use JSX unless the '--jsx' flag is provided.
../../apps/web-cleaning/src/pages/maintenance/CreateMaintenanceJob.tsx(72,15): error TS17004: Cannot use JSX unless the '--jsx' flag is provided.
../../apps/web-cleaning/src/pages/maintenance/CreateMaintenanceJob.tsx(76,71): error TS2339: Property 'value' does not exist on type 'EventTarget & HTMLInputElement'.
../../apps/web-cleaning/src/pages/maintenance/CreateMaintenanceJob.tsx(83,11): error TS17004: Cannot use JSX unless the '--jsx' flag is provided.
../../apps/web-cleaning/src/pages/maintenance/CreateMaintenanceJob.tsx(84,13): error TS17004: Cannot use JSX unless the '--jsx' flag is provided.
../../apps/web-cleaning/src/pages/maintenance/CreateMaintenanceJob.tsx(85,13): error TS17004: Cannot use JSX unless the '--jsx' flag is provided.
../../apps/web-cleaning/src/pages/maintenance/CreateMaintenanceJob.tsx(89,69): error TS2339: Property 'value' does not exist on type 'EventTarget & HTMLInputElement'.
../../apps/web-cleaning/src/pages/maintenance/CreateMaintenanceJob.tsx(95,11): error TS17004: Cannot use JSX unless the '--jsx' flag is provided.
../../apps/web-cleaning/src/pages/maintenance/CreateMaintenanceJob.tsx(96,13): error TS17004: Cannot use JSX unless the '--jsx' flag is provided.
../../apps/web-cleaning/src/pages/maintenance/CreateMaintenanceJob.tsx(97,13): error TS17004: Cannot use JSX unless the '--jsx' flag is provided.
../../apps/web-cleaning/src/pages/maintenance/CreateMaintenanceJob.tsx(101,63): error TS2339: Property 'value' does not exist on type 'EventTarget & HTMLInputElement'.
../../apps/web-cleaning/src/pages/maintenance/CreateMaintenanceJob.tsx(106,11): error TS17004: Cannot use JSX unless the '--jsx' flag is provided.
../../apps/web-cleaning/src/pages/maintenance/CreateMaintenanceJob.tsx(107,13): error TS17004: Cannot use JSX unless the '--jsx' flag is provided.
../../apps/web-cleaning/src/pages/maintenance/CreateMaintenanceJob.tsx(108,13): error TS17004: Cannot use JSX unless the '--jsx' flag is provided.
../../apps/web-cleaning/src/pages/maintenance/CreateMaintenanceJob.tsx(111,69): error TS2339: Property 'value' does not exist on type 'EventTarget & HTMLTextAreaElement'.
../../apps/web-cleaning/src/pages/maintenance/CreateMaintenanceJob.tsx(117,11): error TS17004: Cannot use JSX unless the '--jsx' flag is provided.
../../apps/web-cleaning/src/pages/maintenance/CreateMaintenanceJob.tsx(118,13): error TS17004: Cannot use JSX unless the '--jsx' flag is provided.
../../apps/web-cleaning/src/pages/maintenance/CreateMaintenanceJob.tsx(119,15): error TS17004: Cannot use JSX unless the '--jsx' flag is provided.
../../apps/web-cleaning/src/pages/maintenance/CreateMaintenanceJob.tsx(120,15): error TS17004: Cannot use JSX unless the '--jsx' flag is provided.
../../apps/web-cleaning/src/pages/maintenance/CreateMaintenanceJob.tsx(123,68): error TS2339: Property 'value' does not exist on type 'EventTarget & HTMLSelectElement'.
../../apps/web-cleaning/src/pages/maintenance/CreateMaintenanceJob.tsx(126,17): error TS17004: Cannot use JSX unless the '--jsx' flag is provided.
../../apps/web-cleaning/src/pages/maintenance/CreateMaintenanceJob.tsx(127,17): error TS17004: Cannot use JSX unless the '--jsx' flag is provided.
../../apps/web-cleaning/src/pages/maintenance/CreateMaintenanceJob.tsx(128,17): error TS17004: Cannot use JSX unless the '--jsx' flag is provided.
../../apps/web-cleaning/src/pages/maintenance/CreateMaintenanceJob.tsx(129,17): error TS17004: Cannot use JSX unless the '--jsx' flag is provided.
../../apps/web-cleaning/src/pages/maintenance/CreateMaintenanceJob.tsx(130,17): error TS17004: Cannot use JSX unless the '--jsx' flag is provided.
../../apps/web-cleaning/src/pages/maintenance/CreateMaintenanceJob.tsx(131,17): error TS17004: Cannot use JSX unless the '--jsx' flag is provided.
../../apps/web-cleaning/src/pages/maintenance/CreateMaintenanceJob.tsx(132,17): error TS17004: Cannot use JSX unless the '--jsx' flag is provided.
../../apps/web-cleaning/src/pages/maintenance/CreateMaintenanceJob.tsx(136,13): error TS17004: Cannot use JSX unless the '--jsx' flag is provided.
../../apps/web-cleaning/src/pages/maintenance/CreateMaintenanceJob.tsx(137,15): error TS17004: Cannot use JSX unless the '--jsx' flag is provided.
../../apps/web-cleaning/src/pages/maintenance/CreateMaintenanceJob.tsx(138,15): error TS17004: Cannot use JSX unless the '--jsx' flag is provided.
../../apps/web-cleaning/src/pages/maintenance/CreateMaintenanceJob.tsx(141,68): error TS2339: Property 'value' does not exist on type 'EventTarget & HTMLSelectElement'.
../../apps/web-cleaning/src/pages/maintenance/CreateMaintenanceJob.tsx(144,17): error TS17004: Cannot use JSX unless the '--jsx' flag is provided.
../../apps/web-cleaning/src/pages/maintenance/CreateMaintenanceJob.tsx(145,17): error TS17004: Cannot use JSX unless the '--jsx' flag is provided.
../../apps/web-cleaning/src/pages/maintenance/CreateMaintenanceJob.tsx(146,17): error TS17004: Cannot use JSX unless the '--jsx' flag is provided.
../../apps/web-cleaning/src/pages/maintenance/CreateMaintenanceJob.tsx(147,17): error TS17004: Cannot use JSX unless the '--jsx' flag is provided.
../../apps/web-cleaning/src/pages/maintenance/CreateMaintenanceJob.tsx(151,13): error TS17004: Cannot use JSX unless the '--jsx' flag is provided.
../../apps/web-cleaning/src/pages/maintenance/CreateMaintenanceJob.tsx(152,15): error TS17004: Cannot use JSX unless the '--jsx' flag is provided.
../../apps/web-cleaning/src/pages/maintenance/CreateMaintenanceJob.tsx(153,15): error TS17004: Cannot use JSX unless the '--jsx' flag is provided.
../../apps/web-cleaning/src/pages/maintenance/CreateMaintenanceJob.tsx(156,66): error TS2339: Property 'value' does not exist on type 'EventTarget & HTMLSelectElement'.
../../apps/web-cleaning/src/pages/maintenance/CreateMaintenanceJob.tsx(159,17): error TS17004: Cannot use JSX unless the '--jsx' flag is provided.
../../apps/web-cleaning/src/pages/maintenance/CreateMaintenanceJob.tsx(160,17): error TS17004: Cannot use JSX unless the '--jsx' flag is provided.
../../apps/web-cleaning/src/pages/maintenance/CreateMaintenanceJob.tsx(161,17): error TS17004: Cannot use JSX unless the '--jsx' flag is provided.
../../apps/web-cleaning/src/pages/maintenance/CreateMaintenanceJob.tsx(162,17): error TS17004: Cannot use JSX unless the '--jsx' flag is provided.
../../apps/web-cleaning/src/pages/maintenance/CreateMaintenanceJob.tsx(163,17): error TS17004: Cannot use JSX unless the '--jsx' flag is provided.
../../apps/web-cleaning/src/pages/maintenance/CreateMaintenanceJob.tsx(169,11): error TS17004: Cannot use JSX unless the '--jsx' flag is provided.
../../apps/web-cleaning/src/pages/maintenance/CreateMaintenanceJob.tsx(170,13): error TS17004: Cannot use JSX unless the '--jsx' flag is provided.
../../apps/web-cleaning/src/pages/maintenance/CreateMaintenanceJob.tsx(171,15): error TS17004: Cannot use JSX unless the '--jsx' flag is provided.
../../apps/web-cleaning/src/pages/maintenance/CreateMaintenanceJob.tsx(172,15): error TS17004: Cannot use JSX unless the '--jsx' flag is provided.
../../apps/web-cleaning/src/pages/maintenance/CreateMaintenanceJob.tsx(175,78): error TS2339: Property 'value' does not exist on type 'EventTarget & HTMLInputElement'.
../../apps/web-cleaning/src/pages/maintenance/CreateMaintenanceJob.tsx(180,13): error TS17004: Cannot use JSX unless the '--jsx' flag is provided.
../../apps/web-cleaning/src/pages/maintenance/CreateMaintenanceJob.tsx(181,15): error TS17004: Cannot use JSX unless the '--jsx' flag is provided.
../../apps/web-cleaning/src/pages/maintenance/CreateMaintenanceJob.tsx(182,15): error TS17004: Cannot use JSX unless the '--jsx' flag is provided.
../../apps/web-cleaning/src/pages/maintenance/CreateMaintenanceJob.tsx(185,82): error TS2339: Property 'value' does not exist on type 'EventTarget & HTMLInputElement'.
../../apps/web-cleaning/src/pages/maintenance/CreateMaintenanceJob.tsx(192,11): error TS17004: Cannot use JSX unless the '--jsx' flag is provided.
../../apps/web-cleaning/src/pages/maintenance/CreateMaintenanceJob.tsx(193,13): error TS17004: Cannot use JSX unless the '--jsx' flag is provided.
../../apps/web-cleaning/src/pages/maintenance/CreateMaintenanceJob.tsx(194,15): error TS17004: Cannot use JSX unless the '--jsx' flag is provided.
../../apps/web-cleaning/src/pages/maintenance/CreateMaintenanceJob.tsx(195,15): error TS17004: Cannot use JSX unless the '--jsx' flag is provided.
../../apps/web-cleaning/src/pages/maintenance/CreateMaintenanceJob.tsx(198,74): error TS2339: Property 'value' does not exist on type 'EventTarget & HTMLInputElement'.
../../apps/web-cleaning/src/pages/maintenance/CreateMaintenanceJob.tsx(202,13): error TS17004: Cannot use JSX unless the '--jsx' flag is provided.
../../apps/web-cleaning/src/pages/maintenance/CreateMaintenanceJob.tsx(203,15): error TS17004: Cannot use JSX unless the '--jsx' flag is provided.
../../apps/web-cleaning/src/pages/maintenance/CreateMaintenanceJob.tsx(204,15): error TS17004: Cannot use JSX unless the '--jsx' flag is provided.
../../apps/web-cleaning/src/pages/maintenance/CreateMaintenanceJob.tsx(207,74): error TS2339: Property 'value' does not exist on type 'EventTarget & HTMLInputElement'.
../../apps/web-cleaning/src/pages/maintenance/CreateMaintenanceJob.tsx(213,11): error TS17004: Cannot use JSX unless the '--jsx' flag is provided.
../../apps/web-cleaning/src/pages/maintenance/CreateMaintenanceJob.tsx(214,13): error TS17004: Cannot use JSX unless the '--jsx' flag is provided.
../../apps/web-cleaning/src/pages/maintenance/CreateMaintenanceJob.tsx(217,13): error TS17004: Cannot use JSX unless the '--jsx' flag is provided.
../../apps/web-cleaning/src/pages/maintenance/MaintenanceJobs.tsx(88,7): error TS17004: Cannot use JSX unless the '--jsx' flag is provided.
../../apps/web-cleaning/src/pages/maintenance/MaintenanceJobs.tsx(89,9): error TS17004: Cannot use JSX unless the '--jsx' flag is provided.
../../apps/web-cleaning/src/pages/maintenance/MaintenanceJobs.tsx(95,5): error TS17004: Cannot use JSX unless the '--jsx' flag is provided.
../../apps/web-cleaning/src/pages/maintenance/MaintenanceJobs.tsx(96,7): error TS17004: Cannot use JSX unless the '--jsx' flag is provided.
../../apps/web-cleaning/src/pages/maintenance/MaintenanceJobs.tsx(97,9): error TS17004: Cannot use JSX unless the '--jsx' flag is provided.
../../apps/web-cleaning/src/pages/maintenance/MaintenanceJobs.tsx(98,9): error TS17004: Cannot use JSX unless the '--jsx' flag is provided.
../../apps/web-cleaning/src/pages/maintenance/MaintenanceJobs.tsx(104,7): error TS17004: Cannot use JSX unless the '--jsx' flag is provided.
../../apps/web-cleaning/src/pages/maintenance/MaintenanceJobs.tsx(105,9): error TS17004: Cannot use JSX unless the '--jsx' flag is provided.
../../apps/web-cleaning/src/pages/maintenance/MaintenanceJobs.tsx(106,11): error TS17004: Cannot use JSX unless the '--jsx' flag is provided.
../../apps/web-cleaning/src/pages/maintenance/MaintenanceJobs.tsx(107,13): error TS17004: Cannot use JSX unless the '--jsx' flag is provided.
../../apps/web-cleaning/src/pages/maintenance/MaintenanceJobs.tsx(108,13): error TS17004: Cannot use JSX unless the '--jsx' flag is provided.
../../apps/web-cleaning/src/pages/maintenance/MaintenanceJobs.tsx(112,56): error TS2339: Property 'value' does not exist on type 'EventTarget & HTMLInputElement'.
../../apps/web-cleaning/src/pages/maintenance/MaintenanceJobs.tsx(115,11): error TS17004: Cannot use JSX unless the '--jsx' flag is provided.
../../apps/web-cleaning/src/pages/maintenance/MaintenanceJobs.tsx(116,13): error TS17004: Cannot use JSX unless the '--jsx' flag is provided.
../../apps/web-cleaning/src/pages/maintenance/MaintenanceJobs.tsx(117,13): error TS17004: Cannot use JSX unless the '--jsx' flag is provided.
../../apps/web-cleaning/src/pages/maintenance/MaintenanceJobs.tsx(120,57): error TS2339: Property 'value' does not exist on type 'EventTarget & HTMLSelectElement'.
../../apps/web-cleaning/src/pages/maintenance/MaintenanceJobs.tsx(122,15): error TS17004: Cannot use JSX unless the '--jsx' flag is provided.
../../apps/web-cleaning/src/pages/maintenance/MaintenanceJobs.tsx(123,15): error TS17004: Cannot use JSX unless the '--jsx' flag is provided.
../../apps/web-cleaning/src/pages/maintenance/MaintenanceJobs.tsx(124,15): error TS17004: Cannot use JSX unless the '--jsx' flag is provided.
../../apps/web-cleaning/src/pages/maintenance/MaintenanceJobs.tsx(125,15): error TS17004: Cannot use JSX unless the '--jsx' flag is provided.
../../apps/web-cleaning/src/pages/maintenance/MaintenanceJobs.tsx(126,15): error TS17004: Cannot use JSX unless the '--jsx' flag is provided.
../../apps/web-cleaning/src/pages/maintenance/MaintenanceJobs.tsx(127,15): error TS17004: Cannot use JSX unless the '--jsx' flag is provided.
../../apps/web-cleaning/src/pages/maintenance/MaintenanceJobs.tsx(128,15): error TS17004: Cannot use JSX unless the '--jsx' flag is provided.
../../apps/web-cleaning/src/pages/maintenance/MaintenanceJobs.tsx(131,11): error TS17004: Cannot use JSX unless the '--jsx' flag is provided.
../../apps/web-cleaning/src/pages/maintenance/MaintenanceJobs.tsx(132,13): error TS17004: Cannot use JSX unless the '--jsx' flag is provided.
../../apps/web-cleaning/src/pages/maintenance/MaintenanceJobs.tsx(133,13): error TS17004: Cannot use JSX unless the '--jsx' flag is provided.
../../apps/web-cleaning/src/pages/maintenance/MaintenanceJobs.tsx(136,59): error TS2339: Property 'value' does not exist on type 'EventTarget & HTMLSelectElement'.
../../apps/web-cleaning/src/pages/maintenance/MaintenanceJobs.tsx(138,15): error TS17004: Cannot use JSX unless the '--jsx' flag is provided.
../../apps/web-cleaning/src/pages/maintenance/MaintenanceJobs.tsx(139,15): error TS17004: Cannot use JSX unless the '--jsx' flag is provided.
../../apps/web-cleaning/src/pages/maintenance/MaintenanceJobs.tsx(140,15): error TS17004: Cannot use JSX unless the '--jsx' flag is provided.
../../apps/web-cleaning/src/pages/maintenance/MaintenanceJobs.tsx(141,15): error TS17004: Cannot use JSX unless the '--jsx' flag is provided.
../../apps/web-cleaning/src/pages/maintenance/MaintenanceJobs.tsx(142,15): error TS17004: Cannot use JSX unless the '--jsx' flag is provided.
../../apps/web-cleaning/src/pages/maintenance/MaintenanceJobs.tsx(145,11): error TS17004: Cannot use JSX unless the '--jsx' flag is provided.
../../apps/web-cleaning/src/pages/maintenance/MaintenanceJobs.tsx(146,13): error TS17004: Cannot use JSX unless the '--jsx' flag is provided.
../../apps/web-cleaning/src/pages/maintenance/MaintenanceJobs.tsx(163,9): error TS17004: Cannot use JSX unless the '--jsx' flag is provided.
../../apps/web-cleaning/src/pages/maintenance/MaintenanceJobs.tsx(168,9): error TS17004: Cannot use JSX unless the '--jsx' flag is provided.
../../apps/web-cleaning/src/pages/maintenance/MaintenanceJobs.tsx(170,13): error TS17004: Cannot use JSX unless the '--jsx' flag is provided.
../../apps/web-cleaning/src/pages/maintenance/MaintenanceJobs.tsx(175,15): error TS17004: Cannot use JSX unless the '--jsx' flag is provided.
../../apps/web-cleaning/src/pages/maintenance/MaintenanceJobs.tsx(176,17): error TS17004: Cannot use JSX unless the '--jsx' flag is provided.
../../apps/web-cleaning/src/pages/maintenance/MaintenanceJobs.tsx(177,19): error TS17004: Cannot use JSX unless the '--jsx' flag is provided.
../../apps/web-cleaning/src/pages/maintenance/MaintenanceJobs.tsx(178,21): error TS17004: Cannot use JSX unless the '--jsx' flag is provided.
../../apps/web-cleaning/src/pages/maintenance/MaintenanceJobs.tsx(179,21): error TS17004: Cannot use JSX unless the '--jsx' flag is provided.
../../apps/web-cleaning/src/pages/maintenance/MaintenanceJobs.tsx(182,21): error TS17004: Cannot use JSX unless the '--jsx' flag is provided.
../../apps/web-cleaning/src/pages/maintenance/MaintenanceJobs.tsx(187,19): error TS17004: Cannot use JSX unless the '--jsx' flag is provided.
../../apps/web-cleaning/src/pages/maintenance/MaintenanceJobs.tsx(188,21): error TS17004: Cannot use JSX unless the '--jsx' flag is provided.
../../apps/web-cleaning/src/pages/maintenance/MaintenanceJobs.tsx(189,23): error TS17004: Cannot use JSX unless the '--jsx' flag is provided.
../../apps/web-cleaning/src/pages/maintenance/MaintenanceJobs.tsx(190,23): error TS17004: Cannot use JSX unless the '--jsx' flag is provided.
../../apps/web-cleaning/src/pages/maintenance/MaintenanceJobs.tsx(192,21): error TS17004: Cannot use JSX unless the '--jsx' flag is provided.
../../apps/web-cleaning/src/pages/maintenance/MaintenanceJobs.tsx(193,23): error TS17004: Cannot use JSX unless the '--jsx' flag is provided.
../../apps/web-cleaning/src/pages/maintenance/MaintenanceJobs.tsx(194,23): error TS17004: Cannot use JSX unless the '--jsx' flag is provided.
../../apps/web-cleaning/src/pages/maintenance/MaintenanceJobs.tsx(196,21): error TS17004: Cannot use JSX unless the '--jsx' flag is provided.
../../apps/web-cleaning/src/pages/maintenance/MaintenanceJobs.tsx(197,23): error TS17004: Cannot use JSX unless the '--jsx' flag is provided.
../../apps/web-cleaning/src/pages/maintenance/MaintenanceJobs.tsx(198,23): error TS17004: Cannot use JSX unless the '--jsx' flag is provided.
../../apps/web-cleaning/src/pages/maintenance/MaintenanceJobs.tsx(200,21): error TS17004: Cannot use JSX unless the '--jsx' flag is provided.
../../apps/web-cleaning/src/pages/maintenance/MaintenanceJobs.tsx(201,23): error TS17004: Cannot use JSX unless the '--jsx' flag is provided.
../../apps/web-cleaning/src/pages/maintenance/MaintenanceJobs.tsx(202,23): error TS17004: Cannot use JSX unless the '--jsx' flag is provided.
../../apps/web-cleaning/src/pages/maintenance/MaintenanceJobs.tsx(207,21): error TS17004: Cannot use JSX unless the '--jsx' flag is provided.
../../apps/web-cleaning/src/pages/maintenance/MaintenanceJobs.tsx(211,17): error TS17004: Cannot use JSX unless the '--jsx' flag is provided.
../../apps/web-cleaning/src/pages/maintenance/MaintenanceJobs.tsx(213,21): error TS17004: Cannot use JSX unless the '--jsx' flag is provided.
../../apps/web-cleaning/src/pages/maintenance/MaintenanceJobs.tsx(218,21): error TS17004: Cannot use JSX unless the '--jsx' flag is provided.
../../apps/web-cleaning/src/utils/accessibility.ts(50,15): error TS2339: Property 'tabIndex' does not exist on type 'HTMLElement'.
../../apps/web-cleaning/src/utils/accessibility.ts(52,27): error TS2339: Property 'tagName' does not exist on type 'HTMLElement'.
../../apps/web-cleaning/src/utils/accessibility.ts(56,21): error TS2339: Property 'hasAttribute' does not exist on type 'HTMLElement'.
../../apps/web-cleaning/src/utils/accessibility.ts(59,18): error TS2339: Property 'tabIndex' does not exist on type 'HTMLElement'.
../../apps/web-cleaning/src/utils/accessibility.ts(75,31): error TS2339: Property 'querySelectorAll' does not exist on type 'HTMLElement'.
../../apps/web-cleaning/src/utils/accessibility.ts(87,11): error TS2339: Property 'key' does not exist on type 'KeyboardEvent'.
../../apps/web-cleaning/src/utils/accessibility.ts(89,11): error TS2339: Property 'shiftKey' does not exist on type 'KeyboardEvent'.
../../apps/web-cleaning/src/utils/accessibility.ts(90,11): error TS2584: Cannot find name 'document'. Do you need to change your target library? Try changing the 'lib' compiler option to include 'dom'.
../../apps/web-cleaning/src/utils/accessibility.ts(92,22): error TS2339: Property 'focus' does not exist on type 'HTMLElement'.
../../apps/web-cleaning/src/utils/accessibility.ts(95,11): error TS2584: Cannot find name 'document'. Do you need to change your target library? Try changing the 'lib' compiler option to include 'dom'.
../../apps/web-cleaning/src/utils/accessibility.ts(97,23): error TS2339: Property 'focus' does not exist on type 'HTMLElement'.
../../apps/web-cleaning/src/utils/accessibility.ts(102,13): error TS2339: Property 'addEventListener' does not exist on type 'HTMLElement'.
../../apps/web-cleaning/src/utils/accessibility.ts(105,15): error TS2339: Property 'removeEventListener' does not exist on type 'HTMLElement'.
../../apps/web-cleaning/src/utils/accessibility.ts(113,24): error TS2584: Cannot find name 'document'. Do you need to change your target library? Try changing the 'lib' compiler option to include 'dom'.
../../apps/web-cleaning/src/utils/accessibility.ts(120,3): error TS2584: Cannot find name 'document'. Do you need to change your target library? Try changing the 'lib' compiler option to include 'dom'.
../../apps/web-cleaning/src/utils/accessibility.ts(123,5): error TS2584: Cannot find name 'document'. Do you need to change your target library? Try changing the 'lib' compiler option to include 'dom'.
../../apps/web-cleaning/src/utils/accessibility.ts(131,14): error TS2304: Cannot find name 'window'.
../../apps/web-cleaning/src/utils/accessibility.ts(132,10): error TS2304: Cannot find name 'window'.
../../apps/web-cleaning/src/utils/accessibility.ts(139,20): error TS2584: Cannot find name 'document'. Do you need to change your target library? Try changing the 'lib' compiler option to include 'dom'.
../../apps/web-cleaning/src/utils/accessibility.ts(144,3): error TS2584: Cannot find name 'document'. Do you need to change your target library? Try changing the 'lib' compiler option to include 'dom'.
../../apps/web-cleaning/src/utils/accessibility.ts(144,40): error TS2584: Cannot find name 'document'. Do you need to change your target library? Try changing the 'lib' compiler option to include 'dom'.
../../apps/web-cleaning/src/utils/accessibility.ts(147,5): error TS2584: Cannot find name 'document'. Do you need to change your target library? Try changing the 'lib' compiler option to include 'dom'.
../../apps/web-cleaning/tests/setup.ts(2,10): error TS6133: 'expect' is declared but its value is never read.
../../apps/web-cleaning/tests/setup.ts(11,23): error TS2304: Cannot find name 'window'.
../../apps/web-cleaning/tests/setup.ts(27,13): error TS6133: 'key' is declared but its value is never read.
../../apps/web-cleaning/tests/setup.ts(28,13): error TS6133: 'key' is declared but its value is never read.
../../apps/web-cleaning/tests/setup.ts(28,26): error TS6133: 'value' is declared but its value is never read.
../../apps/web-cleaning/tests/setup.ts(29,16): error TS6133: 'key' is declared but its value is never read.
../../apps/web-cleaning/tests/setup.ts(32,8): error TS7017: Element implicitly has an 'any' type because type 'typeof globalThis' has no index signature.
../../apps/web-cleaning/tests/setup.ts(32,43): error TS2304: Cannot find name 'Storage'.
../../apps/web-cleaning/tests/setup.ts(44,8): error TS7017: Element implicitly has an 'any' type because type 'typeof globalThis' has no index signature.
../../apps/web-cleaning/tests/setup.ts(55,8): error TS7017: Element implicitly has an 'any' type because type 'typeof globalThis' has no index signature.
../../apps/web-cleaning/tests/setup.ts(64,13): error TS6133: 'key' is declared but its value is never read.
../../apps/web-cleaning/tests/setup.ts(65,13): error TS6133: 'key' is declared but its value is never read.
../../apps/web-cleaning/tests/setup.ts(65,26): error TS6133: 'value' is declared but its value is never read.
../../apps/web-cleaning/tests/setup.ts(66,16): error TS6133: 'key' is declared but its value is never read.
../../apps/web-cleaning/tests/setup.ts(69,8): error TS7017: Element implicitly has an 'any' type because type 'typeof globalThis' has no index signature.
../../apps/web-cleaning/tests/setup.ts(69,47): error TS2304: Cannot find name 'Storage'.
../../apps/web-cleaning/vite.config.ts(7,13): error TS2769: No overload matches this call.
  The last overload gave the following error.
    Type 'Plugin_2[]' is not assignable to type 'PluginOption'.
      Type 'Plugin_2[]' is not assignable to type 'PluginOption[]'.
        Type 'Plugin_2' is not assignable to type 'PluginOption'.
          Type 'Plugin_2' is not assignable to type 'Plugin<any>'.
            Types of property 'apply' are incompatible.
              Type '"serve" | "build" | ((this: void, config: import("/home/orrox/projects/rightfit-cleaning-staging/node_modules/vite/dist/node/index").UserConfig, env: import("/home/orrox/projects/rightfit-cleaning-staging/node_modules/vite/dist/node/index").ConfigEnv) => boolean) | undefined' is not assignable to type '"serve" | "build" | ((this: void, config: import("/home/orrox/projects/rightfit-cleaning-staging/apps/web-cleaning/node_modules/vite/dist/node/index").UserConfig, env: import("/home/orrox/projects/rightfit-cleaning-staging/apps/web-cleaning/node_modules/vite/dist/node/index").ConfigEnv) => boolean) | undefined'.
                Type '(this: void, config: UserConfig, env: ConfigEnv) => boolean' is not assignable to type '"serve" | "build" | ((this: void, config: UserConfig, env: ConfigEnv) => boolean) | undefined'.
                  Type '(this: void, config: import("/home/orrox/projects/rightfit-cleaning-staging/node_modules/vite/dist/node/index").UserConfig, env: import("/home/orrox/projects/rightfit-cleaning-staging/node_modules/vite/dist/node/index").ConfigEnv) => boolean' is not assignable to type '(this: void, config: import("/home/orrox/projects/rightfit-cleaning-staging/apps/web-cleaning/node_modules/vite/dist/node/index").UserConfig, env: import("/home/orrox/projects/rightfit-cleaning-staging/apps/web-cleaning/node_modules/vite/dist/node/index").ConfigEnv) => boolean'.
                    Types of parameters 'config' and 'config' are incompatible.
                      Type 'import("/home/orrox/projects/rightfit-cleaning-staging/apps/web-cleaning/node_modules/vite/dist/node/index").UserConfig' is not assignable to type 'import("/home/orrox/projects/rightfit-cleaning-staging/node_modules/vite/dist/node/index").UserConfig'.
                        Types of property 'plugins' are incompatible.
                          Type 'import("/home/orrox/projects/rightfit-cleaning-staging/apps/web-cleaning/node_modules/vite/dist/node/index").PluginOption[] | undefined' is not assignable to type 'import("/home/orrox/projects/rightfit-cleaning-staging/node_modules/vite/dist/node/index").PluginOption[] | undefined'.
                            Type 'import("/home/orrox/projects/rightfit-cleaning-staging/apps/web-cleaning/node_modules/vite/dist/node/index").PluginOption[]' is not assignable to type 'import("/home/orrox/projects/rightfit-cleaning-staging/node_modules/vite/dist/node/index").PluginOption[]'.
                              Type 'import("/home/orrox/projects/rightfit-cleaning-staging/apps/web-cleaning/node_modules/vite/dist/node/index").PluginOption' is not assignable to type 'import("/home/orrox/projects/rightfit-cleaning-staging/node_modules/vite/dist/node/index").PluginOption'.
                                Type 'Plugin<any>' is not assignable to type 'PluginOption'.
                                  Type 'Plugin<any>' is not assignable to type 'Plugin_2'.
                                    Types of property 'apply' are incompatible.
                                      Type '"serve" | "build" | ((this: void, config: import("/home/orrox/projects/rightfit-cleaning-staging/apps/web-cleaning/node_modules/vite/dist/node/index").UserConfig, env: import("/home/orrox/projects/rightfit-cleaning-staging/apps/web-cleaning/node_modules/vite/dist/node/index").ConfigEnv) => boolean) | undefined' is not assignable to type '"serve" | "build" | ((this: void, config: import("/home/orrox/projects/rightfit-cleaning-staging/node_modules/vite/dist/node/index").UserConfig, env: import("/home/orrox/projects/rightfit-cleaning-staging/node_modules/vite/dist/node/index").ConfigEnv) => boolean) | undefined'.
                                        Type '(this: void, config: UserConfig, env: ConfigEnv) => boolean' is not assignable to type '"serve" | "build" | ((this: void, config: UserConfig, env: ConfigEnv) => boolean) | undefined'.
                                          Type '(this: void, config: import("/home/orrox/projects/rightfit-cleaning-staging/apps/web-cleaning/node_modules/vite/dist/node/index").UserConfig, env: import("/home/orrox/projects/rightfit-cleaning-staging/apps/web-cleaning/node_modules/vite/dist/node/index").ConfigEnv) => boolean' is not assignable to type '(this: void, config: import("/home/orrox/projects/rightfit-cleaning-staging/node_modules/vite/dist/node/index").UserConfig, env: import("/home/orrox/projects/rightfit-cleaning-staging/node_modules/vite/dist/node/index").ConfigEnv) => boolean'.
                                            Types of parameters 'config' and 'config' are incompatible.
                                              Type 'import("/home/orrox/projects/rightfit-cleaning-staging/node_modules/vite/dist/node/index").UserConfig' is not assignable to type 'import("/home/orrox/projects/rightfit-cleaning-staging/apps/web-cleaning/node_modules/vite/dist/node/index").UserConfig'.
                                                Types of property 'plugins' are incompatible.
                                                  Type 'import("/home/orrox/projects/rightfit-cleaning-staging/node_modules/vite/dist/node/index").PluginOption[] | undefined' is not assignable to type 'import("/home/orrox/projects/rightfit-cleaning-staging/apps/web-cleaning/node_modules/vite/dist/node/index").PluginOption[] | undefined'.
                                                    Type 'import("/home/orrox/projects/rightfit-cleaning-staging/node_modules/vite/dist/node/index").PluginOption[]' is not assignable to type 'import("/home/orrox/projects/rightfit-cleaning-staging/apps/web-cleaning/node_modules/vite/dist/node/index").PluginOption[]'.
                                                      Type 'import("/home/orrox/projects/rightfit-cleaning-staging/node_modules/vite/dist/node/index").PluginOption' is not assignable to type 'import("/home/orrox/projects/rightfit-cleaning-staging/apps/web-cleaning/node_modules/vite/dist/node/index").PluginOption'.
                                                        Type 'Promise<false | Plugin_2 | PluginOption[] | null | undefined>' is not assignable to type 'PluginOption'.
                                                          Type 'Promise<false | Plugin_2 | PluginOption[] | null | undefined>' is not assignable to type 'Promise<false | Plugin<any> | PluginOption[] | null | undefined>'.
                                                            Type 'false | Plugin_2 | PluginOption[] | null | undefined' is not assignable to type 'false | Plugin<any> | PluginOption[] | null | undefined'.
                                                              Type 'Plugin_2' is not assignable to type 'false | Plugin<any> | PluginOption[] | null | undefined'.
../../apps/web-cleaning/vitest.config.ts(5,13): error TS2769: No overload matches this call.
  The last overload gave the following error.
    Type 'Plugin_2[]' is not assignable to type 'PluginOption'.
      Type 'Plugin_2[]' is not assignable to type 'PluginOption[]'.
        Type 'Plugin_2' is not assignable to type 'PluginOption'.
          Type 'Plugin_2' is not assignable to type 'Plugin<any>'.
            Types of property 'resolveId' are incompatible.
              Type 'ObjectHook<(this: PluginContext, source: string, importer: string | undefined, options: { assertions: Record<string, string>; custom?: CustomPluginOptions | undefined; ssr?: boolean | undefined; isEntry: boolean; }) => ResolveIdResult | Promise<...>> | undefined' is not assignable to type 'ObjectHook<(this: PluginContext, source: string, importer: string | undefined, options: { attributes: Record<string, string>; custom?: CustomPluginOptions | undefined; ssr?: boolean | undefined; isEntry: boolean; }) => ResolveIdResult | Promise<...>, { ...; }> | undefined'.
                Type '(this: PluginContext, source: string, importer: string | undefined, options: { assertions: Record<string, string>; custom?: CustomPluginOptions | undefined; ssr?: boolean | undefined; isEntry: boolean; }) => ResolveIdResult | Promise<...>' is not assignable to type 'ObjectHook<(this: PluginContext, source: string, importer: string | undefined, options: { attributes: Record<string, string>; custom?: CustomPluginOptions | undefined; ssr?: boolean | undefined; isEntry: boolean; }) => ResolveIdResult | Promise<...>, { ...; }> | undefined'.
                  Type '(this: PluginContext, source: string, importer: string | undefined, options: { assertions: Record<string, string>; custom?: CustomPluginOptions | undefined; ssr?: boolean | undefined; isEntry: boolean; }) => ResolveIdResult | Promise<...>' is not assignable to type '(this: PluginContext, source: string, importer: string | undefined, options: { attributes: Record<string, string>; custom?: CustomPluginOptions | undefined; ssr?: boolean | undefined; isEntry: boolean; }) => ResolveIdResult | Promise<...>'.
                    The 'this' types of each signature are incompatible.
                      Property 'moduleIds' is missing in type 'import("/home/orrox/projects/rightfit-cleaning-staging/node_modules/rollup/dist/rollup").PluginContext' but required in type 'import("/home/orrox/projects/rightfit-cleaning-staging/node_modules/vite/node_modules/rollup/dist/rollup").PluginContext'.
../../apps/web-customer/src/App.tsx(2,30): error TS6142: Module './contexts/AuthContext' was resolved to '/home/orrox/projects/rightfit-cleaning-staging/apps/web-customer/src/contexts/AuthContext.tsx', but '--jsx' is not set.
../../apps/web-customer/src/App.tsx(3,31): error TS6142: Module './contexts/ThemeContext' was resolved to '/home/orrox/projects/rightfit-cleaning-staging/apps/web-customer/src/contexts/ThemeContext.tsx', but '--jsx' is not set.
../../apps/web-customer/src/App.tsx(4,31): error TS6142: Module './components/ui/Toast' was resolved to '/home/orrox/projects/rightfit-cleaning-staging/apps/web-customer/src/components/ui/Toast.tsx', but '--jsx' is not set.
../../apps/web-customer/src/App.tsx(6,28): error TS6142: Module './components/ProtectedRoute' was resolved to '/home/orrox/projects/rightfit-cleaning-staging/apps/web-customer/src/components/ProtectedRoute.tsx', but '--jsx' is not set.
../../apps/web-customer/src/App.tsx(7,19): error TS6142: Module './pages/Login' was resolved to '/home/orrox/projects/rightfit-cleaning-staging/apps/web-customer/src/pages/Login.tsx', but '--jsx' is not set.
../../apps/web-customer/src/App.tsx(8,22): error TS6142: Module './pages/Register' was resolved to '/home/orrox/projects/rightfit-cleaning-staging/apps/web-customer/src/pages/Register.tsx', but '--jsx' is not set.
../../apps/web-customer/src/App.tsx(9,31): error TS6142: Module './pages/dashboards/CustomerDashboard' was resolved to '/home/orrox/projects/rightfit-cleaning-staging/apps/web-customer/src/pages/dashboards/CustomerDashboard.tsx', but '--jsx' is not set.
../../apps/web-customer/src/App.tsx(10,24): error TS6142: Module './pages/Properties' was resolved to '/home/orrox/projects/rightfit-cleaning-staging/apps/web-customer/src/pages/Properties.tsx', but '--jsx' is not set.
../../apps/web-customer/src/App.tsx(11,29): error TS6142: Module './pages/PropertyDetails' was resolved to '/home/orrox/projects/rightfit-cleaning-staging/apps/web-customer/src/pages/PropertyDetails.tsx', but '--jsx' is not set.
../../apps/web-customer/src/App.tsx(12,25): error TS6142: Module './pages/Maintenance' was resolved to '/home/orrox/projects/rightfit-cleaning-staging/apps/web-customer/src/pages/Maintenance.tsx', but '--jsx' is not set.
../../apps/web-customer/src/App.tsx(13,31): error TS6142: Module './pages/GuestIssueDetails' was resolved to '/home/orrox/projects/rightfit-cleaning-staging/apps/web-customer/src/pages/GuestIssueDetails.tsx', but '--jsx' is not set.
../../apps/web-customer/src/App.tsx(14,23): error TS6142: Module './pages/Financial' was resolved to '/home/orrox/projects/rightfit-cleaning-staging/apps/web-customer/src/pages/Financial.tsx', but '--jsx' is not set.
../../apps/web-customer/src/App.tsx(15,27): error TS6142: Module './pages/QuoteApproval' was resolved to '/home/orrox/projects/rightfit-cleaning-staging/apps/web-customer/src/pages/QuoteApproval.tsx', but '--jsx' is not set.
../../apps/web-customer/src/App.tsx(16,22): error TS6142: Module './pages/Invoices' was resolved to '/home/orrox/projects/rightfit-cleaning-staging/apps/web-customer/src/pages/Invoices.tsx', but '--jsx' is not set.
../../apps/web-customer/src/App.tsx(17,28): error TS6142: Module './pages/InvoiceDetails' was resolved to '/home/orrox/projects/rightfit-cleaning-staging/apps/web-customer/src/pages/InvoiceDetails.tsx', but '--jsx' is not set.
../../apps/web-customer/src/App.tsx(18,22): error TS6142: Module './pages/Settings' was resolved to '/home/orrox/projects/rightfit-cleaning-staging/apps/web-customer/src/pages/Settings.tsx', but '--jsx' is not set.
../../apps/web-customer/src/App.tsx(19,35): error TS6142: Module './pages/MaintenanceJobDetails' was resolved to '/home/orrox/projects/rightfit-cleaning-staging/apps/web-customer/src/pages/MaintenanceJobDetails.tsx', but '--jsx' is not set.
../../apps/web-customer/src/App.tsx(23,5): error TS17004: Cannot use JSX unless the '--jsx' flag is provided.
../../apps/web-customer/src/App.tsx(24,7): error TS17004: Cannot use JSX unless the '--jsx' flag is provided.
../../apps/web-customer/src/App.tsx(25,9): error TS17004: Cannot use JSX unless the '--jsx' flag is provided.
../../apps/web-customer/src/App.tsx(26,11): error TS17004: Cannot use JSX unless the '--jsx' flag is provided.
../../apps/web-customer/src/App.tsx(27,11): error TS17004: Cannot use JSX unless the '--jsx' flag is provided.
../../apps/web-customer/src/App.tsx(28,13): error TS17004: Cannot use JSX unless the '--jsx' flag is provided.
../../apps/web-customer/src/App.tsx(28,43): error TS17004: Cannot use JSX unless the '--jsx' flag is provided.
../../apps/web-customer/src/App.tsx(29,13): error TS17004: Cannot use JSX unless the '--jsx' flag is provided.
../../apps/web-customer/src/App.tsx(29,46): error TS17004: Cannot use JSX unless the '--jsx' flag is provided.
../../apps/web-customer/src/App.tsx(30,13): error TS17004: Cannot use JSX unless the '--jsx' flag is provided.
../../apps/web-customer/src/App.tsx(33,17): error TS17004: Cannot use JSX unless the '--jsx' flag is provided.
../../apps/web-customer/src/App.tsx(34,19): error TS17004: Cannot use JSX unless the '--jsx' flag is provided.
../../apps/web-customer/src/App.tsx(35,21): error TS17004: Cannot use JSX unless the '--jsx' flag is provided.
../../apps/web-customer/src/App.tsx(40,13): error TS17004: Cannot use JSX unless the '--jsx' flag is provided.
../../apps/web-customer/src/App.tsx(43,17): error TS17004: Cannot use JSX unless the '--jsx' flag is provided.
../../apps/web-customer/src/App.tsx(44,19): error TS17004: Cannot use JSX unless the '--jsx' flag is provided.
../../apps/web-customer/src/App.tsx(45,21): error TS17004: Cannot use JSX unless the '--jsx' flag is provided.
../../apps/web-customer/src/App.tsx(50,13): error TS17004: Cannot use JSX unless the '--jsx' flag is provided.
../../apps/web-customer/src/App.tsx(53,17): error TS17004: Cannot use JSX unless the '--jsx' flag is provided.
../../apps/web-customer/src/App.tsx(54,19): error TS17004: Cannot use JSX unless the '--jsx' flag is provided.
../../apps/web-customer/src/App.tsx(55,21): error TS17004: Cannot use JSX unless the '--jsx' flag is provided.
../../apps/web-customer/src/App.tsx(60,13): error TS17004: Cannot use JSX unless the '--jsx' flag is provided.
../../apps/web-customer/src/App.tsx(63,17): error TS17004: Cannot use JSX unless the '--jsx' flag is provided.
../../apps/web-customer/src/App.tsx(64,19): error TS17004: Cannot use JSX unless the '--jsx' flag is provided.
../../apps/web-customer/src/App.tsx(65,21): error TS17004: Cannot use JSX unless the '--jsx' flag is provided.
../../apps/web-customer/src/App.tsx(70,13): error TS17004: Cannot use JSX unless the '--jsx' flag is provided.
../../apps/web-customer/src/App.tsx(73,17): error TS17004: Cannot use JSX unless the '--jsx' flag is provided.
../../apps/web-customer/src/App.tsx(74,19): error TS17004: Cannot use JSX unless the '--jsx' flag is provided.
../../apps/web-customer/src/App.tsx(75,21): error TS17004: Cannot use JSX unless the '--jsx' flag is provided.
../../apps/web-customer/src/App.tsx(80,13): error TS17004: Cannot use JSX unless the '--jsx' flag is provided.
../../apps/web-customer/src/App.tsx(83,17): error TS17004: Cannot use JSX unless the '--jsx' flag is provided.
../../apps/web-customer/src/App.tsx(84,19): error TS17004: Cannot use JSX unless the '--jsx' flag is provided.
../../apps/web-customer/src/App.tsx(85,21): error TS17004: Cannot use JSX unless the '--jsx' flag is provided.
../../apps/web-customer/src/App.tsx(90,13): error TS17004: Cannot use JSX unless the '--jsx' flag is provided.
../../apps/web-customer/src/App.tsx(93,17): error TS17004: Cannot use JSX unless the '--jsx' flag is provided.
../../apps/web-customer/src/App.tsx(94,19): error TS17004: Cannot use JSX unless the '--jsx' flag is provided.
../../apps/web-customer/src/App.tsx(95,21): error TS17004: Cannot use JSX unless the '--jsx' flag is provided.
../../apps/web-customer/src/App.tsx(100,13): error TS17004: Cannot use JSX unless the '--jsx' flag is provided.
../../apps/web-customer/src/App.tsx(103,17): error TS17004: Cannot use JSX unless the '--jsx' flag is provided.
../../apps/web-customer/src/App.tsx(104,19): error TS17004: Cannot use JSX unless the '--jsx' flag is provided.
../../apps/web-customer/src/App.tsx(105,21): error TS17004: Cannot use JSX unless the '--jsx' flag is provided.
../../apps/web-customer/src/App.tsx(110,13): error TS17004: Cannot use JSX unless the '--jsx' flag is provided.
../../apps/web-customer/src/App.tsx(113,17): error TS17004: Cannot use JSX unless the '--jsx' flag is provided.
../../apps/web-customer/src/App.tsx(114,19): error TS17004: Cannot use JSX unless the '--jsx' flag is provided.
../../apps/web-customer/src/App.tsx(115,21): error TS17004: Cannot use JSX unless the '--jsx' flag is provided.
../../apps/web-customer/src/App.tsx(120,13): error TS17004: Cannot use JSX unless the '--jsx' flag is provided.
../../apps/web-customer/src/App.tsx(123,17): error TS17004: Cannot use JSX unless the '--jsx' flag is provided.
../../apps/web-customer/src/App.tsx(124,19): error TS17004: Cannot use JSX unless the '--jsx' flag is provided.
../../apps/web-customer/src/App.tsx(125,21): error TS17004: Cannot use JSX unless the '--jsx' flag is provided.
../../apps/web-customer/src/App.tsx(130,13): error TS17004: Cannot use JSX unless the '--jsx' flag is provided.
../../apps/web-customer/src/App.tsx(133,17): error TS17004: Cannot use JSX unless the '--jsx' flag is provided.
../../apps/web-customer/src/App.tsx(134,19): error TS17004: Cannot use JSX unless the '--jsx' flag is provided.
../../apps/web-customer/src/App.tsx(135,21): error TS17004: Cannot use JSX unless the '--jsx' flag is provided.
../../apps/web-customer/src/App.tsx(140,13): error TS17004: Cannot use JSX unless the '--jsx' flag is provided.
../../apps/web-customer/src/App.tsx(140,38): error TS17004: Cannot use JSX unless the '--jsx' flag is provided.
../../apps/web-customer/src/components/PhotoQualityWarning.tsx(36,15): error TS17004: Cannot use JSX unless the '--jsx' flag is provided.
../../apps/web-customer/src/components/PhotoQualityWarning.tsx(43,15): error TS17004: Cannot use JSX unless the '--jsx' flag is provided.
../../apps/web-customer/src/components/PhotoQualityWarning.tsx(48,15): error TS17004: Cannot use JSX unless the '--jsx' flag is provided.
../../apps/web-customer/src/components/PhotoQualityWarning.tsx(59,5): error TS17004: Cannot use JSX unless the '--jsx' flag is provided.
../../apps/web-customer/src/components/PhotoQualityWarning.tsx(60,7): error TS17004: Cannot use JSX unless the '--jsx' flag is provided.
../../apps/web-customer/src/components/PhotoQualityWarning.tsx(61,9): error TS17004: Cannot use JSX unless the '--jsx' flag is provided.
../../apps/web-customer/src/components/PhotoQualityWarning.tsx(62,11): error TS17004: Cannot use JSX unless the '--jsx' flag is provided.
../../apps/web-customer/src/components/PhotoQualityWarning.tsx(66,7): error TS17004: Cannot use JSX unless the '--jsx' flag is provided.
../../apps/web-customer/src/components/PhotoQualityWarning.tsx(67,9): error TS17004: Cannot use JSX unless the '--jsx' flag is provided.
../../apps/web-customer/src/components/PhotoQualityWarning.tsx(68,11): error TS17004: Cannot use JSX unless the '--jsx' flag is provided.
../../apps/web-customer/src/components/PhotoQualityWarning.tsx(73,11): error TS17004: Cannot use JSX unless the '--jsx' flag is provided.
../../apps/web-customer/src/components/PhotoQualityWarning.tsx(74,13): error TS17004: Cannot use JSX unless the '--jsx' flag is provided.
../../apps/web-customer/src/components/PhotoQualityWarning.tsx(77,13): error TS17004: Cannot use JSX unless the '--jsx' flag is provided.
../../apps/web-customer/src/components/PhotoQualityWarning.tsx(79,17): error TS17004: Cannot use JSX unless the '--jsx' flag is provided.
../../apps/web-customer/src/components/PhotoQualityWarning.tsx(80,19): error TS17004: Cannot use JSX unless the '--jsx' flag is provided.
../../apps/web-customer/src/components/PhotoQualityWarning.tsx(81,21): error TS17004: Cannot use JSX unless the '--jsx' flag is provided.
../../apps/web-customer/src/components/PhotoQualityWarning.tsx(83,19): error TS17004: Cannot use JSX unless the '--jsx' flag is provided.
../../apps/web-customer/src/components/PhotoQualityWarning.tsx(91,11): error TS17004: Cannot use JSX unless the '--jsx' flag is provided.
../../apps/web-customer/src/components/PhotoQualityWarning.tsx(92,13): error TS17004: Cannot use JSX unless the '--jsx' flag is provided.
../../apps/web-customer/src/components/PhotoQualityWarning.tsx(95,13): error TS17004: Cannot use JSX unless the '--jsx' flag is provided.
../../apps/web-customer/src/components/PhotoQualityWarning.tsx(97,17): error TS17004: Cannot use JSX unless the '--jsx' flag is provided.
../../apps/web-customer/src/components/PhotoQualityWarning.tsx(98,19): error TS17004: Cannot use JSX unless the '--jsx' flag is provided.
../../apps/web-customer/src/components/PhotoQualityWarning.tsx(99,19): error TS17004: Cannot use JSX unless the '--jsx' flag is provided.
../../apps/web-customer/src/components/PhotoQualityWarning.tsx(106,9): error TS17004: Cannot use JSX unless the '--jsx' flag is provided.
../../apps/web-customer/src/components/PhotoQualityWarning.tsx(111,7): error TS17004: Cannot use JSX unless the '--jsx' flag is provided.
../../apps/web-customer/src/components/PhotoQualityWarning.tsx(112,9): error TS17004: Cannot use JSX unless the '--jsx' flag is provided.
../../apps/web-customer/src/components/PhotoQualityWarning.tsx(115,9): error TS17004: Cannot use JSX unless the '--jsx' flag is provided.
../../apps/web-customer/src/components/ProtectedRoute.tsx(2,25): error TS6142: Module '../contexts/AuthContext' was resolved to '/home/orrox/projects/rightfit-cleaning-staging/apps/web-customer/src/contexts/AuthContext.tsx', but '--jsx' is not set.
../../apps/web-customer/src/components/ProtectedRoute.tsx(14,7): error TS17004: Cannot use JSX unless the '--jsx' flag is provided.
../../apps/web-customer/src/components/ProtectedRoute.tsx(15,9): error TS17004: Cannot use JSX unless the '--jsx' flag is provided.
../../apps/web-customer/src/components/ProtectedRoute.tsx(21,12): error TS17004: Cannot use JSX unless the '--jsx' flag is provided.
../../apps/web-customer/src/components/ProtectedRoute.tsx(24,10): error TS17004: Cannot use JSX unless the '--jsx' flag is provided.
../../apps/web-customer/src/components/dashboard/ActivityFeed.tsx(37,7): error TS17004: Cannot use JSX unless the '--jsx' flag is provided.
../../apps/web-customer/src/components/dashboard/ActivityFeed.tsx(39,11): error TS17004: Cannot use JSX unless the '--jsx' flag is provided.
../../apps/web-customer/src/components/dashboard/ActivityFeed.tsx(40,13): error TS17004: Cannot use JSX unless the '--jsx' flag is provided.
../../apps/web-customer/src/components/dashboard/ActivityFeed.tsx(41,13): error TS17004: Cannot use JSX unless the '--jsx' flag is provided.
../../apps/web-customer/src/components/dashboard/ActivityFeed.tsx(42,15): error TS17004: Cannot use JSX unless the '--jsx' flag is provided.
../../apps/web-customer/src/components/dashboard/ActivityFeed.tsx(43,15): error TS17004: Cannot use JSX unless the '--jsx' flag is provided.
../../apps/web-customer/src/components/dashboard/ActivityFeed.tsx(52,5): error TS17004: Cannot use JSX unless the '--jsx' flag is provided.
../../apps/web-customer/src/components/dashboard/ActivityFeed.tsx(54,9): error TS17004: Cannot use JSX unless the '--jsx' flag is provided.
../../apps/web-customer/src/components/dashboard/ActivityFeed.tsx(55,11): error TS17004: Cannot use JSX unless the '--jsx' flag is provided.
../../apps/web-customer/src/components/dashboard/ActivityFeed.tsx(57,15): error TS17004: Cannot use JSX unless the '--jsx' flag is provided.
../../apps/web-customer/src/components/dashboard/ActivityFeed.tsx(59,15): error TS17004: Cannot use JSX unless the '--jsx' flag is provided.
../../apps/web-customer/src/components/dashboard/ActivityFeed.tsx(65,11): error TS17004: Cannot use JSX unless the '--jsx' flag is provided.
../../apps/web-customer/src/components/dashboard/ActivityFeed.tsx(66,13): error TS17004: Cannot use JSX unless the '--jsx' flag is provided.
../../apps/web-customer/src/components/dashboard/ActivityFeed.tsx(67,15): error TS17004: Cannot use JSX unless the '--jsx' flag is provided.
../../apps/web-customer/src/components/dashboard/ActivityFeed.tsx(69,34): error TS17004: Cannot use JSX unless the '--jsx' flag is provided.
../../apps/web-customer/src/components/dashboard/ActivityFeed.tsx(70,13): error TS17004: Cannot use JSX unless the '--jsx' flag is provided.
../../apps/web-customer/src/components/dashboard/ActivityFeed.tsx(73,25): error TS17004: Cannot use JSX unless the '--jsx' flag is provided.
../../apps/web-customer/src/components/dashboard/ActivityFeed.tsx(78,9): error TS17004: Cannot use JSX unless the '--jsx' flag is provided.
../../apps/web-customer/src/components/dashboard/StatsCard.tsx(33,7): error TS17004: Cannot use JSX unless the '--jsx' flag is provided.
../../apps/web-customer/src/components/dashboard/StatsCard.tsx(34,9): error TS17004: Cannot use JSX unless the '--jsx' flag is provided.
../../apps/web-customer/src/components/dashboard/StatsCard.tsx(35,9): error TS17004: Cannot use JSX unless the '--jsx' flag is provided.
../../apps/web-customer/src/components/dashboard/StatsCard.tsx(41,5): error TS17004: Cannot use JSX unless the '--jsx' flag is provided.
../../apps/web-customer/src/components/dashboard/StatsCard.tsx(42,7): error TS17004: Cannot use JSX unless the '--jsx' flag is provided.
../../apps/web-customer/src/components/dashboard/StatsCard.tsx(43,9): error TS17004: Cannot use JSX unless the '--jsx' flag is provided.
../../apps/web-customer/src/components/dashboard/StatsCard.tsx(44,18): error TS17004: Cannot use JSX unless the '--jsx' flag is provided.
../../apps/web-customer/src/components/dashboard/StatsCard.tsx(47,7): error TS17004: Cannot use JSX unless the '--jsx' flag is provided.
../../apps/web-customer/src/components/dashboard/StatsCard.tsx(50,9): error TS17004: Cannot use JSX unless the '--jsx' flag is provided.
../../apps/web-customer/src/components/dashboard/StatsCard.tsx(51,11): error TS17004: Cannot use JSX unless the '--jsx' flag is provided.
../../apps/web-customer/src/components/dashboard/StatsCard.tsx(53,15): error TS17004: Cannot use JSX unless the '--jsx' flag is provided.
../../apps/web-customer/src/components/dashboard/StatsCard.tsx(55,15): error TS17004: Cannot use JSX unless the '--jsx' flag is provided.
../../apps/web-customer/src/components/dashboard/StatsCard.tsx(58,11): error TS17004: Cannot use JSX unless the '--jsx' flag is provided.
../../apps/web-customer/src/components/layout/AppLayout.tsx(5,25): error TS6142: Module '../../contexts/AuthContext' was resolved to '/home/orrox/projects/rightfit-cleaning-staging/apps/web-customer/src/contexts/AuthContext.tsx', but '--jsx' is not set.
../../apps/web-customer/src/components/layout/AppLayout.tsx(38,9): error TS17004: Cannot use JSX unless the '--jsx' flag is provided.
../../apps/web-customer/src/components/layout/AppLayout.tsx(39,11): error TS17004: Cannot use JSX unless the '--jsx' flag is provided.
../../apps/web-customer/src/components/layout/AppLayout.tsx(40,11): error TS17004: Cannot use JSX unless the '--jsx' flag is provided.
../../apps/web-customer/src/components/layout/AppLayout.tsx(41,11): error TS17004: Cannot use JSX unless the '--jsx' flag is provided.
../../apps/web-customer/src/components/layout/AppLayout.tsx(42,11): error TS17004: Cannot use JSX unless the '--jsx' flag is provided.
../../apps/web-customer/src/components/layout/AppLayout.tsx(52,9): error TS17004: Cannot use JSX unless the '--jsx' flag is provided.
../../apps/web-customer/src/components/layout/AppLayout.tsx(53,11): error TS17004: Cannot use JSX unless the '--jsx' flag is provided.
../../apps/web-customer/src/components/layout/AppLayout.tsx(69,9): error TS17004: Cannot use JSX unless the '--jsx' flag is provided.
../../apps/web-customer/src/components/layout/AppLayout.tsx(70,11): error TS17004: Cannot use JSX unless the '--jsx' flag is provided.
../../apps/web-customer/src/components/layout/AppLayout.tsx(77,11): error TS17004: Cannot use JSX unless the '--jsx' flag is provided.
../../apps/web-customer/src/components/layout/AppLayout.tsx(92,9): error TS17004: Cannot use JSX unless the '--jsx' flag is provided.
../../apps/web-customer/src/components/layout/AppLayout.tsx(93,11): error TS17004: Cannot use JSX unless the '--jsx' flag is provided.
../../apps/web-customer/src/components/layout/AppLayout.tsx(100,11): error TS17004: Cannot use JSX unless the '--jsx' flag is provided.
../../apps/web-customer/src/components/layout/AppLayout.tsx(116,9): error TS17004: Cannot use JSX unless the '--jsx' flag is provided.
../../apps/web-customer/src/components/layout/AppLayout.tsx(117,11): error TS17004: Cannot use JSX unless the '--jsx' flag is provided.
../../apps/web-customer/src/components/layout/AppLayout.tsx(124,11): error TS17004: Cannot use JSX unless the '--jsx' flag is provided.
../../apps/web-customer/src/components/layout/AppLayout.tsx(140,9): error TS17004: Cannot use JSX unless the '--jsx' flag is provided.
../../apps/web-customer/src/components/layout/AppLayout.tsx(141,11): error TS17004: Cannot use JSX unless the '--jsx' flag is provided.
../../apps/web-customer/src/components/layout/AppLayout.tsx(148,11): error TS17004: Cannot use JSX unless the '--jsx' flag is provided.
../../apps/web-customer/src/components/layout/AppLayout.tsx(164,9): error TS17004: Cannot use JSX unless the '--jsx' flag is provided.
../../apps/web-customer/src/components/layout/AppLayout.tsx(165,11): error TS17004: Cannot use JSX unless the '--jsx' flag is provided.
../../apps/web-customer/src/components/layout/AppLayout.tsx(172,11): error TS17004: Cannot use JSX unless the '--jsx' flag is provided.
../../apps/web-customer/src/components/layout/AppLayout.tsx(190,9): error TS17004: Cannot use JSX unless the '--jsx' flag is provided.
../../apps/web-customer/src/components/layout/AppLayout.tsx(191,11): error TS17004: Cannot use JSX unless the '--jsx' flag is provided.
../../apps/web-customer/src/components/layout/AppLayout.tsx(209,9): error TS17004: Cannot use JSX unless the '--jsx' flag is provided.
../../apps/web-customer/src/components/layout/AppLayout.tsx(210,11): error TS17004: Cannot use JSX unless the '--jsx' flag is provided.
../../apps/web-customer/src/components/layout/AppLayout.tsx(217,11): error TS17004: Cannot use JSX unless the '--jsx' flag is provided.
../../apps/web-customer/src/components/layout/AppLayout.tsx(235,9): error TS17004: Cannot use JSX unless the '--jsx' flag is provided.
../../apps/web-customer/src/components/layout/AppLayout.tsx(236,11): error TS17004: Cannot use JSX unless the '--jsx' flag is provided.
../../apps/web-customer/src/components/layout/AppLayout.tsx(318,12): error TS17004: Cannot use JSX unless the '--jsx' flag is provided.
../../apps/web-customer/src/components/layout/AppLayout.tsx(322,5): error TS17004: Cannot use JSX unless the '--jsx' flag is provided.
../../apps/web-customer/src/components/layout/AppLayout.tsx(325,9): error TS17004: Cannot use JSX unless the '--jsx' flag is provided.
../../apps/web-customer/src/components/layout/AppLayout.tsx(333,7): error TS17004: Cannot use JSX unless the '--jsx' flag is provided.
../../apps/web-customer/src/components/layout/AppLayout.tsx(334,9): error TS17004: Cannot use JSX unless the '--jsx' flag is provided.
../../apps/web-customer/src/components/layout/AppLayout.tsx(342,13): error TS17004: Cannot use JSX unless the '--jsx' flag is provided.
../../apps/web-customer/src/components/layout/AppLayout.tsx(343,15): error TS17004: Cannot use JSX unless the '--jsx' flag is provided.
../../apps/web-customer/src/components/layout/AppLayout.tsx(344,17): error TS17004: Cannot use JSX unless the '--jsx' flag is provided.
../../apps/web-customer/src/components/layout/AppLayout.tsx(345,17): error TS17004: Cannot use JSX unless the '--jsx' flag is provided.
../../apps/web-customer/src/components/layout/AppLayout.tsx(352,17): error TS17004: Cannot use JSX unless the '--jsx' flag is provided.
../../apps/web-customer/src/components/layout/AppLayout.tsx(353,19): error TS17004: Cannot use JSX unless the '--jsx' flag is provided.
../../apps/web-customer/src/components/layout/AppLayout.tsx(354,21): error TS17004: Cannot use JSX unless the '--jsx' flag is provided.
../../apps/web-customer/src/components/layout/AppLayout.tsx(355,21): error TS17004: Cannot use JSX unless the '--jsx' flag is provided.
../../apps/web-customer/src/components/layout/AppLayout.tsx(359,37): error TS17004: Cannot use JSX unless the '--jsx' flag is provided.
../../apps/web-customer/src/components/layout/AppLayout.tsx(365,7): error TS17004: Cannot use JSX unless the '--jsx' flag is provided.
../../apps/web-customer/src/components/layout/AppLayout.tsx(366,9): error TS17004: Cannot use JSX unless the '--jsx' flag is provided.
../../apps/web-customer/src/components/layout/AppLayout.tsx(368,11): error TS17004: Cannot use JSX unless the '--jsx' flag is provided.
../../apps/web-customer/src/components/layout/AppLayout.tsx(374,13): error TS17004: Cannot use JSX unless the '--jsx' flag is provided.
../../apps/web-customer/src/components/layout/AppLayout.tsx(375,15): error TS17004: Cannot use JSX unless the '--jsx' flag is provided.
../../apps/web-customer/src/components/layout/AppLayout.tsx(376,15): error TS17004: Cannot use JSX unless the '--jsx' flag is provided.
../../apps/web-customer/src/components/layout/AppLayout.tsx(377,15): error TS17004: Cannot use JSX unless the '--jsx' flag is provided.
../../apps/web-customer/src/components/layout/AppLayout.tsx(381,11): error TS17004: Cannot use JSX unless the '--jsx' flag is provided.
../../apps/web-customer/src/components/layout/AppLayout.tsx(382,13): error TS17004: Cannot use JSX unless the '--jsx' flag is provided.
../../apps/web-customer/src/components/layout/AppLayout.tsx(392,11): error TS17004: Cannot use JSX unless the '--jsx' flag is provided.
../../apps/web-customer/src/components/layout/AppLayout.tsx(397,13): error TS17004: Cannot use JSX unless the '--jsx' flag is provided.
../../apps/web-customer/src/components/layout/AppLayout.tsx(408,9): error TS17004: Cannot use JSX unless the '--jsx' flag is provided.
../../apps/web-customer/src/components/layout/index.ts(1,27): error TS6142: Module './AppLayout' was resolved to '/home/orrox/projects/rightfit-cleaning-staging/apps/web-customer/src/components/layout/AppLayout.tsx', but '--jsx' is not set.
../../apps/web-customer/src/components/layout/index.ts(2,37): error TS6142: Module './AppLayout' was resolved to '/home/orrox/projects/rightfit-cleaning-staging/apps/web-customer/src/components/layout/AppLayout.tsx', but '--jsx' is not set.
../../apps/web-customer/src/components/maintenance/CreateMaintenanceRequestModal.tsx(5,34): error TS6133: 'MAINTENANCE_PRIORITIES' is declared but its value is never read.
../../apps/web-customer/src/components/maintenance/CreateMaintenanceRequestModal.tsx(30,9): error TS6133: 'toast' is declared but its value is never read.
../../apps/web-customer/src/components/maintenance/CreateMaintenanceRequestModal.tsx(47,28): error TS2304: Cannot find name 'localStorage'.
../../apps/web-customer/src/components/maintenance/CreateMaintenanceRequestModal.tsx(59,21): error TS18046: 'data' is of type 'unknown'.
../../apps/web-customer/src/components/maintenance/CreateMaintenanceRequestModal.tsx(89,28): error TS2304: Cannot find name 'localStorage'.
../../apps/web-customer/src/components/maintenance/CreateMaintenanceRequestModal.tsx(114,25): error TS18046: 'errorData' is of type 'unknown'.
../../apps/web-customer/src/components/maintenance/CreateMaintenanceRequestModal.tsx(125,5): error TS17004: Cannot use JSX unless the '--jsx' flag is provided.
../../apps/web-customer/src/components/maintenance/CreateMaintenanceRequestModal.tsx(126,7): error TS17004: Cannot use JSX unless the '--jsx' flag is provided.
../../apps/web-customer/src/components/maintenance/CreateMaintenanceRequestModal.tsx(128,9): error TS17004: Cannot use JSX unless the '--jsx' flag is provided.
../../apps/web-customer/src/components/maintenance/CreateMaintenanceRequestModal.tsx(129,11): error TS17004: Cannot use JSX unless the '--jsx' flag is provided.
../../apps/web-customer/src/components/maintenance/CreateMaintenanceRequestModal.tsx(130,13): error TS17004: Cannot use JSX unless the '--jsx' flag is provided.
../../apps/web-customer/src/components/maintenance/CreateMaintenanceRequestModal.tsx(131,13): error TS17004: Cannot use JSX unless the '--jsx' flag is provided.
../../apps/web-customer/src/components/maintenance/CreateMaintenanceRequestModal.tsx(133,11): error TS17004: Cannot use JSX unless the '--jsx' flag is provided.
../../apps/web-customer/src/components/maintenance/CreateMaintenanceRequestModal.tsx(137,13): error TS17004: Cannot use JSX unless the '--jsx' flag is provided.
../../apps/web-customer/src/components/maintenance/CreateMaintenanceRequestModal.tsx(142,9): error TS17004: Cannot use JSX unless the '--jsx' flag is provided.
../../apps/web-customer/src/components/maintenance/CreateMaintenanceRequestModal.tsx(144,13): error TS17004: Cannot use JSX unless the '--jsx' flag is provided.
../../apps/web-customer/src/components/maintenance/CreateMaintenanceRequestModal.tsx(145,15): error TS17004: Cannot use JSX unless the '--jsx' flag is provided.
../../apps/web-customer/src/components/maintenance/CreateMaintenanceRequestModal.tsx(146,15): error TS17004: Cannot use JSX unless the '--jsx' flag is provided.
../../apps/web-customer/src/components/maintenance/CreateMaintenanceRequestModal.tsx(151,11): error TS17004: Cannot use JSX unless the '--jsx' flag is provided.
../../apps/web-customer/src/components/maintenance/CreateMaintenanceRequestModal.tsx(152,13): error TS17004: Cannot use JSX unless the '--jsx' flag is provided.
../../apps/web-customer/src/components/maintenance/CreateMaintenanceRequestModal.tsx(156,15): error TS17004: Cannot use JSX unless the '--jsx' flag is provided.
../../apps/web-customer/src/components/maintenance/CreateMaintenanceRequestModal.tsx(158,15): error TS17004: Cannot use JSX unless the '--jsx' flag is provided.
../../apps/web-customer/src/components/maintenance/CreateMaintenanceRequestModal.tsx(160,83): error TS2339: Property 'value' does not exist on type 'EventTarget & HTMLSelectElement'.
../../apps/web-customer/src/components/maintenance/CreateMaintenanceRequestModal.tsx(165,17): error TS17004: Cannot use JSX unless the '--jsx' flag is provided.
../../apps/web-customer/src/components/maintenance/CreateMaintenanceRequestModal.tsx(167,19): error TS17004: Cannot use JSX unless the '--jsx' flag is provided.
../../apps/web-customer/src/components/maintenance/CreateMaintenanceRequestModal.tsx(176,11): error TS17004: Cannot use JSX unless the '--jsx' flag is provided.
../../apps/web-customer/src/components/maintenance/CreateMaintenanceRequestModal.tsx(177,13): error TS17004: Cannot use JSX unless the '--jsx' flag is provided.
../../apps/web-customer/src/components/maintenance/CreateMaintenanceRequestModal.tsx(180,13): error TS17004: Cannot use JSX unless the '--jsx' flag is provided.
../../apps/web-customer/src/components/maintenance/CreateMaintenanceRequestModal.tsx(183,75): error TS2339: Property 'value' does not exist on type 'EventTarget & HTMLInputElement'.
../../apps/web-customer/src/components/maintenance/CreateMaintenanceRequestModal.tsx(192,11): error TS17004: Cannot use JSX unless the '--jsx' flag is provided.
../../apps/web-customer/src/components/maintenance/CreateMaintenanceRequestModal.tsx(193,13): error TS17004: Cannot use JSX unless the '--jsx' flag is provided.
../../apps/web-customer/src/components/maintenance/CreateMaintenanceRequestModal.tsx(196,13): error TS17004: Cannot use JSX unless the '--jsx' flag is provided.
../../apps/web-customer/src/components/maintenance/CreateMaintenanceRequestModal.tsx(198,78): error TS2339: Property 'value' does not exist on type 'EventTarget & HTMLSelectElement'.
../../apps/web-customer/src/components/maintenance/CreateMaintenanceRequestModal.tsx(203,17): error TS17004: Cannot use JSX unless the '--jsx' flag is provided.
../../apps/web-customer/src/components/maintenance/CreateMaintenanceRequestModal.tsx(211,11): error TS17004: Cannot use JSX unless the '--jsx' flag is provided.
../../apps/web-customer/src/components/maintenance/CreateMaintenanceRequestModal.tsx(212,13): error TS17004: Cannot use JSX unless the '--jsx' flag is provided.
../../apps/web-customer/src/components/maintenance/CreateMaintenanceRequestModal.tsx(215,13): error TS17004: Cannot use JSX unless the '--jsx' flag is provided.
../../apps/web-customer/src/components/maintenance/CreateMaintenanceRequestModal.tsx(217,17): error TS17004: Cannot use JSX unless the '--jsx' flag is provided.
../../apps/web-customer/src/components/maintenance/CreateMaintenanceRequestModal.tsx(225,19): error TS17004: Cannot use JSX unless the '--jsx' flag is provided.
../../apps/web-customer/src/components/maintenance/CreateMaintenanceRequestModal.tsx(230,84): error TS2339: Property 'value' does not exist on type 'EventTarget & HTMLInputElement'.
../../apps/web-customer/src/components/maintenance/CreateMaintenanceRequestModal.tsx(234,19): error TS17004: Cannot use JSX unless the '--jsx' flag is provided.
../../apps/web-customer/src/components/maintenance/CreateMaintenanceRequestModal.tsx(235,21): error TS17004: Cannot use JSX unless the '--jsx' flag is provided.
../../apps/web-customer/src/components/maintenance/CreateMaintenanceRequestModal.tsx(236,21): error TS17004: Cannot use JSX unless the '--jsx' flag is provided.
../../apps/web-customer/src/components/maintenance/CreateMaintenanceRequestModal.tsx(244,11): error TS17004: Cannot use JSX unless the '--jsx' flag is provided.
../../apps/web-customer/src/components/maintenance/CreateMaintenanceRequestModal.tsx(245,13): error TS17004: Cannot use JSX unless the '--jsx' flag is provided.
../../apps/web-customer/src/components/maintenance/CreateMaintenanceRequestModal.tsx(248,13): error TS17004: Cannot use JSX unless the '--jsx' flag is provided.
../../apps/web-customer/src/components/maintenance/CreateMaintenanceRequestModal.tsx(250,81): error TS2339: Property 'value' does not exist on type 'EventTarget & HTMLTextAreaElement'.
../../apps/web-customer/src/components/maintenance/CreateMaintenanceRequestModal.tsx(260,11): error TS17004: Cannot use JSX unless the '--jsx' flag is provided.
../../apps/web-customer/src/components/maintenance/CreateMaintenanceRequestModal.tsx(261,13): error TS17004: Cannot use JSX unless the '--jsx' flag is provided.
../../apps/web-customer/src/components/maintenance/CreateMaintenanceRequestModal.tsx(264,13): error TS17004: Cannot use JSX unless the '--jsx' flag is provided.
../../apps/web-customer/src/components/maintenance/CreateMaintenanceRequestModal.tsx(267,84): error TS2339: Property 'value' does not exist on type 'EventTarget & HTMLInputElement'.
../../apps/web-customer/src/components/maintenance/CreateMaintenanceRequestModal.tsx(272,13): error TS17004: Cannot use JSX unless the '--jsx' flag is provided.
../../apps/web-customer/src/components/maintenance/CreateMaintenanceRequestModal.tsx(278,11): error TS17004: Cannot use JSX unless the '--jsx' flag is provided.
../../apps/web-customer/src/components/maintenance/CreateMaintenanceRequestModal.tsx(279,13): error TS17004: Cannot use JSX unless the '--jsx' flag is provided.
../../apps/web-customer/src/components/maintenance/CreateMaintenanceRequestModal.tsx(288,13): error TS17004: Cannot use JSX unless the '--jsx' flag is provided.
../../apps/web-customer/src/components/maintenance/CreateMaintenanceRequestModal.tsx(294,17): error TS17004: Cannot use JSX unless the '--jsx' flag is provided.
../../apps/web-customer/src/components/maintenance/CreateMaintenanceRequestModal.tsx(295,19): error TS17004: Cannot use JSX unless the '--jsx' flag is provided.
../../apps/web-customer/src/components/maintenance/CreateMaintenanceRequestModal.tsx(296,19): error TS17004: Cannot use JSX unless the '--jsx' flag is provided.
../../apps/web-customer/src/components/maintenance/GuestReportsTab.tsx(40,30): error TS2304: Cannot find name 'localStorage'.
../../apps/web-customer/src/components/maintenance/GuestReportsTab.tsx(50,25): error TS18046: 'data' is of type 'unknown'.
../../apps/web-customer/src/components/maintenance/GuestReportsTab.tsx(61,28): error TS2304: Cannot find name 'localStorage'.
../../apps/web-customer/src/components/maintenance/GuestReportsTab.tsx(84,28): error TS2304: Cannot find name 'localStorage'.
../../apps/web-customer/src/components/maintenance/GuestReportsTab.tsx(106,12): error TS17004: Cannot use JSX unless the '--jsx' flag is provided.
../../apps/web-customer/src/components/maintenance/GuestReportsTab.tsx(106,55): error TS17004: Cannot use JSX unless the '--jsx' flag is provided.
../../apps/web-customer/src/components/maintenance/GuestReportsTab.tsx(111,7): error TS17004: Cannot use JSX unless the '--jsx' flag is provided.
../../apps/web-customer/src/components/maintenance/GuestReportsTab.tsx(119,5): error TS17004: Cannot use JSX unless the '--jsx' flag is provided.
../../apps/web-customer/src/components/maintenance/GuestReportsTab.tsx(121,9): error TS17004: Cannot use JSX unless the '--jsx' flag is provided.
../../apps/web-customer/src/components/maintenance/GuestReportsTab.tsx(122,11): error TS17004: Cannot use JSX unless the '--jsx' flag is provided.
../../apps/web-customer/src/components/maintenance/GuestReportsTab.tsx(123,13): error TS17004: Cannot use JSX unless the '--jsx' flag is provided.
../../apps/web-customer/src/components/maintenance/GuestReportsTab.tsx(124,15): error TS17004: Cannot use JSX unless the '--jsx' flag is provided.
../../apps/web-customer/src/components/maintenance/GuestReportsTab.tsx(127,15): error TS17004: Cannot use JSX unless the '--jsx' flag is provided.
../../apps/web-customer/src/components/maintenance/GuestReportsTab.tsx(129,13): error TS17004: Cannot use JSX unless the '--jsx' flag is provided.
../../apps/web-customer/src/components/maintenance/GuestReportsTab.tsx(134,11): error TS17004: Cannot use JSX unless the '--jsx' flag is provided.
../../apps/web-customer/src/components/maintenance/GuestReportsTab.tsx(135,13): error TS17004: Cannot use JSX unless the '--jsx' flag is provided.
../../apps/web-customer/src/components/maintenance/GuestReportsTab.tsx(136,13): error TS17004: Cannot use JSX unless the '--jsx' flag is provided.
../../apps/web-customer/src/components/maintenance/GuestReportsTab.tsx(139,11): error TS17004: Cannot use JSX unless the '--jsx' flag is provided.
../../apps/web-customer/src/components/maintenance/GuestReportsTab.tsx(140,13): error TS17004: Cannot use JSX unless the '--jsx' flag is provided.
../../apps/web-customer/src/components/maintenance/GuestReportsTab.tsx(141,13): error TS17004: Cannot use JSX unless the '--jsx' flag is provided.
../../apps/web-customer/src/components/maintenance/GuestReportsTab.tsx(145,13): error TS17004: Cannot use JSX unless the '--jsx' flag is provided.
../../apps/web-customer/src/components/maintenance/GuestReportsTab.tsx(146,15): error TS17004: Cannot use JSX unless the '--jsx' flag is provided.
../../apps/web-customer/src/components/maintenance/GuestReportsTab.tsx(147,15): error TS17004: Cannot use JSX unless the '--jsx' flag is provided.
../../apps/web-customer/src/components/maintenance/GuestReportsTab.tsx(154,11): error TS17004: Cannot use JSX unless the '--jsx' flag is provided.
../../apps/web-customer/src/components/maintenance/GuestReportsTab.tsx(155,13): error TS17004: Cannot use JSX unless the '--jsx' flag is provided.
../../apps/web-customer/src/components/maintenance/GuestReportsTab.tsx(161,13): error TS17004: Cannot use JSX unless the '--jsx' flag is provided.
../../apps/web-customer/src/components/maintenance/GuestReportsTab.tsx(162,15): error TS17004: Cannot use JSX unless the '--jsx' flag is provided.
../../apps/web-customer/src/components/maintenance/GuestReportsTab.tsx(163,15): error TS17004: Cannot use JSX unless the '--jsx' flag is provided.
../../apps/web-customer/src/components/maintenance/GuestReportsTab.tsx(165,19): error TS17004: Cannot use JSX unless the '--jsx' flag is provided.
../../apps/web-customer/src/components/maintenance/GuestReportsTab.tsx(176,11): error TS17004: Cannot use JSX unless the '--jsx' flag is provided.
../../apps/web-customer/src/components/maintenance/GuestReportsTab.tsx(177,13): error TS17004: Cannot use JSX unless the '--jsx' flag is provided.
../../apps/web-customer/src/components/maintenance/GuestReportsTab.tsx(183,13): error TS17004: Cannot use JSX unless the '--jsx' flag is provided.
../../apps/web-customer/src/components/maintenance/MaintenanceJobsTab.tsx(43,58): error TS6133: 'onRefresh' is declared but its value is never read.
../../apps/web-customer/src/components/maintenance/MaintenanceJobsTab.tsx(55,30): error TS2304: Cannot find name 'localStorage'.
../../apps/web-customer/src/components/maintenance/MaintenanceJobsTab.tsx(64,17): error TS18046: 'data' is of type 'unknown'.
../../apps/web-customer/src/components/maintenance/MaintenanceJobsTab.tsx(107,12): error TS17004: Cannot use JSX unless the '--jsx' flag is provided.
../../apps/web-customer/src/components/maintenance/MaintenanceJobsTab.tsx(107,55): error TS17004: Cannot use JSX unless the '--jsx' flag is provided.
../../apps/web-customer/src/components/maintenance/MaintenanceJobsTab.tsx(112,7): error TS17004: Cannot use JSX unless the '--jsx' flag is provided.
../../apps/web-customer/src/components/maintenance/MaintenanceJobsTab.tsx(120,5): error TS17004: Cannot use JSX unless the '--jsx' flag is provided.
../../apps/web-customer/src/components/maintenance/MaintenanceJobsTab.tsx(122,9): error TS17004: Cannot use JSX unless the '--jsx' flag is provided.
../../apps/web-customer/src/components/maintenance/MaintenanceJobsTab.tsx(123,11): error TS17004: Cannot use JSX unless the '--jsx' flag is provided.
../../apps/web-customer/src/components/maintenance/MaintenanceJobsTab.tsx(124,13): error TS17004: Cannot use JSX unless the '--jsx' flag is provided.
../../apps/web-customer/src/components/maintenance/MaintenanceJobsTab.tsx(125,15): error TS17004: Cannot use JSX unless the '--jsx' flag is provided.
../../apps/web-customer/src/components/maintenance/MaintenanceJobsTab.tsx(126,15): error TS17004: Cannot use JSX unless the '--jsx' flag is provided.
../../apps/web-customer/src/components/maintenance/MaintenanceJobsTab.tsx(127,17): error TS17004: Cannot use JSX unless the '--jsx' flag is provided.
../../apps/web-customer/src/components/maintenance/MaintenanceJobsTab.tsx(128,17): error TS17004: Cannot use JSX unless the '--jsx' flag is provided.
../../apps/web-customer/src/components/maintenance/MaintenanceJobsTab.tsx(133,13): error TS17004: Cannot use JSX unless the '--jsx' flag is provided.
../../apps/web-customer/src/components/maintenance/MaintenanceJobsTab.tsx(134,15): error TS17004: Cannot use JSX unless the '--jsx' flag is provided.
../../apps/web-customer/src/components/maintenance/MaintenanceJobsTab.tsx(140,11): error TS17004: Cannot use JSX unless the '--jsx' flag is provided.
../../apps/web-customer/src/components/maintenance/MaintenanceJobsTab.tsx(141,13): error TS17004: Cannot use JSX unless the '--jsx' flag is provided.
../../apps/web-customer/src/components/maintenance/MaintenanceJobsTab.tsx(142,15): error TS17004: Cannot use JSX unless the '--jsx' flag is provided.
../../apps/web-customer/src/components/maintenance/MaintenanceJobsTab.tsx(143,15): error TS17004: Cannot use JSX unless the '--jsx' flag is provided.
../../apps/web-customer/src/components/maintenance/MaintenanceJobsTab.tsx(145,13): error TS17004: Cannot use JSX unless the '--jsx' flag is provided.
../../apps/web-customer/src/components/maintenance/MaintenanceJobsTab.tsx(146,15): error TS17004: Cannot use JSX unless the '--jsx' flag is provided.
../../apps/web-customer/src/components/maintenance/MaintenanceJobsTab.tsx(147,15): error TS17004: Cannot use JSX unless the '--jsx' flag is provided.
../../apps/web-customer/src/components/maintenance/MaintenanceJobsTab.tsx(151,13): error TS17004: Cannot use JSX unless the '--jsx' flag is provided.
../../apps/web-customer/src/components/maintenance/MaintenanceJobsTab.tsx(152,15): error TS17004: Cannot use JSX unless the '--jsx' flag is provided.
../../apps/web-customer/src/components/maintenance/MaintenanceJobsTab.tsx(153,15): error TS17004: Cannot use JSX unless the '--jsx' flag is provided.
../../apps/web-customer/src/components/maintenance/MaintenanceJobsTab.tsx(155,13): error TS17004: Cannot use JSX unless the '--jsx' flag is provided.
../../apps/web-customer/src/components/maintenance/MaintenanceJobsTab.tsx(156,15): error TS17004: Cannot use JSX unless the '--jsx' flag is provided.
../../apps/web-customer/src/components/maintenance/MaintenanceJobsTab.tsx(157,15): error TS17004: Cannot use JSX unless the '--jsx' flag is provided.
../../apps/web-customer/src/components/maintenance/MaintenanceJobsTab.tsx(164,13): error TS17004: Cannot use JSX unless the '--jsx' flag is provided.
../../apps/web-customer/src/components/maintenance/MaintenanceJobsTab.tsx(165,15): error TS17004: Cannot use JSX unless the '--jsx' flag is provided.
../../apps/web-customer/src/components/maintenance/MaintenanceJobsTab.tsx(170,13): error TS17004: Cannot use JSX unless the '--jsx' flag is provided.
../../apps/web-customer/src/components/maintenance/MaintenanceJobsTab.tsx(171,15): error TS17004: Cannot use JSX unless the '--jsx' flag is provided.
../../apps/web-customer/src/components/maintenance/MaintenanceJobsTab.tsx(172,15): error TS17004: Cannot use JSX unless the '--jsx' flag is provided.
../../apps/web-customer/src/components/maintenance/MaintenanceJobsTab.tsx(179,13): error TS17004: Cannot use JSX unless the '--jsx' flag is provided.
../../apps/web-customer/src/components/maintenance/MaintenanceJobsTab.tsx(180,15): error TS17004: Cannot use JSX unless the '--jsx' flag is provided.
../../apps/web-customer/src/components/maintenance/MaintenanceJobsTab.tsx(181,15): error TS17004: Cannot use JSX unless the '--jsx' flag is provided.
../../apps/web-customer/src/components/maintenance/MaintenanceJobsTab.tsx(189,13): error TS17004: Cannot use JSX unless the '--jsx' flag is provided.
../../apps/web-customer/src/components/maintenance/MaintenanceJobsTab.tsx(190,15): error TS17004: Cannot use JSX unless the '--jsx' flag is provided.
../../apps/web-customer/src/components/maintenance/MaintenanceJobsTab.tsx(191,15): error TS17004: Cannot use JSX unless the '--jsx' flag is provided.
../../apps/web-customer/src/components/maintenance/MaintenanceJobsTab.tsx(192,43): error TS2339: Property 'total' does not exist on type '{ id: string; total_amount: number; status: string; }'.
../../apps/web-customer/src/components/maintenance/MaintenanceJobsTab.tsx(198,13): error TS17004: Cannot use JSX unless the '--jsx' flag is provided.
../../apps/web-customer/src/components/maintenance/MaintenanceJobsTab.tsx(199,15): error TS17004: Cannot use JSX unless the '--jsx' flag is provided.
../../apps/web-customer/src/components/maintenance/WorkerReportsTab.tsx(54,30): error TS2304: Cannot find name 'localStorage'.
../../apps/web-customer/src/components/maintenance/WorkerReportsTab.tsx(64,25): error TS18046: 'data' is of type 'unknown'.
../../apps/web-customer/src/components/maintenance/WorkerReportsTab.tsx(77,28): error TS2304: Cannot find name 'localStorage'.
../../apps/web-customer/src/components/maintenance/WorkerReportsTab.tsx(100,28): error TS2304: Cannot find name 'localStorage'.
../../apps/web-customer/src/components/maintenance/WorkerReportsTab.tsx(137,12): error TS17004: Cannot use JSX unless the '--jsx' flag is provided.
../../apps/web-customer/src/components/maintenance/WorkerReportsTab.tsx(137,55): error TS17004: Cannot use JSX unless the '--jsx' flag is provided.
../../apps/web-customer/src/components/maintenance/WorkerReportsTab.tsx(142,7): error TS17004: Cannot use JSX unless the '--jsx' flag is provided.
../../apps/web-customer/src/components/maintenance/WorkerReportsTab.tsx(150,5): error TS17004: Cannot use JSX unless the '--jsx' flag is provided.
../../apps/web-customer/src/components/maintenance/WorkerReportsTab.tsx(152,9): error TS17004: Cannot use JSX unless the '--jsx' flag is provided.
../../apps/web-customer/src/components/maintenance/WorkerReportsTab.tsx(153,11): error TS17004: Cannot use JSX unless the '--jsx' flag is provided.
../../apps/web-customer/src/components/maintenance/WorkerReportsTab.tsx(154,13): error TS17004: Cannot use JSX unless the '--jsx' flag is provided.
../../apps/web-customer/src/components/maintenance/WorkerReportsTab.tsx(155,15): error TS17004: Cannot use JSX unless the '--jsx' flag is provided.
../../apps/web-customer/src/components/maintenance/WorkerReportsTab.tsx(156,15): error TS17004: Cannot use JSX unless the '--jsx' flag is provided.
../../apps/web-customer/src/components/maintenance/WorkerReportsTab.tsx(160,13): error TS17004: Cannot use JSX unless the '--jsx' flag is provided.
../../apps/web-customer/src/components/maintenance/WorkerReportsTab.tsx(165,11): error TS17004: Cannot use JSX unless the '--jsx' flag is provided.
../../apps/web-customer/src/components/maintenance/WorkerReportsTab.tsx(166,13): error TS17004: Cannot use JSX unless the '--jsx' flag is provided.
../../apps/web-customer/src/components/maintenance/WorkerReportsTab.tsx(167,13): error TS17004: Cannot use JSX unless the '--jsx' flag is provided.
../../apps/web-customer/src/components/maintenance/WorkerReportsTab.tsx(170,11): error TS17004: Cannot use JSX unless the '--jsx' flag is provided.
../../apps/web-customer/src/components/maintenance/WorkerReportsTab.tsx(171,13): error TS17004: Cannot use JSX unless the '--jsx' flag is provided.
../../apps/web-customer/src/components/maintenance/WorkerReportsTab.tsx(172,13): error TS17004: Cannot use JSX unless the '--jsx' flag is provided.
../../apps/web-customer/src/components/maintenance/WorkerReportsTab.tsx(176,13): error TS17004: Cannot use JSX unless the '--jsx' flag is provided.
../../apps/web-customer/src/components/maintenance/WorkerReportsTab.tsx(177,15): error TS17004: Cannot use JSX unless the '--jsx' flag is provided.
../../apps/web-customer/src/components/maintenance/WorkerReportsTab.tsx(178,15): error TS17004: Cannot use JSX unless the '--jsx' flag is provided.
../../apps/web-customer/src/components/maintenance/WorkerReportsTab.tsx(186,13): error TS17004: Cannot use JSX unless the '--jsx' flag is provided.
../../apps/web-customer/src/components/maintenance/WorkerReportsTab.tsx(187,15): error TS17004: Cannot use JSX unless the '--jsx' flag is provided.
../../apps/web-customer/src/components/maintenance/WorkerReportsTab.tsx(188,15): error TS17004: Cannot use JSX unless the '--jsx' flag is provided.
../../apps/web-customer/src/components/maintenance/WorkerReportsTab.tsx(194,11): error TS17004: Cannot use JSX unless the '--jsx' flag is provided.
../../apps/web-customer/src/components/maintenance/WorkerReportsTab.tsx(195,13): error TS17004: Cannot use JSX unless the '--jsx' flag is provided.
../../apps/web-customer/src/components/maintenance/WorkerReportsTab.tsx(201,13): error TS17004: Cannot use JSX unless the '--jsx' flag is provided.
../../apps/web-customer/src/components/maintenance/WorkerReportsTab.tsx(202,15): error TS17004: Cannot use JSX unless the '--jsx' flag is provided.
../../apps/web-customer/src/components/maintenance/WorkerReportsTab.tsx(203,15): error TS17004: Cannot use JSX unless the '--jsx' flag is provided.
../../apps/web-customer/src/components/maintenance/WorkerReportsTab.tsx(205,19): error TS17004: Cannot use JSX unless the '--jsx' flag is provided.
../../apps/web-customer/src/components/maintenance/WorkerReportsTab.tsx(217,13): error TS17004: Cannot use JSX unless the '--jsx' flag is provided.
../../apps/web-customer/src/components/maintenance/WorkerReportsTab.tsx(218,15): error TS17004: Cannot use JSX unless the '--jsx' flag is provided.
../../apps/web-customer/src/components/maintenance/WorkerReportsTab.tsx(220,62): error TS2339: Property 'value' does not exist on type 'EventTarget & HTMLTextAreaElement'.
../../apps/web-customer/src/components/maintenance/WorkerReportsTab.tsx(225,15): error TS17004: Cannot use JSX unless the '--jsx' flag is provided.
../../apps/web-customer/src/components/maintenance/WorkerReportsTab.tsx(226,17): error TS17004: Cannot use JSX unless the '--jsx' flag is provided.
../../apps/web-customer/src/components/maintenance/WorkerReportsTab.tsx(232,17): error TS17004: Cannot use JSX unless the '--jsx' flag is provided.
../../apps/web-customer/src/components/maintenance/WorkerReportsTab.tsx(245,13): error TS17004: Cannot use JSX unless the '--jsx' flag is provided.
../../apps/web-customer/src/components/maintenance/WorkerReportsTab.tsx(246,15): error TS17004: Cannot use JSX unless the '--jsx' flag is provided.
../../apps/web-customer/src/components/maintenance/WorkerReportsTab.tsx(252,15): error TS17004: Cannot use JSX unless the '--jsx' flag is provided.
../../apps/web-customer/src/components/navigation/Breadcrumbs.tsx(28,5): error TS17004: Cannot use JSX unless the '--jsx' flag is provided.
../../apps/web-customer/src/components/navigation/Breadcrumbs.tsx(29,7): error TS17004: Cannot use JSX unless the '--jsx' flag is provided.
../../apps/web-customer/src/components/navigation/Breadcrumbs.tsx(49,5): error TS17004: Cannot use JSX unless the '--jsx' flag is provided.
../../apps/web-customer/src/components/navigation/Breadcrumbs.tsx(50,7): error TS17004: Cannot use JSX unless the '--jsx' flag is provided.
../../apps/web-customer/src/components/navigation/Breadcrumbs.tsx(56,13): error TS17004: Cannot use JSX unless the '--jsx' flag is provided.
../../apps/web-customer/src/components/navigation/Breadcrumbs.tsx(58,17): error TS17004: Cannot use JSX unless the '--jsx' flag is provided.
../../apps/web-customer/src/components/navigation/Breadcrumbs.tsx(60,17): error TS17004: Cannot use JSX unless the '--jsx' flag is provided.
../../apps/web-customer/src/components/navigation/Breadcrumbs.tsx(61,33): error TS17004: Cannot use JSX unless the '--jsx' flag is provided.
../../apps/web-customer/src/components/navigation/Breadcrumbs.tsx(62,19): error TS17004: Cannot use JSX unless the '--jsx' flag is provided.
../../apps/web-customer/src/components/navigation/Breadcrumbs.tsx(65,17): error TS17004: Cannot use JSX unless the '--jsx' flag is provided.
../../apps/web-customer/src/components/navigation/Breadcrumbs.tsx(66,33): error TS17004: Cannot use JSX unless the '--jsx' flag is provided.
../../apps/web-customer/src/components/navigation/Breadcrumbs.tsx(67,19): error TS17004: Cannot use JSX unless the '--jsx' flag is provided.
../../apps/web-customer/src/components/navigation/Breadcrumbs.tsx(72,17): error TS17004: Cannot use JSX unless the '--jsx' flag is provided.
../../apps/web-customer/src/components/navigation/ProfileMenu.tsx(32,47): error TS2339: Property 'contains' does not exist on type 'HTMLDivElement'.
../../apps/web-customer/src/components/navigation/ProfileMenu.tsx(32,68): error TS2304: Cannot find name 'Node'.
../../apps/web-customer/src/components/navigation/ProfileMenu.tsx(38,13): error TS2339: Property 'key' does not exist on type 'KeyboardEvent'.
../../apps/web-customer/src/components/navigation/ProfileMenu.tsx(44,7): error TS2584: Cannot find name 'document'. Do you need to change your target library? Try changing the 'lib' compiler option to include 'dom'.
../../apps/web-customer/src/components/navigation/ProfileMenu.tsx(45,7): error TS2584: Cannot find name 'document'. Do you need to change your target library? Try changing the 'lib' compiler option to include 'dom'.
../../apps/web-customer/src/components/navigation/ProfileMenu.tsx(47,9): error TS2584: Cannot find name 'document'. Do you need to change your target library? Try changing the 'lib' compiler option to include 'dom'.
../../apps/web-customer/src/components/navigation/ProfileMenu.tsx(48,9): error TS2584: Cannot find name 'document'. Do you need to change your target library? Try changing the 'lib' compiler option to include 'dom'.
../../apps/web-customer/src/components/navigation/ProfileMenu.tsx(59,5): error TS17004: Cannot use JSX unless the '--jsx' flag is provided.
../../apps/web-customer/src/components/navigation/ProfileMenu.tsx(60,7): error TS17004: Cannot use JSX unless the '--jsx' flag is provided.
../../apps/web-customer/src/components/navigation/ProfileMenu.tsx(66,9): error TS17004: Cannot use JSX unless the '--jsx' flag is provided.
../../apps/web-customer/src/components/navigation/ProfileMenu.tsx(68,13): error TS17004: Cannot use JSX unless the '--jsx' flag is provided.
../../apps/web-customer/src/components/navigation/ProfileMenu.tsx(70,13): error TS17004: Cannot use JSX unless the '--jsx' flag is provided.
../../apps/web-customer/src/components/navigation/ProfileMenu.tsx(80,9): error TS17004: Cannot use JSX unless the '--jsx' flag is provided.
../../apps/web-customer/src/components/navigation/ProfileMenu.tsx(81,11): error TS17004: Cannot use JSX unless the '--jsx' flag is provided.
../../apps/web-customer/src/components/navigation/ProfileMenu.tsx(82,25): error TS17004: Cannot use JSX unless the '--jsx' flag is provided.
../../apps/web-customer/src/components/navigation/ProfileMenu.tsx(84,9): error TS17004: Cannot use JSX unless the '--jsx' flag is provided.
../../apps/web-customer/src/components/navigation/ProfileMenu.tsx(91,11): error TS17004: Cannot use JSX unless the '--jsx' flag is provided.
../../apps/web-customer/src/components/navigation/ProfileMenu.tsx(102,9): error TS17004: Cannot use JSX unless the '--jsx' flag is provided.
../../apps/web-customer/src/components/navigation/ProfileMenu.tsx(103,11): error TS17004: Cannot use JSX unless the '--jsx' flag is provided.
../../apps/web-customer/src/components/navigation/ProfileMenu.tsx(104,13): error TS17004: Cannot use JSX unless the '--jsx' flag is provided.
../../apps/web-customer/src/components/navigation/ProfileMenu.tsx(105,13): error TS17004: Cannot use JSX unless the '--jsx' flag is provided.
../../apps/web-customer/src/components/navigation/ProfileMenu.tsx(108,11): error TS17004: Cannot use JSX unless the '--jsx' flag is provided.
../../apps/web-customer/src/components/navigation/ProfileMenu.tsx(110,15): error TS17004: Cannot use JSX unless the '--jsx' flag is provided.
../../apps/web-customer/src/components/navigation/ProfileMenu.tsx(111,34): error TS17004: Cannot use JSX unless the '--jsx' flag is provided.
../../apps/web-customer/src/components/navigation/ProfileMenu.tsx(112,17): error TS17004: Cannot use JSX unless the '--jsx' flag is provided.
../../apps/web-customer/src/components/navigation/ProfileMenu.tsx(113,19): error TS17004: Cannot use JSX unless the '--jsx' flag is provided.
../../apps/web-customer/src/components/navigation/ProfileMenu.tsx(117,35): error TS17004: Cannot use JSX unless the '--jsx' flag is provided.
../../apps/web-customer/src/components/navigation/ProfileMenu.tsx(118,21): error TS17004: Cannot use JSX unless the '--jsx' flag is provided.
../../apps/web-customer/src/components/navigation/SearchBar.tsx(44,14): error TS2339: Property 'metaKey' does not exist on type 'KeyboardEvent'.
../../apps/web-customer/src/components/navigation/SearchBar.tsx(44,27): error TS2339: Property 'ctrlKey' does not exist on type 'KeyboardEvent'.
../../apps/web-customer/src/components/navigation/SearchBar.tsx(44,41): error TS2339: Property 'key' does not exist on type 'KeyboardEvent'.
../../apps/web-customer/src/components/navigation/SearchBar.tsx(46,27): error TS2339: Property 'focus' does not exist on type 'HTMLInputElement'.
../../apps/web-customer/src/components/navigation/SearchBar.tsx(51,5): error TS2584: Cannot find name 'document'. Do you need to change your target library? Try changing the 'lib' compiler option to include 'dom'.
../../apps/web-customer/src/components/navigation/SearchBar.tsx(52,18): error TS2584: Cannot find name 'document'. Do you need to change your target library? Try changing the 'lib' compiler option to include 'dom'.
../../apps/web-customer/src/components/navigation/SearchBar.tsx(58,51): error TS2339: Property 'contains' does not exist on type 'HTMLDivElement'.
../../apps/web-customer/src/components/navigation/SearchBar.tsx(58,72): error TS2304: Cannot find name 'Node'.
../../apps/web-customer/src/components/navigation/SearchBar.tsx(63,5): error TS2584: Cannot find name 'document'. Do you need to change your target library? Try changing the 'lib' compiler option to include 'dom'.
../../apps/web-customer/src/components/navigation/SearchBar.tsx(64,18): error TS2584: Cannot find name 'document'. Do you need to change your target library? Try changing the 'lib' compiler option to include 'dom'.
../../apps/web-customer/src/components/navigation/SearchBar.tsx(68,28): error TS2339: Property 'value' does not exist on type 'EventTarget & HTMLInputElement'.
../../apps/web-customer/src/components/navigation/SearchBar.tsx(95,27): error TS2339: Property 'blur' does not exist on type 'HTMLInputElement'.
../../apps/web-customer/src/components/navigation/SearchBar.tsx(104,23): error TS2339: Property 'blur' does not exist on type 'HTMLInputElement'.
../../apps/web-customer/src/components/navigation/SearchBar.tsx(108,5): error TS17004: Cannot use JSX unless the '--jsx' flag is provided.
../../apps/web-customer/src/components/navigation/SearchBar.tsx(109,7): error TS17004: Cannot use JSX unless the '--jsx' flag is provided.
../../apps/web-customer/src/components/navigation/SearchBar.tsx(110,9): error TS17004: Cannot use JSX unless the '--jsx' flag is provided.
../../apps/web-customer/src/components/navigation/SearchBar.tsx(111,11): error TS17004: Cannot use JSX unless the '--jsx' flag is provided.
../../apps/web-customer/src/components/navigation/SearchBar.tsx(112,13): error TS17004: Cannot use JSX unless the '--jsx' flag is provided.
../../apps/web-customer/src/components/navigation/SearchBar.tsx(122,9): error TS17004: Cannot use JSX unless the '--jsx' flag is provided.
../../apps/web-customer/src/components/navigation/SearchBar.tsx(134,11): error TS17004: Cannot use JSX unless the '--jsx' flag is provided.
../../apps/web-customer/src/components/navigation/SearchBar.tsx(135,13): error TS17004: Cannot use JSX unless the '--jsx' flag is provided.
../../apps/web-customer/src/components/navigation/SearchBar.tsx(136,15): error TS17004: Cannot use JSX unless the '--jsx' flag is provided.
../../apps/web-customer/src/components/navigation/SearchBar.tsx(149,34): error TS17004: Cannot use JSX unless the '--jsx' flag is provided.
../../apps/web-customer/src/components/navigation/SearchBar.tsx(153,9): error TS17004: Cannot use JSX unless the '--jsx' flag is provided.
../../apps/web-customer/src/components/navigation/SearchBar.tsx(154,11): error TS17004: Cannot use JSX unless the '--jsx' flag is provided.
../../apps/web-customer/src/components/navigation/SearchBar.tsx(156,15): error TS17004: Cannot use JSX unless the '--jsx' flag is provided.
../../apps/web-customer/src/components/navigation/SearchBar.tsx(157,17): error TS17004: Cannot use JSX unless the '--jsx' flag is provided.
../../apps/web-customer/src/components/navigation/SearchBar.tsx(162,35): error TS17004: Cannot use JSX unless the '--jsx' flag is provided.
../../apps/web-customer/src/components/navigation/SearchBar.tsx(163,19): error TS17004: Cannot use JSX unless the '--jsx' flag is provided.
../../apps/web-customer/src/components/navigation/SearchBar.tsx(164,21): error TS17004: Cannot use JSX unless the '--jsx' flag is provided.
../../apps/web-customer/src/components/navigation/SearchBar.tsx(166,23): error TS17004: Cannot use JSX unless the '--jsx' flag is provided.
../../apps/web-customer/src/components/navigation/SearchBar.tsx(170,21): error TS17004: Cannot use JSX unless the '--jsx' flag is provided.
../../apps/web-customer/src/components/navigation/SearchBar.tsx(180,9): error TS17004: Cannot use JSX unless the '--jsx' flag is provided.
../../apps/web-customer/src/components/navigation/SearchBar.tsx(181,11): error TS17004: Cannot use JSX unless the '--jsx' flag is provided.
../../apps/web-customer/src/components/navigation/Sidebar.tsx(47,5): error TS17004: Cannot use JSX unless the '--jsx' flag is provided.
../../apps/web-customer/src/components/navigation/Sidebar.tsx(49,16): error TS17004: Cannot use JSX unless the '--jsx' flag is provided.
../../apps/web-customer/src/components/navigation/Sidebar.tsx(52,7): error TS17004: Cannot use JSX unless the '--jsx' flag is provided.
../../apps/web-customer/src/components/navigation/Sidebar.tsx(53,9): error TS17004: Cannot use JSX unless the '--jsx' flag is provided.
../../apps/web-customer/src/components/navigation/Sidebar.tsx(55,13): error TS17004: Cannot use JSX unless the '--jsx' flag is provided.
../../apps/web-customer/src/components/navigation/Sidebar.tsx(57,17): error TS17004: Cannot use JSX unless the '--jsx' flag is provided.
../../apps/web-customer/src/components/navigation/Sidebar.tsx(58,19): error TS17004: Cannot use JSX unless the '--jsx' flag is provided.
../../apps/web-customer/src/components/navigation/Sidebar.tsx(64,21): error TS17004: Cannot use JSX unless the '--jsx' flag is provided.
../../apps/web-customer/src/components/navigation/Sidebar.tsx(66,23): error TS17004: Cannot use JSX unless the '--jsx' flag is provided.
../../apps/web-customer/src/components/navigation/Sidebar.tsx(67,25): error TS17004: Cannot use JSX unless the '--jsx' flag is provided.
../../apps/web-customer/src/components/navigation/Sidebar.tsx(68,25): error TS17004: Cannot use JSX unless the '--jsx' flag is provided.
../../apps/web-customer/src/components/navigation/Sidebar.tsx(75,27): error TS17004: Cannot use JSX unless the '--jsx' flag is provided.
../../apps/web-customer/src/components/navigation/Sidebar.tsx(87,21): error TS17004: Cannot use JSX unless the '--jsx' flag is provided.
../../apps/web-customer/src/components/navigation/Sidebar.tsx(89,25): error TS17004: Cannot use JSX unless the '--jsx' flag is provided.
../../apps/web-customer/src/components/navigation/Sidebar.tsx(90,27): error TS17004: Cannot use JSX unless the '--jsx' flag is provided.
../../apps/web-customer/src/components/navigation/Sidebar.tsx(94,29): error TS17004: Cannot use JSX unless the '--jsx' flag is provided.
../../apps/web-customer/src/components/navigation/Sidebar.tsx(95,29): error TS17004: Cannot use JSX unless the '--jsx' flag is provided.
../../apps/web-customer/src/components/navigation/Sidebar.tsx(96,45): error TS17004: Cannot use JSX unless the '--jsx' flag is provided.
../../apps/web-customer/src/components/navigation/Sidebar.tsx(104,17): error TS17004: Cannot use JSX unless the '--jsx' flag is provided.
../../apps/web-customer/src/components/navigation/Sidebar.tsx(109,19): error TS17004: Cannot use JSX unless the '--jsx' flag is provided.
../../apps/web-customer/src/components/navigation/Sidebar.tsx(111,21): error TS17004: Cannot use JSX unless the '--jsx' flag is provided.
../../apps/web-customer/src/components/navigation/Sidebar.tsx(112,23): error TS17004: Cannot use JSX unless the '--jsx' flag is provided.
../../apps/web-customer/src/components/navigation/Sidebar.tsx(113,38): error TS17004: Cannot use JSX unless the '--jsx' flag is provided.
../../apps/web-customer/src/components/navigation/Sidebar.tsx(124,20): error TS17004: Cannot use JSX unless the '--jsx' flag is provided.
../../apps/web-customer/src/components/navigation/Sidebar.tsx(128,9): error TS17004: Cannot use JSX unless the '--jsx' flag is provided.
../../apps/web-customer/src/components/navigation/Sidebar.tsx(129,11): error TS17004: Cannot use JSX unless the '--jsx' flag is provided.
../../apps/web-customer/src/components/navigation/Sidebar.tsx(130,13): error TS17004: Cannot use JSX unless the '--jsx' flag is provided.
../../apps/web-customer/src/components/navigation/index.ts(6,25): error TS6142: Module './Sidebar' was resolved to '/home/orrox/projects/rightfit-cleaning-staging/apps/web-customer/src/components/navigation/Sidebar.tsx', but '--jsx' is not set.
../../apps/web-customer/src/components/navigation/index.ts(7,44): error TS6142: Module './Sidebar' was resolved to '/home/orrox/projects/rightfit-cleaning-staging/apps/web-customer/src/components/navigation/Sidebar.tsx', but '--jsx' is not set.
../../apps/web-customer/src/components/navigation/index.ts(9,29): error TS6142: Module './Breadcrumbs' was resolved to '/home/orrox/projects/rightfit-cleaning-staging/apps/web-customer/src/components/navigation/Breadcrumbs.tsx', but '--jsx' is not set.
../../apps/web-customer/src/components/navigation/index.ts(10,55): error TS6142: Module './Breadcrumbs' was resolved to '/home/orrox/projects/rightfit-cleaning-staging/apps/web-customer/src/components/navigation/Breadcrumbs.tsx', but '--jsx' is not set.
../../apps/web-customer/src/components/navigation/index.ts(12,27): error TS6142: Module './SearchBar' was resolved to '/home/orrox/projects/rightfit-cleaning-staging/apps/web-customer/src/components/navigation/SearchBar.tsx', but '--jsx' is not set.
../../apps/web-customer/src/components/navigation/index.ts(13,51): error TS6142: Module './SearchBar' was resolved to '/home/orrox/projects/rightfit-cleaning-staging/apps/web-customer/src/components/navigation/SearchBar.tsx', but '--jsx' is not set.
../../apps/web-customer/src/components/navigation/index.ts(15,29): error TS6142: Module './ProfileMenu' was resolved to '/home/orrox/projects/rightfit-cleaning-staging/apps/web-customer/src/components/navigation/ProfileMenu.tsx', but '--jsx' is not set.
../../apps/web-customer/src/components/navigation/index.ts(16,39): error TS6142: Module './ProfileMenu' was resolved to '/home/orrox/projects/rightfit-cleaning-staging/apps/web-customer/src/components/navigation/ProfileMenu.tsx', but '--jsx' is not set.
../../apps/web-customer/src/components/ui/Toast.tsx(39,9): error TS17004: Cannot use JSX unless the '--jsx' flag is provided.
../../apps/web-customer/src/components/ui/Toast.tsx(40,11): error TS17004: Cannot use JSX unless the '--jsx' flag is provided.
../../apps/web-customer/src/components/ui/Toast.tsx(51,9): error TS17004: Cannot use JSX unless the '--jsx' flag is provided.
../../apps/web-customer/src/components/ui/Toast.tsx(52,11): error TS17004: Cannot use JSX unless the '--jsx' flag is provided.
../../apps/web-customer/src/components/ui/Toast.tsx(63,9): error TS17004: Cannot use JSX unless the '--jsx' flag is provided.
../../apps/web-customer/src/components/ui/Toast.tsx(64,11): error TS17004: Cannot use JSX unless the '--jsx' flag is provided.
../../apps/web-customer/src/components/ui/Toast.tsx(75,9): error TS17004: Cannot use JSX unless the '--jsx' flag is provided.
../../apps/web-customer/src/components/ui/Toast.tsx(76,11): error TS17004: Cannot use JSX unless the '--jsx' flag is provided.
../../apps/web-customer/src/components/ui/Toast.tsx(97,5): error TS17004: Cannot use JSX unless the '--jsx' flag is provided.
../../apps/web-customer/src/components/ui/Toast.tsx(98,7): error TS17004: Cannot use JSX unless the '--jsx' flag is provided.
../../apps/web-customer/src/components/ui/Toast.tsx(99,9): error TS17004: Cannot use JSX unless the '--jsx' flag is provided.
../../apps/web-customer/src/components/ui/Toast.tsx(102,7): error TS17004: Cannot use JSX unless the '--jsx' flag is provided.
../../apps/web-customer/src/components/ui/Toast.tsx(103,19): error TS17004: Cannot use JSX unless the '--jsx' flag is provided.
../../apps/web-customer/src/components/ui/Toast.tsx(104,9): error TS17004: Cannot use JSX unless the '--jsx' flag is provided.
../../apps/web-customer/src/components/ui/Toast.tsx(108,9): error TS17004: Cannot use JSX unless the '--jsx' flag is provided.
../../apps/web-customer/src/components/ui/Toast.tsx(114,11): error TS17004: Cannot use JSX unless the '--jsx' flag is provided.
../../apps/web-customer/src/components/ui/Toast.tsx(115,13): error TS17004: Cannot use JSX unless the '--jsx' flag is provided.
../../apps/web-customer/src/components/ui/Toast.tsx(144,5): error TS17004: Cannot use JSX unless the '--jsx' flag is provided.
../../apps/web-customer/src/components/ui/Toast.tsx(146,9): error TS17004: Cannot use JSX unless the '--jsx' flag is provided.
../../apps/web-customer/src/components/ui/Toast.tsx(151,41): error TS2584: Cannot find name 'document'. Do you need to change your target library? Try changing the 'lib' compiler option to include 'dom'.
../../apps/web-customer/src/components/ui/Toast.tsx(248,5): error TS17004: Cannot use JSX unless the '--jsx' flag is provided.
../../apps/web-customer/src/components/ui/Toast.tsx(250,7): error TS17004: Cannot use JSX unless the '--jsx' flag is provided.
../../apps/web-customer/src/components/ui/index.ts(9,41): error TS6142: Module './Toast' was resolved to '/home/orrox/projects/rightfit-cleaning-staging/apps/web-customer/src/components/ui/Toast.tsx', but '--jsx' is not set.
../../apps/web-customer/src/components/ui/index.ts(10,54): error TS6142: Module './Toast' was resolved to '/home/orrox/projects/rightfit-cleaning-staging/apps/web-customer/src/components/ui/Toast.tsx', but '--jsx' is not set.
../../apps/web-customer/src/contexts/AuthContext.tsx(47,19): error TS2304: Cannot find name 'localStorage'.
../../apps/web-customer/src/contexts/AuthContext.tsx(48,24): error TS2304: Cannot find name 'localStorage'.
../../apps/web-customer/src/contexts/AuthContext.tsx(55,9): error TS2304: Cannot find name 'localStorage'.
../../apps/web-customer/src/contexts/AuthContext.tsx(56,9): error TS2304: Cannot find name 'localStorage'.
../../apps/web-customer/src/contexts/AuthContext.tsx(57,9): error TS2304: Cannot find name 'localStorage'.
../../apps/web-customer/src/contexts/AuthContext.tsx(79,7): error TS2304: Cannot find name 'localStorage'.
../../apps/web-customer/src/contexts/AuthContext.tsx(80,7): error TS2304: Cannot find name 'localStorage'.
../../apps/web-customer/src/contexts/AuthContext.tsx(103,7): error TS2304: Cannot find name 'localStorage'.
../../apps/web-customer/src/contexts/AuthContext.tsx(104,7): error TS2304: Cannot find name 'localStorage'.
../../apps/web-customer/src/contexts/AuthContext.tsx(105,7): error TS2304: Cannot find name 'localStorage'.
../../apps/web-customer/src/contexts/AuthContext.tsx(115,5): error TS2304: Cannot find name 'localStorage'.
../../apps/web-customer/src/contexts/AuthContext.tsx(116,5): error TS2304: Cannot find name 'localStorage'.
../../apps/web-customer/src/contexts/AuthContext.tsx(117,5): error TS2304: Cannot find name 'localStorage'.
../../apps/web-customer/src/contexts/AuthContext.tsx(122,5): error TS17004: Cannot use JSX unless the '--jsx' flag is provided.
../../apps/web-customer/src/contexts/ThemeContext.tsx(26,20): error TS2304: Cannot find name 'localStorage'.
../../apps/web-customer/src/contexts/ThemeContext.tsx(31,12): error TS2304: Cannot find name 'window'.
../../apps/web-customer/src/contexts/ThemeContext.tsx(36,24): error TS2304: Cannot find name 'window'.
../../apps/web-customer/src/contexts/ThemeContext.tsx(37,30): error TS2304: Cannot find name 'MediaQueryListEvent'.
../../apps/web-customer/src/contexts/ThemeContext.tsx(50,18): error TS2584: Cannot find name 'document'. Do you need to change your target library? Try changing the 'lib' compiler option to include 'dom'.
../../apps/web-customer/src/contexts/ThemeContext.tsx(60,5): error TS2304: Cannot find name 'localStorage'.
../../apps/web-customer/src/contexts/ThemeContext.tsx(68,5): error TS17004: Cannot use JSX unless the '--jsx' flag is provided.
../../apps/web-customer/src/hooks/useForm.ts(62,30): error TS2339: Property 'type' does not exist on type 'EventTarget & (HTMLSelectElement | HTMLInputElement | HTMLTextAreaElement)'.
  Property 'type' does not exist on type 'EventTarget & HTMLTextAreaElement'.
../../apps/web-customer/src/hooks/useForm.ts(62,83): error TS2339: Property 'checked' does not exist on type 'HTMLInputElement'.
../../apps/web-customer/src/hooks/useForm.ts(62,102): error TS2339: Property 'value' does not exist on type 'EventTarget & (HTMLSelectElement | HTMLInputElement | HTMLTextAreaElement)'.
  Property 'value' does not exist on type 'EventTarget & HTMLTextAreaElement'.
../../apps/web-customer/src/hooks/useKeyboardShortcuts.ts(24,82): error TS2339: Property 'ctrlKey' does not exist on type 'KeyboardEvent'.
../../apps/web-customer/src/hooks/useKeyboardShortcuts.ts(25,82): error TS2339: Property 'metaKey' does not exist on type 'KeyboardEvent'.
../../apps/web-customer/src/hooks/useKeyboardShortcuts.ts(26,85): error TS2339: Property 'shiftKey' does not exist on type 'KeyboardEvent'.
../../apps/web-customer/src/hooks/useKeyboardShortcuts.ts(27,79): error TS2339: Property 'altKey' does not exist on type 'KeyboardEvent'.
../../apps/web-customer/src/hooks/useKeyboardShortcuts.ts(28,63): error TS2339: Property 'key' does not exist on type 'KeyboardEvent'.
../../apps/web-customer/src/hooks/useKeyboardShortcuts.ts(41,5): error TS2584: Cannot find name 'document'. Do you need to change your target library? Try changing the 'lib' compiler option to include 'dom'.
../../apps/web-customer/src/hooks/useKeyboardShortcuts.ts(42,18): error TS2584: Cannot find name 'document'. Do you need to change your target library? Try changing the 'lib' compiler option to include 'dom'.
../../apps/web-customer/src/hooks/useKeyboardShortcuts.ts(64,24): error TS2304: Cannot find name 'navigator'.
../../apps/web-customer/src/hooks/useKeyboardShortcuts.ts(64,64): error TS2304: Cannot find name 'navigator'.
../../apps/web-customer/src/hooks/useKeyboardShortcuts.ts(164,24): error TS2304: Cannot find name 'navigator'.
../../apps/web-customer/src/hooks/useKeyboardShortcuts.ts(164,64): error TS2304: Cannot find name 'navigator'.
../../apps/web-customer/src/hooks/useMediaQuery.ts(10,16): error TS2304: Cannot find name 'window'.
../../apps/web-customer/src/hooks/useMediaQuery.ts(11,14): error TS2304: Cannot find name 'window'.
../../apps/web-customer/src/hooks/useMediaQuery.ts(17,16): error TS2304: Cannot find name 'window'.
../../apps/web-customer/src/hooks/useMediaQuery.ts(19,24): error TS2304: Cannot find name 'window'.
../../apps/web-customer/src/hooks/useMediaQuery.ts(20,30): error TS2304: Cannot find name 'MediaQueryListEvent'.
../../apps/web-customer/src/lib/api.ts(3,22): error TS1343: The 'import.meta' meta-property is only allowed when the '--module' option is 'es2020', 'es2022', 'esnext', 'system', 'node16', 'node18', 'node20', or 'nodenext'.
../../apps/web-customer/src/lib/api.ts(16,19): error TS2304: Cannot find name 'localStorage'.
../../apps/web-customer/src/lib/api.ts(38,30): error TS2304: Cannot find name 'localStorage'.
../../apps/web-customer/src/lib/api.ts(45,11): error TS2304: Cannot find name 'localStorage'.
../../apps/web-customer/src/lib/api.ts(56,9): error TS2304: Cannot find name 'localStorage'.
../../apps/web-customer/src/lib/api.ts(57,9): error TS2304: Cannot find name 'localStorage'.
../../apps/web-customer/src/lib/api.ts(58,9): error TS2304: Cannot find name 'window'.
../../apps/web-customer/src/main.tsx(7,17): error TS5097: An import path can only end with a '.tsx' extension when 'allowImportingTsExtensions' is enabled.
../../apps/web-customer/src/main.tsx(7,17): error TS6142: Module './App.tsx' was resolved to '/home/orrox/projects/rightfit-cleaning-staging/apps/web-customer/src/App.tsx', but '--jsx' is not set.
../../apps/web-customer/src/main.tsx(9,12): error TS2584: Cannot find name 'document'. Do you need to change your target library? Try changing the 'lib' compiler option to include 'dom'.
../../apps/web-customer/src/main.tsx(10,3): error TS17004: Cannot use JSX unless the '--jsx' flag is provided.
../../apps/web-customer/src/main.tsx(11,5): error TS17004: Cannot use JSX unless the '--jsx' flag is provided.
../../apps/web-customer/src/pages/Financial.tsx(47,25): error TS17004: Cannot use JSX unless the '--jsx' flag is provided.
../../apps/web-customer/src/pages/Financial.tsx(47,55): error TS17004: Cannot use JSX unless the '--jsx' flag is provided.
../../apps/web-customer/src/pages/Financial.tsx(50,5): error TS17004: Cannot use JSX unless the '--jsx' flag is provided.
../../apps/web-customer/src/pages/Financial.tsx(51,7): error TS17004: Cannot use JSX unless the '--jsx' flag is provided.
../../apps/web-customer/src/pages/Financial.tsx(52,9): error TS17004: Cannot use JSX unless the '--jsx' flag is provided.
../../apps/web-customer/src/pages/Financial.tsx(53,11): error TS17004: Cannot use JSX unless the '--jsx' flag is provided.
../../apps/web-customer/src/pages/Financial.tsx(54,11): error TS17004: Cannot use JSX unless the '--jsx' flag is provided.
../../apps/web-customer/src/pages/Financial.tsx(58,7): error TS17004: Cannot use JSX unless the '--jsx' flag is provided.
../../apps/web-customer/src/pages/Financial.tsx(59,9): error TS17004: Cannot use JSX unless the '--jsx' flag is provided.
../../apps/web-customer/src/pages/Financial.tsx(60,11): error TS17004: Cannot use JSX unless the '--jsx' flag is provided.
../../apps/web-customer/src/pages/Financial.tsx(61,11): error TS17004: Cannot use JSX unless the '--jsx' flag is provided.
../../apps/web-customer/src/pages/Financial.tsx(63,9): error TS17004: Cannot use JSX unless the '--jsx' flag is provided.
../../apps/web-customer/src/pages/Financial.tsx(64,11): error TS17004: Cannot use JSX unless the '--jsx' flag is provided.
../../apps/web-customer/src/pages/Financial.tsx(65,11): error TS17004: Cannot use JSX unless the '--jsx' flag is provided.
../../apps/web-customer/src/pages/Financial.tsx(67,9): error TS17004: Cannot use JSX unless the '--jsx' flag is provided.
../../apps/web-customer/src/pages/Financial.tsx(68,11): error TS17004: Cannot use JSX unless the '--jsx' flag is provided.
../../apps/web-customer/src/pages/Financial.tsx(69,11): error TS17004: Cannot use JSX unless the '--jsx' flag is provided.
../../apps/web-customer/src/pages/Financial.tsx(71,9): error TS17004: Cannot use JSX unless the '--jsx' flag is provided.
../../apps/web-customer/src/pages/Financial.tsx(72,11): error TS17004: Cannot use JSX unless the '--jsx' flag is provided.
../../apps/web-customer/src/pages/Financial.tsx(73,11): error TS17004: Cannot use JSX unless the '--jsx' flag is provided.
../../apps/web-customer/src/pages/Financial.tsx(77,7): error TS17004: Cannot use JSX unless the '--jsx' flag is provided.
../../apps/web-customer/src/pages/Financial.tsx(78,9): error TS17004: Cannot use JSX unless the '--jsx' flag is provided.
../../apps/web-customer/src/pages/Financial.tsx(80,11): error TS17004: Cannot use JSX unless the '--jsx' flag is provided.
../../apps/web-customer/src/pages/Financial.tsx(85,11): error TS17004: Cannot use JSX unless the '--jsx' flag is provided.
../../apps/web-customer/src/pages/Financial.tsx(86,13): error TS17004: Cannot use JSX unless the '--jsx' flag is provided.
../../apps/web-customer/src/pages/Financial.tsx(87,15): error TS17004: Cannot use JSX unless the '--jsx' flag is provided.
../../apps/web-customer/src/pages/Financial.tsx(88,17): error TS17004: Cannot use JSX unless the '--jsx' flag is provided.
../../apps/web-customer/src/pages/Financial.tsx(89,19): error TS17004: Cannot use JSX unless the '--jsx' flag is provided.
../../apps/web-customer/src/pages/Financial.tsx(90,19): error TS17004: Cannot use JSX unless the '--jsx' flag is provided.
../../apps/web-customer/src/pages/Financial.tsx(91,19): error TS17004: Cannot use JSX unless the '--jsx' flag is provided.
../../apps/web-customer/src/pages/Financial.tsx(92,19): error TS17004: Cannot use JSX unless the '--jsx' flag is provided.
../../apps/web-customer/src/pages/Financial.tsx(93,19): error TS17004: Cannot use JSX unless the '--jsx' flag is provided.
../../apps/web-customer/src/pages/Financial.tsx(94,19): error TS17004: Cannot use JSX unless the '--jsx' flag is provided.
../../apps/web-customer/src/pages/Financial.tsx(97,15): error TS17004: Cannot use JSX unless the '--jsx' flag is provided.
../../apps/web-customer/src/pages/Financial.tsx(99,19): error TS17004: Cannot use JSX unless the '--jsx' flag is provided.
../../apps/web-customer/src/pages/Financial.tsx(100,21): error TS17004: Cannot use JSX unless the '--jsx' flag is provided.
../../apps/web-customer/src/pages/Financial.tsx(101,21): error TS17004: Cannot use JSX unless the '--jsx' flag is provided.
../../apps/web-customer/src/pages/Financial.tsx(102,23): error TS17004: Cannot use JSX unless the '--jsx' flag is provided.
../../apps/web-customer/src/pages/Financial.tsx(113,21): error TS17004: Cannot use JSX unless the '--jsx' flag is provided.
../../apps/web-customer/src/pages/Financial.tsx(114,21): error TS17004: Cannot use JSX unless the '--jsx' flag is provided.
../../apps/web-customer/src/pages/Financial.tsx(115,21): error TS17004: Cannot use JSX unless the '--jsx' flag is provided.
../../apps/web-customer/src/pages/Financial.tsx(116,23): error TS17004: Cannot use JSX unless the '--jsx' flag is provided.
../../apps/web-customer/src/pages/Financial.tsx(127,21): error TS17004: Cannot use JSX unless the '--jsx' flag is provided.
../../apps/web-customer/src/pages/Financial.tsx(136,7): error TS17004: Cannot use JSX unless the '--jsx' flag is provided.
../../apps/web-customer/src/pages/Financial.tsx(137,9): error TS17004: Cannot use JSX unless the '--jsx' flag is provided.
../../apps/web-customer/src/pages/Financial.tsx(138,11): error TS17004: Cannot use JSX unless the '--jsx' flag is provided.
../../apps/web-customer/src/pages/Financial.tsx(138,154): error TS17004: Cannot use JSX unless the '--jsx' flag is provided.
../../apps/web-customer/src/pages/GuestIssueDetails.tsx(48,28): error TS2304: Cannot find name 'localStorage'.
../../apps/web-customer/src/pages/GuestIssueDetails.tsx(61,26): error TS18046: 'data' is of type 'unknown'.
../../apps/web-customer/src/pages/GuestIssueDetails.tsx(82,28): error TS2304: Cannot find name 'localStorage'.
../../apps/web-customer/src/pages/GuestIssueDetails.tsx(109,28): error TS2304: Cannot find name 'localStorage'.
../../apps/web-customer/src/pages/GuestIssueDetails.tsx(177,7): error TS17004: Cannot use JSX unless the '--jsx' flag is provided.
../../apps/web-customer/src/pages/GuestIssueDetails.tsx(178,9): error TS17004: Cannot use JSX unless the '--jsx' flag is provided.
../../apps/web-customer/src/pages/GuestIssueDetails.tsx(185,7): error TS17004: Cannot use JSX unless the '--jsx' flag is provided.
../../apps/web-customer/src/pages/GuestIssueDetails.tsx(186,9): error TS17004: Cannot use JSX unless the '--jsx' flag is provided.
../../apps/web-customer/src/pages/GuestIssueDetails.tsx(192,5): error TS17004: Cannot use JSX unless the '--jsx' flag is provided.
../../apps/web-customer/src/pages/GuestIssueDetails.tsx(193,7): error TS17004: Cannot use JSX unless the '--jsx' flag is provided.
../../apps/web-customer/src/pages/GuestIssueDetails.tsx(194,9): error TS17004: Cannot use JSX unless the '--jsx' flag is provided.
../../apps/web-customer/src/pages/GuestIssueDetails.tsx(199,7): error TS17004: Cannot use JSX unless the '--jsx' flag is provided.
../../apps/web-customer/src/pages/GuestIssueDetails.tsx(200,9): error TS17004: Cannot use JSX unless the '--jsx' flag is provided.
../../apps/web-customer/src/pages/GuestIssueDetails.tsx(202,11): error TS17004: Cannot use JSX unless the '--jsx' flag is provided.
../../apps/web-customer/src/pages/GuestIssueDetails.tsx(203,13): error TS17004: Cannot use JSX unless the '--jsx' flag is provided.
../../apps/web-customer/src/pages/GuestIssueDetails.tsx(204,15): error TS17004: Cannot use JSX unless the '--jsx' flag is provided.
../../apps/web-customer/src/pages/GuestIssueDetails.tsx(205,15): error TS17004: Cannot use JSX unless the '--jsx' flag is provided.
../../apps/web-customer/src/pages/GuestIssueDetails.tsx(206,15): error TS17004: Cannot use JSX unless the '--jsx' flag is provided.
../../apps/web-customer/src/pages/GuestIssueDetails.tsx(208,13): error TS17004: Cannot use JSX unless the '--jsx' flag is provided.
../../apps/web-customer/src/pages/GuestIssueDetails.tsx(209,15): error TS17004: Cannot use JSX unless the '--jsx' flag is provided.
../../apps/web-customer/src/pages/GuestIssueDetails.tsx(213,17): error TS17004: Cannot use JSX unless the '--jsx' flag is provided.
../../apps/web-customer/src/pages/GuestIssueDetails.tsx(221,11): error TS17004: Cannot use JSX unless the '--jsx' flag is provided.
../../apps/web-customer/src/pages/GuestIssueDetails.tsx(222,13): error TS17004: Cannot use JSX unless the '--jsx' flag is provided.
../../apps/web-customer/src/pages/GuestIssueDetails.tsx(223,15): error TS17004: Cannot use JSX unless the '--jsx' flag is provided.
../../apps/web-customer/src/pages/GuestIssueDetails.tsx(224,15): error TS17004: Cannot use JSX unless the '--jsx' flag is provided.
../../apps/web-customer/src/pages/GuestIssueDetails.tsx(225,17): error TS17004: Cannot use JSX unless the '--jsx' flag is provided.
../../apps/web-customer/src/pages/GuestIssueDetails.tsx(226,19): error TS17004: Cannot use JSX unless the '--jsx' flag is provided.
../../apps/web-customer/src/pages/GuestIssueDetails.tsx(227,19): error TS17004: Cannot use JSX unless the '--jsx' flag is provided.
../../apps/web-customer/src/pages/GuestIssueDetails.tsx(230,19): error TS17004: Cannot use JSX unless the '--jsx' flag is provided.
../../apps/web-customer/src/pages/GuestIssueDetails.tsx(231,21): error TS17004: Cannot use JSX unless the '--jsx' flag is provided.
../../apps/web-customer/src/pages/GuestIssueDetails.tsx(232,21): error TS17004: Cannot use JSX unless the '--jsx' flag is provided.
../../apps/web-customer/src/pages/GuestIssueDetails.tsx(236,19): error TS17004: Cannot use JSX unless the '--jsx' flag is provided.
../../apps/web-customer/src/pages/GuestIssueDetails.tsx(237,21): error TS17004: Cannot use JSX unless the '--jsx' flag is provided.
../../apps/web-customer/src/pages/GuestIssueDetails.tsx(238,21): error TS17004: Cannot use JSX unless the '--jsx' flag is provided.
../../apps/web-customer/src/pages/GuestIssueDetails.tsx(241,17): error TS17004: Cannot use JSX unless the '--jsx' flag is provided.
../../apps/web-customer/src/pages/GuestIssueDetails.tsx(242,19): error TS17004: Cannot use JSX unless the '--jsx' flag is provided.
../../apps/web-customer/src/pages/GuestIssueDetails.tsx(243,19): error TS17004: Cannot use JSX unless the '--jsx' flag is provided.
../../apps/web-customer/src/pages/GuestIssueDetails.tsx(248,13): error TS17004: Cannot use JSX unless the '--jsx' flag is provided.
../../apps/web-customer/src/pages/GuestIssueDetails.tsx(249,15): error TS17004: Cannot use JSX unless the '--jsx' flag is provided.
../../apps/web-customer/src/pages/GuestIssueDetails.tsx(250,15): error TS17004: Cannot use JSX unless the '--jsx' flag is provided.
../../apps/web-customer/src/pages/GuestIssueDetails.tsx(252,19): error TS17004: Cannot use JSX unless the '--jsx' flag is provided.
../../apps/web-customer/src/pages/GuestIssueDetails.tsx(253,21): error TS17004: Cannot use JSX unless the '--jsx' flag is provided.
../../apps/web-customer/src/pages/GuestIssueDetails.tsx(254,21): error TS17004: Cannot use JSX unless the '--jsx' flag is provided.
../../apps/web-customer/src/pages/GuestIssueDetails.tsx(258,19): error TS17004: Cannot use JSX unless the '--jsx' flag is provided.
../../apps/web-customer/src/pages/GuestIssueDetails.tsx(259,21): error TS17004: Cannot use JSX unless the '--jsx' flag is provided.
../../apps/web-customer/src/pages/GuestIssueDetails.tsx(260,21): error TS17004: Cannot use JSX unless the '--jsx' flag is provided.
../../apps/web-customer/src/pages/GuestIssueDetails.tsx(264,19): error TS17004: Cannot use JSX unless the '--jsx' flag is provided.
../../apps/web-customer/src/pages/GuestIssueDetails.tsx(265,21): error TS17004: Cannot use JSX unless the '--jsx' flag is provided.
../../apps/web-customer/src/pages/GuestIssueDetails.tsx(266,21): error TS17004: Cannot use JSX unless the '--jsx' flag is provided.
../../apps/web-customer/src/pages/GuestIssueDetails.tsx(274,11): error TS17004: Cannot use JSX unless the '--jsx' flag is provided.
../../apps/web-customer/src/pages/GuestIssueDetails.tsx(275,13): error TS17004: Cannot use JSX unless the '--jsx' flag is provided.
../../apps/web-customer/src/pages/GuestIssueDetails.tsx(276,13): error TS17004: Cannot use JSX unless the '--jsx' flag is provided.
../../apps/web-customer/src/pages/GuestIssueDetails.tsx(277,15): error TS17004: Cannot use JSX unless the '--jsx' flag is provided.
../../apps/web-customer/src/pages/GuestIssueDetails.tsx(283,13): error TS17004: Cannot use JSX unless the '--jsx' flag is provided.
../../apps/web-customer/src/pages/GuestIssueDetails.tsx(284,15): error TS17004: Cannot use JSX unless the '--jsx' flag is provided.
../../apps/web-customer/src/pages/GuestIssueDetails.tsx(285,15): error TS17004: Cannot use JSX unless the '--jsx' flag is provided.
../../apps/web-customer/src/pages/GuestIssueDetails.tsx(287,19): error TS17004: Cannot use JSX unless the '--jsx' flag is provided.
../../apps/web-customer/src/pages/GuestIssueDetails.tsx(288,21): error TS17004: Cannot use JSX unless the '--jsx' flag is provided.
../../apps/web-customer/src/pages/GuestIssueDetails.tsx(289,21): error TS17004: Cannot use JSX unless the '--jsx' flag is provided.
../../apps/web-customer/src/pages/GuestIssueDetails.tsx(293,19): error TS17004: Cannot use JSX unless the '--jsx' flag is provided.
../../apps/web-customer/src/pages/GuestIssueDetails.tsx(294,21): error TS17004: Cannot use JSX unless the '--jsx' flag is provided.
../../apps/web-customer/src/pages/GuestIssueDetails.tsx(295,21): error TS17004: Cannot use JSX unless the '--jsx' flag is provided.
../../apps/web-customer/src/pages/GuestIssueDetails.tsx(299,19): error TS17004: Cannot use JSX unless the '--jsx' flag is provided.
../../apps/web-customer/src/pages/GuestIssueDetails.tsx(300,21): error TS17004: Cannot use JSX unless the '--jsx' flag is provided.
../../apps/web-customer/src/pages/GuestIssueDetails.tsx(301,21): error TS17004: Cannot use JSX unless the '--jsx' flag is provided.
../../apps/web-customer/src/pages/GuestIssueDetails.tsx(310,13): error TS17004: Cannot use JSX unless the '--jsx' flag is provided.
../../apps/web-customer/src/pages/GuestIssueDetails.tsx(311,15): error TS17004: Cannot use JSX unless the '--jsx' flag is provided.
../../apps/web-customer/src/pages/GuestIssueDetails.tsx(312,15): error TS17004: Cannot use JSX unless the '--jsx' flag is provided.
../../apps/web-customer/src/pages/GuestIssueDetails.tsx(314,19): error TS17004: Cannot use JSX unless the '--jsx' flag is provided.
../../apps/web-customer/src/pages/GuestIssueDetails.tsx(315,21): error TS17004: Cannot use JSX unless the '--jsx' flag is provided.
../../apps/web-customer/src/pages/GuestIssueDetails.tsx(328,13): error TS17004: Cannot use JSX unless the '--jsx' flag is provided.
../../apps/web-customer/src/pages/GuestIssueDetails.tsx(329,15): error TS17004: Cannot use JSX unless the '--jsx' flag is provided.
../../apps/web-customer/src/pages/GuestIssueDetails.tsx(330,15): error TS17004: Cannot use JSX unless the '--jsx' flag is provided.
../../apps/web-customer/src/pages/GuestIssueDetails.tsx(331,17): error TS17004: Cannot use JSX unless the '--jsx' flag is provided.
../../apps/web-customer/src/pages/GuestIssueDetails.tsx(334,17): error TS17004: Cannot use JSX unless the '--jsx' flag is provided.
../../apps/web-customer/src/pages/GuestIssueDetails.tsx(342,13): error TS17004: Cannot use JSX unless the '--jsx' flag is provided.
../../apps/web-customer/src/pages/GuestIssueDetails.tsx(343,15): error TS17004: Cannot use JSX unless the '--jsx' flag is provided.
../../apps/web-customer/src/pages/GuestIssueDetails.tsx(348,13): error TS17004: Cannot use JSX unless the '--jsx' flag is provided.
../../apps/web-customer/src/pages/GuestIssueDetails.tsx(349,15): error TS17004: Cannot use JSX unless the '--jsx' flag is provided.
../../apps/web-customer/src/pages/GuestIssueDetails.tsx(351,17): error TS17004: Cannot use JSX unless the '--jsx' flag is provided.
../../apps/web-customer/src/pages/GuestIssueDetails.tsx(357,13): error TS17004: Cannot use JSX unless the '--jsx' flag is provided.
../../apps/web-customer/src/pages/GuestIssueDetails.tsx(358,15): error TS17004: Cannot use JSX unless the '--jsx' flag is provided.
../../apps/web-customer/src/pages/GuestIssues.tsx(45,30): error TS2304: Cannot find name 'localStorage'.
../../apps/web-customer/src/pages/GuestIssues.tsx(59,19): error TS18046: 'data' is of type 'unknown'.
../../apps/web-customer/src/pages/GuestIssues.tsx(69,28): error TS2304: Cannot find name 'localStorage'.
../../apps/web-customer/src/pages/GuestIssues.tsx(95,28): error TS2304: Cannot find name 'localStorage'.
../../apps/web-customer/src/pages/GuestIssues.tsx(158,7): error TS17004: Cannot use JSX unless the '--jsx' flag is provided.
../../apps/web-customer/src/pages/GuestIssues.tsx(159,9): error TS17004: Cannot use JSX unless the '--jsx' flag is provided.
../../apps/web-customer/src/pages/GuestIssues.tsx(165,5): error TS17004: Cannot use JSX unless the '--jsx' flag is provided.
../../apps/web-customer/src/pages/GuestIssues.tsx(166,7): error TS17004: Cannot use JSX unless the '--jsx' flag is provided.
../../apps/web-customer/src/pages/GuestIssues.tsx(167,9): error TS17004: Cannot use JSX unless the '--jsx' flag is provided.
../../apps/web-customer/src/pages/GuestIssues.tsx(168,11): error TS17004: Cannot use JSX unless the '--jsx' flag is provided.
../../apps/web-customer/src/pages/GuestIssues.tsx(169,11): error TS17004: Cannot use JSX unless the '--jsx' flag is provided.
../../apps/web-customer/src/pages/GuestIssues.tsx(174,9): error TS17004: Cannot use JSX unless the '--jsx' flag is provided.
../../apps/web-customer/src/pages/GuestIssues.tsx(179,9): error TS17004: Cannot use JSX unless the '--jsx' flag is provided.
../../apps/web-customer/src/pages/GuestIssues.tsx(181,13): error TS17004: Cannot use JSX unless the '--jsx' flag is provided.
../../apps/web-customer/src/pages/GuestIssues.tsx(187,33): error TS2339: Property 'style' does not exist on type 'EventTarget & HTMLDivElement'.
../../apps/web-customer/src/pages/GuestIssues.tsx(188,33): error TS2339: Property 'style' does not exist on type 'EventTarget & HTMLDivElement'.
../../apps/web-customer/src/pages/GuestIssues.tsx(191,33): error TS2339: Property 'style' does not exist on type 'EventTarget & HTMLDivElement'.
../../apps/web-customer/src/pages/GuestIssues.tsx(192,33): error TS2339: Property 'style' does not exist on type 'EventTarget & HTMLDivElement'.
../../apps/web-customer/src/pages/GuestIssues.tsx(196,15): error TS17004: Cannot use JSX unless the '--jsx' flag is provided.
../../apps/web-customer/src/pages/GuestIssues.tsx(197,17): error TS17004: Cannot use JSX unless the '--jsx' flag is provided.
../../apps/web-customer/src/pages/GuestIssues.tsx(198,19): error TS17004: Cannot use JSX unless the '--jsx' flag is provided.
../../apps/web-customer/src/pages/GuestIssues.tsx(201,19): error TS17004: Cannot use JSX unless the '--jsx' flag is provided.
../../apps/web-customer/src/pages/GuestIssues.tsx(205,17): error TS17004: Cannot use JSX unless the '--jsx' flag is provided.
../../apps/web-customer/src/pages/GuestIssues.tsx(206,19): error TS17004: Cannot use JSX unless the '--jsx' flag is provided.
../../apps/web-customer/src/pages/GuestIssues.tsx(210,21): error TS17004: Cannot use JSX unless the '--jsx' flag is provided.
../../apps/web-customer/src/pages/GuestIssues.tsx(217,15): error TS17004: Cannot use JSX unless the '--jsx' flag is provided.
../../apps/web-customer/src/pages/GuestIssues.tsx(218,17): error TS17004: Cannot use JSX unless the '--jsx' flag is provided.
../../apps/web-customer/src/pages/GuestIssues.tsx(219,19): error TS17004: Cannot use JSX unless the '--jsx' flag is provided.
../../apps/web-customer/src/pages/GuestIssues.tsx(220,19): error TS17004: Cannot use JSX unless the '--jsx' flag is provided.
../../apps/web-customer/src/pages/GuestIssues.tsx(223,17): error TS17004: Cannot use JSX unless the '--jsx' flag is provided.
../../apps/web-customer/src/pages/GuestIssues.tsx(224,19): error TS17004: Cannot use JSX unless the '--jsx' flag is provided.
../../apps/web-customer/src/pages/GuestIssues.tsx(225,19): error TS17004: Cannot use JSX unless the '--jsx' flag is provided.
../../apps/web-customer/src/pages/GuestIssues.tsx(229,19): error TS17004: Cannot use JSX unless the '--jsx' flag is provided.
../../apps/web-customer/src/pages/GuestIssues.tsx(230,21): error TS17004: Cannot use JSX unless the '--jsx' flag is provided.
../../apps/web-customer/src/pages/GuestIssues.tsx(231,21): error TS17004: Cannot use JSX unless the '--jsx' flag is provided.
../../apps/web-customer/src/pages/GuestIssues.tsx(236,19): error TS17004: Cannot use JSX unless the '--jsx' flag is provided.
../../apps/web-customer/src/pages/GuestIssues.tsx(237,21): error TS17004: Cannot use JSX unless the '--jsx' flag is provided.
../../apps/web-customer/src/pages/GuestIssues.tsx(238,21): error TS17004: Cannot use JSX unless the '--jsx' flag is provided.
../../apps/web-customer/src/pages/GuestIssues.tsx(244,17): error TS17004: Cannot use JSX unless the '--jsx' flag is provided.
../../apps/web-customer/src/pages/GuestIssues.tsx(245,19): error TS17004: Cannot use JSX unless the '--jsx' flag is provided.
../../apps/web-customer/src/pages/GuestIssues.tsx(246,19): error TS17004: Cannot use JSX unless the '--jsx' flag is provided.
../../apps/web-customer/src/pages/GuestIssues.tsx(250,19): error TS17004: Cannot use JSX unless the '--jsx' flag is provided.
../../apps/web-customer/src/pages/GuestIssues.tsx(251,21): error TS17004: Cannot use JSX unless the '--jsx' flag is provided.
../../apps/web-customer/src/pages/GuestIssues.tsx(252,21): error TS17004: Cannot use JSX unless the '--jsx' flag is provided.
../../apps/web-customer/src/pages/GuestIssues.tsx(257,15): error TS17004: Cannot use JSX unless the '--jsx' flag is provided.
../../apps/web-customer/src/pages/GuestIssues.tsx(259,19): error TS17004: Cannot use JSX unless the '--jsx' flag is provided.
../../apps/web-customer/src/pages/GuestIssues.tsx(260,21): error TS17004: Cannot use JSX unless the '--jsx' flag is provided.
../../apps/web-customer/src/pages/GuestIssues.tsx(267,21): error TS17004: Cannot use JSX unless the '--jsx' flag is provided.
../../apps/web-customer/src/pages/GuestIssues.tsx(277,19): error TS17004: Cannot use JSX unless the '--jsx' flag is provided.
../../apps/web-customer/src/pages/GuestIssues.tsx(280,19): error TS17004: Cannot use JSX unless the '--jsx' flag is provided.
../../apps/web-customer/src/pages/InvoiceDetails.tsx(56,28): error TS2304: Cannot find name 'localStorage'.
../../apps/web-customer/src/pages/InvoiceDetails.tsx(111,7): error TS17004: Cannot use JSX unless the '--jsx' flag is provided.
../../apps/web-customer/src/pages/InvoiceDetails.tsx(112,9): error TS17004: Cannot use JSX unless the '--jsx' flag is provided.
../../apps/web-customer/src/pages/InvoiceDetails.tsx(119,7): error TS17004: Cannot use JSX unless the '--jsx' flag is provided.
../../apps/web-customer/src/pages/InvoiceDetails.tsx(120,9): error TS17004: Cannot use JSX unless the '--jsx' flag is provided.
../../apps/web-customer/src/pages/InvoiceDetails.tsx(126,5): error TS17004: Cannot use JSX unless the '--jsx' flag is provided.
../../apps/web-customer/src/pages/InvoiceDetails.tsx(127,7): error TS17004: Cannot use JSX unless the '--jsx' flag is provided.
../../apps/web-customer/src/pages/InvoiceDetails.tsx(128,9): error TS17004: Cannot use JSX unless the '--jsx' flag is provided.
../../apps/web-customer/src/pages/InvoiceDetails.tsx(133,7): error TS17004: Cannot use JSX unless the '--jsx' flag is provided.
../../apps/web-customer/src/pages/InvoiceDetails.tsx(134,9): error TS17004: Cannot use JSX unless the '--jsx' flag is provided.
../../apps/web-customer/src/pages/InvoiceDetails.tsx(136,11): error TS17004: Cannot use JSX unless the '--jsx' flag is provided.
../../apps/web-customer/src/pages/InvoiceDetails.tsx(137,13): error TS17004: Cannot use JSX unless the '--jsx' flag is provided.
../../apps/web-customer/src/pages/InvoiceDetails.tsx(138,15): error TS17004: Cannot use JSX unless the '--jsx' flag is provided.
../../apps/web-customer/src/pages/InvoiceDetails.tsx(139,15): error TS17004: Cannot use JSX unless the '--jsx' flag is provided.
../../apps/web-customer/src/pages/InvoiceDetails.tsx(141,13): error TS17004: Cannot use JSX unless the '--jsx' flag is provided.
../../apps/web-customer/src/pages/InvoiceDetails.tsx(147,11): error TS17004: Cannot use JSX unless the '--jsx' flag is provided.
../../apps/web-customer/src/pages/InvoiceDetails.tsx(148,13): error TS17004: Cannot use JSX unless the '--jsx' flag is provided.
../../apps/web-customer/src/pages/InvoiceDetails.tsx(149,15): error TS17004: Cannot use JSX unless the '--jsx' flag is provided.
../../apps/web-customer/src/pages/InvoiceDetails.tsx(150,15): error TS17004: Cannot use JSX unless the '--jsx' flag is provided.
../../apps/web-customer/src/pages/InvoiceDetails.tsx(152,13): error TS17004: Cannot use JSX unless the '--jsx' flag is provided.
../../apps/web-customer/src/pages/InvoiceDetails.tsx(153,15): error TS17004: Cannot use JSX unless the '--jsx' flag is provided.
../../apps/web-customer/src/pages/InvoiceDetails.tsx(154,15): error TS17004: Cannot use JSX unless the '--jsx' flag is provided.
../../apps/web-customer/src/pages/InvoiceDetails.tsx(160,13): error TS17004: Cannot use JSX unless the '--jsx' flag is provided.
../../apps/web-customer/src/pages/InvoiceDetails.tsx(161,15): error TS17004: Cannot use JSX unless the '--jsx' flag is provided.
../../apps/web-customer/src/pages/InvoiceDetails.tsx(162,15): error TS17004: Cannot use JSX unless the '--jsx' flag is provided.
../../apps/web-customer/src/pages/InvoiceDetails.tsx(162,38): error TS17004: Cannot use JSX unless the '--jsx' flag is provided.
../../apps/web-customer/src/pages/InvoiceDetails.tsx(163,15): error TS17004: Cannot use JSX unless the '--jsx' flag is provided.
../../apps/web-customer/src/pages/InvoiceDetails.tsx(163,38): error TS17004: Cannot use JSX unless the '--jsx' flag is provided.
../../apps/web-customer/src/pages/InvoiceDetails.tsx(164,15): error TS17004: Cannot use JSX unless the '--jsx' flag is provided.
../../apps/web-customer/src/pages/InvoiceDetails.tsx(164,38): error TS17004: Cannot use JSX unless the '--jsx' flag is provided.
../../apps/web-customer/src/pages/InvoiceDetails.tsx(166,17): error TS17004: Cannot use JSX unless the '--jsx' flag is provided.
../../apps/web-customer/src/pages/InvoiceDetails.tsx(166,40): error TS17004: Cannot use JSX unless the '--jsx' flag is provided.
../../apps/web-customer/src/pages/InvoiceDetails.tsx(172,11): error TS17004: Cannot use JSX unless the '--jsx' flag is provided.
../../apps/web-customer/src/pages/InvoiceDetails.tsx(173,13): error TS17004: Cannot use JSX unless the '--jsx' flag is provided.
../../apps/web-customer/src/pages/InvoiceDetails.tsx(174,13): error TS17004: Cannot use JSX unless the '--jsx' flag is provided.
../../apps/web-customer/src/pages/InvoiceDetails.tsx(175,15): error TS17004: Cannot use JSX unless the '--jsx' flag is provided.
../../apps/web-customer/src/pages/InvoiceDetails.tsx(176,17): error TS17004: Cannot use JSX unless the '--jsx' flag is provided.
../../apps/web-customer/src/pages/InvoiceDetails.tsx(177,19): error TS17004: Cannot use JSX unless the '--jsx' flag is provided.
../../apps/web-customer/src/pages/InvoiceDetails.tsx(178,19): error TS17004: Cannot use JSX unless the '--jsx' flag is provided.
../../apps/web-customer/src/pages/InvoiceDetails.tsx(179,19): error TS17004: Cannot use JSX unless the '--jsx' flag is provided.
../../apps/web-customer/src/pages/InvoiceDetails.tsx(180,19): error TS17004: Cannot use JSX unless the '--jsx' flag is provided.
../../apps/web-customer/src/pages/InvoiceDetails.tsx(183,15): error TS17004: Cannot use JSX unless the '--jsx' flag is provided.
../../apps/web-customer/src/pages/InvoiceDetails.tsx(186,21): error TS17004: Cannot use JSX unless the '--jsx' flag is provided.
../../apps/web-customer/src/pages/InvoiceDetails.tsx(187,23): error TS17004: Cannot use JSX unless the '--jsx' flag is provided.
../../apps/web-customer/src/pages/InvoiceDetails.tsx(188,23): error TS17004: Cannot use JSX unless the '--jsx' flag is provided.
../../apps/web-customer/src/pages/InvoiceDetails.tsx(189,23): error TS17004: Cannot use JSX unless the '--jsx' flag is provided.
../../apps/web-customer/src/pages/InvoiceDetails.tsx(190,23): error TS17004: Cannot use JSX unless the '--jsx' flag is provided.
../../apps/web-customer/src/pages/InvoiceDetails.tsx(194,19): error TS17004: Cannot use JSX unless the '--jsx' flag is provided.
../../apps/web-customer/src/pages/InvoiceDetails.tsx(195,21): error TS17004: Cannot use JSX unless the '--jsx' flag is provided.
../../apps/web-customer/src/pages/InvoiceDetails.tsx(203,11): error TS17004: Cannot use JSX unless the '--jsx' flag is provided.
../../apps/web-customer/src/pages/InvoiceDetails.tsx(204,13): error TS17004: Cannot use JSX unless the '--jsx' flag is provided.
../../apps/web-customer/src/pages/InvoiceDetails.tsx(205,15): error TS17004: Cannot use JSX unless the '--jsx' flag is provided.
../../apps/web-customer/src/pages/InvoiceDetails.tsx(206,17): error TS17004: Cannot use JSX unless the '--jsx' flag is provided.
../../apps/web-customer/src/pages/InvoiceDetails.tsx(207,19): error TS17004: Cannot use JSX unless the '--jsx' flag is provided.
../../apps/web-customer/src/pages/InvoiceDetails.tsx(208,19): error TS17004: Cannot use JSX unless the '--jsx' flag is provided.
../../apps/web-customer/src/pages/InvoiceDetails.tsx(210,17): error TS17004: Cannot use JSX unless the '--jsx' flag is provided.
../../apps/web-customer/src/pages/InvoiceDetails.tsx(211,19): error TS17004: Cannot use JSX unless the '--jsx' flag is provided.
../../apps/web-customer/src/pages/InvoiceDetails.tsx(212,19): error TS17004: Cannot use JSX unless the '--jsx' flag is provided.
../../apps/web-customer/src/pages/InvoiceDetails.tsx(214,17): error TS17004: Cannot use JSX unless the '--jsx' flag is provided.
../../apps/web-customer/src/pages/InvoiceDetails.tsx(215,19): error TS17004: Cannot use JSX unless the '--jsx' flag is provided.
../../apps/web-customer/src/pages/InvoiceDetails.tsx(216,19): error TS17004: Cannot use JSX unless the '--jsx' flag is provided.
../../apps/web-customer/src/pages/InvoiceDetails.tsx(224,13): error TS17004: Cannot use JSX unless the '--jsx' flag is provided.
../../apps/web-customer/src/pages/InvoiceDetails.tsx(225,15): error TS17004: Cannot use JSX unless the '--jsx' flag is provided.
../../apps/web-customer/src/pages/InvoiceDetails.tsx(226,15): error TS17004: Cannot use JSX unless the '--jsx' flag is provided.
../../apps/web-customer/src/pages/InvoiceDetails.tsx(227,17): error TS17004: Cannot use JSX unless the '--jsx' flag is provided.
../../apps/web-customer/src/pages/InvoiceDetails.tsx(230,17): error TS17004: Cannot use JSX unless the '--jsx' flag is provided.
../../apps/web-customer/src/pages/InvoiceDetails.tsx(231,19): error TS17004: Cannot use JSX unless the '--jsx' flag is provided.
../../apps/web-customer/src/pages/InvoiceDetails.tsx(235,17): error TS17004: Cannot use JSX unless the '--jsx' flag is provided.
../../apps/web-customer/src/pages/InvoiceDetails.tsx(236,19): error TS17004: Cannot use JSX unless the '--jsx' flag is provided.
../../apps/web-customer/src/pages/InvoiceDetails.tsx(244,13): error TS17004: Cannot use JSX unless the '--jsx' flag is provided.
../../apps/web-customer/src/pages/InvoiceDetails.tsx(245,15): error TS17004: Cannot use JSX unless the '--jsx' flag is provided.
../../apps/web-customer/src/pages/InvoiceDetails.tsx(246,15): error TS17004: Cannot use JSX unless the '--jsx' flag is provided.
../../apps/web-customer/src/pages/InvoiceDetails.tsx(251,11): error TS17004: Cannot use JSX unless the '--jsx' flag is provided.
../../apps/web-customer/src/pages/InvoiceDetails.tsx(252,13): error TS17004: Cannot use JSX unless the '--jsx' flag is provided.
../../apps/web-customer/src/pages/InvoiceDetails.tsx(253,15): error TS17004: Cannot use JSX unless the '--jsx' flag is provided.
../../apps/web-customer/src/pages/InvoiceDetails.tsx(256,13): error TS17004: Cannot use JSX unless the '--jsx' flag is provided.
../../apps/web-customer/src/pages/Invoices.tsx(56,35): error TS2304: Cannot find name 'localStorage'.
../../apps/web-customer/src/pages/Invoices.tsx(94,5): error TS2304: Cannot find name 'alert'.
../../apps/web-customer/src/pages/Invoices.tsx(99,7): error TS17004: Cannot use JSX unless the '--jsx' flag is provided.
../../apps/web-customer/src/pages/Invoices.tsx(100,9): error TS17004: Cannot use JSX unless the '--jsx' flag is provided.
../../apps/web-customer/src/pages/Invoices.tsx(106,5): error TS17004: Cannot use JSX unless the '--jsx' flag is provided.
../../apps/web-customer/src/pages/Invoices.tsx(107,7): error TS17004: Cannot use JSX unless the '--jsx' flag is provided.
../../apps/web-customer/src/pages/Invoices.tsx(110,7): error TS17004: Cannot use JSX unless the '--jsx' flag is provided.
../../apps/web-customer/src/pages/Invoices.tsx(114,7): error TS17004: Cannot use JSX unless the '--jsx' flag is provided.
../../apps/web-customer/src/pages/Invoices.tsx(115,9): error TS17004: Cannot use JSX unless the '--jsx' flag is provided.
../../apps/web-customer/src/pages/Invoices.tsx(116,11): error TS17004: Cannot use JSX unless the '--jsx' flag is provided.
../../apps/web-customer/src/pages/Invoices.tsx(117,13): error TS17004: Cannot use JSX unless the '--jsx' flag is provided.
../../apps/web-customer/src/pages/Invoices.tsx(118,15): error TS17004: Cannot use JSX unless the '--jsx' flag is provided.
../../apps/web-customer/src/pages/Invoices.tsx(121,15): error TS17004: Cannot use JSX unless the '--jsx' flag is provided.
../../apps/web-customer/src/pages/Invoices.tsx(124,15): error TS17004: Cannot use JSX unless the '--jsx' flag is provided.
../../apps/web-customer/src/pages/Invoices.tsx(125,17): error TS17004: Cannot use JSX unless the '--jsx' flag is provided.
../../apps/web-customer/src/pages/Invoices.tsx(126,17): error TS17004: Cannot use JSX unless the '--jsx' flag is provided.
../../apps/web-customer/src/pages/Invoices.tsx(133,9): error TS17004: Cannot use JSX unless the '--jsx' flag is provided.
../../apps/web-customer/src/pages/Invoices.tsx(134,11): error TS17004: Cannot use JSX unless the '--jsx' flag is provided.
../../apps/web-customer/src/pages/Invoices.tsx(135,13): error TS17004: Cannot use JSX unless the '--jsx' flag is provided.
../../apps/web-customer/src/pages/Invoices.tsx(136,15): error TS17004: Cannot use JSX unless the '--jsx' flag is provided.
../../apps/web-customer/src/pages/Invoices.tsx(139,15): error TS17004: Cannot use JSX unless the '--jsx' flag is provided.
../../apps/web-customer/src/pages/Invoices.tsx(145,9): error TS17004: Cannot use JSX unless the '--jsx' flag is provided.
../../apps/web-customer/src/pages/Invoices.tsx(146,11): error TS17004: Cannot use JSX unless the '--jsx' flag is provided.
../../apps/web-customer/src/pages/Invoices.tsx(147,13): error TS17004: Cannot use JSX unless the '--jsx' flag is provided.
../../apps/web-customer/src/pages/Invoices.tsx(148,15): error TS17004: Cannot use JSX unless the '--jsx' flag is provided.
../../apps/web-customer/src/pages/Invoices.tsx(151,15): error TS17004: Cannot use JSX unless the '--jsx' flag is provided.
../../apps/web-customer/src/pages/Invoices.tsx(159,7): error TS17004: Cannot use JSX unless the '--jsx' flag is provided.
../../apps/web-customer/src/pages/Invoices.tsx(160,9): error TS17004: Cannot use JSX unless the '--jsx' flag is provided.
../../apps/web-customer/src/pages/Invoices.tsx(161,11): error TS17004: Cannot use JSX unless the '--jsx' flag is provided.
../../apps/web-customer/src/pages/Invoices.tsx(162,13): error TS17004: Cannot use JSX unless the '--jsx' flag is provided.
../../apps/web-customer/src/pages/Invoices.tsx(163,15): error TS17004: Cannot use JSX unless the '--jsx' flag is provided.
../../apps/web-customer/src/pages/Invoices.tsx(164,15): error TS17004: Cannot use JSX unless the '--jsx' flag is provided.
../../apps/web-customer/src/pages/Invoices.tsx(165,15): error TS17004: Cannot use JSX unless the '--jsx' flag is provided.
../../apps/web-customer/src/pages/Invoices.tsx(166,15): error TS17004: Cannot use JSX unless the '--jsx' flag is provided.
../../apps/web-customer/src/pages/Invoices.tsx(167,15): error TS17004: Cannot use JSX unless the '--jsx' flag is provided.
../../apps/web-customer/src/pages/Invoices.tsx(168,15): error TS17004: Cannot use JSX unless the '--jsx' flag is provided.
../../apps/web-customer/src/pages/Invoices.tsx(171,11): error TS17004: Cannot use JSX unless the '--jsx' flag is provided.
../../apps/web-customer/src/pages/Invoices.tsx(173,15): error TS17004: Cannot use JSX unless the '--jsx' flag is provided.
../../apps/web-customer/src/pages/Invoices.tsx(174,17): error TS17004: Cannot use JSX unless the '--jsx' flag is provided.
../../apps/web-customer/src/pages/Invoices.tsx(175,19): error TS17004: Cannot use JSX unless the '--jsx' flag is provided.
../../apps/web-customer/src/pages/Invoices.tsx(180,17): error TS17004: Cannot use JSX unless the '--jsx' flag is provided.
../../apps/web-customer/src/pages/Invoices.tsx(190,19): error TS17004: Cannot use JSX unless the '--jsx' flag is provided.
../../apps/web-customer/src/pages/Invoices.tsx(191,19): error TS17004: Cannot use JSX unless the '--jsx' flag is provided.
../../apps/web-customer/src/pages/Invoices.tsx(192,19): error TS17004: Cannot use JSX unless the '--jsx' flag is provided.
../../apps/web-customer/src/pages/Invoices.tsx(193,19): error TS17004: Cannot use JSX unless the '--jsx' flag is provided.
../../apps/web-customer/src/pages/Invoices.tsx(194,19): error TS17004: Cannot use JSX unless the '--jsx' flag is provided.
../../apps/web-customer/src/pages/Invoices.tsx(195,21): error TS17004: Cannot use JSX unless the '--jsx' flag is provided.
../../apps/web-customer/src/pages/Invoices.tsx(205,19): error TS17004: Cannot use JSX unless the '--jsx' flag is provided.
../../apps/web-customer/src/pages/Invoices.tsx(206,21): error TS17004: Cannot use JSX unless the '--jsx' flag is provided.
../../apps/web-customer/src/pages/Invoices.tsx(209,34): error TS17004: Cannot use JSX unless the '--jsx' flag is provided.
../../apps/web-customer/src/pages/Login.tsx(13,25): error TS6142: Module '../contexts/AuthContext' was resolved to '/home/orrox/projects/rightfit-cleaning-staging/apps/web-customer/src/contexts/AuthContext.tsx', but '--jsx' is not set.
../../apps/web-customer/src/pages/Login.tsx(39,5): error TS17004: Cannot use JSX unless the '--jsx' flag is provided.
../../apps/web-customer/src/pages/Login.tsx(40,7): error TS17004: Cannot use JSX unless the '--jsx' flag is provided.
../../apps/web-customer/src/pages/Login.tsx(48,9): error TS17004: Cannot use JSX unless the '--jsx' flag is provided.
../../apps/web-customer/src/pages/Login.tsx(49,11): error TS17004: Cannot use JSX unless the '--jsx' flag is provided.
../../apps/web-customer/src/pages/Login.tsx(52,11): error TS17004: Cannot use JSX unless the '--jsx' flag is provided.
../../apps/web-customer/src/pages/Login.tsx(57,13): error TS17004: Cannot use JSX unless the '--jsx' flag is provided.
../../apps/web-customer/src/pages/Login.tsx(62,11): error TS17004: Cannot use JSX unless the '--jsx' flag is provided.
../../apps/web-customer/src/pages/Login.tsx(63,13): error TS17004: Cannot use JSX unless the '--jsx' flag is provided.
../../apps/web-customer/src/pages/Login.tsx(73,50): error TS2339: Property 'value' does not exist on type 'EventTarget & (HTMLInputElement | HTMLTextAreaElement)'.
  Property 'value' does not exist on type 'EventTarget & HTMLTextAreaElement'.
../../apps/web-customer/src/pages/Login.tsx(75,13): error TS17004: Cannot use JSX unless the '--jsx' flag is provided.
../../apps/web-customer/src/pages/Login.tsx(85,53): error TS2339: Property 'value' does not exist on type 'EventTarget & (HTMLInputElement | HTMLTextAreaElement)'.
  Property 'value' does not exist on type 'EventTarget & HTMLTextAreaElement'.
../../apps/web-customer/src/pages/Login.tsx(87,13): error TS17004: Cannot use JSX unless the '--jsx' flag is provided.
../../apps/web-customer/src/pages/Login.tsx(96,13): error TS17004: Cannot use JSX unless the '--jsx' flag is provided.
../../apps/web-customer/src/pages/Login.tsx(97,15): error TS17004: Cannot use JSX unless the '--jsx' flag is provided.
../../apps/web-customer/src/pages/Maintenance.tsx(1,20): error TS6133: 'useEffect' is declared but its value is never read.
../../apps/web-customer/src/pages/Maintenance.tsx(3,10): error TS6133: 'Card' is declared but its value is never read.
../../apps/web-customer/src/pages/Maintenance.tsx(3,16): error TS6133: 'Spinner' is declared but its value is never read.
../../apps/web-customer/src/pages/Maintenance.tsx(5,43): error TS6142: Module '../components/maintenance/CreateMaintenanceRequestModal' was resolved to '/home/orrox/projects/rightfit-cleaning-staging/apps/web-customer/src/components/maintenance/CreateMaintenanceRequestModal.tsx', but '--jsx' is not set.
../../apps/web-customer/src/pages/Maintenance.tsx(6,29): error TS6142: Module '../components/maintenance/GuestReportsTab' was resolved to '/home/orrox/projects/rightfit-cleaning-staging/apps/web-customer/src/components/maintenance/GuestReportsTab.tsx', but '--jsx' is not set.
../../apps/web-customer/src/pages/Maintenance.tsx(7,30): error TS6142: Module '../components/maintenance/WorkerReportsTab' was resolved to '/home/orrox/projects/rightfit-cleaning-staging/apps/web-customer/src/components/maintenance/WorkerReportsTab.tsx', but '--jsx' is not set.
../../apps/web-customer/src/pages/Maintenance.tsx(8,32): error TS6142: Module '../components/maintenance/MaintenanceJobsTab' was resolved to '/home/orrox/projects/rightfit-cleaning-staging/apps/web-customer/src/components/maintenance/MaintenanceJobsTab.tsx', but '--jsx' is not set.
../../apps/web-customer/src/pages/Maintenance.tsx(36,5): error TS17004: Cannot use JSX unless the '--jsx' flag is provided.
../../apps/web-customer/src/pages/Maintenance.tsx(38,7): error TS17004: Cannot use JSX unless the '--jsx' flag is provided.
../../apps/web-customer/src/pages/Maintenance.tsx(39,9): error TS17004: Cannot use JSX unless the '--jsx' flag is provided.
../../apps/web-customer/src/pages/Maintenance.tsx(40,11): error TS17004: Cannot use JSX unless the '--jsx' flag is provided.
../../apps/web-customer/src/pages/Maintenance.tsx(41,11): error TS17004: Cannot use JSX unless the '--jsx' flag is provided.
../../apps/web-customer/src/pages/Maintenance.tsx(45,9): error TS17004: Cannot use JSX unless the '--jsx' flag is provided.
../../apps/web-customer/src/pages/Maintenance.tsx(49,11): error TS17004: Cannot use JSX unless the '--jsx' flag is provided.
../../apps/web-customer/src/pages/Maintenance.tsx(55,7): error TS17004: Cannot use JSX unless the '--jsx' flag is provided.
../../apps/web-customer/src/pages/Maintenance.tsx(56,9): error TS17004: Cannot use JSX unless the '--jsx' flag is provided.
../../apps/web-customer/src/pages/Maintenance.tsx(58,13): error TS17004: Cannot use JSX unless the '--jsx' flag is provided.
../../apps/web-customer/src/pages/Maintenance.tsx(71,17): error TS17004: Cannot use JSX unless the '--jsx' flag is provided.
../../apps/web-customer/src/pages/Maintenance.tsx(81,7): error TS17004: Cannot use JSX unless the '--jsx' flag is provided.
../../apps/web-customer/src/pages/Maintenance.tsx(83,11): error TS17004: Cannot use JSX unless the '--jsx' flag is provided.
../../apps/web-customer/src/pages/Maintenance.tsx(86,11): error TS17004: Cannot use JSX unless the '--jsx' flag is provided.
../../apps/web-customer/src/pages/Maintenance.tsx(89,11): error TS17004: Cannot use JSX unless the '--jsx' flag is provided.
../../apps/web-customer/src/pages/Maintenance.tsx(95,9): error TS17004: Cannot use JSX unless the '--jsx' flag is provided.
../../apps/web-customer/src/pages/MaintenanceJobDetails.tsx(95,35): error TS2304: Cannot find name 'localStorage'.
../../apps/web-customer/src/pages/MaintenanceJobDetails.tsx(105,14): error TS18046: 'data' is of type 'unknown'.
../../apps/web-customer/src/pages/MaintenanceJobDetails.tsx(118,35): error TS2304: Cannot find name 'localStorage'.
../../apps/web-customer/src/pages/MaintenanceJobDetails.tsx(166,7): error TS17004: Cannot use JSX unless the '--jsx' flag is provided.
../../apps/web-customer/src/pages/MaintenanceJobDetails.tsx(167,9): error TS17004: Cannot use JSX unless the '--jsx' flag is provided.
../../apps/web-customer/src/pages/MaintenanceJobDetails.tsx(174,7): error TS17004: Cannot use JSX unless the '--jsx' flag is provided.
../../apps/web-customer/src/pages/MaintenanceJobDetails.tsx(175,9): error TS17004: Cannot use JSX unless the '--jsx' flag is provided.
../../apps/web-customer/src/pages/MaintenanceJobDetails.tsx(176,9): error TS17004: Cannot use JSX unless the '--jsx' flag is provided.
../../apps/web-customer/src/pages/MaintenanceJobDetails.tsx(176,28): error TS17004: Cannot use JSX unless the '--jsx' flag is provided.
../../apps/web-customer/src/pages/MaintenanceJobDetails.tsx(184,5): error TS17004: Cannot use JSX unless the '--jsx' flag is provided.
../../apps/web-customer/src/pages/MaintenanceJobDetails.tsx(186,7): error TS17004: Cannot use JSX unless the '--jsx' flag is provided.
../../apps/web-customer/src/pages/MaintenanceJobDetails.tsx(187,9): error TS17004: Cannot use JSX unless the '--jsx' flag is provided.
../../apps/web-customer/src/pages/MaintenanceJobDetails.tsx(188,11): error TS17004: Cannot use JSX unless the '--jsx' flag is provided.
../../apps/web-customer/src/pages/MaintenanceJobDetails.tsx(188,30): error TS17004: Cannot use JSX unless the '--jsx' flag is provided.
../../apps/web-customer/src/pages/MaintenanceJobDetails.tsx(191,11): error TS17004: Cannot use JSX unless the '--jsx' flag is provided.
../../apps/web-customer/src/pages/MaintenanceJobDetails.tsx(195,9): error TS17004: Cannot use JSX unless the '--jsx' flag is provided.
../../apps/web-customer/src/pages/MaintenanceJobDetails.tsx(196,11): error TS17004: Cannot use JSX unless the '--jsx' flag is provided.
../../apps/web-customer/src/pages/MaintenanceJobDetails.tsx(197,11): error TS17004: Cannot use JSX unless the '--jsx' flag is provided.
../../apps/web-customer/src/pages/MaintenanceJobDetails.tsx(201,7): error TS17004: Cannot use JSX unless the '--jsx' flag is provided.
../../apps/web-customer/src/pages/MaintenanceJobDetails.tsx(203,9): error TS17004: Cannot use JSX unless the '--jsx' flag is provided.
../../apps/web-customer/src/pages/MaintenanceJobDetails.tsx(205,11): error TS17004: Cannot use JSX unless the '--jsx' flag is provided.
../../apps/web-customer/src/pages/MaintenanceJobDetails.tsx(206,13): error TS17004: Cannot use JSX unless the '--jsx' flag is provided.
../../apps/web-customer/src/pages/MaintenanceJobDetails.tsx(209,13): error TS17004: Cannot use JSX unless the '--jsx' flag is provided.
../../apps/web-customer/src/pages/MaintenanceJobDetails.tsx(211,13): error TS17004: Cannot use JSX unless the '--jsx' flag is provided.
../../apps/web-customer/src/pages/MaintenanceJobDetails.tsx(212,15): error TS17004: Cannot use JSX unless the '--jsx' flag is provided.
../../apps/web-customer/src/pages/MaintenanceJobDetails.tsx(213,17): error TS17004: Cannot use JSX unless the '--jsx' flag is provided.
../../apps/web-customer/src/pages/MaintenanceJobDetails.tsx(214,17): error TS17004: Cannot use JSX unless the '--jsx' flag is provided.
../../apps/web-customer/src/pages/MaintenanceJobDetails.tsx(216,15): error TS17004: Cannot use JSX unless the '--jsx' flag is provided.
../../apps/web-customer/src/pages/MaintenanceJobDetails.tsx(217,17): error TS17004: Cannot use JSX unless the '--jsx' flag is provided.
../../apps/web-customer/src/pages/MaintenanceJobDetails.tsx(218,17): error TS17004: Cannot use JSX unless the '--jsx' flag is provided.
../../apps/web-customer/src/pages/MaintenanceJobDetails.tsx(221,17): error TS17004: Cannot use JSX unless the '--jsx' flag is provided.
../../apps/web-customer/src/pages/MaintenanceJobDetails.tsx(222,19): error TS17004: Cannot use JSX unless the '--jsx' flag is provided.
../../apps/web-customer/src/pages/MaintenanceJobDetails.tsx(223,19): error TS17004: Cannot use JSX unless the '--jsx' flag is provided.
../../apps/web-customer/src/pages/MaintenanceJobDetails.tsx(227,17): error TS17004: Cannot use JSX unless the '--jsx' flag is provided.
../../apps/web-customer/src/pages/MaintenanceJobDetails.tsx(228,19): error TS17004: Cannot use JSX unless the '--jsx' flag is provided.
../../apps/web-customer/src/pages/MaintenanceJobDetails.tsx(229,19): error TS17004: Cannot use JSX unless the '--jsx' flag is provided.
../../apps/web-customer/src/pages/MaintenanceJobDetails.tsx(236,17): error TS17004: Cannot use JSX unless the '--jsx' flag is provided.
../../apps/web-customer/src/pages/MaintenanceJobDetails.tsx(237,19): error TS17004: Cannot use JSX unless the '--jsx' flag is provided.
../../apps/web-customer/src/pages/MaintenanceJobDetails.tsx(238,19): error TS17004: Cannot use JSX unless the '--jsx' flag is provided.
../../apps/web-customer/src/pages/MaintenanceJobDetails.tsx(244,15): error TS17004: Cannot use JSX unless the '--jsx' flag is provided.
../../apps/web-customer/src/pages/MaintenanceJobDetails.tsx(245,17): error TS17004: Cannot use JSX unless the '--jsx' flag is provided.
../../apps/web-customer/src/pages/MaintenanceJobDetails.tsx(246,17): error TS17004: Cannot use JSX unless the '--jsx' flag is provided.
../../apps/web-customer/src/pages/MaintenanceJobDetails.tsx(253,13): error TS17004: Cannot use JSX unless the '--jsx' flag is provided.
../../apps/web-customer/src/pages/MaintenanceJobDetails.tsx(254,15): error TS17004: Cannot use JSX unless the '--jsx' flag is provided.
../../apps/web-customer/src/pages/MaintenanceJobDetails.tsx(255,17): error TS17004: Cannot use JSX unless the '--jsx' flag is provided.
../../apps/web-customer/src/pages/MaintenanceJobDetails.tsx(256,17): error TS17004: Cannot use JSX unless the '--jsx' flag is provided.
../../apps/web-customer/src/pages/MaintenanceJobDetails.tsx(258,15): error TS17004: Cannot use JSX unless the '--jsx' flag is provided.
../../apps/web-customer/src/pages/MaintenanceJobDetails.tsx(259,15): error TS17004: Cannot use JSX unless the '--jsx' flag is provided.
../../apps/web-customer/src/pages/MaintenanceJobDetails.tsx(260,15): error TS17004: Cannot use JSX unless the '--jsx' flag is provided.
../../apps/web-customer/src/pages/MaintenanceJobDetails.tsx(261,15): error TS17004: Cannot use JSX unless the '--jsx' flag is provided.
../../apps/web-customer/src/pages/MaintenanceJobDetails.tsx(263,17): error TS17004: Cannot use JSX unless the '--jsx' flag is provided.
../../apps/web-customer/src/pages/MaintenanceJobDetails.tsx(264,19): error TS17004: Cannot use JSX unless the '--jsx' flag is provided.
../../apps/web-customer/src/pages/MaintenanceJobDetails.tsx(265,19): error TS17004: Cannot use JSX unless the '--jsx' flag is provided.
../../apps/web-customer/src/pages/MaintenanceJobDetails.tsx(265,48): error TS17004: Cannot use JSX unless the '--jsx' flag is provided.
../../apps/web-customer/src/pages/MaintenanceJobDetails.tsx(274,11): error TS17004: Cannot use JSX unless the '--jsx' flag is provided.
../../apps/web-customer/src/pages/MaintenanceJobDetails.tsx(275,13): error TS17004: Cannot use JSX unless the '--jsx' flag is provided.
../../apps/web-customer/src/pages/MaintenanceJobDetails.tsx(276,13): error TS17004: Cannot use JSX unless the '--jsx' flag is provided.
../../apps/web-customer/src/pages/MaintenanceJobDetails.tsx(279,15): error TS17004: Cannot use JSX unless the '--jsx' flag is provided.
../../apps/web-customer/src/pages/MaintenanceJobDetails.tsx(280,17): error TS17004: Cannot use JSX unless the '--jsx' flag is provided.
../../apps/web-customer/src/pages/MaintenanceJobDetails.tsx(281,17): error TS17004: Cannot use JSX unless the '--jsx' flag is provided.
../../apps/web-customer/src/pages/MaintenanceJobDetails.tsx(282,42): error TS6133: 'photo' is declared but its value is never read.
../../apps/web-customer/src/pages/MaintenanceJobDetails.tsx(283,21): error TS17004: Cannot use JSX unless the '--jsx' flag is provided.
../../apps/web-customer/src/pages/MaintenanceJobDetails.tsx(284,23): error TS17004: Cannot use JSX unless the '--jsx' flag is provided.
../../apps/web-customer/src/pages/MaintenanceJobDetails.tsx(294,25): error TS17004: Cannot use JSX unless the '--jsx' flag is provided.
../../apps/web-customer/src/pages/MaintenanceJobDetails.tsx(305,15): error TS17004: Cannot use JSX unless the '--jsx' flag is provided.
../../apps/web-customer/src/pages/MaintenanceJobDetails.tsx(306,17): error TS17004: Cannot use JSX unless the '--jsx' flag is provided.
../../apps/web-customer/src/pages/MaintenanceJobDetails.tsx(307,17): error TS17004: Cannot use JSX unless the '--jsx' flag is provided.
../../apps/web-customer/src/pages/MaintenanceJobDetails.tsx(308,53): error TS6133: 'photo' is declared but its value is never read.
../../apps/web-customer/src/pages/MaintenanceJobDetails.tsx(309,21): error TS17004: Cannot use JSX unless the '--jsx' flag is provided.
../../apps/web-customer/src/pages/MaintenanceJobDetails.tsx(310,23): error TS17004: Cannot use JSX unless the '--jsx' flag is provided.
../../apps/web-customer/src/pages/MaintenanceJobDetails.tsx(320,25): error TS17004: Cannot use JSX unless the '--jsx' flag is provided.
../../apps/web-customer/src/pages/MaintenanceJobDetails.tsx(331,15): error TS17004: Cannot use JSX unless the '--jsx' flag is provided.
../../apps/web-customer/src/pages/MaintenanceJobDetails.tsx(332,17): error TS17004: Cannot use JSX unless the '--jsx' flag is provided.
../../apps/web-customer/src/pages/MaintenanceJobDetails.tsx(333,17): error TS17004: Cannot use JSX unless the '--jsx' flag is provided.
../../apps/web-customer/src/pages/MaintenanceJobDetails.tsx(334,47): error TS6133: 'photo' is declared but its value is never read.
../../apps/web-customer/src/pages/MaintenanceJobDetails.tsx(335,21): error TS17004: Cannot use JSX unless the '--jsx' flag is provided.
../../apps/web-customer/src/pages/MaintenanceJobDetails.tsx(336,23): error TS17004: Cannot use JSX unless the '--jsx' flag is provided.
../../apps/web-customer/src/pages/MaintenanceJobDetails.tsx(346,25): error TS17004: Cannot use JSX unless the '--jsx' flag is provided.
../../apps/web-customer/src/pages/MaintenanceJobDetails.tsx(357,15): error TS17004: Cannot use JSX unless the '--jsx' flag is provided.
../../apps/web-customer/src/pages/MaintenanceJobDetails.tsx(363,13): error TS17004: Cannot use JSX unless the '--jsx' flag is provided.
../../apps/web-customer/src/pages/MaintenanceJobDetails.tsx(364,15): error TS17004: Cannot use JSX unless the '--jsx' flag is provided.
../../apps/web-customer/src/pages/MaintenanceJobDetails.tsx(365,15): error TS17004: Cannot use JSX unless the '--jsx' flag is provided.
../../apps/web-customer/src/pages/MaintenanceJobDetails.tsx(367,17): error TS17004: Cannot use JSX unless the '--jsx' flag is provided.
../../apps/web-customer/src/pages/MaintenanceJobDetails.tsx(370,17): error TS17004: Cannot use JSX unless the '--jsx' flag is provided.
../../apps/web-customer/src/pages/MaintenanceJobDetails.tsx(371,19): error TS17004: Cannot use JSX unless the '--jsx' flag is provided.
../../apps/web-customer/src/pages/MaintenanceJobDetails.tsx(372,19): error TS17004: Cannot use JSX unless the '--jsx' flag is provided.
../../apps/web-customer/src/pages/MaintenanceJobDetails.tsx(381,11): error TS17004: Cannot use JSX unless the '--jsx' flag is provided.
../../apps/web-customer/src/pages/MaintenanceJobDetails.tsx(382,13): error TS17004: Cannot use JSX unless the '--jsx' flag is provided.
../../apps/web-customer/src/pages/MaintenanceJobDetails.tsx(383,15): error TS17004: Cannot use JSX unless the '--jsx' flag is provided.
../../apps/web-customer/src/pages/MaintenanceJobDetails.tsx(384,15): error TS17004: Cannot use JSX unless the '--jsx' flag is provided.
../../apps/web-customer/src/pages/MaintenanceJobDetails.tsx(386,13): error TS17004: Cannot use JSX unless the '--jsx' flag is provided.
../../apps/web-customer/src/pages/MaintenanceJobDetails.tsx(387,13): error TS17004: Cannot use JSX unless the '--jsx' flag is provided.
../../apps/web-customer/src/pages/MaintenanceJobDetails.tsx(393,52): error TS2339: Property 'value' does not exist on type 'EventTarget & (HTMLInputElement | HTMLTextAreaElement)'.
  Property 'value' does not exist on type 'EventTarget & HTMLTextAreaElement'.
../../apps/web-customer/src/pages/MaintenanceJobDetails.tsx(397,13): error TS17004: Cannot use JSX unless the '--jsx' flag is provided.
../../apps/web-customer/src/pages/MaintenanceJobDetails.tsx(408,9): error TS17004: Cannot use JSX unless the '--jsx' flag is provided.
../../apps/web-customer/src/pages/MaintenanceJobDetails.tsx(411,13): error TS17004: Cannot use JSX unless the '--jsx' flag is provided.
../../apps/web-customer/src/pages/MaintenanceJobDetails.tsx(412,15): error TS17004: Cannot use JSX unless the '--jsx' flag is provided.
../../apps/web-customer/src/pages/MaintenanceJobDetails.tsx(413,17): error TS17004: Cannot use JSX unless the '--jsx' flag is provided.
../../apps/web-customer/src/pages/MaintenanceJobDetails.tsx(414,19): error TS17004: Cannot use JSX unless the '--jsx' flag is provided.
../../apps/web-customer/src/pages/MaintenanceJobDetails.tsx(415,19): error TS17004: Cannot use JSX unless the '--jsx' flag is provided.
../../apps/web-customer/src/pages/MaintenanceJobDetails.tsx(417,17): error TS17004: Cannot use JSX unless the '--jsx' flag is provided.
../../apps/web-customer/src/pages/MaintenanceJobDetails.tsx(418,17): error TS17004: Cannot use JSX unless the '--jsx' flag is provided.
../../apps/web-customer/src/pages/MaintenanceJobDetails.tsx(419,17): error TS17004: Cannot use JSX unless the '--jsx' flag is provided.
../../apps/web-customer/src/pages/MaintenanceJobDetails.tsx(421,17): error TS17004: Cannot use JSX unless the '--jsx' flag is provided.
../../apps/web-customer/src/pages/MaintenanceJobDetails.tsx(422,17): error TS17004: Cannot use JSX unless the '--jsx' flag is provided.
../../apps/web-customer/src/pages/MaintenanceJobDetails.tsx(426,17): error TS17004: Cannot use JSX unless the '--jsx' flag is provided.
../../apps/web-customer/src/pages/MaintenanceJobDetails.tsx(427,17): error TS17004: Cannot use JSX unless the '--jsx' flag is provided.
../../apps/web-customer/src/pages/MaintenanceJobDetails.tsx(434,17): error TS17004: Cannot use JSX unless the '--jsx' flag is provided.
../../apps/web-customer/src/pages/MaintenanceJobDetails.tsx(435,17): error TS17004: Cannot use JSX unless the '--jsx' flag is provided.
../../apps/web-customer/src/pages/MaintenanceJobDetails.tsx(437,17): error TS17004: Cannot use JSX unless the '--jsx' flag is provided.
../../apps/web-customer/src/pages/MaintenanceJobDetails.tsx(438,17): error TS17004: Cannot use JSX unless the '--jsx' flag is provided.
../../apps/web-customer/src/pages/MaintenanceJobDetails.tsx(445,13): error TS17004: Cannot use JSX unless the '--jsx' flag is provided.
../../apps/web-customer/src/pages/MaintenanceJobDetails.tsx(446,15): error TS17004: Cannot use JSX unless the '--jsx' flag is provided.
../../apps/web-customer/src/pages/MaintenanceJobDetails.tsx(447,17): error TS17004: Cannot use JSX unless the '--jsx' flag is provided.
../../apps/web-customer/src/pages/MaintenanceJobDetails.tsx(448,17): error TS17004: Cannot use JSX unless the '--jsx' flag is provided.
../../apps/web-customer/src/pages/MaintenanceJobDetails.tsx(450,19): error TS17004: Cannot use JSX unless the '--jsx' flag is provided.
../../apps/web-customer/src/pages/MaintenanceJobDetails.tsx(451,21): error TS17004: Cannot use JSX unless the '--jsx' flag is provided.
../../apps/web-customer/src/pages/MaintenanceJobDetails.tsx(452,21): error TS17004: Cannot use JSX unless the '--jsx' flag is provided.
../../apps/web-customer/src/pages/MaintenanceJobDetails.tsx(458,19): error TS17004: Cannot use JSX unless the '--jsx' flag is provided.
../../apps/web-customer/src/pages/MaintenanceJobDetails.tsx(459,21): error TS17004: Cannot use JSX unless the '--jsx' flag is provided.
../../apps/web-customer/src/pages/MaintenanceJobDetails.tsx(460,21): error TS17004: Cannot use JSX unless the '--jsx' flag is provided.
../../apps/web-customer/src/pages/MaintenanceJobDetails.tsx(471,13): error TS17004: Cannot use JSX unless the '--jsx' flag is provided.
../../apps/web-customer/src/pages/MaintenanceJobDetails.tsx(472,15): error TS17004: Cannot use JSX unless the '--jsx' flag is provided.
../../apps/web-customer/src/pages/MaintenanceJobDetails.tsx(473,17): error TS17004: Cannot use JSX unless the '--jsx' flag is provided.
../../apps/web-customer/src/pages/MaintenanceJobDetails.tsx(474,19): error TS17004: Cannot use JSX unless the '--jsx' flag is provided.
../../apps/web-customer/src/pages/MaintenanceJobDetails.tsx(475,19): error TS17004: Cannot use JSX unless the '--jsx' flag is provided.
../../apps/web-customer/src/pages/MaintenanceJobDetails.tsx(477,17): error TS17004: Cannot use JSX unless the '--jsx' flag is provided.
../../apps/web-customer/src/pages/MaintenanceJobDetails.tsx(479,19): error TS17004: Cannot use JSX unless the '--jsx' flag is provided.
../../apps/web-customer/src/pages/MaintenanceJobDetails.tsx(480,21): error TS17004: Cannot use JSX unless the '--jsx' flag is provided.
../../apps/web-customer/src/pages/MaintenanceJobDetails.tsx(481,21): error TS17004: Cannot use JSX unless the '--jsx' flag is provided.
../../apps/web-customer/src/pages/MaintenanceJobDetails.tsx(484,21): error TS17004: Cannot use JSX unless the '--jsx' flag is provided.
../../apps/web-customer/src/pages/MaintenanceJobDetails.tsx(487,19): error TS17004: Cannot use JSX unless the '--jsx' flag is provided.
../../apps/web-customer/src/pages/MaintenanceJobDetails.tsx(488,21): error TS17004: Cannot use JSX unless the '--jsx' flag is provided.
../../apps/web-customer/src/pages/MaintenanceJobDetails.tsx(489,21): error TS17004: Cannot use JSX unless the '--jsx' flag is provided.
../../apps/web-customer/src/pages/MaintenanceJobDetails.tsx(490,21): error TS17004: Cannot use JSX unless the '--jsx' flag is provided.
../../apps/web-customer/src/pages/MaintenanceJobDetails.tsx(491,21): error TS17004: Cannot use JSX unless the '--jsx' flag is provided.
../../apps/web-customer/src/pages/MaintenanceJobDetails.tsx(500,13): error TS17004: Cannot use JSX unless the '--jsx' flag is provided.
../../apps/web-customer/src/pages/MaintenanceJobDetails.tsx(501,15): error TS17004: Cannot use JSX unless the '--jsx' flag is provided.
../../apps/web-customer/src/pages/MaintenanceJobDetails.tsx(502,17): error TS17004: Cannot use JSX unless the '--jsx' flag is provided.
../../apps/web-customer/src/pages/MaintenanceJobDetails.tsx(503,19): error TS17004: Cannot use JSX unless the '--jsx' flag is provided.
../../apps/web-customer/src/pages/MaintenanceJobDetails.tsx(504,19): error TS17004: Cannot use JSX unless the '--jsx' flag is provided.
../../apps/web-customer/src/pages/MaintenanceJobDetails.tsx(506,17): error TS17004: Cannot use JSX unless the '--jsx' flag is provided.
../../apps/web-customer/src/pages/MaintenanceJobDetails.tsx(507,17): error TS17004: Cannot use JSX unless the '--jsx' flag is provided.
../../apps/web-customer/src/pages/MaintenanceJobDetails.tsx(508,17): error TS17004: Cannot use JSX unless the '--jsx' flag is provided.
../../apps/web-customer/src/pages/MaintenanceJobDetails.tsx(512,19): error TS17004: Cannot use JSX unless the '--jsx' flag is provided.
../../apps/web-customer/src/pages/MaintenanceJobDetails.tsx(513,21): error TS17004: Cannot use JSX unless the '--jsx' flag is provided.
../../apps/web-customer/src/pages/MaintenanceJobDetails.tsx(514,21): error TS17004: Cannot use JSX unless the '--jsx' flag is provided.
../../apps/web-customer/src/pages/Properties.tsx(19,5): error TS2304: Cannot find name 'navigator'.
../../apps/web-customer/src/pages/Properties.tsx(34,30): error TS2304: Cannot find name 'localStorage'.
../../apps/web-customer/src/pages/Properties.tsx(53,7): error TS17004: Cannot use JSX unless the '--jsx' flag is provided.
../../apps/web-customer/src/pages/Properties.tsx(54,9): error TS17004: Cannot use JSX unless the '--jsx' flag is provided.
../../apps/web-customer/src/pages/Properties.tsx(60,5): error TS17004: Cannot use JSX unless the '--jsx' flag is provided.
../../apps/web-customer/src/pages/Properties.tsx(61,7): error TS17004: Cannot use JSX unless the '--jsx' flag is provided.
../../apps/web-customer/src/pages/Properties.tsx(62,9): error TS17004: Cannot use JSX unless the '--jsx' flag is provided.
../../apps/web-customer/src/pages/Properties.tsx(63,11): error TS17004: Cannot use JSX unless the '--jsx' flag is provided.
../../apps/web-customer/src/pages/Properties.tsx(64,11): error TS17004: Cannot use JSX unless the '--jsx' flag is provided.
../../apps/web-customer/src/pages/Properties.tsx(69,9): error TS17004: Cannot use JSX unless the '--jsx' flag is provided.
../../apps/web-customer/src/pages/Properties.tsx(74,9): error TS17004: Cannot use JSX unless the '--jsx' flag is provided.
../../apps/web-customer/src/pages/Properties.tsx(76,13): error TS17004: Cannot use JSX unless the '--jsx' flag is provided.
../../apps/web-customer/src/pages/Properties.tsx(82,33): error TS2339: Property 'style' does not exist on type 'EventTarget & HTMLDivElement'.
../../apps/web-customer/src/pages/Properties.tsx(83,33): error TS2339: Property 'style' does not exist on type 'EventTarget & HTMLDivElement'.
../../apps/web-customer/src/pages/Properties.tsx(86,33): error TS2339: Property 'style' does not exist on type 'EventTarget & HTMLDivElement'.
../../apps/web-customer/src/pages/Properties.tsx(87,33): error TS2339: Property 'style' does not exist on type 'EventTarget & HTMLDivElement'.
../../apps/web-customer/src/pages/Properties.tsx(91,15): error TS17004: Cannot use JSX unless the '--jsx' flag is provided.
../../apps/web-customer/src/pages/Properties.tsx(92,17): error TS17004: Cannot use JSX unless the '--jsx' flag is provided.
../../apps/web-customer/src/pages/Properties.tsx(93,19): error TS17004: Cannot use JSX unless the '--jsx' flag is provided.
../../apps/web-customer/src/pages/Properties.tsx(94,19): error TS17004: Cannot use JSX unless the '--jsx' flag is provided.
../../apps/web-customer/src/pages/Properties.tsx(96,17): error TS17004: Cannot use JSX unless the '--jsx' flag is provided.
../../apps/web-customer/src/pages/Properties.tsx(99,15): error TS17004: Cannot use JSX unless the '--jsx' flag is provided.
../../apps/web-customer/src/pages/Properties.tsx(100,17): error TS17004: Cannot use JSX unless the '--jsx' flag is provided.
../../apps/web-customer/src/pages/Properties.tsx(101,19): error TS17004: Cannot use JSX unless the '--jsx' flag is provided.
../../apps/web-customer/src/pages/Properties.tsx(102,21): error TS17004: Cannot use JSX unless the '--jsx' flag is provided.
../../apps/web-customer/src/pages/Properties.tsx(104,19): error TS17004: Cannot use JSX unless the '--jsx' flag is provided.
../../apps/web-customer/src/pages/Properties.tsx(106,17): error TS17004: Cannot use JSX unless the '--jsx' flag is provided.
../../apps/web-customer/src/pages/Properties.tsx(107,19): error TS17004: Cannot use JSX unless the '--jsx' flag is provided.
../../apps/web-customer/src/pages/Properties.tsx(108,21): error TS17004: Cannot use JSX unless the '--jsx' flag is provided.
../../apps/web-customer/src/pages/Properties.tsx(110,19): error TS17004: Cannot use JSX unless the '--jsx' flag is provided.
../../apps/web-customer/src/pages/Properties.tsx(112,17): error TS17004: Cannot use JSX unless the '--jsx' flag is provided.
../../apps/web-customer/src/pages/Properties.tsx(113,19): error TS17004: Cannot use JSX unless the '--jsx' flag is provided.
../../apps/web-customer/src/pages/Properties.tsx(114,21): error TS17004: Cannot use JSX unless the '--jsx' flag is provided.
../../apps/web-customer/src/pages/Properties.tsx(116,19): error TS17004: Cannot use JSX unless the '--jsx' flag is provided.
../../apps/web-customer/src/pages/Properties.tsx(120,15): error TS17004: Cannot use JSX unless the '--jsx' flag is provided.
../../apps/web-customer/src/pages/Properties.tsx(121,17): error TS17004: Cannot use JSX unless the '--jsx' flag is provided.
../../apps/web-customer/src/pages/Properties.tsx(125,19): error TS17004: Cannot use JSX unless the '--jsx' flag is provided.
../../apps/web-customer/src/pages/Properties.tsx(129,15): error TS17004: Cannot use JSX unless the '--jsx' flag is provided.
../../apps/web-customer/src/pages/Properties.tsx(130,17): error TS17004: Cannot use JSX unless the '--jsx' flag is provided.
../../apps/web-customer/src/pages/PropertyDetails.tsx(22,28): error TS2304: Cannot find name 'localStorage'.
../../apps/web-customer/src/pages/PropertyDetails.tsx(54,5): error TS2304: Cannot find name 'navigator'.
../../apps/web-customer/src/pages/PropertyDetails.tsx(63,7): error TS17004: Cannot use JSX unless the '--jsx' flag is provided.
../../apps/web-customer/src/pages/PropertyDetails.tsx(64,9): error TS17004: Cannot use JSX unless the '--jsx' flag is provided.
../../apps/web-customer/src/pages/PropertyDetails.tsx(71,7): error TS17004: Cannot use JSX unless the '--jsx' flag is provided.
../../apps/web-customer/src/pages/PropertyDetails.tsx(72,9): error TS17004: Cannot use JSX unless the '--jsx' flag is provided.
../../apps/web-customer/src/pages/PropertyDetails.tsx(78,5): error TS17004: Cannot use JSX unless the '--jsx' flag is provided.
../../apps/web-customer/src/pages/PropertyDetails.tsx(79,7): error TS17004: Cannot use JSX unless the '--jsx' flag is provided.
../../apps/web-customer/src/pages/PropertyDetails.tsx(80,9): error TS17004: Cannot use JSX unless the '--jsx' flag is provided.
../../apps/web-customer/src/pages/PropertyDetails.tsx(85,7): error TS17004: Cannot use JSX unless the '--jsx' flag is provided.
../../apps/web-customer/src/pages/PropertyDetails.tsx(86,9): error TS17004: Cannot use JSX unless the '--jsx' flag is provided.
../../apps/web-customer/src/pages/PropertyDetails.tsx(88,11): error TS17004: Cannot use JSX unless the '--jsx' flag is provided.
../../apps/web-customer/src/pages/PropertyDetails.tsx(89,13): error TS17004: Cannot use JSX unless the '--jsx' flag is provided.
../../apps/web-customer/src/pages/PropertyDetails.tsx(90,15): error TS17004: Cannot use JSX unless the '--jsx' flag is provided.
../../apps/web-customer/src/pages/PropertyDetails.tsx(91,15): error TS17004: Cannot use JSX unless the '--jsx' flag is provided.
../../apps/web-customer/src/pages/PropertyDetails.tsx(92,15): error TS17004: Cannot use JSX unless the '--jsx' flag is provided.
../../apps/web-customer/src/pages/PropertyDetails.tsx(94,13): error TS17004: Cannot use JSX unless the '--jsx' flag is provided.
../../apps/web-customer/src/pages/PropertyDetails.tsx(100,11): error TS17004: Cannot use JSX unless the '--jsx' flag is provided.
../../apps/web-customer/src/pages/PropertyDetails.tsx(101,13): error TS17004: Cannot use JSX unless the '--jsx' flag is provided.
../../apps/web-customer/src/pages/PropertyDetails.tsx(102,15): error TS17004: Cannot use JSX unless the '--jsx' flag is provided.
../../apps/web-customer/src/pages/PropertyDetails.tsx(103,15): error TS17004: Cannot use JSX unless the '--jsx' flag is provided.
../../apps/web-customer/src/pages/PropertyDetails.tsx(104,17): error TS17004: Cannot use JSX unless the '--jsx' flag is provided.
../../apps/web-customer/src/pages/PropertyDetails.tsx(105,19): error TS17004: Cannot use JSX unless the '--jsx' flag is provided.
../../apps/web-customer/src/pages/PropertyDetails.tsx(106,21): error TS17004: Cannot use JSX unless the '--jsx' flag is provided.
../../apps/web-customer/src/pages/PropertyDetails.tsx(108,19): error TS17004: Cannot use JSX unless the '--jsx' flag is provided.
../../apps/web-customer/src/pages/PropertyDetails.tsx(108,25): error TS17004: Cannot use JSX unless the '--jsx' flag is provided.
../../apps/web-customer/src/pages/PropertyDetails.tsx(110,17): error TS17004: Cannot use JSX unless the '--jsx' flag is provided.
../../apps/web-customer/src/pages/PropertyDetails.tsx(111,19): error TS17004: Cannot use JSX unless the '--jsx' flag is provided.
../../apps/web-customer/src/pages/PropertyDetails.tsx(112,21): error TS17004: Cannot use JSX unless the '--jsx' flag is provided.
../../apps/web-customer/src/pages/PropertyDetails.tsx(114,19): error TS17004: Cannot use JSX unless the '--jsx' flag is provided.
../../apps/web-customer/src/pages/PropertyDetails.tsx(114,25): error TS17004: Cannot use JSX unless the '--jsx' flag is provided.
../../apps/web-customer/src/pages/PropertyDetails.tsx(116,17): error TS17004: Cannot use JSX unless the '--jsx' flag is provided.
../../apps/web-customer/src/pages/PropertyDetails.tsx(117,19): error TS17004: Cannot use JSX unless the '--jsx' flag is provided.
../../apps/web-customer/src/pages/PropertyDetails.tsx(118,21): error TS17004: Cannot use JSX unless the '--jsx' flag is provided.
../../apps/web-customer/src/pages/PropertyDetails.tsx(120,19): error TS17004: Cannot use JSX unless the '--jsx' flag is provided.
../../apps/web-customer/src/pages/PropertyDetails.tsx(120,25): error TS17004: Cannot use JSX unless the '--jsx' flag is provided.
../../apps/web-customer/src/pages/PropertyDetails.tsx(125,13): error TS17004: Cannot use JSX unless the '--jsx' flag is provided.
../../apps/web-customer/src/pages/PropertyDetails.tsx(126,15): error TS17004: Cannot use JSX unless the '--jsx' flag is provided.
../../apps/web-customer/src/pages/PropertyDetails.tsx(127,15): error TS17004: Cannot use JSX unless the '--jsx' flag is provided.
../../apps/web-customer/src/pages/PropertyDetails.tsx(128,17): error TS17004: Cannot use JSX unless the '--jsx' flag is provided.
../../apps/web-customer/src/pages/PropertyDetails.tsx(129,19): error TS17004: Cannot use JSX unless the '--jsx' flag is provided.
../../apps/web-customer/src/pages/PropertyDetails.tsx(137,19): error TS17004: Cannot use JSX unless the '--jsx' flag is provided.
../../apps/web-customer/src/pages/PropertyDetails.tsx(138,21): error TS17004: Cannot use JSX unless the '--jsx' flag is provided.
../../apps/web-customer/src/pages/PropertyDetails.tsx(152,13): error TS17004: Cannot use JSX unless the '--jsx' flag is provided.
../../apps/web-customer/src/pages/PropertyDetails.tsx(153,15): error TS17004: Cannot use JSX unless the '--jsx' flag is provided.
../../apps/web-customer/src/pages/PropertyDetails.tsx(154,15): error TS17004: Cannot use JSX unless the '--jsx' flag is provided.
../../apps/web-customer/src/pages/PropertyDetails.tsx(155,17): error TS17004: Cannot use JSX unless the '--jsx' flag is provided.
../../apps/web-customer/src/pages/PropertyDetails.tsx(161,11): error TS17004: Cannot use JSX unless the '--jsx' flag is provided.
../../apps/web-customer/src/pages/PropertyDetails.tsx(162,13): error TS17004: Cannot use JSX unless the '--jsx' flag is provided.
../../apps/web-customer/src/pages/PropertyDetails.tsx(163,13): error TS17004: Cannot use JSX unless the '--jsx' flag is provided.
../../apps/web-customer/src/pages/PropertyDetails.tsx(164,15): error TS17004: Cannot use JSX unless the '--jsx' flag is provided.
../../apps/web-customer/src/pages/PropertyDetails.tsx(167,15): error TS17004: Cannot use JSX unless the '--jsx' flag is provided.
../../apps/web-customer/src/pages/PropertyDetails.tsx(176,7): error TS17004: Cannot use JSX unless the '--jsx' flag is provided.
../../apps/web-customer/src/pages/PropertyDetails.tsx(177,9): error TS17004: Cannot use JSX unless the '--jsx' flag is provided.
../../apps/web-customer/src/pages/PropertyDetails.tsx(178,11): error TS17004: Cannot use JSX unless the '--jsx' flag is provided.
../../apps/web-customer/src/pages/PropertyDetails.tsx(179,11): error TS17004: Cannot use JSX unless the '--jsx' flag is provided.
../../apps/web-customer/src/pages/QuoteApproval.tsx(54,30): error TS2304: Cannot find name 'localStorage'.
../../apps/web-customer/src/pages/QuoteApproval.tsx(68,33): error TS18046: 'data' is of type 'unknown'.
../../apps/web-customer/src/pages/QuoteApproval.tsx(87,31): error TS18046: 'data' is of type 'unknown'.
../../apps/web-customer/src/pages/QuoteApproval.tsx(107,28): error TS2304: Cannot find name 'localStorage'.
../../apps/web-customer/src/pages/QuoteApproval.tsx(137,28): error TS2304: Cannot find name 'localStorage'.
../../apps/web-customer/src/pages/QuoteApproval.tsx(187,7): error TS17004: Cannot use JSX unless the '--jsx' flag is provided.
../../apps/web-customer/src/pages/QuoteApproval.tsx(188,9): error TS17004: Cannot use JSX unless the '--jsx' flag is provided.
../../apps/web-customer/src/pages/QuoteApproval.tsx(194,5): error TS17004: Cannot use JSX unless the '--jsx' flag is provided.
../../apps/web-customer/src/pages/QuoteApproval.tsx(195,7): error TS17004: Cannot use JSX unless the '--jsx' flag is provided.
../../apps/web-customer/src/pages/QuoteApproval.tsx(196,9): error TS17004: Cannot use JSX unless the '--jsx' flag is provided.
../../apps/web-customer/src/pages/QuoteApproval.tsx(197,9): error TS17004: Cannot use JSX unless the '--jsx' flag is provided.
../../apps/web-customer/src/pages/QuoteApproval.tsx(201,7): error TS17004: Cannot use JSX unless the '--jsx' flag is provided.
../../apps/web-customer/src/pages/QuoteApproval.tsx(202,9): error TS17004: Cannot use JSX unless the '--jsx' flag is provided.
../../apps/web-customer/src/pages/QuoteApproval.tsx(203,11): error TS2322: Type '"outline" | "primary"' is not assignable to type 'ButtonVariant | undefined'.
  Type '"outline"' is not assignable to type 'ButtonVariant | undefined'.
../../apps/web-customer/src/pages/QuoteApproval.tsx(209,9): error TS17004: Cannot use JSX unless the '--jsx' flag is provided.
../../apps/web-customer/src/pages/QuoteApproval.tsx(210,11): error TS2322: Type '"outline" | "primary"' is not assignable to type 'ButtonVariant | undefined'.
  Type '"outline"' is not assignable to type 'ButtonVariant | undefined'.
../../apps/web-customer/src/pages/QuoteApproval.tsx(216,9): error TS17004: Cannot use JSX unless the '--jsx' flag is provided.
../../apps/web-customer/src/pages/QuoteApproval.tsx(217,11): error TS2322: Type '"outline" | "primary"' is not assignable to type 'ButtonVariant | undefined'.
  Type '"outline"' is not assignable to type 'ButtonVariant | undefined'.
../../apps/web-customer/src/pages/QuoteApproval.tsx(223,9): error TS17004: Cannot use JSX unless the '--jsx' flag is provided.
../../apps/web-customer/src/pages/QuoteApproval.tsx(224,11): error TS2322: Type '"outline" | "primary"' is not assignable to type 'ButtonVariant | undefined'.
  Type '"outline"' is not assignable to type 'ButtonVariant | undefined'.
../../apps/web-customer/src/pages/QuoteApproval.tsx(230,9): error TS17004: Cannot use JSX unless the '--jsx' flag is provided.
../../apps/web-customer/src/pages/QuoteApproval.tsx(231,11): error TS2322: Type '"outline" | "primary"' is not assignable to type 'ButtonVariant | undefined'.
  Type '"outline"' is not assignable to type 'ButtonVariant | undefined'.
../../apps/web-customer/src/pages/QuoteApproval.tsx(240,9): error TS17004: Cannot use JSX unless the '--jsx' flag is provided.
../../apps/web-customer/src/pages/QuoteApproval.tsx(245,9): error TS17004: Cannot use JSX unless the '--jsx' flag is provided.
../../apps/web-customer/src/pages/QuoteApproval.tsx(247,13): error TS17004: Cannot use JSX unless the '--jsx' flag is provided.
../../apps/web-customer/src/pages/QuoteApproval.tsx(248,15): error TS17004: Cannot use JSX unless the '--jsx' flag is provided.
../../apps/web-customer/src/pages/QuoteApproval.tsx(249,17): error TS17004: Cannot use JSX unless the '--jsx' flag is provided.
../../apps/web-customer/src/pages/QuoteApproval.tsx(250,19): error TS17004: Cannot use JSX unless the '--jsx' flag is provided.
../../apps/web-customer/src/pages/QuoteApproval.tsx(251,19): error TS17004: Cannot use JSX unless the '--jsx' flag is provided.
../../apps/web-customer/src/pages/QuoteApproval.tsx(255,17): error TS17004: Cannot use JSX unless the '--jsx' flag is provided.
../../apps/web-customer/src/pages/QuoteApproval.tsx(255,24): error TS2322: Type '"error" | "info" | "warning" | "success"' is not assignable to type 'BadgeVariant | undefined'.
  Type '"info"' is not assignable to type 'BadgeVariant | undefined'.
../../apps/web-customer/src/pages/QuoteApproval.tsx(262,17): error TS17004: Cannot use JSX unless the '--jsx' flag is provided.
../../apps/web-customer/src/pages/QuoteApproval.tsx(263,19): error TS17004: Cannot use JSX unless the '--jsx' flag is provided.
../../apps/web-customer/src/pages/QuoteApproval.tsx(265,21): error TS17004: Cannot use JSX unless the '--jsx' flag is provided.
../../apps/web-customer/src/pages/QuoteApproval.tsx(266,23): error TS17004: Cannot use JSX unless the '--jsx' flag is provided.
../../apps/web-customer/src/pages/QuoteApproval.tsx(267,23): error TS17004: Cannot use JSX unless the '--jsx' flag is provided.
../../apps/web-customer/src/pages/QuoteApproval.tsx(269,25): error TS17004: Cannot use JSX unless the '--jsx' flag is provided.
../../apps/web-customer/src/pages/QuoteApproval.tsx(279,15): error TS17004: Cannot use JSX unless the '--jsx' flag is provided.
../../apps/web-customer/src/pages/QuoteApproval.tsx(280,17): error TS17004: Cannot use JSX unless the '--jsx' flag is provided.
../../apps/web-customer/src/pages/QuoteApproval.tsx(281,17): error TS17004: Cannot use JSX unless the '--jsx' flag is provided.
../../apps/web-customer/src/pages/QuoteApproval.tsx(283,21): error TS17004: Cannot use JSX unless the '--jsx' flag is provided.
../../apps/web-customer/src/pages/QuoteApproval.tsx(284,23): error TS17004: Cannot use JSX unless the '--jsx' flag is provided.
../../apps/web-customer/src/pages/QuoteApproval.tsx(285,25): error TS17004: Cannot use JSX unless the '--jsx' flag is provided.
../../apps/web-customer/src/pages/QuoteApproval.tsx(286,27): error TS17004: Cannot use JSX unless the '--jsx' flag is provided.
../../apps/web-customer/src/pages/QuoteApproval.tsx(287,27): error TS17004: Cannot use JSX unless the '--jsx' flag is provided.
../../apps/web-customer/src/pages/QuoteApproval.tsx(288,27): error TS17004: Cannot use JSX unless the '--jsx' flag is provided.
../../apps/web-customer/src/pages/QuoteApproval.tsx(289,27): error TS17004: Cannot use JSX unless the '--jsx' flag is provided.
../../apps/web-customer/src/pages/QuoteApproval.tsx(292,23): error TS17004: Cannot use JSX unless the '--jsx' flag is provided.
../../apps/web-customer/src/pages/QuoteApproval.tsx(294,27): error TS17004: Cannot use JSX unless the '--jsx' flag is provided.
../../apps/web-customer/src/pages/QuoteApproval.tsx(295,29): error TS17004: Cannot use JSX unless the '--jsx' flag is provided.
../../apps/web-customer/src/pages/QuoteApproval.tsx(296,29): error TS17004: Cannot use JSX unless the '--jsx' flag is provided.
../../apps/web-customer/src/pages/QuoteApproval.tsx(297,29): error TS17004: Cannot use JSX unless the '--jsx' flag is provided.
../../apps/web-customer/src/pages/QuoteApproval.tsx(298,29): error TS17004: Cannot use JSX unless the '--jsx' flag is provided.
../../apps/web-customer/src/pages/QuoteApproval.tsx(304,21): error TS17004: Cannot use JSX unless the '--jsx' flag is provided.
../../apps/web-customer/src/pages/QuoteApproval.tsx(310,15): error TS17004: Cannot use JSX unless the '--jsx' flag is provided.
../../apps/web-customer/src/pages/QuoteApproval.tsx(311,17): error TS17004: Cannot use JSX unless the '--jsx' flag is provided.
../../apps/web-customer/src/pages/QuoteApproval.tsx(312,19): error TS17004: Cannot use JSX unless the '--jsx' flag is provided.
../../apps/web-customer/src/pages/QuoteApproval.tsx(313,21): error TS17004: Cannot use JSX unless the '--jsx' flag is provided.
../../apps/web-customer/src/pages/QuoteApproval.tsx(314,23): error TS17004: Cannot use JSX unless the '--jsx' flag is provided.
../../apps/web-customer/src/pages/QuoteApproval.tsx(315,23): error TS17004: Cannot use JSX unless the '--jsx' flag is provided.
../../apps/web-customer/src/pages/QuoteApproval.tsx(317,21): error TS17004: Cannot use JSX unless the '--jsx' flag is provided.
../../apps/web-customer/src/pages/QuoteApproval.tsx(318,23): error TS17004: Cannot use JSX unless the '--jsx' flag is provided.
../../apps/web-customer/src/pages/QuoteApproval.tsx(319,23): error TS17004: Cannot use JSX unless the '--jsx' flag is provided.
../../apps/web-customer/src/pages/QuoteApproval.tsx(327,17): error TS17004: Cannot use JSX unless the '--jsx' flag is provided.
../../apps/web-customer/src/pages/QuoteApproval.tsx(328,19): error TS17004: Cannot use JSX unless the '--jsx' flag is provided.
../../apps/web-customer/src/pages/QuoteApproval.tsx(335,19): error TS17004: Cannot use JSX unless the '--jsx' flag is provided.
../../apps/web-customer/src/pages/QuoteApproval.tsx(346,17): error TS17004: Cannot use JSX unless the '--jsx' flag is provided.
../../apps/web-customer/src/pages/QuoteApproval.tsx(352,17): error TS17004: Cannot use JSX unless the '--jsx' flag is provided.
../../apps/web-customer/src/pages/QuoteApproval.tsx(363,9): error TS17004: Cannot use JSX unless the '--jsx' flag is provided.
../../apps/web-customer/src/pages/QuoteApproval.tsx(372,11): error TS17004: Cannot use JSX unless the '--jsx' flag is provided.
../../apps/web-customer/src/pages/QuoteApproval.tsx(373,13): error TS17004: Cannot use JSX unless the '--jsx' flag is provided.
../../apps/web-customer/src/pages/QuoteApproval.tsx(376,13): error TS17004: Cannot use JSX unless the '--jsx' flag is provided.
../../apps/web-customer/src/pages/QuoteApproval.tsx(380,58): error TS2339: Property 'value' does not exist on type 'EventTarget & HTMLTextAreaElement'.
../../apps/web-customer/src/pages/QuoteApproval.tsx(383,13): error TS17004: Cannot use JSX unless the '--jsx' flag is provided.
../../apps/web-customer/src/pages/QuoteApproval.tsx(384,15): error TS17004: Cannot use JSX unless the '--jsx' flag is provided.
../../apps/web-customer/src/pages/QuoteApproval.tsx(395,15): error TS17004: Cannot use JSX unless the '--jsx' flag is provided.
../../apps/web-customer/src/pages/Register.tsx(13,25): error TS6142: Module '../contexts/AuthContext' was resolved to '/home/orrox/projects/rightfit-cleaning-staging/apps/web-customer/src/contexts/AuthContext.tsx', but '--jsx' is not set.
../../apps/web-customer/src/pages/Register.tsx(54,5): error TS17004: Cannot use JSX unless the '--jsx' flag is provided.
../../apps/web-customer/src/pages/Register.tsx(55,7): error TS17004: Cannot use JSX unless the '--jsx' flag is provided.
../../apps/web-customer/src/pages/Register.tsx(63,9): error TS17004: Cannot use JSX unless the '--jsx' flag is provided.
../../apps/web-customer/src/pages/Register.tsx(64,11): error TS17004: Cannot use JSX unless the '--jsx' flag is provided.
../../apps/web-customer/src/pages/Register.tsx(67,11): error TS17004: Cannot use JSX unless the '--jsx' flag is provided.
../../apps/web-customer/src/pages/Register.tsx(72,13): error TS17004: Cannot use JSX unless the '--jsx' flag is provided.
../../apps/web-customer/src/pages/Register.tsx(77,11): error TS17004: Cannot use JSX unless the '--jsx' flag is provided.
../../apps/web-customer/src/pages/Register.tsx(78,13): error TS17004: Cannot use JSX unless the '--jsx' flag is provided.
../../apps/web-customer/src/pages/Register.tsx(87,53): error TS2339: Property 'value' does not exist on type 'EventTarget & (HTMLInputElement | HTMLTextAreaElement)'.
  Property 'value' does not exist on type 'EventTarget & HTMLTextAreaElement'.
../../apps/web-customer/src/pages/Register.tsx(89,13): error TS17004: Cannot use JSX unless the '--jsx' flag is provided.
../../apps/web-customer/src/pages/Register.tsx(96,56): error TS2339: Property 'value' does not exist on type 'EventTarget & (HTMLInputElement | HTMLTextAreaElement)'.
  Property 'value' does not exist on type 'EventTarget & HTMLTextAreaElement'.
../../apps/web-customer/src/pages/Register.tsx(98,13): error TS17004: Cannot use JSX unless the '--jsx' flag is provided.
../../apps/web-customer/src/pages/Register.tsx(107,50): error TS2339: Property 'value' does not exist on type 'EventTarget & (HTMLInputElement | HTMLTextAreaElement)'.
  Property 'value' does not exist on type 'EventTarget & HTMLTextAreaElement'.
../../apps/web-customer/src/pages/Register.tsx(109,13): error TS17004: Cannot use JSX unless the '--jsx' flag is provided.
../../apps/web-customer/src/pages/Register.tsx(119,53): error TS2339: Property 'value' does not exist on type 'EventTarget & (HTMLInputElement | HTMLTextAreaElement)'.
  Property 'value' does not exist on type 'EventTarget & HTMLTextAreaElement'.
../../apps/web-customer/src/pages/Register.tsx(122,13): error TS17004: Cannot use JSX unless the '--jsx' flag is provided.
../../apps/web-customer/src/pages/Register.tsx(132,60): error TS2339: Property 'value' does not exist on type 'EventTarget & (HTMLInputElement | HTMLTextAreaElement)'.
  Property 'value' does not exist on type 'EventTarget & HTMLTextAreaElement'.
../../apps/web-customer/src/pages/Register.tsx(134,13): error TS17004: Cannot use JSX unless the '--jsx' flag is provided.
../../apps/web-customer/src/pages/Register.tsx(143,13): error TS17004: Cannot use JSX unless the '--jsx' flag is provided.
../../apps/web-customer/src/pages/Register.tsx(144,15): error TS17004: Cannot use JSX unless the '--jsx' flag is provided.
../../apps/web-customer/src/pages/Settings.tsx(44,35): error TS2304: Cannot find name 'localStorage'.
../../apps/web-customer/src/pages/Settings.tsx(49,13): error TS18046: 'data' is of type 'unknown'.
../../apps/web-customer/src/pages/Settings.tsx(50,26): error TS18046: 'data' is of type 'unknown'.
../../apps/web-customer/src/pages/Settings.tsx(67,35): error TS2304: Cannot find name 'localStorage'.
../../apps/web-customer/src/pages/Settings.tsx(102,7): error TS17004: Cannot use JSX unless the '--jsx' flag is provided.
../../apps/web-customer/src/pages/Settings.tsx(103,9): error TS17004: Cannot use JSX unless the '--jsx' flag is provided.
../../apps/web-customer/src/pages/Settings.tsx(109,5): error TS17004: Cannot use JSX unless the '--jsx' flag is provided.
../../apps/web-customer/src/pages/Settings.tsx(110,7): error TS17004: Cannot use JSX unless the '--jsx' flag is provided.
../../apps/web-customer/src/pages/Settings.tsx(113,7): error TS17004: Cannot use JSX unless the '--jsx' flag is provided.
../../apps/web-customer/src/pages/Settings.tsx(118,9): error TS17004: Cannot use JSX unless the '--jsx' flag is provided.
../../apps/web-customer/src/pages/Settings.tsx(124,9): error TS17004: Cannot use JSX unless the '--jsx' flag is provided.
../../apps/web-customer/src/pages/Settings.tsx(129,7): error TS17004: Cannot use JSX unless the '--jsx' flag is provided.
../../apps/web-customer/src/pages/Settings.tsx(130,9): error TS17004: Cannot use JSX unless the '--jsx' flag is provided.
../../apps/web-customer/src/pages/Settings.tsx(133,9): error TS17004: Cannot use JSX unless the '--jsx' flag is provided.
../../apps/web-customer/src/pages/Settings.tsx(135,13): error TS17004: Cannot use JSX unless the '--jsx' flag is provided.
../../apps/web-customer/src/pages/Settings.tsx(142,9): error TS17004: Cannot use JSX unless the '--jsx' flag is provided.
../../apps/web-customer/src/pages/Settings.tsx(146,9): error TS17004: Cannot use JSX unless the '--jsx' flag is provided.
../../apps/web-customer/src/pages/Settings.tsx(148,9): error TS17004: Cannot use JSX unless the '--jsx' flag is provided.
../../apps/web-customer/src/pages/Settings.tsx(151,9): error TS17004: Cannot use JSX unless the '--jsx' flag is provided.
../../apps/web-customer/src/pages/Settings.tsx(152,11): error TS17004: Cannot use JSX unless the '--jsx' flag is provided.
../../apps/web-customer/src/pages/Settings.tsx(154,15): error TS17004: Cannot use JSX unless the '--jsx' flag is provided.
../../apps/web-customer/src/pages/Settings.tsx(161,11): error TS17004: Cannot use JSX unless the '--jsx' flag is provided.
../../apps/web-customer/src/pages/Settings.tsx(165,11): error TS17004: Cannot use JSX unless the '--jsx' flag is provided.
../../apps/web-customer/src/pages/Settings.tsx(167,15): error TS17004: Cannot use JSX unless the '--jsx' flag is provided.
../../apps/web-customer/src/pages/Settings.tsx(174,11): error TS17004: Cannot use JSX unless the '--jsx' flag is provided.
../../apps/web-customer/src/pages/Settings.tsx(179,9): error TS17004: Cannot use JSX unless the '--jsx' flag is provided.
../../apps/web-customer/src/pages/Settings.tsx(181,9): error TS17004: Cannot use JSX unless the '--jsx' flag is provided.
../../apps/web-customer/src/pages/Settings.tsx(184,9): error TS17004: Cannot use JSX unless the '--jsx' flag is provided.
../../apps/web-customer/src/pages/Settings.tsx(186,13): error TS17004: Cannot use JSX unless the '--jsx' flag is provided.
../../apps/web-customer/src/pages/Settings.tsx(193,9): error TS17004: Cannot use JSX unless the '--jsx' flag is provided.
../../apps/web-customer/src/pages/Settings.tsx(197,9): error TS17004: Cannot use JSX unless the '--jsx' flag is provided.
../../apps/web-customer/src/pages/Settings.tsx(198,11): error TS17004: Cannot use JSX unless the '--jsx' flag is provided.
../../apps/web-customer/src/pages/Settings.tsx(199,13): error TS17004: Cannot use JSX unless the '--jsx' flag is provided.
../../apps/web-customer/src/pages/Settings.tsx(204,59): error TS2339: Property 'value' does not exist on type 'EventTarget & (HTMLInputElement | HTMLTextAreaElement)'.
  Property 'value' does not exist on type 'EventTarget & HTMLTextAreaElement'.
../../apps/web-customer/src/pages/Settings.tsx(211,9): error TS17004: Cannot use JSX unless the '--jsx' flag is provided.
../../apps/web-customer/src/pages/Settings.tsx(212,11): error TS17004: Cannot use JSX unless the '--jsx' flag is provided.
../../apps/web-customer/src/pages/Settings.tsx(215,24): error TS17004: Cannot use JSX unless the '--jsx' flag is provided.
../../apps/web-customer/src/pages/cleaning/CleaningJobDetails.tsx(83,7): error TS17004: Cannot use JSX unless the '--jsx' flag is provided.
../../apps/web-customer/src/pages/cleaning/CleaningJobDetails.tsx(84,9): error TS17004: Cannot use JSX unless the '--jsx' flag is provided.
../../apps/web-customer/src/pages/cleaning/CleaningJobDetails.tsx(91,7): error TS17004: Cannot use JSX unless the '--jsx' flag is provided.
../../apps/web-customer/src/pages/cleaning/CleaningJobDetails.tsx(92,9): error TS17004: Cannot use JSX unless the '--jsx' flag is provided.
../../apps/web-customer/src/pages/cleaning/CleaningJobDetails.tsx(93,11): error TS17004: Cannot use JSX unless the '--jsx' flag is provided.
../../apps/web-customer/src/pages/cleaning/CleaningJobDetails.tsx(94,11): error TS17004: Cannot use JSX unless the '--jsx' flag is provided.
../../apps/web-customer/src/pages/cleaning/CleaningJobDetails.tsx(103,5): error TS17004: Cannot use JSX unless the '--jsx' flag is provided.
../../apps/web-customer/src/pages/cleaning/CleaningJobDetails.tsx(104,7): error TS17004: Cannot use JSX unless the '--jsx' flag is provided.
../../apps/web-customer/src/pages/cleaning/CleaningJobDetails.tsx(105,9): error TS17004: Cannot use JSX unless the '--jsx' flag is provided.
../../apps/web-customer/src/pages/cleaning/CleaningJobDetails.tsx(106,11): error TS17004: Cannot use JSX unless the '--jsx' flag is provided.
../../apps/web-customer/src/pages/cleaning/CleaningJobDetails.tsx(109,11): error TS17004: Cannot use JSX unless the '--jsx' flag is provided.
../../apps/web-customer/src/pages/cleaning/CleaningJobDetails.tsx(111,9): error TS17004: Cannot use JSX unless the '--jsx' flag is provided.
../../apps/web-customer/src/pages/cleaning/CleaningJobDetails.tsx(111,16): error TS2322: Type '{ children: string; color: string; }' is not assignable to type 'IntrinsicAttributes & BadgeProps'.
  Property 'color' does not exist on type 'IntrinsicAttributes & BadgeProps'.
../../apps/web-customer/src/pages/cleaning/CleaningJobDetails.tsx(117,7): error TS17004: Cannot use JSX unless the '--jsx' flag is provided.
../../apps/web-customer/src/pages/cleaning/CleaningJobDetails.tsx(118,9): error TS17004: Cannot use JSX unless the '--jsx' flag is provided.
../../apps/web-customer/src/pages/cleaning/CleaningJobDetails.tsx(119,9): error TS17004: Cannot use JSX unless the '--jsx' flag is provided.
../../apps/web-customer/src/pages/cleaning/CleaningJobDetails.tsx(120,11): error TS17004: Cannot use JSX unless the '--jsx' flag is provided.
../../apps/web-customer/src/pages/cleaning/CleaningJobDetails.tsx(121,13): error TS17004: Cannot use JSX unless the '--jsx' flag is provided.
../../apps/web-customer/src/pages/cleaning/CleaningJobDetails.tsx(122,13): error TS17004: Cannot use JSX unless the '--jsx' flag is provided.
../../apps/web-customer/src/pages/cleaning/CleaningJobDetails.tsx(123,15): error TS17004: Cannot use JSX unless the '--jsx' flag is provided.
../../apps/web-customer/src/pages/cleaning/CleaningJobDetails.tsx(124,15): error TS17004: Cannot use JSX unless the '--jsx' flag is provided.
../../apps/web-customer/src/pages/cleaning/CleaningJobDetails.tsx(125,15): error TS17004: Cannot use JSX unless the '--jsx' flag is provided.
../../apps/web-customer/src/pages/cleaning/CleaningJobDetails.tsx(129,11): error TS17004: Cannot use JSX unless the '--jsx' flag is provided.
../../apps/web-customer/src/pages/cleaning/CleaningJobDetails.tsx(130,13): error TS17004: Cannot use JSX unless the '--jsx' flag is provided.
../../apps/web-customer/src/pages/cleaning/CleaningJobDetails.tsx(131,13): error TS17004: Cannot use JSX unless the '--jsx' flag is provided.
../../apps/web-customer/src/pages/cleaning/CleaningJobDetails.tsx(132,15): error TS17004: Cannot use JSX unless the '--jsx' flag is provided.
../../apps/web-customer/src/pages/cleaning/CleaningJobDetails.tsx(133,15): error TS17004: Cannot use JSX unless the '--jsx' flag is provided.
../../apps/web-customer/src/pages/cleaning/CleaningJobDetails.tsx(140,7): error TS17004: Cannot use JSX unless the '--jsx' flag is provided.
../../apps/web-customer/src/pages/cleaning/CleaningJobDetails.tsx(141,9): error TS17004: Cannot use JSX unless the '--jsx' flag is provided.
../../apps/web-customer/src/pages/cleaning/CleaningJobDetails.tsx(142,9): error TS17004: Cannot use JSX unless the '--jsx' flag is provided.
../../apps/web-customer/src/pages/cleaning/CleaningJobDetails.tsx(143,11): error TS17004: Cannot use JSX unless the '--jsx' flag is provided.
../../apps/web-customer/src/pages/cleaning/CleaningJobDetails.tsx(144,13): error TS17004: Cannot use JSX unless the '--jsx' flag is provided.
../../apps/web-customer/src/pages/cleaning/CleaningJobDetails.tsx(145,13): error TS17004: Cannot use JSX unless the '--jsx' flag is provided.
../../apps/web-customer/src/pages/cleaning/CleaningJobDetails.tsx(155,11): error TS17004: Cannot use JSX unless the '--jsx' flag is provided.
../../apps/web-customer/src/pages/cleaning/CleaningJobDetails.tsx(156,13): error TS17004: Cannot use JSX unless the '--jsx' flag is provided.
../../apps/web-customer/src/pages/cleaning/CleaningJobDetails.tsx(157,13): error TS17004: Cannot use JSX unless the '--jsx' flag is provided.
../../apps/web-customer/src/pages/cleaning/CleaningJobDetails.tsx(161,15): error TS17004: Cannot use JSX unless the '--jsx' flag is provided.
../../apps/web-customer/src/pages/cleaning/CleaningJobDetails.tsx(167,11): error TS17004: Cannot use JSX unless the '--jsx' flag is provided.
../../apps/web-customer/src/pages/cleaning/CleaningJobDetails.tsx(168,13): error TS17004: Cannot use JSX unless the '--jsx' flag is provided.
../../apps/web-customer/src/pages/cleaning/CleaningJobDetails.tsx(169,13): error TS17004: Cannot use JSX unless the '--jsx' flag is provided.
../../apps/web-customer/src/pages/cleaning/CleaningJobDetails.tsx(175,15): error TS17004: Cannot use JSX unless the '--jsx' flag is provided.
../../apps/web-customer/src/pages/cleaning/CleaningJobDetails.tsx(183,9): error TS17004: Cannot use JSX unless the '--jsx' flag is provided.
../../apps/web-customer/src/pages/cleaning/CleaningJobDetails.tsx(184,11): error TS17004: Cannot use JSX unless the '--jsx' flag is provided.
../../apps/web-customer/src/pages/cleaning/CleaningJobDetails.tsx(185,11): error TS17004: Cannot use JSX unless the '--jsx' flag is provided.
../../apps/web-customer/src/pages/cleaning/CleaningJobDetails.tsx(186,13): error TS17004: Cannot use JSX unless the '--jsx' flag is provided.
../../apps/web-customer/src/pages/cleaning/CleaningJobDetails.tsx(187,15): error TS17004: Cannot use JSX unless the '--jsx' flag is provided.
../../apps/web-customer/src/pages/cleaning/CleaningJobDetails.tsx(188,15): error TS17004: Cannot use JSX unless the '--jsx' flag is provided.
../../apps/web-customer/src/pages/cleaning/CleaningJobDetails.tsx(190,13): error TS17004: Cannot use JSX unless the '--jsx' flag is provided.
../../apps/web-customer/src/pages/cleaning/CleaningJobDetails.tsx(191,15): error TS17004: Cannot use JSX unless the '--jsx' flag is provided.
../../apps/web-customer/src/pages/cleaning/CleaningJobDetails.tsx(203,7): error TS17004: Cannot use JSX unless the '--jsx' flag is provided.
../../apps/web-customer/src/pages/cleaning/CleaningJobDetails.tsx(204,9): error TS17004: Cannot use JSX unless the '--jsx' flag is provided.
../../apps/web-customer/src/pages/cleaning/CleaningJobDetails.tsx(205,9): error TS17004: Cannot use JSX unless the '--jsx' flag is provided.
../../apps/web-customer/src/pages/cleaning/CleaningJobDetails.tsx(206,11): error TS17004: Cannot use JSX unless the '--jsx' flag is provided.
../../apps/web-customer/src/pages/cleaning/CleaningJobDetails.tsx(207,13): error TS17004: Cannot use JSX unless the '--jsx' flag is provided.
../../apps/web-customer/src/pages/cleaning/CleaningJobDetails.tsx(208,13): error TS17004: Cannot use JSX unless the '--jsx' flag is provided.
../../apps/web-customer/src/pages/cleaning/CleaningJobDetails.tsx(211,11): error TS17004: Cannot use JSX unless the '--jsx' flag is provided.
../../apps/web-customer/src/pages/cleaning/CleaningJobDetails.tsx(212,13): error TS17004: Cannot use JSX unless the '--jsx' flag is provided.
../../apps/web-customer/src/pages/cleaning/CleaningJobDetails.tsx(213,13): error TS17004: Cannot use JSX unless the '--jsx' flag is provided.
../../apps/web-customer/src/pages/cleaning/CleaningJobDetails.tsx(217,13): error TS17004: Cannot use JSX unless the '--jsx' flag is provided.
../../apps/web-customer/src/pages/cleaning/CleaningJobDetails.tsx(218,15): error TS17004: Cannot use JSX unless the '--jsx' flag is provided.
../../apps/web-customer/src/pages/cleaning/CleaningJobDetails.tsx(219,15): error TS17004: Cannot use JSX unless the '--jsx' flag is provided.
../../apps/web-customer/src/pages/cleaning/CleaningJobDetails.tsx(226,7): error TS17004: Cannot use JSX unless the '--jsx' flag is provided.
../../apps/web-customer/src/pages/cleaning/CleaningJobDetails.tsx(227,9): error TS17004: Cannot use JSX unless the '--jsx' flag is provided.
../../apps/web-customer/src/pages/cleaning/CleaningJobDetails.tsx(228,11): error TS17004: Cannot use JSX unless the '--jsx' flag is provided.
../../apps/web-customer/src/pages/cleaning/CleaningJobDetails.tsx(229,11): error TS17004: Cannot use JSX unless the '--jsx' flag is provided.
../../apps/web-customer/src/pages/cleaning/CleaningJobDetails.tsx(238,14): error TS2339: Property 'maintenance_jobs' does not exist on type 'CleaningJob'.
../../apps/web-customer/src/pages/cleaning/CleaningJobDetails.tsx(238,38): error TS2339: Property 'maintenance_jobs' does not exist on type 'CleaningJob'.
../../apps/web-customer/src/pages/cleaning/CleaningJobDetails.tsx(239,11): error TS17004: Cannot use JSX unless the '--jsx' flag is provided.
../../apps/web-customer/src/pages/cleaning/CleaningJobDetails.tsx(240,18): error TS2339: Property 'maintenance_jobs' does not exist on type 'CleaningJob'.
../../apps/web-customer/src/pages/cleaning/CleaningJobDetails.tsx(241,15): error TS17004: Cannot use JSX unless the '--jsx' flag is provided.
../../apps/web-customer/src/pages/cleaning/CleaningJobDetails.tsx(246,17): error TS17004: Cannot use JSX unless the '--jsx' flag is provided.
../../apps/web-customer/src/pages/cleaning/CleaningJobDetails.tsx(247,19): error TS17004: Cannot use JSX unless the '--jsx' flag is provided.
../../apps/web-customer/src/pages/cleaning/CleaningJobDetails.tsx(248,21): error TS17004: Cannot use JSX unless the '--jsx' flag is provided.
../../apps/web-customer/src/pages/cleaning/CleaningJobDetails.tsx(249,23): error TS17004: Cannot use JSX unless the '--jsx' flag is provided.
../../apps/web-customer/src/pages/cleaning/CleaningJobDetails.tsx(250,23): error TS17004: Cannot use JSX unless the '--jsx' flag is provided.
../../apps/web-customer/src/pages/cleaning/CleaningJobDetails.tsx(251,25): error TS2322: Type '{ children: any; color: string; }' is not assignable to type 'IntrinsicAttributes & BadgeProps'.
  Property 'color' does not exist on type 'IntrinsicAttributes & BadgeProps'.
../../apps/web-customer/src/pages/cleaning/CleaningJobDetails.tsx(262,23): error TS17004: Cannot use JSX unless the '--jsx' flag is provided.
../../apps/web-customer/src/pages/cleaning/CleaningJobDetails.tsx(263,25): error TS2322: Type '{ children: any; color: string; }' is not assignable to type 'IntrinsicAttributes & BadgeProps'.
  Property 'color' does not exist on type 'IntrinsicAttributes & BadgeProps'.
../../apps/web-customer/src/pages/cleaning/CleaningJobDetails.tsx(271,21): error TS17004: Cannot use JSX unless the '--jsx' flag is provided.
../../apps/web-customer/src/pages/cleaning/CleaningJobDetails.tsx(272,21): error TS17004: Cannot use JSX unless the '--jsx' flag is provided.
../../apps/web-customer/src/pages/cleaning/CleaningJobDetails.tsx(273,23): error TS17004: Cannot use JSX unless the '--jsx' flag is provided.
../../apps/web-customer/src/pages/cleaning/CleaningJobDetails.tsx(273,38): error TS17004: Cannot use JSX unless the '--jsx' flag is provided.
../../apps/web-customer/src/pages/cleaning/CleaningJobDetails.tsx(275,25): error TS17004: Cannot use JSX unless the '--jsx' flag is provided.
../../apps/web-customer/src/pages/cleaning/CleaningJobDetails.tsx(277,27): error TS17004: Cannot use JSX unless the '--jsx' flag is provided.
../../apps/web-customer/src/pages/cleaning/CleaningJobDetails.tsx(283,25): error TS17004: Cannot use JSX unless the '--jsx' flag is provided.
../../apps/web-customer/src/pages/cleaning/CleaningJobDetails.tsx(283,41): error TS17004: Cannot use JSX unless the '--jsx' flag is provided.
../../apps/web-customer/src/pages/cleaning/CleaningJobDetails.tsx(287,19): error TS17004: Cannot use JSX unless the '--jsx' flag is provided.
../../apps/web-customer/src/pages/cleaning/CleaningJobDetails.tsx(304,52): error TS2339: Property 'maintenance_jobs' does not exist on type 'CleaningJob'.
../../apps/web-customer/src/pages/cleaning/CleaningJobDetails.tsx(304,76): error TS2339: Property 'maintenance_jobs' does not exist on type 'CleaningJob'.
../../apps/web-customer/src/pages/cleaning/CleaningJobDetails.tsx(305,11): error TS17004: Cannot use JSX unless the '--jsx' flag is provided.
../../apps/web-customer/src/pages/cleaning/CleaningJobDetails.tsx(306,13): error TS17004: Cannot use JSX unless the '--jsx' flag is provided.
../../apps/web-customer/src/pages/cleaning/CleaningJobDetails.tsx(310,15): error TS17004: Cannot use JSX unless the '--jsx' flag is provided.
../../apps/web-customer/src/pages/cleaning/CleaningJobDetails.tsx(318,11): error TS17004: Cannot use JSX unless the '--jsx' flag is provided.
../../apps/web-customer/src/pages/cleaning/CleaningJobDetails.tsx(319,13): error TS17004: Cannot use JSX unless the '--jsx' flag is provided.
../../apps/web-customer/src/pages/cleaning/CleaningJobDetails.tsx(320,13): error TS17004: Cannot use JSX unless the '--jsx' flag is provided.
../../apps/web-customer/src/pages/cleaning/CleaningJobDetails.tsx(321,15): error TS17004: Cannot use JSX unless the '--jsx' flag is provided.
../../apps/web-customer/src/pages/cleaning/CleaningJobDetails.tsx(322,17): error TS17004: Cannot use JSX unless the '--jsx' flag is provided.
../../apps/web-customer/src/pages/cleaning/CleaningJobDetails.tsx(323,17): error TS17004: Cannot use JSX unless the '--jsx' flag is provided.
../../apps/web-customer/src/pages/cleaning/CleaningJobDetails.tsx(327,59): error TS2339: Property 'value' does not exist on type 'EventTarget & HTMLInputElement'.
../../apps/web-customer/src/pages/cleaning/CleaningJobDetails.tsx(332,15): error TS17004: Cannot use JSX unless the '--jsx' flag is provided.
../../apps/web-customer/src/pages/cleaning/CleaningJobDetails.tsx(333,17): error TS17004: Cannot use JSX unless the '--jsx' flag is provided.
../../apps/web-customer/src/pages/cleaning/CleaningJobDetails.tsx(334,17): error TS17004: Cannot use JSX unless the '--jsx' flag is provided.
../../apps/web-customer/src/pages/cleaning/CleaningJobDetails.tsx(338,65): error TS2339: Property 'value' does not exist on type 'EventTarget & HTMLTextAreaElement'.
../../apps/web-customer/src/pages/cleaning/CleaningJobDetails.tsx(343,15): error TS17004: Cannot use JSX unless the '--jsx' flag is provided.
../../apps/web-customer/src/pages/cleaning/CleaningJobDetails.tsx(344,17): error TS17004: Cannot use JSX unless the '--jsx' flag is provided.
../../apps/web-customer/src/pages/cleaning/CleaningJobDetails.tsx(345,19): error TS17004: Cannot use JSX unless the '--jsx' flag is provided.
../../apps/web-customer/src/pages/cleaning/CleaningJobDetails.tsx(346,19): error TS17004: Cannot use JSX unless the '--jsx' flag is provided.
../../apps/web-customer/src/pages/cleaning/CleaningJobDetails.tsx(349,64): error TS2339: Property 'value' does not exist on type 'EventTarget & HTMLSelectElement'.
../../apps/web-customer/src/pages/cleaning/CleaningJobDetails.tsx(351,21): error TS17004: Cannot use JSX unless the '--jsx' flag is provided.
../../apps/web-customer/src/pages/cleaning/CleaningJobDetails.tsx(352,21): error TS17004: Cannot use JSX unless the '--jsx' flag is provided.
../../apps/web-customer/src/pages/cleaning/CleaningJobDetails.tsx(353,21): error TS17004: Cannot use JSX unless the '--jsx' flag is provided.
../../apps/web-customer/src/pages/cleaning/CleaningJobDetails.tsx(354,21): error TS17004: Cannot use JSX unless the '--jsx' flag is provided.
../../apps/web-customer/src/pages/cleaning/CleaningJobDetails.tsx(355,21): error TS17004: Cannot use JSX unless the '--jsx' flag is provided.
../../apps/web-customer/src/pages/cleaning/CleaningJobDetails.tsx(356,21): error TS17004: Cannot use JSX unless the '--jsx' flag is provided.
../../apps/web-customer/src/pages/cleaning/CleaningJobDetails.tsx(360,17): error TS17004: Cannot use JSX unless the '--jsx' flag is provided.
../../apps/web-customer/src/pages/cleaning/CleaningJobDetails.tsx(361,19): error TS17004: Cannot use JSX unless the '--jsx' flag is provided.
../../apps/web-customer/src/pages/cleaning/CleaningJobDetails.tsx(362,19): error TS17004: Cannot use JSX unless the '--jsx' flag is provided.
../../apps/web-customer/src/pages/cleaning/CleaningJobDetails.tsx(365,64): error TS2339: Property 'value' does not exist on type 'EventTarget & HTMLSelectElement'.
../../apps/web-customer/src/pages/cleaning/CleaningJobDetails.tsx(367,21): error TS17004: Cannot use JSX unless the '--jsx' flag is provided.
../../apps/web-customer/src/pages/cleaning/CleaningJobDetails.tsx(368,21): error TS17004: Cannot use JSX unless the '--jsx' flag is provided.
../../apps/web-customer/src/pages/cleaning/CleaningJobDetails.tsx(369,21): error TS17004: Cannot use JSX unless the '--jsx' flag is provided.
../../apps/web-customer/src/pages/cleaning/CleaningJobDetails.tsx(370,21): error TS17004: Cannot use JSX unless the '--jsx' flag is provided.
../../apps/web-customer/src/pages/cleaning/CleaningJobDetails.tsx(375,15): error TS17004: Cannot use JSX unless the '--jsx' flag is provided.
../../apps/web-customer/src/pages/cleaning/CleaningJobDetails.tsx(387,11): error TS17004: Cannot use JSX unless the '--jsx' flag is provided.
../../apps/web-customer/src/pages/cleaning/CleaningJobDetails.tsx(393,9): error TS17004: Cannot use JSX unless the '--jsx' flag is provided.
../../apps/web-customer/src/pages/cleaning/CleaningJobDetails.tsx(394,11): error TS17004: Cannot use JSX unless the '--jsx' flag is provided.
../../apps/web-customer/src/pages/cleaning/CleaningJobDetails.tsx(395,11): error TS17004: Cannot use JSX unless the '--jsx' flag is provided.
../../apps/web-customer/src/pages/cleaning/CleaningJobDetails.tsx(400,7): error TS17004: Cannot use JSX unless the '--jsx' flag is provided.
../../apps/web-customer/src/pages/cleaning/CleaningJobDetails.tsx(401,9): error TS17004: Cannot use JSX unless the '--jsx' flag is provided.
../../apps/web-customer/src/pages/cleaning/CleaningJobDetails.tsx(407,9): error TS17004: Cannot use JSX unless the '--jsx' flag is provided.
../../apps/web-customer/src/pages/cleaning/CleaningJobs.tsx(63,10): error TS2304: Cannot find name 'confirm'.
../../apps/web-customer/src/pages/cleaning/CleaningJobs.tsx(89,7): error TS17004: Cannot use JSX unless the '--jsx' flag is provided.
../../apps/web-customer/src/pages/cleaning/CleaningJobs.tsx(90,9): error TS17004: Cannot use JSX unless the '--jsx' flag is provided.
../../apps/web-customer/src/pages/cleaning/CleaningJobs.tsx(96,5): error TS17004: Cannot use JSX unless the '--jsx' flag is provided.
../../apps/web-customer/src/pages/cleaning/CleaningJobs.tsx(97,7): error TS17004: Cannot use JSX unless the '--jsx' flag is provided.
../../apps/web-customer/src/pages/cleaning/CleaningJobs.tsx(98,9): error TS17004: Cannot use JSX unless the '--jsx' flag is provided.
../../apps/web-customer/src/pages/cleaning/CleaningJobs.tsx(99,9): error TS17004: Cannot use JSX unless the '--jsx' flag is provided.
../../apps/web-customer/src/pages/cleaning/CleaningJobs.tsx(105,7): error TS17004: Cannot use JSX unless the '--jsx' flag is provided.
../../apps/web-customer/src/pages/cleaning/CleaningJobs.tsx(106,9): error TS17004: Cannot use JSX unless the '--jsx' flag is provided.
../../apps/web-customer/src/pages/cleaning/CleaningJobs.tsx(107,11): error TS17004: Cannot use JSX unless the '--jsx' flag is provided.
../../apps/web-customer/src/pages/cleaning/CleaningJobs.tsx(108,13): error TS17004: Cannot use JSX unless the '--jsx' flag is provided.
../../apps/web-customer/src/pages/cleaning/CleaningJobs.tsx(109,13): error TS17004: Cannot use JSX unless the '--jsx' flag is provided.
../../apps/web-customer/src/pages/cleaning/CleaningJobs.tsx(113,56): error TS2339: Property 'value' does not exist on type 'EventTarget & HTMLInputElement'.
../../apps/web-customer/src/pages/cleaning/CleaningJobs.tsx(116,11): error TS17004: Cannot use JSX unless the '--jsx' flag is provided.
../../apps/web-customer/src/pages/cleaning/CleaningJobs.tsx(117,13): error TS17004: Cannot use JSX unless the '--jsx' flag is provided.
../../apps/web-customer/src/pages/cleaning/CleaningJobs.tsx(118,13): error TS17004: Cannot use JSX unless the '--jsx' flag is provided.
../../apps/web-customer/src/pages/cleaning/CleaningJobs.tsx(121,57): error TS2339: Property 'value' does not exist on type 'EventTarget & HTMLSelectElement'.
../../apps/web-customer/src/pages/cleaning/CleaningJobs.tsx(123,15): error TS17004: Cannot use JSX unless the '--jsx' flag is provided.
../../apps/web-customer/src/pages/cleaning/CleaningJobs.tsx(124,15): error TS17004: Cannot use JSX unless the '--jsx' flag is provided.
../../apps/web-customer/src/pages/cleaning/CleaningJobs.tsx(125,15): error TS17004: Cannot use JSX unless the '--jsx' flag is provided.
../../apps/web-customer/src/pages/cleaning/CleaningJobs.tsx(126,15): error TS17004: Cannot use JSX unless the '--jsx' flag is provided.
../../apps/web-customer/src/pages/cleaning/CleaningJobs.tsx(127,15): error TS17004: Cannot use JSX unless the '--jsx' flag is provided.
../../apps/web-customer/src/pages/cleaning/CleaningJobs.tsx(130,11): error TS17004: Cannot use JSX unless the '--jsx' flag is provided.
../../apps/web-customer/src/pages/cleaning/CleaningJobs.tsx(131,13): error TS17004: Cannot use JSX unless the '--jsx' flag is provided.
../../apps/web-customer/src/pages/cleaning/CleaningJobs.tsx(146,7): error TS17004: Cannot use JSX unless the '--jsx' flag is provided.
../../apps/web-customer/src/pages/cleaning/CleaningJobs.tsx(147,9): error TS17004: Cannot use JSX unless the '--jsx' flag is provided.
../../apps/web-customer/src/pages/cleaning/CleaningJobs.tsx(148,11): error TS17004: Cannot use JSX unless the '--jsx' flag is provided.
../../apps/web-customer/src/pages/cleaning/CleaningJobs.tsx(149,11): error TS17004: Cannot use JSX unless the '--jsx' flag is provided.
../../apps/web-customer/src/pages/cleaning/CleaningJobs.tsx(151,9): error TS17004: Cannot use JSX unless the '--jsx' flag is provided.
../../apps/web-customer/src/pages/cleaning/CleaningJobs.tsx(152,11): error TS17004: Cannot use JSX unless the '--jsx' flag is provided.
../../apps/web-customer/src/pages/cleaning/CleaningJobs.tsx(153,11): error TS17004: Cannot use JSX unless the '--jsx' flag is provided.
../../apps/web-customer/src/pages/cleaning/CleaningJobs.tsx(157,9): error TS17004: Cannot use JSX unless the '--jsx' flag is provided.
../../apps/web-customer/src/pages/cleaning/CleaningJobs.tsx(158,11): error TS17004: Cannot use JSX unless the '--jsx' flag is provided.
../../apps/web-customer/src/pages/cleaning/CleaningJobs.tsx(159,11): error TS17004: Cannot use JSX unless the '--jsx' flag is provided.
../../apps/web-customer/src/pages/cleaning/CleaningJobs.tsx(163,9): error TS17004: Cannot use JSX unless the '--jsx' flag is provided.
../../apps/web-customer/src/pages/cleaning/CleaningJobs.tsx(164,11): error TS17004: Cannot use JSX unless the '--jsx' flag is provided.
../../apps/web-customer/src/pages/cleaning/CleaningJobs.tsx(165,11): error TS17004: Cannot use JSX unless the '--jsx' flag is provided.
../../apps/web-customer/src/pages/cleaning/CleaningJobs.tsx(173,9): error TS17004: Cannot use JSX unless the '--jsx' flag is provided.
../../apps/web-customer/src/pages/cleaning/CleaningJobs.tsx(178,9): error TS17004: Cannot use JSX unless the '--jsx' flag is provided.
../../apps/web-customer/src/pages/cleaning/CleaningJobs.tsx(180,13): error TS17004: Cannot use JSX unless the '--jsx' flag is provided.
../../apps/web-customer/src/pages/cleaning/CleaningJobs.tsx(185,15): error TS17004: Cannot use JSX unless the '--jsx' flag is provided.
../../apps/web-customer/src/pages/cleaning/CleaningJobs.tsx(186,17): error TS17004: Cannot use JSX unless the '--jsx' flag is provided.
../../apps/web-customer/src/pages/cleaning/CleaningJobs.tsx(187,19): error TS17004: Cannot use JSX unless the '--jsx' flag is provided.
../../apps/web-customer/src/pages/cleaning/CleaningJobs.tsx(188,21): error TS17004: Cannot use JSX unless the '--jsx' flag is provided.
../../apps/web-customer/src/pages/cleaning/CleaningJobs.tsx(191,21): error TS17004: Cannot use JSX unless the '--jsx' flag is provided.
../../apps/web-customer/src/pages/cleaning/CleaningJobs.tsx(195,23): error TS17004: Cannot use JSX unless the '--jsx' flag is provided.
../../apps/web-customer/src/pages/cleaning/CleaningJobs.tsx(201,19): error TS17004: Cannot use JSX unless the '--jsx' flag is provided.
../../apps/web-customer/src/pages/cleaning/CleaningJobs.tsx(202,21): error TS17004: Cannot use JSX unless the '--jsx' flag is provided.
../../apps/web-customer/src/pages/cleaning/CleaningJobs.tsx(203,23): error TS17004: Cannot use JSX unless the '--jsx' flag is provided.
../../apps/web-customer/src/pages/cleaning/CleaningJobs.tsx(204,23): error TS17004: Cannot use JSX unless the '--jsx' flag is provided.
../../apps/web-customer/src/pages/cleaning/CleaningJobs.tsx(206,21): error TS17004: Cannot use JSX unless the '--jsx' flag is provided.
../../apps/web-customer/src/pages/cleaning/CleaningJobs.tsx(207,23): error TS17004: Cannot use JSX unless the '--jsx' flag is provided.
../../apps/web-customer/src/pages/cleaning/CleaningJobs.tsx(208,23): error TS17004: Cannot use JSX unless the '--jsx' flag is provided.
../../apps/web-customer/src/pages/cleaning/CleaningJobs.tsx(210,21): error TS17004: Cannot use JSX unless the '--jsx' flag is provided.
../../apps/web-customer/src/pages/cleaning/CleaningJobs.tsx(211,23): error TS17004: Cannot use JSX unless the '--jsx' flag is provided.
../../apps/web-customer/src/pages/cleaning/CleaningJobs.tsx(212,23): error TS17004: Cannot use JSX unless the '--jsx' flag is provided.
../../apps/web-customer/src/pages/cleaning/CleaningJobs.tsx(218,21): error TS17004: Cannot use JSX unless the '--jsx' flag is provided.
../../apps/web-customer/src/pages/cleaning/CleaningJobs.tsx(219,23): error TS17004: Cannot use JSX unless the '--jsx' flag is provided.
../../apps/web-customer/src/pages/cleaning/CleaningJobs.tsx(220,23): error TS17004: Cannot use JSX unless the '--jsx' flag is provided.
../../apps/web-customer/src/pages/cleaning/CleaningJobs.tsx(225,21): error TS17004: Cannot use JSX unless the '--jsx' flag is provided.
../../apps/web-customer/src/pages/cleaning/CleaningJobs.tsx(226,23): error TS17004: Cannot use JSX unless the '--jsx' flag is provided.
../../apps/web-customer/src/pages/cleaning/CleaningJobs.tsx(227,25): error TS17004: Cannot use JSX unless the '--jsx' flag is provided.
../../apps/web-customer/src/pages/cleaning/CleaningJobs.tsx(234,23): error TS17004: Cannot use JSX unless the '--jsx' flag is provided.
../../apps/web-customer/src/pages/cleaning/CleaningJobs.tsx(241,17): error TS17004: Cannot use JSX unless the '--jsx' flag is provided.
../../apps/web-customer/src/pages/cleaning/CleaningJobs.tsx(242,19): error TS17004: Cannot use JSX unless the '--jsx' flag is provided.
../../apps/web-customer/src/pages/cleaning/CleaningJobs.tsx(246,21): error TS17004: Cannot use JSX unless the '--jsx' flag is provided.
../../apps/web-customer/src/pages/cleaning/CleaningJobs.tsx(250,19): error TS17004: Cannot use JSX unless the '--jsx' flag is provided.
../../apps/web-customer/src/pages/cleaning/CleaningJobs.tsx(251,21): error TS17004: Cannot use JSX unless the '--jsx' flag is provided.
../../apps/web-customer/src/pages/cleaning/CleaningJobs.tsx(261,21): error TS17004: Cannot use JSX unless the '--jsx' flag is provided.
../../apps/web-customer/src/pages/cleaning/CreateCleaningJob.tsx(48,5): error TS17004: Cannot use JSX unless the '--jsx' flag is provided.
../../apps/web-customer/src/pages/cleaning/CreateCleaningJob.tsx(49,7): error TS17004: Cannot use JSX unless the '--jsx' flag is provided.
../../apps/web-customer/src/pages/cleaning/CreateCleaningJob.tsx(50,9): error TS17004: Cannot use JSX unless the '--jsx' flag is provided.
../../apps/web-customer/src/pages/cleaning/CreateCleaningJob.tsx(53,9): error TS17004: Cannot use JSX unless the '--jsx' flag is provided.
../../apps/web-customer/src/pages/cleaning/CreateCleaningJob.tsx(56,7): error TS17004: Cannot use JSX unless the '--jsx' flag is provided.
../../apps/web-customer/src/pages/cleaning/CreateCleaningJob.tsx(57,9): error TS17004: Cannot use JSX unless the '--jsx' flag is provided.
../../apps/web-customer/src/pages/cleaning/CreateCleaningJob.tsx(59,11): error TS17004: Cannot use JSX unless the '--jsx' flag is provided.
../../apps/web-customer/src/pages/cleaning/CreateCleaningJob.tsx(60,13): error TS17004: Cannot use JSX unless the '--jsx' flag is provided.
../../apps/web-customer/src/pages/cleaning/CreateCleaningJob.tsx(61,15): error TS17004: Cannot use JSX unless the '--jsx' flag is provided.
../../apps/web-customer/src/pages/cleaning/CreateCleaningJob.tsx(62,15): error TS17004: Cannot use JSX unless the '--jsx' flag is provided.
../../apps/web-customer/src/pages/cleaning/CreateCleaningJob.tsx(66,70): error TS2339: Property 'value' does not exist on type 'EventTarget & HTMLInputElement'.
../../apps/web-customer/src/pages/cleaning/CreateCleaningJob.tsx(69,15): error TS17004: Cannot use JSX unless the '--jsx' flag is provided.
../../apps/web-customer/src/pages/cleaning/CreateCleaningJob.tsx(72,13): error TS17004: Cannot use JSX unless the '--jsx' flag is provided.
../../apps/web-customer/src/pages/cleaning/CreateCleaningJob.tsx(73,15): error TS17004: Cannot use JSX unless the '--jsx' flag is provided.
../../apps/web-customer/src/pages/cleaning/CreateCleaningJob.tsx(74,15): error TS17004: Cannot use JSX unless the '--jsx' flag is provided.
../../apps/web-customer/src/pages/cleaning/CreateCleaningJob.tsx(78,71): error TS2339: Property 'value' does not exist on type 'EventTarget & HTMLInputElement'.
../../apps/web-customer/src/pages/cleaning/CreateCleaningJob.tsx(85,11): error TS17004: Cannot use JSX unless the '--jsx' flag is provided.
../../apps/web-customer/src/pages/cleaning/CreateCleaningJob.tsx(86,13): error TS17004: Cannot use JSX unless the '--jsx' flag is provided.
../../apps/web-customer/src/pages/cleaning/CreateCleaningJob.tsx(87,13): error TS17004: Cannot use JSX unless the '--jsx' flag is provided.
../../apps/web-customer/src/pages/cleaning/CreateCleaningJob.tsx(91,69): error TS2339: Property 'value' does not exist on type 'EventTarget & HTMLInputElement'.
../../apps/web-customer/src/pages/cleaning/CreateCleaningJob.tsx(97,11): error TS17004: Cannot use JSX unless the '--jsx' flag is provided.
../../apps/web-customer/src/pages/cleaning/CreateCleaningJob.tsx(98,13): error TS17004: Cannot use JSX unless the '--jsx' flag is provided.
../../apps/web-customer/src/pages/cleaning/CreateCleaningJob.tsx(99,13): error TS17004: Cannot use JSX unless the '--jsx' flag is provided.
../../apps/web-customer/src/pages/cleaning/CreateCleaningJob.tsx(102,76): error TS2339: Property 'value' does not exist on type 'EventTarget & HTMLInputElement'.
../../apps/web-customer/src/pages/cleaning/CreateCleaningJob.tsx(105,13): error TS17004: Cannot use JSX unless the '--jsx' flag is provided.
../../apps/web-customer/src/pages/cleaning/CreateCleaningJob.tsx(109,11): error TS17004: Cannot use JSX unless the '--jsx' flag is provided.
../../apps/web-customer/src/pages/cleaning/CreateCleaningJob.tsx(110,13): error TS17004: Cannot use JSX unless the '--jsx' flag is provided.
../../apps/web-customer/src/pages/cleaning/CreateCleaningJob.tsx(111,15): error TS17004: Cannot use JSX unless the '--jsx' flag is provided.
../../apps/web-customer/src/pages/cleaning/CreateCleaningJob.tsx(112,15): error TS17004: Cannot use JSX unless the '--jsx' flag is provided.
../../apps/web-customer/src/pages/cleaning/CreateCleaningJob.tsx(116,74): error TS2339: Property 'value' does not exist on type 'EventTarget & HTMLInputElement'.
../../apps/web-customer/src/pages/cleaning/CreateCleaningJob.tsx(120,13): error TS17004: Cannot use JSX unless the '--jsx' flag is provided.
../../apps/web-customer/src/pages/cleaning/CreateCleaningJob.tsx(121,15): error TS17004: Cannot use JSX unless the '--jsx' flag is provided.
../../apps/web-customer/src/pages/cleaning/CreateCleaningJob.tsx(122,15): error TS17004: Cannot use JSX unless the '--jsx' flag is provided.
../../apps/web-customer/src/pages/cleaning/CreateCleaningJob.tsx(126,80): error TS2339: Property 'value' does not exist on type 'EventTarget & HTMLInputElement'.
../../apps/web-customer/src/pages/cleaning/CreateCleaningJob.tsx(130,13): error TS17004: Cannot use JSX unless the '--jsx' flag is provided.
../../apps/web-customer/src/pages/cleaning/CreateCleaningJob.tsx(131,15): error TS17004: Cannot use JSX unless the '--jsx' flag is provided.
../../apps/web-customer/src/pages/cleaning/CreateCleaningJob.tsx(132,15): error TS17004: Cannot use JSX unless the '--jsx' flag is provided.
../../apps/web-customer/src/pages/cleaning/CreateCleaningJob.tsx(136,78): error TS2339: Property 'value' does not exist on type 'EventTarget & HTMLInputElement'.
../../apps/web-customer/src/pages/cleaning/CreateCleaningJob.tsx(142,11): error TS17004: Cannot use JSX unless the '--jsx' flag is provided.
../../apps/web-customer/src/pages/cleaning/CreateCleaningJob.tsx(143,13): error TS17004: Cannot use JSX unless the '--jsx' flag is provided.
../../apps/web-customer/src/pages/cleaning/CreateCleaningJob.tsx(144,15): error TS17004: Cannot use JSX unless the '--jsx' flag is provided.
../../apps/web-customer/src/pages/cleaning/CreateCleaningJob.tsx(145,15): error TS17004: Cannot use JSX unless the '--jsx' flag is provided.
../../apps/web-customer/src/pages/cleaning/CreateCleaningJob.tsx(148,72): error TS2339: Property 'value' does not exist on type 'EventTarget & HTMLSelectElement'.
../../apps/web-customer/src/pages/cleaning/CreateCleaningJob.tsx(151,17): error TS17004: Cannot use JSX unless the '--jsx' flag is provided.
../../apps/web-customer/src/pages/cleaning/CreateCleaningJob.tsx(152,17): error TS17004: Cannot use JSX unless the '--jsx' flag is provided.
../../apps/web-customer/src/pages/cleaning/CreateCleaningJob.tsx(153,17): error TS17004: Cannot use JSX unless the '--jsx' flag is provided.
../../apps/web-customer/src/pages/cleaning/CreateCleaningJob.tsx(157,13): error TS17004: Cannot use JSX unless the '--jsx' flag is provided.
../../apps/web-customer/src/pages/cleaning/CreateCleaningJob.tsx(158,15): error TS17004: Cannot use JSX unless the '--jsx' flag is provided.
../../apps/web-customer/src/pages/cleaning/CreateCleaningJob.tsx(159,15): error TS17004: Cannot use JSX unless the '--jsx' flag is provided.
../../apps/web-customer/src/pages/cleaning/CreateCleaningJob.tsx(165,83): error TS2339: Property 'value' does not exist on type 'EventTarget & HTMLInputElement'.
../../apps/web-customer/src/pages/cleaning/CreateCleaningJob.tsx(171,11): error TS17004: Cannot use JSX unless the '--jsx' flag is provided.
../../apps/web-customer/src/pages/cleaning/CreateCleaningJob.tsx(172,13): error TS17004: Cannot use JSX unless the '--jsx' flag is provided.
../../apps/web-customer/src/pages/cleaning/CreateCleaningJob.tsx(173,15): error TS17004: Cannot use JSX unless the '--jsx' flag is provided.
../../apps/web-customer/src/pages/cleaning/CreateCleaningJob.tsx(174,15): error TS17004: Cannot use JSX unless the '--jsx' flag is provided.
../../apps/web-customer/src/pages/cleaning/CreateCleaningJob.tsx(177,81): error TS2339: Property 'value' does not exist on type 'EventTarget & HTMLInputElement'.
../../apps/web-customer/src/pages/cleaning/CreateCleaningJob.tsx(182,13): error TS17004: Cannot use JSX unless the '--jsx' flag is provided.
../../apps/web-customer/src/pages/cleaning/CreateCleaningJob.tsx(183,15): error TS17004: Cannot use JSX unless the '--jsx' flag is provided.
../../apps/web-customer/src/pages/cleaning/CreateCleaningJob.tsx(184,15): error TS17004: Cannot use JSX unless the '--jsx' flag is provided.
../../apps/web-customer/src/pages/cleaning/CreateCleaningJob.tsx(188,90): error TS2339: Property 'value' does not exist on type 'EventTarget & HTMLInputElement'.
../../apps/web-customer/src/pages/cleaning/CreateCleaningJob.tsx(194,11): error TS17004: Cannot use JSX unless the '--jsx' flag is provided.
../../apps/web-customer/src/pages/cleaning/CreateCleaningJob.tsx(195,13): error TS17004: Cannot use JSX unless the '--jsx' flag is provided.
../../apps/web-customer/src/pages/cleaning/CreateCleaningJob.tsx(196,13): error TS17004: Cannot use JSX unless the '--jsx' flag is provided.
../../apps/web-customer/src/pages/cleaning/CreateCleaningJob.tsx(197,15): error TS17004: Cannot use JSX unless the '--jsx' flag is provided.
../../apps/web-customer/src/pages/cleaning/CreateCleaningJob.tsx(198,15): error TS17004: Cannot use JSX unless the '--jsx' flag is provided.
../../apps/web-customer/src/pages/cleaning/CreateCleaningJob.tsx(199,15): error TS17004: Cannot use JSX unless the '--jsx' flag is provided.
../../apps/web-customer/src/pages/cleaning/CreateCleaningJob.tsx(200,15): error TS17004: Cannot use JSX unless the '--jsx' flag is provided.
../../apps/web-customer/src/pages/cleaning/CreateCleaningJob.tsx(201,15): error TS17004: Cannot use JSX unless the '--jsx' flag is provided.
../../apps/web-customer/src/pages/cleaning/CreateCleaningJob.tsx(206,11): error TS17004: Cannot use JSX unless the '--jsx' flag is provided.
../../apps/web-customer/src/pages/cleaning/CreateCleaningJob.tsx(207,13): error TS17004: Cannot use JSX unless the '--jsx' flag is provided.
../../apps/web-customer/src/pages/cleaning/CreateCleaningJob.tsx(210,13): error TS17004: Cannot use JSX unless the '--jsx' flag is provided.
../../apps/web-customer/src/pages/cleaning/CreateCleaningJob.tsx(223,7): error TS17004: Cannot use JSX unless the '--jsx' flag is provided.
../../apps/web-customer/src/pages/cleaning/CreateCleaningJob.tsx(224,9): error TS17004: Cannot use JSX unless the '--jsx' flag is provided.
../../apps/web-customer/src/pages/cleaning/CreateCleaningJob.tsx(225,9): error TS17004: Cannot use JSX unless the '--jsx' flag is provided.
../../apps/web-customer/src/pages/dashboards/CleaningDashboard.tsx(64,7): error TS17004: Cannot use JSX unless the '--jsx' flag is provided.
../../apps/web-customer/src/pages/dashboards/CleaningDashboard.tsx(65,9): error TS17004: Cannot use JSX unless the '--jsx' flag is provided.
../../apps/web-customer/src/pages/dashboards/CleaningDashboard.tsx(71,5): error TS17004: Cannot use JSX unless the '--jsx' flag is provided.
../../apps/web-customer/src/pages/dashboards/CleaningDashboard.tsx(72,7): error TS17004: Cannot use JSX unless the '--jsx' flag is provided.
../../apps/web-customer/src/pages/dashboards/CleaningDashboard.tsx(73,9): error TS17004: Cannot use JSX unless the '--jsx' flag is provided.
../../apps/web-customer/src/pages/dashboards/CleaningDashboard.tsx(74,9): error TS17004: Cannot use JSX unless the '--jsx' flag is provided.
../../apps/web-customer/src/pages/dashboards/CleaningDashboard.tsx(80,7): error TS17004: Cannot use JSX unless the '--jsx' flag is provided.
../../apps/web-customer/src/pages/dashboards/CleaningDashboard.tsx(81,9): error TS17004: Cannot use JSX unless the '--jsx' flag is provided.
../../apps/web-customer/src/pages/dashboards/CleaningDashboard.tsx(82,11): error TS17004: Cannot use JSX unless the '--jsx' flag is provided.
../../apps/web-customer/src/pages/dashboards/CleaningDashboard.tsx(83,11): error TS17004: Cannot use JSX unless the '--jsx' flag is provided.
../../apps/web-customer/src/pages/dashboards/CleaningDashboard.tsx(85,9): error TS17004: Cannot use JSX unless the '--jsx' flag is provided.
../../apps/web-customer/src/pages/dashboards/CleaningDashboard.tsx(86,11): error TS17004: Cannot use JSX unless the '--jsx' flag is provided.
../../apps/web-customer/src/pages/dashboards/CleaningDashboard.tsx(87,11): error TS17004: Cannot use JSX unless the '--jsx' flag is provided.
../../apps/web-customer/src/pages/dashboards/CleaningDashboard.tsx(89,9): error TS17004: Cannot use JSX unless the '--jsx' flag is provided.
../../apps/web-customer/src/pages/dashboards/CleaningDashboard.tsx(90,11): error TS17004: Cannot use JSX unless the '--jsx' flag is provided.
../../apps/web-customer/src/pages/dashboards/CleaningDashboard.tsx(91,11): error TS17004: Cannot use JSX unless the '--jsx' flag is provided.
../../apps/web-customer/src/pages/dashboards/CleaningDashboard.tsx(93,9): error TS17004: Cannot use JSX unless the '--jsx' flag is provided.
../../apps/web-customer/src/pages/dashboards/CleaningDashboard.tsx(94,11): error TS17004: Cannot use JSX unless the '--jsx' flag is provided.
../../apps/web-customer/src/pages/dashboards/CleaningDashboard.tsx(95,11): error TS17004: Cannot use JSX unless the '--jsx' flag is provided.
../../apps/web-customer/src/pages/dashboards/CleaningDashboard.tsx(100,7): error TS17004: Cannot use JSX unless the '--jsx' flag is provided.
../../apps/web-customer/src/pages/dashboards/CleaningDashboard.tsx(101,9): error TS17004: Cannot use JSX unless the '--jsx' flag is provided.
../../apps/web-customer/src/pages/dashboards/CleaningDashboard.tsx(104,11): error TS17004: Cannot use JSX unless the '--jsx' flag is provided.
../../apps/web-customer/src/pages/dashboards/CleaningDashboard.tsx(109,11): error TS17004: Cannot use JSX unless the '--jsx' flag is provided.
../../apps/web-customer/src/pages/dashboards/CleaningDashboard.tsx(111,15): error TS17004: Cannot use JSX unless the '--jsx' flag is provided.
../../apps/web-customer/src/pages/dashboards/CleaningDashboard.tsx(116,17): error TS17004: Cannot use JSX unless the '--jsx' flag is provided.
../../apps/web-customer/src/pages/dashboards/CleaningDashboard.tsx(117,19): error TS17004: Cannot use JSX unless the '--jsx' flag is provided.
../../apps/web-customer/src/pages/dashboards/CleaningDashboard.tsx(118,21): error TS17004: Cannot use JSX unless the '--jsx' flag is provided.
../../apps/web-customer/src/pages/dashboards/CleaningDashboard.tsx(119,23): error TS17004: Cannot use JSX unless the '--jsx' flag is provided.
../../apps/web-customer/src/pages/dashboards/CleaningDashboard.tsx(122,23): error TS17004: Cannot use JSX unless the '--jsx' flag is provided.
../../apps/web-customer/src/pages/dashboards/CleaningDashboard.tsx(126,25): error TS17004: Cannot use JSX unless the '--jsx' flag is provided.
../../apps/web-customer/src/pages/dashboards/CleaningDashboard.tsx(132,21): error TS17004: Cannot use JSX unless the '--jsx' flag is provided.
../../apps/web-customer/src/pages/dashboards/CleaningDashboard.tsx(133,23): error TS17004: Cannot use JSX unless the '--jsx' flag is provided.
../../apps/web-customer/src/pages/dashboards/CleaningDashboard.tsx(134,23): error TS17004: Cannot use JSX unless the '--jsx' flag is provided.
../../apps/web-customer/src/pages/dashboards/CleaningDashboard.tsx(135,25): error TS17004: Cannot use JSX unless the '--jsx' flag is provided.
../../apps/web-customer/src/pages/dashboards/CleaningDashboard.tsx(137,23): error TS17004: Cannot use JSX unless the '--jsx' flag is provided.
../../apps/web-customer/src/pages/dashboards/CleaningDashboard.tsx(138,25): error TS17004: Cannot use JSX unless the '--jsx' flag is provided.
../../apps/web-customer/src/pages/dashboards/CleaningDashboard.tsx(142,23): error TS17004: Cannot use JSX unless the '--jsx' flag is provided.
../../apps/web-customer/src/pages/dashboards/CleaningDashboard.tsx(143,25): error TS17004: Cannot use JSX unless the '--jsx' flag is provided.
../../apps/web-customer/src/pages/dashboards/CleaningDashboard.tsx(146,25): error TS17004: Cannot use JSX unless the '--jsx' flag is provided.
../../apps/web-customer/src/pages/dashboards/CleaningDashboard.tsx(147,27): error TS17004: Cannot use JSX unless the '--jsx' flag is provided.
../../apps/web-customer/src/pages/dashboards/CleaningDashboard.tsx(153,19): error TS17004: Cannot use JSX unless the '--jsx' flag is provided.
../../apps/web-customer/src/pages/dashboards/CleaningDashboard.tsx(154,21): error TS17004: Cannot use JSX unless the '--jsx' flag is provided.
../../apps/web-customer/src/pages/dashboards/CleaningDashboard.tsx(158,23): error TS17004: Cannot use JSX unless the '--jsx' flag is provided.
../../apps/web-customer/src/pages/dashboards/CleaningDashboard.tsx(171,7): error TS17004: Cannot use JSX unless the '--jsx' flag is provided.
../../apps/web-customer/src/pages/dashboards/CleaningDashboard.tsx(172,9): error TS17004: Cannot use JSX unless the '--jsx' flag is provided.
../../apps/web-customer/src/pages/dashboards/CleaningDashboard.tsx(173,11): error TS17004: Cannot use JSX unless the '--jsx' flag is provided.
../../apps/web-customer/src/pages/dashboards/CleaningDashboard.tsx(174,11): error TS17004: Cannot use JSX unless the '--jsx' flag is provided.
../../apps/web-customer/src/pages/dashboards/CleaningDashboard.tsx(175,13): error TS17004: Cannot use JSX unless the '--jsx' flag is provided.
../../apps/web-customer/src/pages/dashboards/CleaningDashboard.tsx(178,13): error TS17004: Cannot use JSX unless the '--jsx' flag is provided.
../../apps/web-customer/src/pages/dashboards/CleaningDashboard.tsx(184,9): error TS17004: Cannot use JSX unless the '--jsx' flag is provided.
../../apps/web-customer/src/pages/dashboards/CleaningDashboard.tsx(185,11): error TS17004: Cannot use JSX unless the '--jsx' flag is provided.
../../apps/web-customer/src/pages/dashboards/CleaningDashboard.tsx(186,11): error TS17004: Cannot use JSX unless the '--jsx' flag is provided.
../../apps/web-customer/src/pages/dashboards/CleaningDashboard.tsx(187,13): error TS17004: Cannot use JSX unless the '--jsx' flag is provided.
../../apps/web-customer/src/pages/dashboards/CleaningDashboard.tsx(188,13): error TS17004: Cannot use JSX unless the '--jsx' flag is provided.
../../apps/web-customer/src/pages/dashboards/CleaningDashboard.tsx(192,9): error TS17004: Cannot use JSX unless the '--jsx' flag is provided.
../../apps/web-customer/src/pages/dashboards/CleaningDashboard.tsx(193,11): error TS17004: Cannot use JSX unless the '--jsx' flag is provided.
../../apps/web-customer/src/pages/dashboards/CleaningDashboard.tsx(194,11): error TS17004: Cannot use JSX unless the '--jsx' flag is provided.
../../apps/web-customer/src/pages/dashboards/CleaningDashboard.tsx(196,15): error TS17004: Cannot use JSX unless the '--jsx' flag is provided.
../../apps/web-customer/src/pages/dashboards/CleaningDashboard.tsx(201,15): error TS17004: Cannot use JSX unless the '--jsx' flag is provided.
../../apps/web-customer/src/pages/dashboards/CustomerDashboard.tsx(15,3): error TS6133: 'Divider' is declared but its value is never read.
../../apps/web-customer/src/pages/dashboards/CustomerDashboard.tsx(16,3): error TS6133: 'List' is declared but its value is never read.
../../apps/web-customer/src/pages/dashboards/CustomerDashboard.tsx(17,3): error TS6133: 'ListItem' is declared but its value is never read.
../../apps/web-customer/src/pages/dashboards/CustomerDashboard.tsx(18,3): error TS6133: 'ListItemText' is declared but its value is never read.
../../apps/web-customer/src/pages/dashboards/CustomerDashboard.tsx(19,3): error TS6133: 'IconButton' is declared but its value is never read.
../../apps/web-customer/src/pages/dashboards/CustomerDashboard.tsx(29,17): error TS6133: 'VisibilityIcon' is declared but its value is never read.
../../apps/web-customer/src/pages/dashboards/CustomerDashboard.tsx(98,35): error TS2304: Cannot find name 'localStorage'.
../../apps/web-customer/src/pages/dashboards/CustomerDashboard.tsx(110,26): error TS18046: 'data' is of type 'unknown'.
../../apps/web-customer/src/pages/dashboards/CustomerDashboard.tsx(111,21): error TS18046: 'data' is of type 'unknown'.
../../apps/web-customer/src/pages/dashboards/CustomerDashboard.tsx(112,24): error TS18046: 'data' is of type 'unknown'.
../../apps/web-customer/src/pages/dashboards/CustomerDashboard.tsx(113,26): error TS18046: 'data' is of type 'unknown'.
../../apps/web-customer/src/pages/dashboards/CustomerDashboard.tsx(116,24): error TS18046: 'data' is of type 'unknown'.
../../apps/web-customer/src/pages/dashboards/CustomerDashboard.tsx(118,31): error TS18046: 'data' is of type 'unknown'.
../../apps/web-customer/src/pages/dashboards/CustomerDashboard.tsx(131,35): error TS2304: Cannot find name 'localStorage'.
../../apps/web-customer/src/pages/dashboards/CustomerDashboard.tsx(138,26): error TS18046: 'data' is of type 'unknown'.
../../apps/web-customer/src/pages/dashboards/CustomerDashboard.tsx(147,35): error TS2304: Cannot find name 'localStorage'.
../../apps/web-customer/src/pages/dashboards/CustomerDashboard.tsx(167,35): error TS2304: Cannot find name 'localStorage'.
../../apps/web-customer/src/pages/dashboards/CustomerDashboard.tsx(195,5): error TS17004: Cannot use JSX unless the '--jsx' flag is provided.
../../apps/web-customer/src/pages/dashboards/CustomerDashboard.tsx(196,7): error TS17004: Cannot use JSX unless the '--jsx' flag is provided.
../../apps/web-customer/src/pages/dashboards/CustomerDashboard.tsx(197,9): error TS17004: Cannot use JSX unless the '--jsx' flag is provided.
../../apps/web-customer/src/pages/dashboards/CustomerDashboard.tsx(198,11): error TS17004: Cannot use JSX unless the '--jsx' flag is provided.
../../apps/web-customer/src/pages/dashboards/CustomerDashboard.tsx(199,13): error TS17004: Cannot use JSX unless the '--jsx' flag is provided.
../../apps/web-customer/src/pages/dashboards/CustomerDashboard.tsx(202,13): error TS17004: Cannot use JSX unless the '--jsx' flag is provided.
../../apps/web-customer/src/pages/dashboards/CustomerDashboard.tsx(206,11): error TS17004: Cannot use JSX unless the '--jsx' flag is provided.
../../apps/web-customer/src/pages/dashboards/CustomerDashboard.tsx(216,13): error TS17004: Cannot use JSX unless the '--jsx' flag is provided.
../../apps/web-customer/src/pages/dashboards/CustomerDashboard.tsx(225,7): error TS17004: Cannot use JSX unless the '--jsx' flag is provided.
../../apps/web-customer/src/pages/dashboards/CustomerDashboard.tsx(226,9): error TS17004: Cannot use JSX unless the '--jsx' flag is provided.
../../apps/web-customer/src/pages/dashboards/CustomerDashboard.tsx(232,5): error TS17004: Cannot use JSX unless the '--jsx' flag is provided.
../../apps/web-customer/src/pages/dashboards/CustomerDashboard.tsx(233,7): error TS17004: Cannot use JSX unless the '--jsx' flag is provided.
../../apps/web-customer/src/pages/dashboards/CustomerDashboard.tsx(236,7): error TS17004: Cannot use JSX unless the '--jsx' flag is provided.
../../apps/web-customer/src/pages/dashboards/CustomerDashboard.tsx(241,7): error TS17004: Cannot use JSX unless the '--jsx' flag is provided.
../../apps/web-customer/src/pages/dashboards/CustomerDashboard.tsx(242,9): error TS17004: Cannot use JSX unless the '--jsx' flag is provided.
../../apps/web-customer/src/pages/dashboards/CustomerDashboard.tsx(243,11): error TS17004: Cannot use JSX unless the '--jsx' flag is provided.
../../apps/web-customer/src/pages/dashboards/CustomerDashboard.tsx(250,9): error TS17004: Cannot use JSX unless the '--jsx' flag is provided.
../../apps/web-customer/src/pages/dashboards/CustomerDashboard.tsx(251,11): error TS17004: Cannot use JSX unless the '--jsx' flag is provided.
../../apps/web-customer/src/pages/dashboards/CustomerDashboard.tsx(258,9): error TS17004: Cannot use JSX unless the '--jsx' flag is provided.
../../apps/web-customer/src/pages/dashboards/CustomerDashboard.tsx(259,11): error TS17004: Cannot use JSX unless the '--jsx' flag is provided.
../../apps/web-customer/src/pages/dashboards/CustomerDashboard.tsx(266,9): error TS17004: Cannot use JSX unless the '--jsx' flag is provided.
../../apps/web-customer/src/pages/dashboards/CustomerDashboard.tsx(267,11): error TS17004: Cannot use JSX unless the '--jsx' flag is provided.
../../apps/web-customer/src/pages/dashboards/CustomerDashboard.tsx(278,9): error TS17004: Cannot use JSX unless the '--jsx' flag is provided.
../../apps/web-customer/src/pages/dashboards/CustomerDashboard.tsx(278,38): error TS17004: Cannot use JSX unless the '--jsx' flag is provided.
../../apps/web-customer/src/pages/dashboards/CustomerDashboard.tsx(279,11): error TS17004: Cannot use JSX unless the '--jsx' flag is provided.
../../apps/web-customer/src/pages/dashboards/CustomerDashboard.tsx(281,13): error TS17004: Cannot use JSX unless the '--jsx' flag is provided.
../../apps/web-customer/src/pages/dashboards/CustomerDashboard.tsx(289,7): error TS17004: Cannot use JSX unless the '--jsx' flag is provided.
../../apps/web-customer/src/pages/dashboards/CustomerDashboard.tsx(290,9): error TS17004: Cannot use JSX unless the '--jsx' flag is provided.
../../apps/web-customer/src/pages/dashboards/CustomerDashboard.tsx(291,11): error TS17004: Cannot use JSX unless the '--jsx' flag is provided.
../../apps/web-customer/src/pages/dashboards/CustomerDashboard.tsx(292,11): error TS17004: Cannot use JSX unless the '--jsx' flag is provided.
../../apps/web-customer/src/pages/dashboards/CustomerDashboard.tsx(293,11): error TS17004: Cannot use JSX unless the '--jsx' flag is provided.
../../apps/web-customer/src/pages/dashboards/CustomerDashboard.tsx(294,11): error TS17004: Cannot use JSX unless the '--jsx' flag is provided.
../../apps/web-customer/src/pages/dashboards/CustomerDashboard.tsx(295,11): error TS17004: Cannot use JSX unless the '--jsx' flag is provided.
../../apps/web-customer/src/pages/dashboards/CustomerDashboard.tsx(298,9): error TS17004: Cannot use JSX unless the '--jsx' flag is provided.
../../apps/web-customer/src/pages/dashboards/CustomerDashboard.tsx(301,13): error TS17004: Cannot use JSX unless the '--jsx' flag is provided.
../../apps/web-customer/src/pages/dashboards/CustomerDashboard.tsx(302,15): error TS17004: Cannot use JSX unless the '--jsx' flag is provided.
../../apps/web-customer/src/pages/dashboards/CustomerDashboard.tsx(306,17): error TS17004: Cannot use JSX unless the '--jsx' flag is provided.
../../apps/web-customer/src/pages/dashboards/CustomerDashboard.tsx(308,17): error TS17004: Cannot use JSX unless the '--jsx' flag is provided.
../../apps/web-customer/src/pages/dashboards/CustomerDashboard.tsx(310,21): error TS17004: Cannot use JSX unless the '--jsx' flag is provided.
../../apps/web-customer/src/pages/dashboards/CustomerDashboard.tsx(311,23): error TS17004: Cannot use JSX unless the '--jsx' flag is provided.
../../apps/web-customer/src/pages/dashboards/CustomerDashboard.tsx(312,25): error TS17004: Cannot use JSX unless the '--jsx' flag is provided.
../../apps/web-customer/src/pages/dashboards/CustomerDashboard.tsx(313,27): error TS17004: Cannot use JSX unless the '--jsx' flag is provided.
../../apps/web-customer/src/pages/dashboards/CustomerDashboard.tsx(314,29): error TS17004: Cannot use JSX unless the '--jsx' flag is provided.
../../apps/web-customer/src/pages/dashboards/CustomerDashboard.tsx(315,31): error TS17004: Cannot use JSX unless the '--jsx' flag is provided.
../../apps/web-customer/src/pages/dashboards/CustomerDashboard.tsx(316,31): error TS17004: Cannot use JSX unless the '--jsx' flag is provided.
../../apps/web-customer/src/pages/dashboards/CustomerDashboard.tsx(319,31): error TS17004: Cannot use JSX unless the '--jsx' flag is provided.
../../apps/web-customer/src/pages/dashboards/CustomerDashboard.tsx(322,31): error TS17004: Cannot use JSX unless the '--jsx' flag is provided.
../../apps/web-customer/src/pages/dashboards/CustomerDashboard.tsx(326,29): error TS17004: Cannot use JSX unless the '--jsx' flag is provided.
../../apps/web-customer/src/pages/dashboards/CustomerDashboard.tsx(327,31): error TS17004: Cannot use JSX unless the '--jsx' flag is provided.
../../apps/web-customer/src/pages/dashboards/CustomerDashboard.tsx(330,44): error TS17004: Cannot use JSX unless the '--jsx' flag is provided.
../../apps/web-customer/src/pages/dashboards/CustomerDashboard.tsx(335,31): error TS17004: Cannot use JSX unless the '--jsx' flag is provided.
../../apps/web-customer/src/pages/dashboards/CustomerDashboard.tsx(338,44): error TS17004: Cannot use JSX unless the '--jsx' flag is provided.
../../apps/web-customer/src/pages/dashboards/CustomerDashboard.tsx(356,13): error TS17004: Cannot use JSX unless the '--jsx' flag is provided.
../../apps/web-customer/src/pages/dashboards/CustomerDashboard.tsx(357,15): error TS17004: Cannot use JSX unless the '--jsx' flag is provided.
../../apps/web-customer/src/pages/dashboards/CustomerDashboard.tsx(361,17): error TS17004: Cannot use JSX unless the '--jsx' flag is provided.
../../apps/web-customer/src/pages/dashboards/CustomerDashboard.tsx(363,17): error TS17004: Cannot use JSX unless the '--jsx' flag is provided.
../../apps/web-customer/src/pages/dashboards/CustomerDashboard.tsx(365,21): error TS17004: Cannot use JSX unless the '--jsx' flag is provided.
../../apps/web-customer/src/pages/dashboards/CustomerDashboard.tsx(366,23): error TS17004: Cannot use JSX unless the '--jsx' flag is provided.
../../apps/web-customer/src/pages/dashboards/CustomerDashboard.tsx(378,25): error TS17004: Cannot use JSX unless the '--jsx' flag is provided.
../../apps/web-customer/src/pages/dashboards/CustomerDashboard.tsx(379,27): error TS17004: Cannot use JSX unless the '--jsx' flag is provided.
../../apps/web-customer/src/pages/dashboards/CustomerDashboard.tsx(380,27): error TS17004: Cannot use JSX unless the '--jsx' flag is provided.
../../apps/web-customer/src/pages/dashboards/CustomerDashboard.tsx(384,29): error TS17004: Cannot use JSX unless the '--jsx' flag is provided.
../../apps/web-customer/src/pages/dashboards/CustomerDashboard.tsx(390,29): error TS17004: Cannot use JSX unless the '--jsx' flag is provided.
../../apps/web-customer/src/pages/dashboards/CustomerDashboard.tsx(394,27): error TS17004: Cannot use JSX unless the '--jsx' flag is provided.
../../apps/web-customer/src/pages/dashboards/CustomerDashboard.tsx(406,13): error TS17004: Cannot use JSX unless the '--jsx' flag is provided.
../../apps/web-customer/src/pages/dashboards/CustomerDashboard.tsx(407,15): error TS17004: Cannot use JSX unless the '--jsx' flag is provided.
../../apps/web-customer/src/pages/dashboards/CustomerDashboard.tsx(411,17): error TS17004: Cannot use JSX unless the '--jsx' flag is provided.
../../apps/web-customer/src/pages/dashboards/CustomerDashboard.tsx(413,17): error TS17004: Cannot use JSX unless the '--jsx' flag is provided.
../../apps/web-customer/src/pages/dashboards/CustomerDashboard.tsx(415,21): error TS17004: Cannot use JSX unless the '--jsx' flag is provided.
../../apps/web-customer/src/pages/dashboards/CustomerDashboard.tsx(416,23): error TS17004: Cannot use JSX unless the '--jsx' flag is provided.
../../apps/web-customer/src/pages/dashboards/CustomerDashboard.tsx(428,25): error TS17004: Cannot use JSX unless the '--jsx' flag is provided.
../../apps/web-customer/src/pages/dashboards/CustomerDashboard.tsx(429,27): error TS17004: Cannot use JSX unless the '--jsx' flag is provided.
../../apps/web-customer/src/pages/dashboards/CustomerDashboard.tsx(430,27): error TS17004: Cannot use JSX unless the '--jsx' flag is provided.
../../apps/web-customer/src/pages/dashboards/CustomerDashboard.tsx(434,29): error TS17004: Cannot use JSX unless the '--jsx' flag is provided.
../../apps/web-customer/src/pages/dashboards/CustomerDashboard.tsx(438,27): error TS17004: Cannot use JSX unless the '--jsx' flag is provided.
../../apps/web-customer/src/pages/dashboards/CustomerDashboard.tsx(450,13): error TS17004: Cannot use JSX unless the '--jsx' flag is provided.
../../apps/web-customer/src/pages/dashboards/CustomerDashboard.tsx(451,15): error TS17004: Cannot use JSX unless the '--jsx' flag is provided.
../../apps/web-customer/src/pages/dashboards/CustomerDashboard.tsx(455,17): error TS17004: Cannot use JSX unless the '--jsx' flag is provided.
../../apps/web-customer/src/pages/dashboards/CustomerDashboard.tsx(457,17): error TS17004: Cannot use JSX unless the '--jsx' flag is provided.
../../apps/web-customer/src/pages/dashboards/CustomerDashboard.tsx(459,21): error TS17004: Cannot use JSX unless the '--jsx' flag is provided.
../../apps/web-customer/src/pages/dashboards/CustomerDashboard.tsx(460,23): error TS17004: Cannot use JSX unless the '--jsx' flag is provided.
../../apps/web-customer/src/pages/dashboards/CustomerDashboard.tsx(472,25): error TS17004: Cannot use JSX unless the '--jsx' flag is provided.
../../apps/web-customer/src/pages/dashboards/CustomerDashboard.tsx(473,27): error TS17004: Cannot use JSX unless the '--jsx' flag is provided.
../../apps/web-customer/src/pages/dashboards/CustomerDashboard.tsx(474,29): error TS17004: Cannot use JSX unless the '--jsx' flag is provided.
../../apps/web-customer/src/pages/dashboards/CustomerDashboard.tsx(475,31): error TS17004: Cannot use JSX unless the '--jsx' flag is provided.
../../apps/web-customer/src/pages/dashboards/CustomerDashboard.tsx(476,31): error TS17004: Cannot use JSX unless the '--jsx' flag is provided.
../../apps/web-customer/src/pages/dashboards/CustomerDashboard.tsx(480,33): error TS17004: Cannot use JSX unless the '--jsx' flag is provided.
../../apps/web-customer/src/pages/dashboards/CustomerDashboard.tsx(485,33): error TS17004: Cannot use JSX unless the '--jsx' flag is provided.
../../apps/web-customer/src/pages/dashboards/CustomerDashboard.tsx(490,33): error TS17004: Cannot use JSX unless the '--jsx' flag is provided.
../../apps/web-customer/src/pages/dashboards/CustomerDashboard.tsx(495,29): error TS17004: Cannot use JSX unless the '--jsx' flag is provided.
../../apps/web-customer/src/pages/dashboards/CustomerDashboard.tsx(508,13): error TS17004: Cannot use JSX unless the '--jsx' flag is provided.
../../apps/web-customer/src/pages/dashboards/CustomerDashboard.tsx(509,15): error TS17004: Cannot use JSX unless the '--jsx' flag is provided.
../../apps/web-customer/src/pages/dashboards/CustomerDashboard.tsx(512,15): error TS17004: Cannot use JSX unless the '--jsx' flag is provided.
../../apps/web-customer/src/pages/dashboards/CustomerDashboard.tsx(515,15): error TS17004: Cannot use JSX unless the '--jsx' flag is provided.
../../apps/web-customer/src/pages/dashboards/CustomerDashboard.tsx(518,28): error TS17004: Cannot use JSX unless the '--jsx' flag is provided.
../../apps/web-customer/src/pages/dashboards/MaintenanceDashboard.tsx(90,7): error TS17004: Cannot use JSX unless the '--jsx' flag is provided.
../../apps/web-customer/src/pages/dashboards/MaintenanceDashboard.tsx(91,9): error TS17004: Cannot use JSX unless the '--jsx' flag is provided.
../../apps/web-customer/src/pages/dashboards/MaintenanceDashboard.tsx(97,5): error TS17004: Cannot use JSX unless the '--jsx' flag is provided.
../../apps/web-customer/src/pages/dashboards/MaintenanceDashboard.tsx(98,7): error TS17004: Cannot use JSX unless the '--jsx' flag is provided.
../../apps/web-customer/src/pages/dashboards/MaintenanceDashboard.tsx(99,9): error TS17004: Cannot use JSX unless the '--jsx' flag is provided.
../../apps/web-customer/src/pages/dashboards/MaintenanceDashboard.tsx(100,9): error TS17004: Cannot use JSX unless the '--jsx' flag is provided.
../../apps/web-customer/src/pages/dashboards/MaintenanceDashboard.tsx(106,7): error TS17004: Cannot use JSX unless the '--jsx' flag is provided.
../../apps/web-customer/src/pages/dashboards/MaintenanceDashboard.tsx(107,9): error TS17004: Cannot use JSX unless the '--jsx' flag is provided.
../../apps/web-customer/src/pages/dashboards/MaintenanceDashboard.tsx(108,11): error TS17004: Cannot use JSX unless the '--jsx' flag is provided.
../../apps/web-customer/src/pages/dashboards/MaintenanceDashboard.tsx(109,11): error TS17004: Cannot use JSX unless the '--jsx' flag is provided.
../../apps/web-customer/src/pages/dashboards/MaintenanceDashboard.tsx(111,9): error TS17004: Cannot use JSX unless the '--jsx' flag is provided.
../../apps/web-customer/src/pages/dashboards/MaintenanceDashboard.tsx(112,11): error TS17004: Cannot use JSX unless the '--jsx' flag is provided.
../../apps/web-customer/src/pages/dashboards/MaintenanceDashboard.tsx(113,11): error TS17004: Cannot use JSX unless the '--jsx' flag is provided.
../../apps/web-customer/src/pages/dashboards/MaintenanceDashboard.tsx(115,9): error TS17004: Cannot use JSX unless the '--jsx' flag is provided.
../../apps/web-customer/src/pages/dashboards/MaintenanceDashboard.tsx(116,11): error TS17004: Cannot use JSX unless the '--jsx' flag is provided.
../../apps/web-customer/src/pages/dashboards/MaintenanceDashboard.tsx(117,11): error TS17004: Cannot use JSX unless the '--jsx' flag is provided.
../../apps/web-customer/src/pages/dashboards/MaintenanceDashboard.tsx(119,9): error TS17004: Cannot use JSX unless the '--jsx' flag is provided.
../../apps/web-customer/src/pages/dashboards/MaintenanceDashboard.tsx(120,11): error TS17004: Cannot use JSX unless the '--jsx' flag is provided.
../../apps/web-customer/src/pages/dashboards/MaintenanceDashboard.tsx(121,11): error TS17004: Cannot use JSX unless the '--jsx' flag is provided.
../../apps/web-customer/src/pages/dashboards/MaintenanceDashboard.tsx(126,7): error TS17004: Cannot use JSX unless the '--jsx' flag is provided.
../../apps/web-customer/src/pages/dashboards/MaintenanceDashboard.tsx(127,9): error TS17004: Cannot use JSX unless the '--jsx' flag is provided.
../../apps/web-customer/src/pages/dashboards/MaintenanceDashboard.tsx(130,11): error TS17004: Cannot use JSX unless the '--jsx' flag is provided.
../../apps/web-customer/src/pages/dashboards/MaintenanceDashboard.tsx(135,11): error TS17004: Cannot use JSX unless the '--jsx' flag is provided.
../../apps/web-customer/src/pages/dashboards/MaintenanceDashboard.tsx(137,15): error TS17004: Cannot use JSX unless the '--jsx' flag is provided.
../../apps/web-customer/src/pages/dashboards/MaintenanceDashboard.tsx(142,17): error TS17004: Cannot use JSX unless the '--jsx' flag is provided.
../../apps/web-customer/src/pages/dashboards/MaintenanceDashboard.tsx(143,19): error TS17004: Cannot use JSX unless the '--jsx' flag is provided.
../../apps/web-customer/src/pages/dashboards/MaintenanceDashboard.tsx(144,21): error TS17004: Cannot use JSX unless the '--jsx' flag is provided.
../../apps/web-customer/src/pages/dashboards/MaintenanceDashboard.tsx(145,23): error TS17004: Cannot use JSX unless the '--jsx' flag is provided.
../../apps/web-customer/src/pages/dashboards/MaintenanceDashboard.tsx(146,23): error TS17004: Cannot use JSX unless the '--jsx' flag is provided.
../../apps/web-customer/src/pages/dashboards/MaintenanceDashboard.tsx(149,23): error TS17004: Cannot use JSX unless the '--jsx' flag is provided.
../../apps/web-customer/src/pages/dashboards/MaintenanceDashboard.tsx(154,21): error TS17004: Cannot use JSX unless the '--jsx' flag is provided.
../../apps/web-customer/src/pages/dashboards/MaintenanceDashboard.tsx(155,23): error TS17004: Cannot use JSX unless the '--jsx' flag is provided.
../../apps/web-customer/src/pages/dashboards/MaintenanceDashboard.tsx(156,25): error TS17004: Cannot use JSX unless the '--jsx' flag is provided.
../../apps/web-customer/src/pages/dashboards/MaintenanceDashboard.tsx(158,23): error TS17004: Cannot use JSX unless the '--jsx' flag is provided.
../../apps/web-customer/src/pages/dashboards/MaintenanceDashboard.tsx(159,25): error TS17004: Cannot use JSX unless the '--jsx' flag is provided.
../../apps/web-customer/src/pages/dashboards/MaintenanceDashboard.tsx(161,23): error TS17004: Cannot use JSX unless the '--jsx' flag is provided.
../../apps/web-customer/src/pages/dashboards/MaintenanceDashboard.tsx(162,25): error TS17004: Cannot use JSX unless the '--jsx' flag is provided.
../../apps/web-customer/src/pages/dashboards/MaintenanceDashboard.tsx(165,25): error TS17004: Cannot use JSX unless the '--jsx' flag is provided.
../../apps/web-customer/src/pages/dashboards/MaintenanceDashboard.tsx(166,27): error TS17004: Cannot use JSX unless the '--jsx' flag is provided.
../../apps/web-customer/src/pages/dashboards/MaintenanceDashboard.tsx(170,25): error TS17004: Cannot use JSX unless the '--jsx' flag is provided.
../../apps/web-customer/src/pages/dashboards/MaintenanceDashboard.tsx(171,27): error TS17004: Cannot use JSX unless the '--jsx' flag is provided.
../../apps/web-customer/src/pages/dashboards/MaintenanceDashboard.tsx(175,25): error TS17004: Cannot use JSX unless the '--jsx' flag is provided.
../../apps/web-customer/src/pages/dashboards/MaintenanceDashboard.tsx(176,27): error TS17004: Cannot use JSX unless the '--jsx' flag is provided.
../../apps/web-customer/src/pages/dashboards/MaintenanceDashboard.tsx(182,23): error TS17004: Cannot use JSX unless the '--jsx' flag is provided.
../../apps/web-customer/src/pages/dashboards/MaintenanceDashboard.tsx(190,19): error TS17004: Cannot use JSX unless the '--jsx' flag is provided.
../../apps/web-customer/src/pages/dashboards/MaintenanceDashboard.tsx(192,23): error TS17004: Cannot use JSX unless the '--jsx' flag is provided.
../../apps/web-customer/src/pages/dashboards/MaintenanceDashboard.tsx(197,23): error TS17004: Cannot use JSX unless the '--jsx' flag is provided.
../../apps/web-customer/src/pages/dashboards/MaintenanceDashboard.tsx(210,7): error TS17004: Cannot use JSX unless the '--jsx' flag is provided.
../../apps/web-customer/src/pages/dashboards/MaintenanceDashboard.tsx(211,9): error TS17004: Cannot use JSX unless the '--jsx' flag is provided.
../../apps/web-customer/src/pages/dashboards/MaintenanceDashboard.tsx(212,11): error TS17004: Cannot use JSX unless the '--jsx' flag is provided.
../../apps/web-customer/src/pages/dashboards/MaintenanceDashboard.tsx(213,11): error TS17004: Cannot use JSX unless the '--jsx' flag is provided.
../../apps/web-customer/src/pages/dashboards/MaintenanceDashboard.tsx(214,13): error TS17004: Cannot use JSX unless the '--jsx' flag is provided.
../../apps/web-customer/src/pages/dashboards/MaintenanceDashboard.tsx(217,13): error TS17004: Cannot use JSX unless the '--jsx' flag is provided.
../../apps/web-customer/src/pages/dashboards/MaintenanceDashboard.tsx(223,9): error TS17004: Cannot use JSX unless the '--jsx' flag is provided.
../../apps/web-customer/src/pages/dashboards/MaintenanceDashboard.tsx(224,11): error TS17004: Cannot use JSX unless the '--jsx' flag is provided.
../../apps/web-customer/src/pages/dashboards/MaintenanceDashboard.tsx(225,11): error TS17004: Cannot use JSX unless the '--jsx' flag is provided.
../../apps/web-customer/src/pages/dashboards/MaintenanceDashboard.tsx(226,13): error TS17004: Cannot use JSX unless the '--jsx' flag is provided.
../../apps/web-customer/src/pages/dashboards/MaintenanceDashboard.tsx(227,13): error TS17004: Cannot use JSX unless the '--jsx' flag is provided.
../../apps/web-customer/src/pages/dashboards/MaintenanceDashboard.tsx(231,9): error TS17004: Cannot use JSX unless the '--jsx' flag is provided.
../../apps/web-customer/src/pages/dashboards/MaintenanceDashboard.tsx(232,11): error TS17004: Cannot use JSX unless the '--jsx' flag is provided.
../../apps/web-customer/src/pages/dashboards/MaintenanceDashboard.tsx(233,11): error TS17004: Cannot use JSX unless the '--jsx' flag is provided.
../../apps/web-customer/src/pages/dashboards/MaintenanceDashboard.tsx(234,13): error TS17004: Cannot use JSX unless the '--jsx' flag is provided.
../../apps/web-customer/src/pages/dashboards/MaintenanceDashboard.tsx(235,13): error TS17004: Cannot use JSX unless the '--jsx' flag is provided.
../../apps/web-customer/src/pages/maintenance/CreateMaintenanceJob.tsx(47,5): error TS17004: Cannot use JSX unless the '--jsx' flag is provided.
../../apps/web-customer/src/pages/maintenance/CreateMaintenanceJob.tsx(48,7): error TS17004: Cannot use JSX unless the '--jsx' flag is provided.
../../apps/web-customer/src/pages/maintenance/CreateMaintenanceJob.tsx(49,9): error TS17004: Cannot use JSX unless the '--jsx' flag is provided.
../../apps/web-customer/src/pages/maintenance/CreateMaintenanceJob.tsx(52,9): error TS17004: Cannot use JSX unless the '--jsx' flag is provided.
../../apps/web-customer/src/pages/maintenance/CreateMaintenanceJob.tsx(55,7): error TS17004: Cannot use JSX unless the '--jsx' flag is provided.
../../apps/web-customer/src/pages/maintenance/CreateMaintenanceJob.tsx(56,9): error TS17004: Cannot use JSX unless the '--jsx' flag is provided.
../../apps/web-customer/src/pages/maintenance/CreateMaintenanceJob.tsx(58,11): error TS17004: Cannot use JSX unless the '--jsx' flag is provided.
../../apps/web-customer/src/pages/maintenance/CreateMaintenanceJob.tsx(59,13): error TS17004: Cannot use JSX unless the '--jsx' flag is provided.
../../apps/web-customer/src/pages/maintenance/CreateMaintenanceJob.tsx(60,15): error TS17004: Cannot use JSX unless the '--jsx' flag is provided.
../../apps/web-customer/src/pages/maintenance/CreateMaintenanceJob.tsx(61,15): error TS17004: Cannot use JSX unless the '--jsx' flag is provided.
../../apps/web-customer/src/pages/maintenance/CreateMaintenanceJob.tsx(65,70): error TS2339: Property 'value' does not exist on type 'EventTarget & HTMLInputElement'.
../../apps/web-customer/src/pages/maintenance/CreateMaintenanceJob.tsx(70,13): error TS17004: Cannot use JSX unless the '--jsx' flag is provided.
../../apps/web-customer/src/pages/maintenance/CreateMaintenanceJob.tsx(71,15): error TS17004: Cannot use JSX unless the '--jsx' flag is provided.
../../apps/web-customer/src/pages/maintenance/CreateMaintenanceJob.tsx(72,15): error TS17004: Cannot use JSX unless the '--jsx' flag is provided.
../../apps/web-customer/src/pages/maintenance/CreateMaintenanceJob.tsx(76,71): error TS2339: Property 'value' does not exist on type 'EventTarget & HTMLInputElement'.
../../apps/web-customer/src/pages/maintenance/CreateMaintenanceJob.tsx(83,11): error TS17004: Cannot use JSX unless the '--jsx' flag is provided.
../../apps/web-customer/src/pages/maintenance/CreateMaintenanceJob.tsx(84,13): error TS17004: Cannot use JSX unless the '--jsx' flag is provided.
../../apps/web-customer/src/pages/maintenance/CreateMaintenanceJob.tsx(85,13): error TS17004: Cannot use JSX unless the '--jsx' flag is provided.
../../apps/web-customer/src/pages/maintenance/CreateMaintenanceJob.tsx(89,69): error TS2339: Property 'value' does not exist on type 'EventTarget & HTMLInputElement'.
../../apps/web-customer/src/pages/maintenance/CreateMaintenanceJob.tsx(95,11): error TS17004: Cannot use JSX unless the '--jsx' flag is provided.
../../apps/web-customer/src/pages/maintenance/CreateMaintenanceJob.tsx(96,13): error TS17004: Cannot use JSX unless the '--jsx' flag is provided.
../../apps/web-customer/src/pages/maintenance/CreateMaintenanceJob.tsx(97,13): error TS17004: Cannot use JSX unless the '--jsx' flag is provided.
../../apps/web-customer/src/pages/maintenance/CreateMaintenanceJob.tsx(101,63): error TS2339: Property 'value' does not exist on type 'EventTarget & HTMLInputElement'.
../../apps/web-customer/src/pages/maintenance/CreateMaintenanceJob.tsx(106,11): error TS17004: Cannot use JSX unless the '--jsx' flag is provided.
../../apps/web-customer/src/pages/maintenance/CreateMaintenanceJob.tsx(107,13): error TS17004: Cannot use JSX unless the '--jsx' flag is provided.
../../apps/web-customer/src/pages/maintenance/CreateMaintenanceJob.tsx(108,13): error TS17004: Cannot use JSX unless the '--jsx' flag is provided.
../../apps/web-customer/src/pages/maintenance/CreateMaintenanceJob.tsx(111,69): error TS2339: Property 'value' does not exist on type 'EventTarget & HTMLTextAreaElement'.
../../apps/web-customer/src/pages/maintenance/CreateMaintenanceJob.tsx(117,11): error TS17004: Cannot use JSX unless the '--jsx' flag is provided.
../../apps/web-customer/src/pages/maintenance/CreateMaintenanceJob.tsx(118,13): error TS17004: Cannot use JSX unless the '--jsx' flag is provided.
../../apps/web-customer/src/pages/maintenance/CreateMaintenanceJob.tsx(119,15): error TS17004: Cannot use JSX unless the '--jsx' flag is provided.
../../apps/web-customer/src/pages/maintenance/CreateMaintenanceJob.tsx(120,15): error TS17004: Cannot use JSX unless the '--jsx' flag is provided.
../../apps/web-customer/src/pages/maintenance/CreateMaintenanceJob.tsx(123,68): error TS2339: Property 'value' does not exist on type 'EventTarget & HTMLSelectElement'.
../../apps/web-customer/src/pages/maintenance/CreateMaintenanceJob.tsx(126,17): error TS17004: Cannot use JSX unless the '--jsx' flag is provided.
../../apps/web-customer/src/pages/maintenance/CreateMaintenanceJob.tsx(127,17): error TS17004: Cannot use JSX unless the '--jsx' flag is provided.
../../apps/web-customer/src/pages/maintenance/CreateMaintenanceJob.tsx(128,17): error TS17004: Cannot use JSX unless the '--jsx' flag is provided.
../../apps/web-customer/src/pages/maintenance/CreateMaintenanceJob.tsx(129,17): error TS17004: Cannot use JSX unless the '--jsx' flag is provided.
../../apps/web-customer/src/pages/maintenance/CreateMaintenanceJob.tsx(130,17): error TS17004: Cannot use JSX unless the '--jsx' flag is provided.
../../apps/web-customer/src/pages/maintenance/CreateMaintenanceJob.tsx(131,17): error TS17004: Cannot use JSX unless the '--jsx' flag is provided.
../../apps/web-customer/src/pages/maintenance/CreateMaintenanceJob.tsx(132,17): error TS17004: Cannot use JSX unless the '--jsx' flag is provided.
../../apps/web-customer/src/pages/maintenance/CreateMaintenanceJob.tsx(136,13): error TS17004: Cannot use JSX unless the '--jsx' flag is provided.
../../apps/web-customer/src/pages/maintenance/CreateMaintenanceJob.tsx(137,15): error TS17004: Cannot use JSX unless the '--jsx' flag is provided.
../../apps/web-customer/src/pages/maintenance/CreateMaintenanceJob.tsx(138,15): error TS17004: Cannot use JSX unless the '--jsx' flag is provided.
../../apps/web-customer/src/pages/maintenance/CreateMaintenanceJob.tsx(141,68): error TS2339: Property 'value' does not exist on type 'EventTarget & HTMLSelectElement'.
../../apps/web-customer/src/pages/maintenance/CreateMaintenanceJob.tsx(144,17): error TS17004: Cannot use JSX unless the '--jsx' flag is provided.
../../apps/web-customer/src/pages/maintenance/CreateMaintenanceJob.tsx(145,17): error TS17004: Cannot use JSX unless the '--jsx' flag is provided.
../../apps/web-customer/src/pages/maintenance/CreateMaintenanceJob.tsx(146,17): error TS17004: Cannot use JSX unless the '--jsx' flag is provided.
../../apps/web-customer/src/pages/maintenance/CreateMaintenanceJob.tsx(147,17): error TS17004: Cannot use JSX unless the '--jsx' flag is provided.
../../apps/web-customer/src/pages/maintenance/CreateMaintenanceJob.tsx(151,13): error TS17004: Cannot use JSX unless the '--jsx' flag is provided.
../../apps/web-customer/src/pages/maintenance/CreateMaintenanceJob.tsx(152,15): error TS17004: Cannot use JSX unless the '--jsx' flag is provided.
../../apps/web-customer/src/pages/maintenance/CreateMaintenanceJob.tsx(153,15): error TS17004: Cannot use JSX unless the '--jsx' flag is provided.
../../apps/web-customer/src/pages/maintenance/CreateMaintenanceJob.tsx(156,66): error TS2339: Property 'value' does not exist on type 'EventTarget & HTMLSelectElement'.
../../apps/web-customer/src/pages/maintenance/CreateMaintenanceJob.tsx(159,17): error TS17004: Cannot use JSX unless the '--jsx' flag is provided.
../../apps/web-customer/src/pages/maintenance/CreateMaintenanceJob.tsx(160,17): error TS17004: Cannot use JSX unless the '--jsx' flag is provided.
../../apps/web-customer/src/pages/maintenance/CreateMaintenanceJob.tsx(161,17): error TS17004: Cannot use JSX unless the '--jsx' flag is provided.
../../apps/web-customer/src/pages/maintenance/CreateMaintenanceJob.tsx(162,17): error TS17004: Cannot use JSX unless the '--jsx' flag is provided.
../../apps/web-customer/src/pages/maintenance/CreateMaintenanceJob.tsx(163,17): error TS17004: Cannot use JSX unless the '--jsx' flag is provided.
../../apps/web-customer/src/pages/maintenance/CreateMaintenanceJob.tsx(169,11): error TS17004: Cannot use JSX unless the '--jsx' flag is provided.
../../apps/web-customer/src/pages/maintenance/CreateMaintenanceJob.tsx(170,13): error TS17004: Cannot use JSX unless the '--jsx' flag is provided.
../../apps/web-customer/src/pages/maintenance/CreateMaintenanceJob.tsx(171,15): error TS17004: Cannot use JSX unless the '--jsx' flag is provided.
../../apps/web-customer/src/pages/maintenance/CreateMaintenanceJob.tsx(172,15): error TS17004: Cannot use JSX unless the '--jsx' flag is provided.
../../apps/web-customer/src/pages/maintenance/CreateMaintenanceJob.tsx(175,78): error TS2339: Property 'value' does not exist on type 'EventTarget & HTMLInputElement'.
../../apps/web-customer/src/pages/maintenance/CreateMaintenanceJob.tsx(180,13): error TS17004: Cannot use JSX unless the '--jsx' flag is provided.
../../apps/web-customer/src/pages/maintenance/CreateMaintenanceJob.tsx(181,15): error TS17004: Cannot use JSX unless the '--jsx' flag is provided.
../../apps/web-customer/src/pages/maintenance/CreateMaintenanceJob.tsx(182,15): error TS17004: Cannot use JSX unless the '--jsx' flag is provided.
../../apps/web-customer/src/pages/maintenance/CreateMaintenanceJob.tsx(185,82): error TS2339: Property 'value' does not exist on type 'EventTarget & HTMLInputElement'.
../../apps/web-customer/src/pages/maintenance/CreateMaintenanceJob.tsx(192,11): error TS17004: Cannot use JSX unless the '--jsx' flag is provided.
../../apps/web-customer/src/pages/maintenance/CreateMaintenanceJob.tsx(193,13): error TS17004: Cannot use JSX unless the '--jsx' flag is provided.
../../apps/web-customer/src/pages/maintenance/CreateMaintenanceJob.tsx(194,15): error TS17004: Cannot use JSX unless the '--jsx' flag is provided.
../../apps/web-customer/src/pages/maintenance/CreateMaintenanceJob.tsx(195,15): error TS17004: Cannot use JSX unless the '--jsx' flag is provided.
../../apps/web-customer/src/pages/maintenance/CreateMaintenanceJob.tsx(198,74): error TS2339: Property 'value' does not exist on type 'EventTarget & HTMLInputElement'.
../../apps/web-customer/src/pages/maintenance/CreateMaintenanceJob.tsx(202,13): error TS17004: Cannot use JSX unless the '--jsx' flag is provided.
../../apps/web-customer/src/pages/maintenance/CreateMaintenanceJob.tsx(203,15): error TS17004: Cannot use JSX unless the '--jsx' flag is provided.
../../apps/web-customer/src/pages/maintenance/CreateMaintenanceJob.tsx(204,15): error TS17004: Cannot use JSX unless the '--jsx' flag is provided.
../../apps/web-customer/src/pages/maintenance/CreateMaintenanceJob.tsx(207,74): error TS2339: Property 'value' does not exist on type 'EventTarget & HTMLInputElement'.
../../apps/web-customer/src/pages/maintenance/CreateMaintenanceJob.tsx(213,11): error TS17004: Cannot use JSX unless the '--jsx' flag is provided.
../../apps/web-customer/src/pages/maintenance/CreateMaintenanceJob.tsx(214,13): error TS17004: Cannot use JSX unless the '--jsx' flag is provided.
../../apps/web-customer/src/pages/maintenance/CreateMaintenanceJob.tsx(217,13): error TS17004: Cannot use JSX unless the '--jsx' flag is provided.
../../apps/web-customer/src/pages/maintenance/MaintenanceJobs.tsx(88,7): error TS17004: Cannot use JSX unless the '--jsx' flag is provided.
../../apps/web-customer/src/pages/maintenance/MaintenanceJobs.tsx(89,9): error TS17004: Cannot use JSX unless the '--jsx' flag is provided.
../../apps/web-customer/src/pages/maintenance/MaintenanceJobs.tsx(95,5): error TS17004: Cannot use JSX unless the '--jsx' flag is provided.
../../apps/web-customer/src/pages/maintenance/MaintenanceJobs.tsx(96,7): error TS17004: Cannot use JSX unless the '--jsx' flag is provided.
../../apps/web-customer/src/pages/maintenance/MaintenanceJobs.tsx(97,9): error TS17004: Cannot use JSX unless the '--jsx' flag is provided.
../../apps/web-customer/src/pages/maintenance/MaintenanceJobs.tsx(98,9): error TS17004: Cannot use JSX unless the '--jsx' flag is provided.
../../apps/web-customer/src/pages/maintenance/MaintenanceJobs.tsx(104,7): error TS17004: Cannot use JSX unless the '--jsx' flag is provided.
../../apps/web-customer/src/pages/maintenance/MaintenanceJobs.tsx(105,9): error TS17004: Cannot use JSX unless the '--jsx' flag is provided.
../../apps/web-customer/src/pages/maintenance/MaintenanceJobs.tsx(106,11): error TS17004: Cannot use JSX unless the '--jsx' flag is provided.
../../apps/web-customer/src/pages/maintenance/MaintenanceJobs.tsx(107,13): error TS17004: Cannot use JSX unless the '--jsx' flag is provided.
../../apps/web-customer/src/pages/maintenance/MaintenanceJobs.tsx(108,13): error TS17004: Cannot use JSX unless the '--jsx' flag is provided.
../../apps/web-customer/src/pages/maintenance/MaintenanceJobs.tsx(112,56): error TS2339: Property 'value' does not exist on type 'EventTarget & HTMLInputElement'.
../../apps/web-customer/src/pages/maintenance/MaintenanceJobs.tsx(115,11): error TS17004: Cannot use JSX unless the '--jsx' flag is provided.
../../apps/web-customer/src/pages/maintenance/MaintenanceJobs.tsx(116,13): error TS17004: Cannot use JSX unless the '--jsx' flag is provided.
../../apps/web-customer/src/pages/maintenance/MaintenanceJobs.tsx(117,13): error TS17004: Cannot use JSX unless the '--jsx' flag is provided.
../../apps/web-customer/src/pages/maintenance/MaintenanceJobs.tsx(120,57): error TS2339: Property 'value' does not exist on type 'EventTarget & HTMLSelectElement'.
../../apps/web-customer/src/pages/maintenance/MaintenanceJobs.tsx(122,15): error TS17004: Cannot use JSX unless the '--jsx' flag is provided.
../../apps/web-customer/src/pages/maintenance/MaintenanceJobs.tsx(123,15): error TS17004: Cannot use JSX unless the '--jsx' flag is provided.
../../apps/web-customer/src/pages/maintenance/MaintenanceJobs.tsx(124,15): error TS17004: Cannot use JSX unless the '--jsx' flag is provided.
../../apps/web-customer/src/pages/maintenance/MaintenanceJobs.tsx(125,15): error TS17004: Cannot use JSX unless the '--jsx' flag is provided.
../../apps/web-customer/src/pages/maintenance/MaintenanceJobs.tsx(126,15): error TS17004: Cannot use JSX unless the '--jsx' flag is provided.
../../apps/web-customer/src/pages/maintenance/MaintenanceJobs.tsx(127,15): error TS17004: Cannot use JSX unless the '--jsx' flag is provided.
../../apps/web-customer/src/pages/maintenance/MaintenanceJobs.tsx(128,15): error TS17004: Cannot use JSX unless the '--jsx' flag is provided.
../../apps/web-customer/src/pages/maintenance/MaintenanceJobs.tsx(131,11): error TS17004: Cannot use JSX unless the '--jsx' flag is provided.
../../apps/web-customer/src/pages/maintenance/MaintenanceJobs.tsx(132,13): error TS17004: Cannot use JSX unless the '--jsx' flag is provided.
../../apps/web-customer/src/pages/maintenance/MaintenanceJobs.tsx(133,13): error TS17004: Cannot use JSX unless the '--jsx' flag is provided.
../../apps/web-customer/src/pages/maintenance/MaintenanceJobs.tsx(136,59): error TS2339: Property 'value' does not exist on type 'EventTarget & HTMLSelectElement'.
../../apps/web-customer/src/pages/maintenance/MaintenanceJobs.tsx(138,15): error TS17004: Cannot use JSX unless the '--jsx' flag is provided.
../../apps/web-customer/src/pages/maintenance/MaintenanceJobs.tsx(139,15): error TS17004: Cannot use JSX unless the '--jsx' flag is provided.
../../apps/web-customer/src/pages/maintenance/MaintenanceJobs.tsx(140,15): error TS17004: Cannot use JSX unless the '--jsx' flag is provided.
../../apps/web-customer/src/pages/maintenance/MaintenanceJobs.tsx(141,15): error TS17004: Cannot use JSX unless the '--jsx' flag is provided.
../../apps/web-customer/src/pages/maintenance/MaintenanceJobs.tsx(142,15): error TS17004: Cannot use JSX unless the '--jsx' flag is provided.
../../apps/web-customer/src/pages/maintenance/MaintenanceJobs.tsx(145,11): error TS17004: Cannot use JSX unless the '--jsx' flag is provided.
../../apps/web-customer/src/pages/maintenance/MaintenanceJobs.tsx(146,13): error TS17004: Cannot use JSX unless the '--jsx' flag is provided.
../../apps/web-customer/src/pages/maintenance/MaintenanceJobs.tsx(163,9): error TS17004: Cannot use JSX unless the '--jsx' flag is provided.
../../apps/web-customer/src/pages/maintenance/MaintenanceJobs.tsx(168,9): error TS17004: Cannot use JSX unless the '--jsx' flag is provided.
../../apps/web-customer/src/pages/maintenance/MaintenanceJobs.tsx(170,13): error TS17004: Cannot use JSX unless the '--jsx' flag is provided.
../../apps/web-customer/src/pages/maintenance/MaintenanceJobs.tsx(175,15): error TS17004: Cannot use JSX unless the '--jsx' flag is provided.
../../apps/web-customer/src/pages/maintenance/MaintenanceJobs.tsx(176,17): error TS17004: Cannot use JSX unless the '--jsx' flag is provided.
../../apps/web-customer/src/pages/maintenance/MaintenanceJobs.tsx(177,19): error TS17004: Cannot use JSX unless the '--jsx' flag is provided.
../../apps/web-customer/src/pages/maintenance/MaintenanceJobs.tsx(178,21): error TS17004: Cannot use JSX unless the '--jsx' flag is provided.
../../apps/web-customer/src/pages/maintenance/MaintenanceJobs.tsx(179,21): error TS17004: Cannot use JSX unless the '--jsx' flag is provided.
../../apps/web-customer/src/pages/maintenance/MaintenanceJobs.tsx(179,28): error TS2322: Type '{ children: "LOW" | "MEDIUM" | "HIGH" | "URGENT"; color: string; }' is not assignable to type 'IntrinsicAttributes & BadgeProps'.
  Property 'color' does not exist on type 'IntrinsicAttributes & BadgeProps'.
../../apps/web-customer/src/pages/maintenance/MaintenanceJobs.tsx(182,21): error TS17004: Cannot use JSX unless the '--jsx' flag is provided.
../../apps/web-customer/src/pages/maintenance/MaintenanceJobs.tsx(182,28): error TS2322: Type '{ children: string; color: string; }' is not assignable to type 'IntrinsicAttributes & BadgeProps'.
  Property 'color' does not exist on type 'IntrinsicAttributes & BadgeProps'.
../../apps/web-customer/src/pages/maintenance/MaintenanceJobs.tsx(187,19): error TS17004: Cannot use JSX unless the '--jsx' flag is provided.
../../apps/web-customer/src/pages/maintenance/MaintenanceJobs.tsx(188,21): error TS17004: Cannot use JSX unless the '--jsx' flag is provided.
../../apps/web-customer/src/pages/maintenance/MaintenanceJobs.tsx(189,23): error TS17004: Cannot use JSX unless the '--jsx' flag is provided.
../../apps/web-customer/src/pages/maintenance/MaintenanceJobs.tsx(190,23): error TS17004: Cannot use JSX unless the '--jsx' flag is provided.
../../apps/web-customer/src/pages/maintenance/MaintenanceJobs.tsx(192,21): error TS17004: Cannot use JSX unless the '--jsx' flag is provided.
../../apps/web-customer/src/pages/maintenance/MaintenanceJobs.tsx(193,23): error TS17004: Cannot use JSX unless the '--jsx' flag is provided.
../../apps/web-customer/src/pages/maintenance/MaintenanceJobs.tsx(194,23): error TS17004: Cannot use JSX unless the '--jsx' flag is provided.
../../apps/web-customer/src/pages/maintenance/MaintenanceJobs.tsx(196,21): error TS17004: Cannot use JSX unless the '--jsx' flag is provided.
../../apps/web-customer/src/pages/maintenance/MaintenanceJobs.tsx(197,23): error TS17004: Cannot use JSX unless the '--jsx' flag is provided.
../../apps/web-customer/src/pages/maintenance/MaintenanceJobs.tsx(198,23): error TS17004: Cannot use JSX unless the '--jsx' flag is provided.
../../apps/web-customer/src/pages/maintenance/MaintenanceJobs.tsx(200,21): error TS17004: Cannot use JSX unless the '--jsx' flag is provided.
../../apps/web-customer/src/pages/maintenance/MaintenanceJobs.tsx(201,23): error TS17004: Cannot use JSX unless the '--jsx' flag is provided.
../../apps/web-customer/src/pages/maintenance/MaintenanceJobs.tsx(202,23): error TS17004: Cannot use JSX unless the '--jsx' flag is provided.
../../apps/web-customer/src/pages/maintenance/MaintenanceJobs.tsx(207,21): error TS17004: Cannot use JSX unless the '--jsx' flag is provided.
../../apps/web-customer/src/pages/maintenance/MaintenanceJobs.tsx(211,17): error TS17004: Cannot use JSX unless the '--jsx' flag is provided.
../../apps/web-customer/src/pages/maintenance/MaintenanceJobs.tsx(213,21): error TS17004: Cannot use JSX unless the '--jsx' flag is provided.
../../apps/web-customer/src/pages/maintenance/MaintenanceJobs.tsx(218,21): error TS17004: Cannot use JSX unless the '--jsx' flag is provided.
../../apps/web-customer/src/utils/accessibility.ts(50,15): error TS2339: Property 'tabIndex' does not exist on type 'HTMLElement'.
../../apps/web-customer/src/utils/accessibility.ts(52,27): error TS2339: Property 'tagName' does not exist on type 'HTMLElement'.
../../apps/web-customer/src/utils/accessibility.ts(56,21): error TS2339: Property 'hasAttribute' does not exist on type 'HTMLElement'.
../../apps/web-customer/src/utils/accessibility.ts(59,18): error TS2339: Property 'tabIndex' does not exist on type 'HTMLElement'.
../../apps/web-customer/src/utils/accessibility.ts(75,31): error TS2339: Property 'querySelectorAll' does not exist on type 'HTMLElement'.
../../apps/web-customer/src/utils/accessibility.ts(87,11): error TS2339: Property 'key' does not exist on type 'KeyboardEvent'.
../../apps/web-customer/src/utils/accessibility.ts(89,11): error TS2339: Property 'shiftKey' does not exist on type 'KeyboardEvent'.
../../apps/web-customer/src/utils/accessibility.ts(90,11): error TS2584: Cannot find name 'document'. Do you need to change your target library? Try changing the 'lib' compiler option to include 'dom'.
../../apps/web-customer/src/utils/accessibility.ts(92,22): error TS2339: Property 'focus' does not exist on type 'HTMLElement'.
../../apps/web-customer/src/utils/accessibility.ts(95,11): error TS2584: Cannot find name 'document'. Do you need to change your target library? Try changing the 'lib' compiler option to include 'dom'.
../../apps/web-customer/src/utils/accessibility.ts(97,23): error TS2339: Property 'focus' does not exist on type 'HTMLElement'.
../../apps/web-customer/src/utils/accessibility.ts(102,13): error TS2339: Property 'addEventListener' does not exist on type 'HTMLElement'.
../../apps/web-customer/src/utils/accessibility.ts(105,15): error TS2339: Property 'removeEventListener' does not exist on type 'HTMLElement'.
../../apps/web-customer/src/utils/accessibility.ts(113,24): error TS2584: Cannot find name 'document'. Do you need to change your target library? Try changing the 'lib' compiler option to include 'dom'.
../../apps/web-customer/src/utils/accessibility.ts(120,3): error TS2584: Cannot find name 'document'. Do you need to change your target library? Try changing the 'lib' compiler option to include 'dom'.
../../apps/web-customer/src/utils/accessibility.ts(123,5): error TS2584: Cannot find name 'document'. Do you need to change your target library? Try changing the 'lib' compiler option to include 'dom'.
../../apps/web-customer/src/utils/accessibility.ts(131,14): error TS2304: Cannot find name 'window'.
../../apps/web-customer/src/utils/accessibility.ts(132,10): error TS2304: Cannot find name 'window'.
../../apps/web-customer/src/utils/accessibility.ts(139,20): error TS2584: Cannot find name 'document'. Do you need to change your target library? Try changing the 'lib' compiler option to include 'dom'.
../../apps/web-customer/src/utils/accessibility.ts(144,3): error TS2584: Cannot find name 'document'. Do you need to change your target library? Try changing the 'lib' compiler option to include 'dom'.
../../apps/web-customer/src/utils/accessibility.ts(144,40): error TS2584: Cannot find name 'document'. Do you need to change your target library? Try changing the 'lib' compiler option to include 'dom'.
../../apps/web-customer/src/utils/accessibility.ts(147,5): error TS2584: Cannot find name 'document'. Do you need to change your target library? Try changing the 'lib' compiler option to include 'dom'.
../../apps/web-customer/tests/setup.ts(2,10): error TS6133: 'expect' is declared but its value is never read.
../../apps/web-customer/tests/setup.ts(11,23): error TS2304: Cannot find name 'window'.
../../apps/web-customer/tests/setup.ts(27,13): error TS6133: 'key' is declared but its value is never read.
../../apps/web-customer/tests/setup.ts(28,13): error TS6133: 'key' is declared but its value is never read.
../../apps/web-customer/tests/setup.ts(28,26): error TS6133: 'value' is declared but its value is never read.
../../apps/web-customer/tests/setup.ts(29,16): error TS6133: 'key' is declared but its value is never read.
../../apps/web-customer/tests/setup.ts(32,8): error TS7017: Element implicitly has an 'any' type because type 'typeof globalThis' has no index signature.
../../apps/web-customer/tests/setup.ts(32,43): error TS2304: Cannot find name 'Storage'.
../../apps/web-customer/vite.config.ts(7,13): error TS2769: No overload matches this call.
  The last overload gave the following error.
    Type 'Plugin_2[]' is not assignable to type 'PluginOption'.
      Type 'Plugin_2[]' is not assignable to type 'PluginOption[]'.
        Type 'Plugin_2' is not assignable to type 'PluginOption'.
          Type 'Plugin_2' is not assignable to type 'Plugin<any>'.
            Types of property 'apply' are incompatible.
              Type '"serve" | "build" | ((this: void, config: import("/home/orrox/projects/rightfit-cleaning-staging/node_modules/vite/dist/node/index").UserConfig, env: import("/home/orrox/projects/rightfit-cleaning-staging/node_modules/vite/dist/node/index").ConfigEnv) => boolean) | undefined' is not assignable to type '"serve" | "build" | ((this: void, config: import("/home/orrox/projects/rightfit-cleaning-staging/apps/web-cleaning/node_modules/vite/dist/node/index").UserConfig, env: import("/home/orrox/projects/rightfit-cleaning-staging/apps/web-cleaning/node_modules/vite/dist/node/index").ConfigEnv) => boolean) | undefined'.
                Type '(this: void, config: UserConfig, env: ConfigEnv) => boolean' is not assignable to type '"serve" | "build" | ((this: void, config: UserConfig, env: ConfigEnv) => boolean) | undefined'.
                  Type '(this: void, config: import("/home/orrox/projects/rightfit-cleaning-staging/node_modules/vite/dist/node/index").UserConfig, env: import("/home/orrox/projects/rightfit-cleaning-staging/node_modules/vite/dist/node/index").ConfigEnv) => boolean' is not assignable to type '(this: void, config: import("/home/orrox/projects/rightfit-cleaning-staging/apps/web-cleaning/node_modules/vite/dist/node/index").UserConfig, env: import("/home/orrox/projects/rightfit-cleaning-staging/apps/web-cleaning/node_modules/vite/dist/node/index").ConfigEnv) => boolean'.
                    Types of parameters 'config' and 'config' are incompatible.
                      Type 'import("/home/orrox/projects/rightfit-cleaning-staging/apps/web-cleaning/node_modules/vite/dist/node/index").UserConfig' is not assignable to type 'import("/home/orrox/projects/rightfit-cleaning-staging/node_modules/vite/dist/node/index").UserConfig'.
                        Types of property 'plugins' are incompatible.
                          Type 'import("/home/orrox/projects/rightfit-cleaning-staging/apps/web-cleaning/node_modules/vite/dist/node/index").PluginOption[] | undefined' is not assignable to type 'import("/home/orrox/projects/rightfit-cleaning-staging/node_modules/vite/dist/node/index").PluginOption[] | undefined'.
                            Type 'import("/home/orrox/projects/rightfit-cleaning-staging/apps/web-cleaning/node_modules/vite/dist/node/index").PluginOption[]' is not assignable to type 'import("/home/orrox/projects/rightfit-cleaning-staging/node_modules/vite/dist/node/index").PluginOption[]'.
                              Type 'import("/home/orrox/projects/rightfit-cleaning-staging/apps/web-cleaning/node_modules/vite/dist/node/index").PluginOption' is not assignable to type 'import("/home/orrox/projects/rightfit-cleaning-staging/node_modules/vite/dist/node/index").PluginOption'.
                                Type 'Plugin<any>' is not assignable to type 'PluginOption'.
                                  Type 'Plugin<any>' is not assignable to type 'Plugin_2'.
                                    Types of property 'apply' are incompatible.
                                      Type '"serve" | "build" | ((this: void, config: import("/home/orrox/projects/rightfit-cleaning-staging/apps/web-cleaning/node_modules/vite/dist/node/index").UserConfig, env: import("/home/orrox/projects/rightfit-cleaning-staging/apps/web-cleaning/node_modules/vite/dist/node/index").ConfigEnv) => boolean) | undefined' is not assignable to type '"serve" | "build" | ((this: void, config: import("/home/orrox/projects/rightfit-cleaning-staging/node_modules/vite/dist/node/index").UserConfig, env: import("/home/orrox/projects/rightfit-cleaning-staging/node_modules/vite/dist/node/index").ConfigEnv) => boolean) | undefined'.
                                        Type '(this: void, config: UserConfig, env: ConfigEnv) => boolean' is not assignable to type '"serve" | "build" | ((this: void, config: UserConfig, env: ConfigEnv) => boolean) | undefined'.
                                          Type '(this: void, config: import("/home/orrox/projects/rightfit-cleaning-staging/apps/web-cleaning/node_modules/vite/dist/node/index").UserConfig, env: import("/home/orrox/projects/rightfit-cleaning-staging/apps/web-cleaning/node_modules/vite/dist/node/index").ConfigEnv) => boolean' is not assignable to type '(this: void, config: import("/home/orrox/projects/rightfit-cleaning-staging/node_modules/vite/dist/node/index").UserConfig, env: import("/home/orrox/projects/rightfit-cleaning-staging/node_modules/vite/dist/node/index").ConfigEnv) => boolean'.
                                            Types of parameters 'config' and 'config' are incompatible.
                                              Type 'import("/home/orrox/projects/rightfit-cleaning-staging/node_modules/vite/dist/node/index").UserConfig' is not assignable to type 'import("/home/orrox/projects/rightfit-cleaning-staging/apps/web-cleaning/node_modules/vite/dist/node/index").UserConfig'.
                                                Types of property 'plugins' are incompatible.
                                                  Type 'import("/home/orrox/projects/rightfit-cleaning-staging/node_modules/vite/dist/node/index").PluginOption[] | undefined' is not assignable to type 'import("/home/orrox/projects/rightfit-cleaning-staging/apps/web-cleaning/node_modules/vite/dist/node/index").PluginOption[] | undefined'.
                                                    Type 'import("/home/orrox/projects/rightfit-cleaning-staging/node_modules/vite/dist/node/index").PluginOption[]' is not assignable to type 'import("/home/orrox/projects/rightfit-cleaning-staging/apps/web-cleaning/node_modules/vite/dist/node/index").PluginOption[]'.
                                                      Type 'import("/home/orrox/projects/rightfit-cleaning-staging/node_modules/vite/dist/node/index").PluginOption' is not assignable to type 'import("/home/orrox/projects/rightfit-cleaning-staging/apps/web-cleaning/node_modules/vite/dist/node/index").PluginOption'.
                                                        Type 'Promise<false | Plugin_2 | PluginOption[] | null | undefined>' is not assignable to type 'PluginOption'.
                                                          Type 'Promise<false | Plugin_2 | PluginOption[] | null | undefined>' is not assignable to type 'Promise<false | Plugin<any> | PluginOption[] | null | undefined>'.
                                                            Type 'false | Plugin_2 | PluginOption[] | null | undefined' is not assignable to type 'false | Plugin<any> | PluginOption[] | null | undefined'.
                                                              Type 'Plugin_2' is not assignable to type 'false | Plugin<any> | PluginOption[] | null | undefined'.
../../apps/web-customer/vitest.config.ts(5,13): error TS2769: No overload matches this call.
  The last overload gave the following error.
    Type 'Plugin_2[]' is not assignable to type 'PluginOption'.
      Type 'Plugin_2[]' is not assignable to type 'PluginOption[]'.
        Type 'Plugin_2' is not assignable to type 'PluginOption'.
          Type 'Plugin_2' is not assignable to type 'Plugin<any>'.
            Types of property 'resolveId' are incompatible.
              Type 'ObjectHook<(this: PluginContext, source: string, importer: string | undefined, options: { assertions: Record<string, string>; custom?: CustomPluginOptions | undefined; ssr?: boolean | undefined; isEntry: boolean; }) => ResolveIdResult | Promise<...>> | undefined' is not assignable to type 'ObjectHook<(this: PluginContext, source: string, importer: string | undefined, options: { attributes: Record<string, string>; custom?: CustomPluginOptions | undefined; ssr?: boolean | undefined; isEntry: boolean; }) => ResolveIdResult | Promise<...>, { ...; }> | undefined'.
                Type '(this: PluginContext, source: string, importer: string | undefined, options: { assertions: Record<string, string>; custom?: CustomPluginOptions | undefined; ssr?: boolean | undefined; isEntry: boolean; }) => ResolveIdResult | Promise<...>' is not assignable to type 'ObjectHook<(this: PluginContext, source: string, importer: string | undefined, options: { attributes: Record<string, string>; custom?: CustomPluginOptions | undefined; ssr?: boolean | undefined; isEntry: boolean; }) => ResolveIdResult | Promise<...>, { ...; }> | undefined'.
                  Type '(this: PluginContext, source: string, importer: string | undefined, options: { assertions: Record<string, string>; custom?: CustomPluginOptions | undefined; ssr?: boolean | undefined; isEntry: boolean; }) => ResolveIdResult | Promise<...>' is not assignable to type '(this: PluginContext, source: string, importer: string | undefined, options: { attributes: Record<string, string>; custom?: CustomPluginOptions | undefined; ssr?: boolean | undefined; isEntry: boolean; }) => ResolveIdResult | Promise<...>'.
                    The 'this' types of each signature are incompatible.
                      Property 'moduleIds' is missing in type 'import("/home/orrox/projects/rightfit-cleaning-staging/node_modules/rollup/dist/rollup").PluginContext' but required in type 'import("/home/orrox/projects/rightfit-cleaning-staging/node_modules/vite/node_modules/rollup/dist/rollup").PluginContext'.
../../apps/web-worker/src/App.tsx(2,30): error TS6142: Module './contexts/AuthContext' was resolved to '/home/orrox/projects/rightfit-cleaning-staging/apps/web-worker/src/contexts/AuthContext.tsx', but '--jsx' is not set.
../../apps/web-worker/src/App.tsx(3,28): error TS6142: Module './components/ProtectedRoute' was resolved to '/home/orrox/projects/rightfit-cleaning-staging/apps/web-worker/src/components/ProtectedRoute.tsx', but '--jsx' is not set.
../../apps/web-worker/src/App.tsx(4,26): error TS6142: Module './components/layout/WorkerLayout' was resolved to '/home/orrox/projects/rightfit-cleaning-staging/apps/web-worker/src/components/layout/WorkerLayout.tsx', but '--jsx' is not set.
../../apps/web-worker/src/App.tsx(5,19): error TS6142: Module './pages/auth/Login' was resolved to '/home/orrox/projects/rightfit-cleaning-staging/apps/web-worker/src/pages/auth/Login.tsx', but '--jsx' is not set.
../../apps/web-worker/src/App.tsx(6,28): error TS6142: Module './pages/auth/ForgotPassword' was resolved to '/home/orrox/projects/rightfit-cleaning-staging/apps/web-worker/src/pages/auth/ForgotPassword.tsx', but '--jsx' is not set.
../../apps/web-worker/src/App.tsx(7,29): error TS6142: Module './pages/dashboard/WorkerDashboard' was resolved to '/home/orrox/projects/rightfit-cleaning-staging/apps/web-worker/src/pages/dashboard/WorkerDashboard.tsx', but '--jsx' is not set.
../../apps/web-worker/src/App.tsx(8,24): error TS6142: Module './pages/jobs/JobDetails' was resolved to '/home/orrox/projects/rightfit-cleaning-staging/apps/web-worker/src/pages/jobs/JobDetails.tsx', but '--jsx' is not set.
../../apps/web-worker/src/App.tsx(9,20): error TS6142: Module './pages/jobs/MyJobs' was resolved to '/home/orrox/projects/rightfit-cleaning-staging/apps/web-worker/src/pages/jobs/MyJobs.tsx', but '--jsx' is not set.
../../apps/web-worker/src/App.tsx(10,24): error TS6142: Module './pages/schedule/MySchedule' was resolved to '/home/orrox/projects/rightfit-cleaning-staging/apps/web-worker/src/pages/schedule/MySchedule.tsx', but '--jsx' is not set.
../../apps/web-worker/src/App.tsx(11,32): error TS6142: Module './pages/availability/ManageAvailability' was resolved to '/home/orrox/projects/rightfit-cleaning-staging/apps/web-worker/src/pages/availability/ManageAvailability.tsx', but '--jsx' is not set.
../../apps/web-worker/src/App.tsx(12,27): error TS6142: Module './pages/profile/WorkerProfile' was resolved to '/home/orrox/projects/rightfit-cleaning-staging/apps/web-worker/src/pages/profile/WorkerProfile.tsx', but '--jsx' is not set.
../../apps/web-worker/src/App.tsx(13,25): error TS6142: Module './pages/history/WorkHistory' was resolved to '/home/orrox/projects/rightfit-cleaning-staging/apps/web-worker/src/pages/history/WorkHistory.tsx', but '--jsx' is not set.
../../apps/web-worker/src/App.tsx(14,30): error TS6142: Module './pages/issues/MyReportedIssues' was resolved to '/home/orrox/projects/rightfit-cleaning-staging/apps/web-worker/src/pages/issues/MyReportedIssues.tsx', but '--jsx' is not set.
../../apps/web-worker/src/App.tsx(15,26): error TS6142: Module './pages/checklists/MyChecklists' was resolved to '/home/orrox/projects/rightfit-cleaning-staging/apps/web-worker/src/pages/checklists/MyChecklists.tsx', but '--jsx' is not set.
../../apps/web-worker/src/App.tsx(16,24): error TS6142: Module './pages/info/UsefulInfo' was resolved to '/home/orrox/projects/rightfit-cleaning-staging/apps/web-worker/src/pages/info/UsefulInfo.tsx', but '--jsx' is not set.
../../apps/web-worker/src/App.tsx(17,25): error TS6142: Module './pages/navigation/MyLocations' was resolved to '/home/orrox/projects/rightfit-cleaning-staging/apps/web-worker/src/pages/navigation/MyLocations.tsx', but '--jsx' is not set.
../../apps/web-worker/src/App.tsx(18,28): error TS6142: Module './pages/navigation/NavigationView' was resolved to '/home/orrox/projects/rightfit-cleaning-staging/apps/web-worker/src/pages/navigation/NavigationView.tsx', but '--jsx' is not set.
../../apps/web-worker/src/App.tsx(22,5): error TS17004: Cannot use JSX unless the '--jsx' flag is provided.
../../apps/web-worker/src/App.tsx(23,7): error TS17004: Cannot use JSX unless the '--jsx' flag is provided.
../../apps/web-worker/src/App.tsx(24,9): error TS17004: Cannot use JSX unless the '--jsx' flag is provided.
../../apps/web-worker/src/App.tsx(26,11): error TS17004: Cannot use JSX unless the '--jsx' flag is provided.
../../apps/web-worker/src/App.tsx(26,41): error TS17004: Cannot use JSX unless the '--jsx' flag is provided.
../../apps/web-worker/src/App.tsx(27,11): error TS17004: Cannot use JSX unless the '--jsx' flag is provided.
../../apps/web-worker/src/App.tsx(27,51): error TS17004: Cannot use JSX unless the '--jsx' flag is provided.
../../apps/web-worker/src/App.tsx(30,11): error TS17004: Cannot use JSX unless the '--jsx' flag is provided.
../../apps/web-worker/src/App.tsx(33,15): error TS17004: Cannot use JSX unless the '--jsx' flag is provided.
../../apps/web-worker/src/App.tsx(34,17): error TS17004: Cannot use JSX unless the '--jsx' flag is provided.
../../apps/web-worker/src/App.tsx(35,19): error TS17004: Cannot use JSX unless the '--jsx' flag is provided.
../../apps/web-worker/src/App.tsx(42,11): error TS17004: Cannot use JSX unless the '--jsx' flag is provided.
../../apps/web-worker/src/App.tsx(45,15): error TS17004: Cannot use JSX unless the '--jsx' flag is provided.
../../apps/web-worker/src/App.tsx(46,17): error TS17004: Cannot use JSX unless the '--jsx' flag is provided.
../../apps/web-worker/src/App.tsx(47,19): error TS17004: Cannot use JSX unless the '--jsx' flag is provided.
../../apps/web-worker/src/App.tsx(54,11): error TS17004: Cannot use JSX unless the '--jsx' flag is provided.
../../apps/web-worker/src/App.tsx(57,15): error TS17004: Cannot use JSX unless the '--jsx' flag is provided.
../../apps/web-worker/src/App.tsx(58,17): error TS17004: Cannot use JSX unless the '--jsx' flag is provided.
../../apps/web-worker/src/App.tsx(59,19): error TS17004: Cannot use JSX unless the '--jsx' flag is provided.
../../apps/web-worker/src/App.tsx(66,11): error TS17004: Cannot use JSX unless the '--jsx' flag is provided.
../../apps/web-worker/src/App.tsx(69,15): error TS17004: Cannot use JSX unless the '--jsx' flag is provided.
../../apps/web-worker/src/App.tsx(70,17): error TS17004: Cannot use JSX unless the '--jsx' flag is provided.
../../apps/web-worker/src/App.tsx(71,19): error TS17004: Cannot use JSX unless the '--jsx' flag is provided.
../../apps/web-worker/src/App.tsx(77,11): error TS17004: Cannot use JSX unless the '--jsx' flag is provided.
../../apps/web-worker/src/App.tsx(80,15): error TS17004: Cannot use JSX unless the '--jsx' flag is provided.
../../apps/web-worker/src/App.tsx(81,17): error TS17004: Cannot use JSX unless the '--jsx' flag is provided.
../../apps/web-worker/src/App.tsx(82,19): error TS17004: Cannot use JSX unless the '--jsx' flag is provided.
../../apps/web-worker/src/App.tsx(88,11): error TS17004: Cannot use JSX unless the '--jsx' flag is provided.
../../apps/web-worker/src/App.tsx(91,15): error TS17004: Cannot use JSX unless the '--jsx' flag is provided.
../../apps/web-worker/src/App.tsx(92,17): error TS17004: Cannot use JSX unless the '--jsx' flag is provided.
../../apps/web-worker/src/App.tsx(93,19): error TS17004: Cannot use JSX unless the '--jsx' flag is provided.
../../apps/web-worker/src/App.tsx(99,11): error TS17004: Cannot use JSX unless the '--jsx' flag is provided.
../../apps/web-worker/src/App.tsx(102,15): error TS17004: Cannot use JSX unless the '--jsx' flag is provided.
../../apps/web-worker/src/App.tsx(103,17): error TS17004: Cannot use JSX unless the '--jsx' flag is provided.
../../apps/web-worker/src/App.tsx(104,19): error TS17004: Cannot use JSX unless the '--jsx' flag is provided.
../../apps/web-worker/src/App.tsx(110,11): error TS17004: Cannot use JSX unless the '--jsx' flag is provided.
../../apps/web-worker/src/App.tsx(113,15): error TS17004: Cannot use JSX unless the '--jsx' flag is provided.
../../apps/web-worker/src/App.tsx(114,17): error TS17004: Cannot use JSX unless the '--jsx' flag is provided.
../../apps/web-worker/src/App.tsx(115,19): error TS17004: Cannot use JSX unless the '--jsx' flag is provided.
../../apps/web-worker/src/App.tsx(122,11): error TS17004: Cannot use JSX unless the '--jsx' flag is provided.
../../apps/web-worker/src/App.tsx(125,15): error TS17004: Cannot use JSX unless the '--jsx' flag is provided.
../../apps/web-worker/src/App.tsx(126,17): error TS17004: Cannot use JSX unless the '--jsx' flag is provided.
../../apps/web-worker/src/App.tsx(127,19): error TS17004: Cannot use JSX unless the '--jsx' flag is provided.
../../apps/web-worker/src/App.tsx(134,11): error TS17004: Cannot use JSX unless the '--jsx' flag is provided.
../../apps/web-worker/src/App.tsx(137,15): error TS17004: Cannot use JSX unless the '--jsx' flag is provided.
../../apps/web-worker/src/App.tsx(138,17): error TS17004: Cannot use JSX unless the '--jsx' flag is provided.
../../apps/web-worker/src/App.tsx(139,19): error TS17004: Cannot use JSX unless the '--jsx' flag is provided.
../../apps/web-worker/src/App.tsx(146,11): error TS17004: Cannot use JSX unless the '--jsx' flag is provided.
../../apps/web-worker/src/App.tsx(149,15): error TS17004: Cannot use JSX unless the '--jsx' flag is provided.
../../apps/web-worker/src/App.tsx(150,17): error TS17004: Cannot use JSX unless the '--jsx' flag is provided.
../../apps/web-worker/src/App.tsx(156,11): error TS17004: Cannot use JSX unless the '--jsx' flag is provided.
../../apps/web-worker/src/App.tsx(159,15): error TS17004: Cannot use JSX unless the '--jsx' flag is provided.
../../apps/web-worker/src/App.tsx(160,17): error TS17004: Cannot use JSX unless the '--jsx' flag is provided.
../../apps/web-worker/src/App.tsx(166,11): error TS17004: Cannot use JSX unless the '--jsx' flag is provided.
../../apps/web-worker/src/App.tsx(166,36): error TS17004: Cannot use JSX unless the '--jsx' flag is provided.
../../apps/web-worker/src/App.tsx(169,11): error TS17004: Cannot use JSX unless the '--jsx' flag is provided.
../../apps/web-worker/src/App.tsx(169,36): error TS17004: Cannot use JSX unless the '--jsx' flag is provided.
../../apps/web-worker/src/components/ProtectedRoute.tsx(2,25): error TS6142: Module '../contexts/AuthContext' was resolved to '/home/orrox/projects/rightfit-cleaning-staging/apps/web-worker/src/contexts/AuthContext.tsx', but '--jsx' is not set.
../../apps/web-worker/src/components/ProtectedRoute.tsx(13,7): error TS17004: Cannot use JSX unless the '--jsx' flag is provided.
../../apps/web-worker/src/components/ProtectedRoute.tsx(14,9): error TS17004: Cannot use JSX unless the '--jsx' flag is provided.
../../apps/web-worker/src/components/ProtectedRoute.tsx(15,11): error TS17004: Cannot use JSX unless the '--jsx' flag is provided.
../../apps/web-worker/src/components/ProtectedRoute.tsx(16,11): error TS17004: Cannot use JSX unless the '--jsx' flag is provided.
../../apps/web-worker/src/components/ProtectedRoute.tsx(23,12): error TS17004: Cannot use JSX unless the '--jsx' flag is provided.
../../apps/web-worker/src/components/ProtectedRoute.tsx(26,10): error TS17004: Cannot use JSX unless the '--jsx' flag is provided.
../../apps/web-worker/src/components/dashboard/NextJobWidget.tsx(13,25): error TS6142: Module '../../contexts/AuthContext' was resolved to '/home/orrox/projects/rightfit-cleaning-staging/apps/web-worker/src/contexts/AuthContext.tsx', but '--jsx' is not set.
../../apps/web-worker/src/components/dashboard/NextJobWidget.tsx(85,21): error TS2304: Cannot find name 'localStorage'.
../../apps/web-worker/src/components/dashboard/NextJobWidget.tsx(86,33): error TS2304: Cannot find name 'localStorage'.
../../apps/web-worker/src/components/dashboard/NextJobWidget.tsx(105,20): error TS18046: 'data' is of type 'unknown'.
../../apps/web-worker/src/components/dashboard/NextJobWidget.tsx(149,33): error TS18046: 'distanceData' is of type 'unknown'.
../../apps/web-worker/src/components/dashboard/NextJobWidget.tsx(153,32): error TS18046: 'distanceData' is of type 'unknown'.
../../apps/web-worker/src/components/dashboard/NextJobWidget.tsx(154,28): error TS18046: 'distanceData' is of type 'unknown'.
../../apps/web-worker/src/components/dashboard/NextJobWidget.tsx(243,7): error TS17004: Cannot use JSX unless the '--jsx' flag is provided.
../../apps/web-worker/src/components/dashboard/NextJobWidget.tsx(244,9): error TS17004: Cannot use JSX unless the '--jsx' flag is provided.
../../apps/web-worker/src/components/dashboard/NextJobWidget.tsx(245,11): error TS17004: Cannot use JSX unless the '--jsx' flag is provided.
../../apps/web-worker/src/components/dashboard/NextJobWidget.tsx(246,11): error TS17004: Cannot use JSX unless the '--jsx' flag is provided.
../../apps/web-worker/src/components/dashboard/NextJobWidget.tsx(247,13): error TS17004: Cannot use JSX unless the '--jsx' flag is provided.
../../apps/web-worker/src/components/dashboard/NextJobWidget.tsx(248,13): error TS17004: Cannot use JSX unless the '--jsx' flag is provided.
../../apps/web-worker/src/components/dashboard/NextJobWidget.tsx(258,7): error TS17004: Cannot use JSX unless the '--jsx' flag is provided.
../../apps/web-worker/src/components/dashboard/NextJobWidget.tsx(264,9): error TS17004: Cannot use JSX unless the '--jsx' flag is provided.
../../apps/web-worker/src/components/dashboard/NextJobWidget.tsx(265,11): error TS17004: Cannot use JSX unless the '--jsx' flag is provided.
../../apps/web-worker/src/components/dashboard/NextJobWidget.tsx(266,11): error TS17004: Cannot use JSX unless the '--jsx' flag is provided.
../../apps/web-worker/src/components/dashboard/NextJobWidget.tsx(267,13): error TS17004: Cannot use JSX unless the '--jsx' flag is provided.
../../apps/web-worker/src/components/dashboard/NextJobWidget.tsx(268,13): error TS17004: Cannot use JSX unless the '--jsx' flag is provided.
../../apps/web-worker/src/components/dashboard/NextJobWidget.tsx(278,7): error TS17004: Cannot use JSX unless the '--jsx' flag is provided.
../../apps/web-worker/src/components/dashboard/NextJobWidget.tsx(284,9): error TS17004: Cannot use JSX unless the '--jsx' flag is provided.
../../apps/web-worker/src/components/dashboard/NextJobWidget.tsx(285,11): error TS17004: Cannot use JSX unless the '--jsx' flag is provided.
../../apps/web-worker/src/components/dashboard/NextJobWidget.tsx(286,11): error TS17004: Cannot use JSX unless the '--jsx' flag is provided.
../../apps/web-worker/src/components/dashboard/NextJobWidget.tsx(287,13): error TS17004: Cannot use JSX unless the '--jsx' flag is provided.
../../apps/web-worker/src/components/dashboard/NextJobWidget.tsx(288,13): error TS17004: Cannot use JSX unless the '--jsx' flag is provided.
../../apps/web-worker/src/components/dashboard/NextJobWidget.tsx(290,11): error TS17004: Cannot use JSX unless the '--jsx' flag is provided.
../../apps/web-worker/src/components/dashboard/NextJobWidget.tsx(297,5): error TS17004: Cannot use JSX unless the '--jsx' flag is provided.
../../apps/web-worker/src/components/dashboard/NextJobWidget.tsx(304,7): error TS17004: Cannot use JSX unless the '--jsx' flag is provided.
../../apps/web-worker/src/components/dashboard/NextJobWidget.tsx(305,9): error TS17004: Cannot use JSX unless the '--jsx' flag is provided.
../../apps/web-worker/src/components/dashboard/NextJobWidget.tsx(306,11): error TS17004: Cannot use JSX unless the '--jsx' flag is provided.
../../apps/web-worker/src/components/dashboard/NextJobWidget.tsx(307,13): error TS17004: Cannot use JSX unless the '--jsx' flag is provided.
../../apps/web-worker/src/components/dashboard/NextJobWidget.tsx(308,13): error TS17004: Cannot use JSX unless the '--jsx' flag is provided.
../../apps/web-worker/src/components/dashboard/NextJobWidget.tsx(310,11): error TS17004: Cannot use JSX unless the '--jsx' flag is provided.
../../apps/web-worker/src/components/dashboard/NextJobWidget.tsx(321,7): error TS17004: Cannot use JSX unless the '--jsx' flag is provided.
../../apps/web-worker/src/components/dashboard/NextJobWidget.tsx(323,9): error TS17004: Cannot use JSX unless the '--jsx' flag is provided.
../../apps/web-worker/src/components/dashboard/NextJobWidget.tsx(324,11): error TS17004: Cannot use JSX unless the '--jsx' flag is provided.
../../apps/web-worker/src/components/dashboard/NextJobWidget.tsx(325,11): error TS17004: Cannot use JSX unless the '--jsx' flag is provided.
../../apps/web-worker/src/components/dashboard/NextJobWidget.tsx(331,9): error TS17004: Cannot use JSX unless the '--jsx' flag is provided.
../../apps/web-worker/src/components/dashboard/NextJobWidget.tsx(332,11): error TS17004: Cannot use JSX unless the '--jsx' flag is provided.
../../apps/web-worker/src/components/dashboard/NextJobWidget.tsx(333,11): error TS17004: Cannot use JSX unless the '--jsx' flag is provided.
../../apps/web-worker/src/components/dashboard/NextJobWidget.tsx(334,13): error TS17004: Cannot use JSX unless the '--jsx' flag is provided.
../../apps/web-worker/src/components/dashboard/NextJobWidget.tsx(335,13): error TS17004: Cannot use JSX unless the '--jsx' flag is provided.
../../apps/web-worker/src/components/dashboard/NextJobWidget.tsx(341,11): error TS17004: Cannot use JSX unless the '--jsx' flag is provided.
../../apps/web-worker/src/components/dashboard/NextJobWidget.tsx(342,13): error TS17004: Cannot use JSX unless the '--jsx' flag is provided.
../../apps/web-worker/src/components/dashboard/NextJobWidget.tsx(343,15): error TS17004: Cannot use JSX unless the '--jsx' flag is provided.
../../apps/web-worker/src/components/dashboard/NextJobWidget.tsx(344,15): error TS17004: Cannot use JSX unless the '--jsx' flag is provided.
../../apps/web-worker/src/components/dashboard/NextJobWidget.tsx(346,13): error TS17004: Cannot use JSX unless the '--jsx' flag is provided.
../../apps/web-worker/src/components/dashboard/NextJobWidget.tsx(347,15): error TS17004: Cannot use JSX unless the '--jsx' flag is provided.
../../apps/web-worker/src/components/dashboard/NextJobWidget.tsx(348,15): error TS17004: Cannot use JSX unless the '--jsx' flag is provided.
../../apps/web-worker/src/components/dashboard/NextJobWidget.tsx(355,11): error TS17004: Cannot use JSX unless the '--jsx' flag is provided.
../../apps/web-worker/src/components/dashboard/NextJobWidget.tsx(356,13): error TS17004: Cannot use JSX unless the '--jsx' flag is provided.
../../apps/web-worker/src/components/dashboard/NextJobWidget.tsx(361,35): error TS2339: Property 'property_latitude' does not exist on type 'NextJobWithNav'.
../../apps/web-worker/src/components/dashboard/NextJobWidget.tsx(361,64): error TS2339: Property 'property_longitude' does not exist on type 'NextJobWithNav'.
../../apps/web-worker/src/components/dashboard/NextJobWidget.tsx(362,11): error TS17004: Cannot use JSX unless the '--jsx' flag is provided.
../../apps/web-worker/src/components/dashboard/NextJobWidget.tsx(366,13): error TS17004: Cannot use JSX unless the '--jsx' flag is provided.
../../apps/web-worker/src/components/dashboard/NextJobWidget.tsx(367,13): error TS17004: Cannot use JSX unless the '--jsx' flag is provided.
../../apps/web-worker/src/components/dashboard/NextJobWidget.tsx(373,7): error TS17004: Cannot use JSX unless the '--jsx' flag is provided.
../../apps/web-worker/src/components/dashboard/NextJobWidget.tsx(374,9): error TS17004: Cannot use JSX unless the '--jsx' flag is provided.
../../apps/web-worker/src/components/dashboard/NextJobWidget.tsx(375,9): error TS17004: Cannot use JSX unless the '--jsx' flag is provided.
../../apps/web-worker/src/components/dashboard/WeatherWidget.tsx(5,34): error TS2307: Cannot find module '@rightfit/shared/types/navigation' or its corresponding type declarations.
../../apps/web-worker/src/components/dashboard/WeatherWidget.tsx(92,21): error TS2304: Cannot find name 'localStorage'.
../../apps/web-worker/src/components/dashboard/WeatherWidget.tsx(107,20): error TS18046: 'responseData' is of type 'unknown'.
../../apps/web-worker/src/components/dashboard/WeatherWidget.tsx(147,31): error TS17004: Cannot use JSX unless the '--jsx' flag is provided.
../../apps/web-worker/src/components/dashboard/WeatherWidget.tsx(149,14): error TS17004: Cannot use JSX unless the '--jsx' flag is provided.
../../apps/web-worker/src/components/dashboard/WeatherWidget.tsx(151,12): error TS17004: Cannot use JSX unless the '--jsx' flag is provided.
../../apps/web-worker/src/components/dashboard/WeatherWidget.tsx(188,7): error TS17004: Cannot use JSX unless the '--jsx' flag is provided.
../../apps/web-worker/src/components/dashboard/WeatherWidget.tsx(194,9): error TS17004: Cannot use JSX unless the '--jsx' flag is provided.
../../apps/web-worker/src/components/dashboard/WeatherWidget.tsx(195,11): error TS17004: Cannot use JSX unless the '--jsx' flag is provided.
../../apps/web-worker/src/components/dashboard/WeatherWidget.tsx(196,11): error TS17004: Cannot use JSX unless the '--jsx' flag is provided.
../../apps/web-worker/src/components/dashboard/WeatherWidget.tsx(197,13): error TS17004: Cannot use JSX unless the '--jsx' flag is provided.
../../apps/web-worker/src/components/dashboard/WeatherWidget.tsx(198,13): error TS17004: Cannot use JSX unless the '--jsx' flag is provided.
../../apps/web-worker/src/components/dashboard/WeatherWidget.tsx(200,11): error TS17004: Cannot use JSX unless the '--jsx' flag is provided.
../../apps/web-worker/src/components/dashboard/WeatherWidget.tsx(209,7): error TS17004: Cannot use JSX unless the '--jsx' flag is provided.
../../apps/web-worker/src/components/dashboard/WeatherWidget.tsx(210,9): error TS17004: Cannot use JSX unless the '--jsx' flag is provided.
../../apps/web-worker/src/components/dashboard/WeatherWidget.tsx(211,11): error TS17004: Cannot use JSX unless the '--jsx' flag is provided.
../../apps/web-worker/src/components/dashboard/WeatherWidget.tsx(212,11): error TS17004: Cannot use JSX unless the '--jsx' flag is provided.
../../apps/web-worker/src/components/dashboard/WeatherWidget.tsx(213,13): error TS17004: Cannot use JSX unless the '--jsx' flag is provided.
../../apps/web-worker/src/components/dashboard/WeatherWidget.tsx(214,13): error TS17004: Cannot use JSX unless the '--jsx' flag is provided.
../../apps/web-worker/src/components/dashboard/WeatherWidget.tsx(224,7): error TS17004: Cannot use JSX unless the '--jsx' flag is provided.
../../apps/web-worker/src/components/dashboard/WeatherWidget.tsx(230,9): error TS17004: Cannot use JSX unless the '--jsx' flag is provided.
../../apps/web-worker/src/components/dashboard/WeatherWidget.tsx(231,11): error TS17004: Cannot use JSX unless the '--jsx' flag is provided.
../../apps/web-worker/src/components/dashboard/WeatherWidget.tsx(232,11): error TS17004: Cannot use JSX unless the '--jsx' flag is provided.
../../apps/web-worker/src/components/dashboard/WeatherWidget.tsx(233,13): error TS17004: Cannot use JSX unless the '--jsx' flag is provided.
../../apps/web-worker/src/components/dashboard/WeatherWidget.tsx(234,13): error TS17004: Cannot use JSX unless the '--jsx' flag is provided.
../../apps/web-worker/src/components/dashboard/WeatherWidget.tsx(242,5): error TS17004: Cannot use JSX unless the '--jsx' flag is provided.
../../apps/web-worker/src/components/dashboard/WeatherWidget.tsx(253,7): error TS17004: Cannot use JSX unless the '--jsx' flag is provided.
../../apps/web-worker/src/components/dashboard/WeatherWidget.tsx(255,9): error TS17004: Cannot use JSX unless the '--jsx' flag is provided.
../../apps/web-worker/src/components/dashboard/WeatherWidget.tsx(260,9): error TS17004: Cannot use JSX unless the '--jsx' flag is provided.
../../apps/web-worker/src/components/dashboard/WeatherWidget.tsx(261,11): error TS17004: Cannot use JSX unless the '--jsx' flag is provided.
../../apps/web-worker/src/components/dashboard/WeatherWidget.tsx(262,13): error TS17004: Cannot use JSX unless the '--jsx' flag is provided.
../../apps/web-worker/src/components/dashboard/WeatherWidget.tsx(266,15): error TS17004: Cannot use JSX unless the '--jsx' flag is provided.
../../apps/web-worker/src/components/dashboard/WeatherWidget.tsx(269,11): error TS17004: Cannot use JSX unless the '--jsx' flag is provided.
../../apps/web-worker/src/components/dashboard/WeatherWidget.tsx(271,13): error TS17004: Cannot use JSX unless the '--jsx' flag is provided.
../../apps/web-worker/src/components/dashboard/WeatherWidget.tsx(277,11): error TS17004: Cannot use JSX unless the '--jsx' flag is provided.
../../apps/web-worker/src/components/dashboard/WeatherWidget.tsx(278,13): error TS17004: Cannot use JSX unless the '--jsx' flag is provided.
../../apps/web-worker/src/components/dashboard/WeatherWidget.tsx(286,11): error TS17004: Cannot use JSX unless the '--jsx' flag is provided.
../../apps/web-worker/src/components/dashboard/WeatherWidget.tsx(292,9): error TS17004: Cannot use JSX unless the '--jsx' flag is provided.
../../apps/web-worker/src/components/dashboard/WeatherWidget.tsx(293,11): error TS17004: Cannot use JSX unless the '--jsx' flag is provided.
../../apps/web-worker/src/components/dashboard/index.ts(7,42): error TS6142: Module './WeatherWidget' was resolved to '/home/orrox/projects/rightfit-cleaning-staging/apps/web-worker/src/components/dashboard/WeatherWidget.tsx', but '--jsx' is not set.
../../apps/web-worker/src/components/dashboard/index.ts(8,41): error TS6142: Module './WeatherWidget' was resolved to '/home/orrox/projects/rightfit-cleaning-staging/apps/web-worker/src/components/dashboard/WeatherWidget.tsx', but '--jsx' is not set.
../../apps/web-worker/src/components/dashboard/index.ts(10,42): error TS6142: Module './NextJobWidget' was resolved to '/home/orrox/projects/rightfit-cleaning-staging/apps/web-worker/src/components/dashboard/NextJobWidget.tsx', but '--jsx' is not set.
../../apps/web-worker/src/components/dashboard/index.ts(11,41): error TS6142: Module './NextJobWidget' was resolved to '/home/orrox/projects/rightfit-cleaning-staging/apps/web-worker/src/components/dashboard/NextJobWidget.tsx', but '--jsx' is not set.
../../apps/web-worker/src/components/jobs/CompleteJobModal.tsx(4,39): error TS6142: Module './PhotoUpload' was resolved to '/home/orrox/projects/rightfit-cleaning-staging/apps/web-worker/src/components/jobs/PhotoUpload.tsx', but '--jsx' is not set.
../../apps/web-worker/src/components/jobs/CompleteJobModal.tsx(5,31): error TS6142: Module './JobChecklist' was resolved to '/home/orrox/projects/rightfit-cleaning-staging/apps/web-worker/src/components/jobs/JobChecklist.tsx', but '--jsx' is not set.
../../apps/web-worker/src/components/jobs/CompleteJobModal.tsx(33,9): error TS6133: 'beforePhotos' is declared but its value is never read.
../../apps/web-worker/src/components/jobs/CompleteJobModal.tsx(40,23): error TS2304: Cannot find name 'localStorage'.
../../apps/web-worker/src/components/jobs/CompleteJobModal.tsx(41,26): error TS2304: Cannot find name 'localStorage'.
../../apps/web-worker/src/components/jobs/CompleteJobModal.tsx(62,35): error TS18046: 'data' is of type 'unknown'.
../../apps/web-worker/src/components/jobs/CompleteJobModal.tsx(79,23): error TS18046: 'photosData' is of type 'unknown'.
../../apps/web-worker/src/components/jobs/CompleteJobModal.tsx(80,52): error TS18046: 'photosData' is of type 'unknown'.
../../apps/web-worker/src/components/jobs/CompleteJobModal.tsx(121,21): error TS2304: Cannot find name 'localStorage'.
../../apps/web-worker/src/components/jobs/CompleteJobModal.tsx(122,33): error TS2304: Cannot find name 'localStorage'.
../../apps/web-worker/src/components/jobs/CompleteJobModal.tsx(123,24): error TS2304: Cannot find name 'localStorage'.
../../apps/web-worker/src/components/jobs/CompleteJobModal.tsx(144,25): error TS18046: 'errorData' is of type 'unknown'.
../../apps/web-worker/src/components/jobs/CompleteJobModal.tsx(160,5): error TS17004: Cannot use JSX unless the '--jsx' flag is provided.
../../apps/web-worker/src/components/jobs/CompleteJobModal.tsx(161,7): error TS17004: Cannot use JSX unless the '--jsx' flag is provided.
../../apps/web-worker/src/components/jobs/CompleteJobModal.tsx(163,9): error TS17004: Cannot use JSX unless the '--jsx' flag is provided.
../../apps/web-worker/src/components/jobs/CompleteJobModal.tsx(164,11): error TS17004: Cannot use JSX unless the '--jsx' flag is provided.
../../apps/web-worker/src/components/jobs/CompleteJobModal.tsx(165,13): error TS17004: Cannot use JSX unless the '--jsx' flag is provided.
../../apps/web-worker/src/components/jobs/CompleteJobModal.tsx(166,15): error TS17004: Cannot use JSX unless the '--jsx' flag is provided.
../../apps/web-worker/src/components/jobs/CompleteJobModal.tsx(168,13): error TS17004: Cannot use JSX unless the '--jsx' flag is provided.
../../apps/web-worker/src/components/jobs/CompleteJobModal.tsx(170,11): error TS17004: Cannot use JSX unless the '--jsx' flag is provided.
../../apps/web-worker/src/components/jobs/CompleteJobModal.tsx(175,13): error TS17004: Cannot use JSX unless the '--jsx' flag is provided.
../../apps/web-worker/src/components/jobs/CompleteJobModal.tsx(180,9): error TS17004: Cannot use JSX unless the '--jsx' flag is provided.
../../apps/web-worker/src/components/jobs/CompleteJobModal.tsx(182,11): error TS17004: Cannot use JSX unless the '--jsx' flag is provided.
../../apps/web-worker/src/components/jobs/CompleteJobModal.tsx(183,13): error TS17004: Cannot use JSX unless the '--jsx' flag is provided.
../../apps/web-worker/src/components/jobs/CompleteJobModal.tsx(184,13): error TS17004: Cannot use JSX unless the '--jsx' flag is provided.
../../apps/web-worker/src/components/jobs/CompleteJobModal.tsx(185,15): error TS17004: Cannot use JSX unless the '--jsx' flag is provided.
../../apps/web-worker/src/components/jobs/CompleteJobModal.tsx(186,15): error TS17004: Cannot use JSX unless the '--jsx' flag is provided.
../../apps/web-worker/src/components/jobs/CompleteJobModal.tsx(191,11): error TS17004: Cannot use JSX unless the '--jsx' flag is provided.
../../apps/web-worker/src/components/jobs/CompleteJobModal.tsx(192,13): error TS17004: Cannot use JSX unless the '--jsx' flag is provided.
../../apps/web-worker/src/components/jobs/CompleteJobModal.tsx(193,13): error TS17004: Cannot use JSX unless the '--jsx' flag is provided.
../../apps/web-worker/src/components/jobs/CompleteJobModal.tsx(198,15): error TS17004: Cannot use JSX unless the '--jsx' flag is provided.
../../apps/web-worker/src/components/jobs/CompleteJobModal.tsx(200,19): error TS17004: Cannot use JSX unless the '--jsx' flag is provided.
../../apps/web-worker/src/components/jobs/CompleteJobModal.tsx(201,21): error TS17004: Cannot use JSX unless the '--jsx' flag is provided.
../../apps/web-worker/src/components/jobs/CompleteJobModal.tsx(202,21): error TS17004: Cannot use JSX unless the '--jsx' flag is provided.
../../apps/web-worker/src/components/jobs/CompleteJobModal.tsx(207,19): error TS17004: Cannot use JSX unless the '--jsx' flag is provided.
../../apps/web-worker/src/components/jobs/CompleteJobModal.tsx(208,21): error TS17004: Cannot use JSX unless the '--jsx' flag is provided.
../../apps/web-worker/src/components/jobs/CompleteJobModal.tsx(209,21): error TS17004: Cannot use JSX unless the '--jsx' flag is provided.
../../apps/web-worker/src/components/jobs/CompleteJobModal.tsx(219,11): error TS17004: Cannot use JSX unless the '--jsx' flag is provided.
../../apps/web-worker/src/components/jobs/CompleteJobModal.tsx(221,15): error TS17004: Cannot use JSX unless the '--jsx' flag is provided.
../../apps/web-worker/src/components/jobs/CompleteJobModal.tsx(222,17): error TS17004: Cannot use JSX unless the '--jsx' flag is provided.
../../apps/web-worker/src/components/jobs/CompleteJobModal.tsx(229,19): error TS17004: Cannot use JSX unless the '--jsx' flag is provided.
../../apps/web-worker/src/components/jobs/CompleteJobModal.tsx(230,21): error TS17004: Cannot use JSX unless the '--jsx' flag is provided.
../../apps/web-worker/src/components/jobs/CompleteJobModal.tsx(236,15): error TS17004: Cannot use JSX unless the '--jsx' flag is provided.
../../apps/web-worker/src/components/jobs/CompleteJobModal.tsx(237,17): error TS17004: Cannot use JSX unless the '--jsx' flag is provided.
../../apps/web-worker/src/components/jobs/CompleteJobModal.tsx(238,19): error TS17004: Cannot use JSX unless the '--jsx' flag is provided.
../../apps/web-worker/src/components/jobs/CompleteJobModal.tsx(239,19): error TS17004: Cannot use JSX unless the '--jsx' flag is provided.
../../apps/web-worker/src/components/jobs/CompleteJobModal.tsx(240,21): error TS17004: Cannot use JSX unless the '--jsx' flag is provided.
../../apps/web-worker/src/components/jobs/CompleteJobModal.tsx(241,21): error TS17004: Cannot use JSX unless the '--jsx' flag is provided.
../../apps/web-worker/src/components/jobs/CompleteJobModal.tsx(251,11): error TS17004: Cannot use JSX unless the '--jsx' flag is provided.
../../apps/web-worker/src/components/jobs/CompleteJobModal.tsx(252,13): error TS17004: Cannot use JSX unless the '--jsx' flag is provided.
../../apps/web-worker/src/components/jobs/CompleteJobModal.tsx(253,30): error TS17004: Cannot use JSX unless the '--jsx' flag is provided.
../../apps/web-worker/src/components/jobs/CompleteJobModal.tsx(255,13): error TS17004: Cannot use JSX unless the '--jsx' flag is provided.
../../apps/web-worker/src/components/jobs/CompleteJobModal.tsx(257,58): error TS2339: Property 'value' does not exist on type 'EventTarget & HTMLTextAreaElement'.
../../apps/web-worker/src/components/jobs/CompleteJobModal.tsx(263,13): error TS17004: Cannot use JSX unless the '--jsx' flag is provided.
../../apps/web-worker/src/components/jobs/CompleteJobModal.tsx(269,11): error TS17004: Cannot use JSX unless the '--jsx' flag is provided.
../../apps/web-worker/src/components/jobs/CompleteJobModal.tsx(270,13): error TS17004: Cannot use JSX unless the '--jsx' flag is provided.
../../apps/web-worker/src/components/jobs/CompleteJobModal.tsx(273,13): error TS17004: Cannot use JSX unless the '--jsx' flag is provided.
../../apps/web-worker/src/components/jobs/CompleteJobModal.tsx(275,60): error TS2339: Property 'value' does not exist on type 'EventTarget & HTMLTextAreaElement'.
../../apps/web-worker/src/components/jobs/CompleteJobModal.tsx(281,13): error TS17004: Cannot use JSX unless the '--jsx' flag is provided.
../../apps/web-worker/src/components/jobs/CompleteJobModal.tsx(287,11): error TS17004: Cannot use JSX unless the '--jsx' flag is provided.
../../apps/web-worker/src/components/jobs/CompleteJobModal.tsx(288,13): error TS17004: Cannot use JSX unless the '--jsx' flag is provided.
../../apps/web-worker/src/components/jobs/CompleteJobModal.tsx(289,13): error TS17004: Cannot use JSX unless the '--jsx' flag is provided.
../../apps/web-worker/src/components/jobs/CompleteJobModal.tsx(290,15): error TS17004: Cannot use JSX unless the '--jsx' flag is provided.
../../apps/web-worker/src/components/jobs/CompleteJobModal.tsx(292,19): error TS17004: Cannot use JSX unless the '--jsx' flag is provided.
../../apps/web-worker/src/components/jobs/CompleteJobModal.tsx(294,19): error TS17004: Cannot use JSX unless the '--jsx' flag is provided.
../../apps/web-worker/src/components/jobs/CompleteJobModal.tsx(298,15): error TS17004: Cannot use JSX unless the '--jsx' flag is provided.
../../apps/web-worker/src/components/jobs/CompleteJobModal.tsx(300,19): error TS17004: Cannot use JSX unless the '--jsx' flag is provided.
../../apps/web-worker/src/components/jobs/CompleteJobModal.tsx(302,19): error TS17004: Cannot use JSX unless the '--jsx' flag is provided.
../../apps/web-worker/src/components/jobs/CompleteJobModal.tsx(306,15): error TS17004: Cannot use JSX unless the '--jsx' flag is provided.
../../apps/web-worker/src/components/jobs/CompleteJobModal.tsx(308,19): error TS17004: Cannot use JSX unless the '--jsx' flag is provided.
../../apps/web-worker/src/components/jobs/CompleteJobModal.tsx(310,19): error TS17004: Cannot use JSX unless the '--jsx' flag is provided.
../../apps/web-worker/src/components/jobs/CompleteJobModal.tsx(319,13): error TS17004: Cannot use JSX unless the '--jsx' flag is provided.
../../apps/web-worker/src/components/jobs/CompleteJobModal.tsx(320,15): error TS17004: Cannot use JSX unless the '--jsx' flag is provided.
../../apps/web-worker/src/components/jobs/CompleteJobModal.tsx(321,17): error TS17004: Cannot use JSX unless the '--jsx' flag is provided.
../../apps/web-worker/src/components/jobs/CompleteJobModal.tsx(322,17): error TS17004: Cannot use JSX unless the '--jsx' flag is provided.
../../apps/web-worker/src/components/jobs/CompleteJobModal.tsx(329,9): error TS17004: Cannot use JSX unless the '--jsx' flag is provided.
../../apps/web-worker/src/components/jobs/CompleteJobModal.tsx(330,11): error TS17004: Cannot use JSX unless the '--jsx' flag is provided.
../../apps/web-worker/src/components/jobs/CompleteJobModal.tsx(337,11): error TS17004: Cannot use JSX unless the '--jsx' flag is provided.
../../apps/web-worker/src/components/jobs/CompleteJobModal.tsx(343,15): error TS17004: Cannot use JSX unless the '--jsx' flag is provided.
../../apps/web-worker/src/components/jobs/CompleteJobModal.tsx(344,17): error TS17004: Cannot use JSX unless the '--jsx' flag is provided.
../../apps/web-worker/src/components/jobs/CompleteJobModal.tsx(348,15): error TS17004: Cannot use JSX unless the '--jsx' flag is provided.
../../apps/web-worker/src/components/jobs/CompleteJobModal.tsx(349,17): error TS17004: Cannot use JSX unless the '--jsx' flag is provided.
../../apps/web-worker/src/components/jobs/CreateMaintenanceIssueModal.tsx(1,20): error TS6133: 'useEffect' is declared but its value is never read.
../../apps/web-worker/src/components/jobs/CreateMaintenanceIssueModal.tsx(3,25): error TS6142: Module '../../contexts/AuthContext' was resolved to '/home/orrox/projects/rightfit-cleaning-staging/apps/web-worker/src/contexts/AuthContext.tsx', but '--jsx' is not set.
../../apps/web-worker/src/components/jobs/CreateMaintenanceIssueModal.tsx(4,34): error TS6133: 'MAINTENANCE_PRIORITIES' is declared but its value is never read.
../../apps/web-worker/src/components/jobs/CreateMaintenanceIssueModal.tsx(70,32): error TS2339: Property 'files' does not exist on type 'EventTarget & HTMLInputElement'.
../../apps/web-worker/src/components/jobs/CreateMaintenanceIssueModal.tsx(78,52): error TS2345: Argument of type 'unknown' is not assignable to parameter of type 'File'.
../../apps/web-worker/src/components/jobs/CreateMaintenanceIssueModal.tsx(86,54): error TS2339: Property 'value' does not exist on type 'HTMLInputElement'.
../../apps/web-worker/src/components/jobs/CreateMaintenanceIssueModal.tsx(87,58): error TS2339: Property 'value' does not exist on type 'HTMLInputElement'.
../../apps/web-worker/src/components/jobs/CreateMaintenanceIssueModal.tsx(92,19): error TS2304: Cannot find name 'localStorage'.
../../apps/web-worker/src/components/jobs/CreateMaintenanceIssueModal.tsx(108,23): error TS18046: 'errorData' is of type 'unknown'.
../../apps/web-worker/src/components/jobs/CreateMaintenanceIssueModal.tsx(112,38): error TS18046: 'data' is of type 'unknown'.
../../apps/web-worker/src/components/jobs/CreateMaintenanceIssueModal.tsx(141,21): error TS2304: Cannot find name 'localStorage'.
../../apps/web-worker/src/components/jobs/CreateMaintenanceIssueModal.tsx(142,24): error TS2304: Cannot find name 'localStorage'.
../../apps/web-worker/src/components/jobs/CreateMaintenanceIssueModal.tsx(172,25): error TS18046: 'errorData' is of type 'unknown'.
../../apps/web-worker/src/components/jobs/CreateMaintenanceIssueModal.tsx(188,5): error TS17004: Cannot use JSX unless the '--jsx' flag is provided.
../../apps/web-worker/src/components/jobs/CreateMaintenanceIssueModal.tsx(189,7): error TS17004: Cannot use JSX unless the '--jsx' flag is provided.
../../apps/web-worker/src/components/jobs/CreateMaintenanceIssueModal.tsx(191,9): error TS17004: Cannot use JSX unless the '--jsx' flag is provided.
../../apps/web-worker/src/components/jobs/CreateMaintenanceIssueModal.tsx(192,11): error TS17004: Cannot use JSX unless the '--jsx' flag is provided.
../../apps/web-worker/src/components/jobs/CreateMaintenanceIssueModal.tsx(193,13): error TS17004: Cannot use JSX unless the '--jsx' flag is provided.
../../apps/web-worker/src/components/jobs/CreateMaintenanceIssueModal.tsx(194,15): error TS17004: Cannot use JSX unless the '--jsx' flag is provided.
../../apps/web-worker/src/components/jobs/CreateMaintenanceIssueModal.tsx(196,13): error TS17004: Cannot use JSX unless the '--jsx' flag is provided.
../../apps/web-worker/src/components/jobs/CreateMaintenanceIssueModal.tsx(197,15): error TS17004: Cannot use JSX unless the '--jsx' flag is provided.
../../apps/web-worker/src/components/jobs/CreateMaintenanceIssueModal.tsx(198,15): error TS17004: Cannot use JSX unless the '--jsx' flag is provided.
../../apps/web-worker/src/components/jobs/CreateMaintenanceIssueModal.tsx(201,11): error TS17004: Cannot use JSX unless the '--jsx' flag is provided.
../../apps/web-worker/src/components/jobs/CreateMaintenanceIssueModal.tsx(205,13): error TS17004: Cannot use JSX unless the '--jsx' flag is provided.
../../apps/web-worker/src/components/jobs/CreateMaintenanceIssueModal.tsx(210,9): error TS17004: Cannot use JSX unless the '--jsx' flag is provided.
../../apps/web-worker/src/components/jobs/CreateMaintenanceIssueModal.tsx(212,13): error TS17004: Cannot use JSX unless the '--jsx' flag is provided.
../../apps/web-worker/src/components/jobs/CreateMaintenanceIssueModal.tsx(213,15): error TS17004: Cannot use JSX unless the '--jsx' flag is provided.
../../apps/web-worker/src/components/jobs/CreateMaintenanceIssueModal.tsx(214,15): error TS17004: Cannot use JSX unless the '--jsx' flag is provided.
../../apps/web-worker/src/components/jobs/CreateMaintenanceIssueModal.tsx(219,11): error TS17004: Cannot use JSX unless the '--jsx' flag is provided.
../../apps/web-worker/src/components/jobs/CreateMaintenanceIssueModal.tsx(220,13): error TS17004: Cannot use JSX unless the '--jsx' flag is provided.
../../apps/web-worker/src/components/jobs/CreateMaintenanceIssueModal.tsx(223,13): error TS17004: Cannot use JSX unless the '--jsx' flag is provided.
../../apps/web-worker/src/components/jobs/CreateMaintenanceIssueModal.tsx(226,75): error TS2339: Property 'value' does not exist on type 'EventTarget & HTMLInputElement'.
../../apps/web-worker/src/components/jobs/CreateMaintenanceIssueModal.tsx(234,11): error TS17004: Cannot use JSX unless the '--jsx' flag is provided.
../../apps/web-worker/src/components/jobs/CreateMaintenanceIssueModal.tsx(235,13): error TS17004: Cannot use JSX unless the '--jsx' flag is provided.
../../apps/web-worker/src/components/jobs/CreateMaintenanceIssueModal.tsx(238,13): error TS17004: Cannot use JSX unless the '--jsx' flag is provided.
../../apps/web-worker/src/components/jobs/CreateMaintenanceIssueModal.tsx(240,78): error TS2339: Property 'value' does not exist on type 'EventTarget & HTMLSelectElement'.
../../apps/web-worker/src/components/jobs/CreateMaintenanceIssueModal.tsx(245,17): error TS17004: Cannot use JSX unless the '--jsx' flag is provided.
../../apps/web-worker/src/components/jobs/CreateMaintenanceIssueModal.tsx(253,11): error TS17004: Cannot use JSX unless the '--jsx' flag is provided.
../../apps/web-worker/src/components/jobs/CreateMaintenanceIssueModal.tsx(254,13): error TS17004: Cannot use JSX unless the '--jsx' flag is provided.
../../apps/web-worker/src/components/jobs/CreateMaintenanceIssueModal.tsx(257,13): error TS17004: Cannot use JSX unless the '--jsx' flag is provided.
../../apps/web-worker/src/components/jobs/CreateMaintenanceIssueModal.tsx(259,78): error TS2339: Property 'value' does not exist on type 'EventTarget & HTMLSelectElement'.
../../apps/web-worker/src/components/jobs/CreateMaintenanceIssueModal.tsx(264,17): error TS17004: Cannot use JSX unless the '--jsx' flag is provided.
../../apps/web-worker/src/components/jobs/CreateMaintenanceIssueModal.tsx(272,11): error TS17004: Cannot use JSX unless the '--jsx' flag is provided.
../../apps/web-worker/src/components/jobs/CreateMaintenanceIssueModal.tsx(273,13): error TS17004: Cannot use JSX unless the '--jsx' flag is provided.
../../apps/web-worker/src/components/jobs/CreateMaintenanceIssueModal.tsx(276,13): error TS17004: Cannot use JSX unless the '--jsx' flag is provided.
../../apps/web-worker/src/components/jobs/CreateMaintenanceIssueModal.tsx(278,81): error TS2339: Property 'value' does not exist on type 'EventTarget & HTMLTextAreaElement'.
../../apps/web-worker/src/components/jobs/CreateMaintenanceIssueModal.tsx(287,11): error TS17004: Cannot use JSX unless the '--jsx' flag is provided.
../../apps/web-worker/src/components/jobs/CreateMaintenanceIssueModal.tsx(288,13): error TS17004: Cannot use JSX unless the '--jsx' flag is provided.
../../apps/web-worker/src/components/jobs/CreateMaintenanceIssueModal.tsx(293,13): error TS17004: Cannot use JSX unless the '--jsx' flag is provided.
../../apps/web-worker/src/components/jobs/CreateMaintenanceIssueModal.tsx(294,15): error TS17004: Cannot use JSX unless the '--jsx' flag is provided.
../../apps/web-worker/src/components/jobs/CreateMaintenanceIssueModal.tsx(296,56): error TS2339: Property 'click' does not exist on type 'HTMLInputElement'.
../../apps/web-worker/src/components/jobs/CreateMaintenanceIssueModal.tsx(300,17): error TS17004: Cannot use JSX unless the '--jsx' flag is provided.
../../apps/web-worker/src/components/jobs/CreateMaintenanceIssueModal.tsx(303,15): error TS17004: Cannot use JSX unless the '--jsx' flag is provided.
../../apps/web-worker/src/components/jobs/CreateMaintenanceIssueModal.tsx(305,54): error TS2339: Property 'click' does not exist on type 'HTMLInputElement'.
../../apps/web-worker/src/components/jobs/CreateMaintenanceIssueModal.tsx(309,17): error TS17004: Cannot use JSX unless the '--jsx' flag is provided.
../../apps/web-worker/src/components/jobs/CreateMaintenanceIssueModal.tsx(315,13): error TS17004: Cannot use JSX unless the '--jsx' flag is provided.
../../apps/web-worker/src/components/jobs/CreateMaintenanceIssueModal.tsx(324,13): error TS17004: Cannot use JSX unless the '--jsx' flag is provided.
../../apps/web-worker/src/components/jobs/CreateMaintenanceIssueModal.tsx(335,15): error TS17004: Cannot use JSX unless the '--jsx' flag is provided.
../../apps/web-worker/src/components/jobs/CreateMaintenanceIssueModal.tsx(336,17): error TS17004: Cannot use JSX unless the '--jsx' flag is provided.
../../apps/web-worker/src/components/jobs/CreateMaintenanceIssueModal.tsx(337,19): error TS17004: Cannot use JSX unless the '--jsx' flag is provided.
../../apps/web-worker/src/components/jobs/CreateMaintenanceIssueModal.tsx(338,19): error TS17004: Cannot use JSX unless the '--jsx' flag is provided.
../../apps/web-worker/src/components/jobs/CreateMaintenanceIssueModal.tsx(345,15): error TS17004: Cannot use JSX unless the '--jsx' flag is provided.
../../apps/web-worker/src/components/jobs/CreateMaintenanceIssueModal.tsx(346,17): error TS17004: Cannot use JSX unless the '--jsx' flag is provided.
../../apps/web-worker/src/components/jobs/CreateMaintenanceIssueModal.tsx(349,17): error TS17004: Cannot use JSX unless the '--jsx' flag is provided.
../../apps/web-worker/src/components/jobs/CreateMaintenanceIssueModal.tsx(351,21): error TS17004: Cannot use JSX unless the '--jsx' flag is provided.
../../apps/web-worker/src/components/jobs/CreateMaintenanceIssueModal.tsx(352,23): error TS17004: Cannot use JSX unless the '--jsx' flag is provided.
../../apps/web-worker/src/components/jobs/CreateMaintenanceIssueModal.tsx(357,23): error TS17004: Cannot use JSX unless the '--jsx' flag is provided.
../../apps/web-worker/src/components/jobs/CreateMaintenanceIssueModal.tsx(363,25): error TS17004: Cannot use JSX unless the '--jsx' flag is provided.
../../apps/web-worker/src/components/jobs/CreateMaintenanceIssueModal.tsx(372,15): error TS17004: Cannot use JSX unless the '--jsx' flag is provided.
../../apps/web-worker/src/components/jobs/CreateMaintenanceIssueModal.tsx(379,11): error TS17004: Cannot use JSX unless the '--jsx' flag is provided.
../../apps/web-worker/src/components/jobs/CreateMaintenanceIssueModal.tsx(380,13): error TS17004: Cannot use JSX unless the '--jsx' flag is provided.
../../apps/web-worker/src/components/jobs/CreateMaintenanceIssueModal.tsx(388,13): error TS17004: Cannot use JSX unless the '--jsx' flag is provided.
../../apps/web-worker/src/components/jobs/CreateMaintenanceIssueModal.tsx(394,17): error TS17004: Cannot use JSX unless the '--jsx' flag is provided.
../../apps/web-worker/src/components/jobs/CreateMaintenanceIssueModal.tsx(395,19): error TS17004: Cannot use JSX unless the '--jsx' flag is provided.
../../apps/web-worker/src/components/jobs/CreateMaintenanceIssueModal.tsx(396,19): error TS17004: Cannot use JSX unless the '--jsx' flag is provided.
../../apps/web-worker/src/components/jobs/CreateMaintenanceIssueModal.tsx(399,17): error TS17004: Cannot use JSX unless the '--jsx' flag is provided.
../../apps/web-worker/src/components/jobs/CreateMaintenanceIssueModal.tsx(400,19): error TS17004: Cannot use JSX unless the '--jsx' flag is provided.
../../apps/web-worker/src/components/jobs/CreateMaintenanceIssueModal.tsx(401,19): error TS17004: Cannot use JSX unless the '--jsx' flag is provided.
../../apps/web-worker/src/components/jobs/IssueDetailsModal.tsx(38,28): error TS2339: Property 'files' does not exist on type 'EventTarget & HTMLInputElement'.
../../apps/web-worker/src/components/jobs/IssueDetailsModal.tsx(49,30): error TS2304: Cannot find name 'FileReader'.
../../apps/web-worker/src/components/jobs/IssueDetailsModal.tsx(77,21): error TS2304: Cannot find name 'localStorage'.
../../apps/web-worker/src/components/jobs/IssueDetailsModal.tsx(129,5): error TS17004: Cannot use JSX unless the '--jsx' flag is provided.
../../apps/web-worker/src/components/jobs/IssueDetailsModal.tsx(130,7): error TS17004: Cannot use JSX unless the '--jsx' flag is provided.
../../apps/web-worker/src/components/jobs/IssueDetailsModal.tsx(132,9): error TS17004: Cannot use JSX unless the '--jsx' flag is provided.
../../apps/web-worker/src/components/jobs/IssueDetailsModal.tsx(133,11): error TS17004: Cannot use JSX unless the '--jsx' flag is provided.
../../apps/web-worker/src/components/jobs/IssueDetailsModal.tsx(134,11): error TS17004: Cannot use JSX unless the '--jsx' flag is provided.
../../apps/web-worker/src/components/jobs/IssueDetailsModal.tsx(138,13): error TS17004: Cannot use JSX unless the '--jsx' flag is provided.
../../apps/web-worker/src/components/jobs/IssueDetailsModal.tsx(143,9): error TS17004: Cannot use JSX unless the '--jsx' flag is provided.
../../apps/web-worker/src/components/jobs/IssueDetailsModal.tsx(145,11): error TS17004: Cannot use JSX unless the '--jsx' flag is provided.
../../apps/web-worker/src/components/jobs/IssueDetailsModal.tsx(146,13): error TS17004: Cannot use JSX unless the '--jsx' flag is provided.
../../apps/web-worker/src/components/jobs/IssueDetailsModal.tsx(147,13): error TS17004: Cannot use JSX unless the '--jsx' flag is provided.
../../apps/web-worker/src/components/jobs/IssueDetailsModal.tsx(148,15): error TS17004: Cannot use JSX unless the '--jsx' flag is provided.
../../apps/web-worker/src/components/jobs/IssueDetailsModal.tsx(151,15): error TS17004: Cannot use JSX unless the '--jsx' flag is provided.
../../apps/web-worker/src/components/jobs/IssueDetailsModal.tsx(158,11): error TS17004: Cannot use JSX unless the '--jsx' flag is provided.
../../apps/web-worker/src/components/jobs/IssueDetailsModal.tsx(159,13): error TS17004: Cannot use JSX unless the '--jsx' flag is provided.
../../apps/web-worker/src/components/jobs/IssueDetailsModal.tsx(160,13): error TS17004: Cannot use JSX unless the '--jsx' flag is provided.
../../apps/web-worker/src/components/jobs/IssueDetailsModal.tsx(164,11): error TS17004: Cannot use JSX unless the '--jsx' flag is provided.
../../apps/web-worker/src/components/jobs/IssueDetailsModal.tsx(165,13): error TS17004: Cannot use JSX unless the '--jsx' flag is provided.
../../apps/web-worker/src/components/jobs/IssueDetailsModal.tsx(166,13): error TS17004: Cannot use JSX unless the '--jsx' flag is provided.
../../apps/web-worker/src/components/jobs/IssueDetailsModal.tsx(170,11): error TS17004: Cannot use JSX unless the '--jsx' flag is provided.
../../apps/web-worker/src/components/jobs/IssueDetailsModal.tsx(171,13): error TS17004: Cannot use JSX unless the '--jsx' flag is provided.
../../apps/web-worker/src/components/jobs/IssueDetailsModal.tsx(172,13): error TS17004: Cannot use JSX unless the '--jsx' flag is provided.
../../apps/web-worker/src/components/jobs/IssueDetailsModal.tsx(185,13): error TS17004: Cannot use JSX unless the '--jsx' flag is provided.
../../apps/web-worker/src/components/jobs/IssueDetailsModal.tsx(186,15): error TS17004: Cannot use JSX unless the '--jsx' flag is provided.
../../apps/web-worker/src/components/jobs/IssueDetailsModal.tsx(187,15): error TS17004: Cannot use JSX unless the '--jsx' flag is provided.
../../apps/web-worker/src/components/jobs/IssueDetailsModal.tsx(200,13): error TS17004: Cannot use JSX unless the '--jsx' flag is provided.
../../apps/web-worker/src/components/jobs/IssueDetailsModal.tsx(201,15): error TS17004: Cannot use JSX unless the '--jsx' flag is provided.
../../apps/web-worker/src/components/jobs/IssueDetailsModal.tsx(202,15): error TS17004: Cannot use JSX unless the '--jsx' flag is provided.
../../apps/web-worker/src/components/jobs/IssueDetailsModal.tsx(204,17): error TS17004: Cannot use JSX unless the '--jsx' flag is provided.
../../apps/web-worker/src/components/jobs/IssueDetailsModal.tsx(219,13): error TS17004: Cannot use JSX unless the '--jsx' flag is provided.
../../apps/web-worker/src/components/jobs/IssueDetailsModal.tsx(220,15): error TS17004: Cannot use JSX unless the '--jsx' flag is provided.
../../apps/web-worker/src/components/jobs/IssueDetailsModal.tsx(221,15): error TS17004: Cannot use JSX unless the '--jsx' flag is provided.
../../apps/web-worker/src/components/jobs/IssueDetailsModal.tsx(222,15): error TS17004: Cannot use JSX unless the '--jsx' flag is provided.
../../apps/web-worker/src/components/jobs/IssueDetailsModal.tsx(229,11): error TS17004: Cannot use JSX unless the '--jsx' flag is provided.
../../apps/web-worker/src/components/jobs/IssueDetailsModal.tsx(230,13): error TS17004: Cannot use JSX unless the '--jsx' flag is provided.
../../apps/web-worker/src/components/jobs/IssueDetailsModal.tsx(231,15): error TS17004: Cannot use JSX unless the '--jsx' flag is provided.
../../apps/web-worker/src/components/jobs/IssueDetailsModal.tsx(233,17): error TS17004: Cannot use JSX unless the '--jsx' flag is provided.
../../apps/web-worker/src/components/jobs/IssueDetailsModal.tsx(234,19): error TS17004: Cannot use JSX unless the '--jsx' flag is provided.
../../apps/web-worker/src/components/jobs/IssueDetailsModal.tsx(236,19): error TS17004: Cannot use JSX unless the '--jsx' flag is provided.
../../apps/web-worker/src/components/jobs/IssueDetailsModal.tsx(249,15): error TS17004: Cannot use JSX unless the '--jsx' flag is provided.
../../apps/web-worker/src/components/jobs/IssueDetailsModal.tsx(255,21): error TS17004: Cannot use JSX unless the '--jsx' flag is provided.
../../apps/web-worker/src/components/jobs/IssueDetailsModal.tsx(256,23): error TS17004: Cannot use JSX unless the '--jsx' flag is provided.
../../apps/web-worker/src/components/jobs/IssueDetailsModal.tsx(262,25): error TS17004: Cannot use JSX unless the '--jsx' flag is provided.
../../apps/web-worker/src/components/jobs/IssueDetailsModal.tsx(266,27): error TS17004: Cannot use JSX unless the '--jsx' flag is provided.
../../apps/web-worker/src/components/jobs/IssueDetailsModal.tsx(270,25): error TS17004: Cannot use JSX unless the '--jsx' flag is provided.
../../apps/web-worker/src/components/jobs/IssueDetailsModal.tsx(279,15): error TS17004: Cannot use JSX unless the '--jsx' flag is provided.
../../apps/web-worker/src/components/jobs/IssueDetailsModal.tsx(280,17): error TS17004: Cannot use JSX unless the '--jsx' flag is provided.
../../apps/web-worker/src/components/jobs/IssueDetailsModal.tsx(281,17): error TS17004: Cannot use JSX unless the '--jsx' flag is provided.
../../apps/web-worker/src/components/jobs/IssueDetailsModal.tsx(287,13): error TS17004: Cannot use JSX unless the '--jsx' flag is provided.
../../apps/web-worker/src/components/jobs/IssueDetailsModal.tsx(288,15): error TS17004: Cannot use JSX unless the '--jsx' flag is provided.
../../apps/web-worker/src/components/jobs/IssueDetailsModal.tsx(294,9): error TS17004: Cannot use JSX unless the '--jsx' flag is provided.
../../apps/web-worker/src/components/jobs/IssueDetailsModal.tsx(295,11): error TS17004: Cannot use JSX unless the '--jsx' flag is provided.
../../apps/web-worker/src/components/jobs/IssueDetailsModal.tsx(302,13): error TS17004: Cannot use JSX unless the '--jsx' flag is provided.
../../apps/web-worker/src/components/jobs/IssueDetailsModal.tsx(308,17): error TS17004: Cannot use JSX unless the '--jsx' flag is provided.
../../apps/web-worker/src/components/jobs/IssueDetailsModal.tsx(309,19): error TS17004: Cannot use JSX unless the '--jsx' flag is provided.
../../apps/web-worker/src/components/jobs/IssueDetailsModal.tsx(313,17): error TS17004: Cannot use JSX unless the '--jsx' flag is provided.
../../apps/web-worker/src/components/jobs/IssueDetailsModal.tsx(314,19): error TS17004: Cannot use JSX unless the '--jsx' flag is provided.
../../apps/web-worker/src/components/jobs/JobCard.tsx(24,5): error TS17004: Cannot use JSX unless the '--jsx' flag is provided.
../../apps/web-worker/src/components/jobs/JobCard.tsx(30,7): error TS17004: Cannot use JSX unless the '--jsx' flag is provided.
../../apps/web-worker/src/components/jobs/JobCard.tsx(31,9): error TS17004: Cannot use JSX unless the '--jsx' flag is provided.
../../apps/web-worker/src/components/jobs/JobCard.tsx(33,11): error TS17004: Cannot use JSX unless the '--jsx' flag is provided.
../../apps/web-worker/src/components/jobs/JobCard.tsx(34,13): error TS17004: Cannot use JSX unless the '--jsx' flag is provided.
../../apps/web-worker/src/components/jobs/JobCard.tsx(35,15): error TS17004: Cannot use JSX unless the '--jsx' flag is provided.
../../apps/web-worker/src/components/jobs/JobCard.tsx(36,15): error TS17004: Cannot use JSX unless the '--jsx' flag is provided.
../../apps/web-worker/src/components/jobs/JobCard.tsx(40,13): error TS17004: Cannot use JSX unless the '--jsx' flag is provided.
../../apps/web-worker/src/components/jobs/JobCard.tsx(46,11): error TS17004: Cannot use JSX unless the '--jsx' flag is provided.
../../apps/web-worker/src/components/jobs/JobCard.tsx(49,11): error TS17004: Cannot use JSX unless the '--jsx' flag is provided.
../../apps/web-worker/src/components/jobs/JobCard.tsx(50,13): error TS17004: Cannot use JSX unless the '--jsx' flag is provided.
../../apps/web-worker/src/components/jobs/JobCard.tsx(51,13): error TS17004: Cannot use JSX unless the '--jsx' flag is provided.
../../apps/web-worker/src/components/jobs/JobCard.tsx(56,13): error TS17004: Cannot use JSX unless the '--jsx' flag is provided.
../../apps/web-worker/src/components/jobs/JobCard.tsx(57,15): error TS17004: Cannot use JSX unless the '--jsx' flag is provided.
../../apps/web-worker/src/components/jobs/JobCard.tsx(63,13): error TS17004: Cannot use JSX unless the '--jsx' flag is provided.
../../apps/web-worker/src/components/jobs/JobCard.tsx(70,13): error TS17004: Cannot use JSX unless the '--jsx' flag is provided.
../../apps/web-worker/src/components/jobs/JobCard.tsx(72,17): error TS17004: Cannot use JSX unless the '--jsx' flag is provided.
../../apps/web-worker/src/components/jobs/JobCard.tsx(73,19): error TS17004: Cannot use JSX unless the '--jsx' flag is provided.
../../apps/web-worker/src/components/jobs/JobCard.tsx(78,17): error TS17004: Cannot use JSX unless the '--jsx' flag is provided.
../../apps/web-worker/src/components/jobs/JobCard.tsx(79,19): error TS17004: Cannot use JSX unless the '--jsx' flag is provided.
../../apps/web-worker/src/components/jobs/JobCard.tsx(87,21): error TS17004: Cannot use JSX unless the '--jsx' flag is provided.
../../apps/web-worker/src/components/jobs/JobChecklist.tsx(41,21): error TS2304: Cannot find name 'localStorage'.
../../apps/web-worker/src/components/jobs/JobChecklist.tsx(42,33): error TS2304: Cannot find name 'localStorage'.
../../apps/web-worker/src/components/jobs/JobChecklist.tsx(74,7): error TS2304: Cannot find name 'alert'.
../../apps/web-worker/src/components/jobs/JobChecklist.tsx(82,7): error TS17004: Cannot use JSX unless the '--jsx' flag is provided.
../../apps/web-worker/src/components/jobs/JobChecklist.tsx(83,9): error TS17004: Cannot use JSX unless the '--jsx' flag is provided.
../../apps/web-worker/src/components/jobs/JobChecklist.tsx(84,11): error TS17004: Cannot use JSX unless the '--jsx' flag is provided.
../../apps/web-worker/src/components/jobs/JobChecklist.tsx(85,11): error TS17004: Cannot use JSX unless the '--jsx' flag is provided.
../../apps/web-worker/src/components/jobs/JobChecklist.tsx(87,9): error TS17004: Cannot use JSX unless the '--jsx' flag is provided.
../../apps/web-worker/src/components/jobs/JobChecklist.tsx(88,11): error TS17004: Cannot use JSX unless the '--jsx' flag is provided.
../../apps/web-worker/src/components/jobs/JobChecklist.tsx(89,11): error TS17004: Cannot use JSX unless the '--jsx' flag is provided.
../../apps/web-worker/src/components/jobs/JobChecklist.tsx(96,5): error TS17004: Cannot use JSX unless the '--jsx' flag is provided.
../../apps/web-worker/src/components/jobs/JobChecklist.tsx(98,7): error TS17004: Cannot use JSX unless the '--jsx' flag is provided.
../../apps/web-worker/src/components/jobs/JobChecklist.tsx(99,9): error TS17004: Cannot use JSX unless the '--jsx' flag is provided.
../../apps/web-worker/src/components/jobs/JobChecklist.tsx(100,11): error TS17004: Cannot use JSX unless the '--jsx' flag is provided.
../../apps/web-worker/src/components/jobs/JobChecklist.tsx(101,13): error TS17004: Cannot use JSX unless the '--jsx' flag is provided.
../../apps/web-worker/src/components/jobs/JobChecklist.tsx(104,11): error TS17004: Cannot use JSX unless the '--jsx' flag is provided.
../../apps/web-worker/src/components/jobs/JobChecklist.tsx(110,9): error TS17004: Cannot use JSX unless the '--jsx' flag is provided.
../../apps/web-worker/src/components/jobs/JobChecklist.tsx(111,11): error TS17004: Cannot use JSX unless the '--jsx' flag is provided.
../../apps/web-worker/src/components/jobs/JobChecklist.tsx(122,9): error TS17004: Cannot use JSX unless the '--jsx' flag is provided.
../../apps/web-worker/src/components/jobs/JobChecklist.tsx(130,7): error TS17004: Cannot use JSX unless the '--jsx' flag is provided.
../../apps/web-worker/src/components/jobs/JobChecklist.tsx(145,13): error TS17004: Cannot use JSX unless the '--jsx' flag is provided.
../../apps/web-worker/src/components/jobs/JobChecklist.tsx(147,15): error TS17004: Cannot use JSX unless the '--jsx' flag is provided.
../../apps/web-worker/src/components/jobs/JobChecklist.tsx(152,15): error TS17004: Cannot use JSX unless the '--jsx' flag is provided.
../../apps/web-worker/src/components/jobs/JobChecklist.tsx(154,19): error TS17004: Cannot use JSX unless the '--jsx' flag is provided.
../../apps/web-worker/src/components/jobs/JobChecklist.tsx(166,21): error TS17004: Cannot use JSX unless the '--jsx' flag is provided.
../../apps/web-worker/src/components/jobs/JobChecklist.tsx(168,25): error TS17004: Cannot use JSX unless the '--jsx' flag is provided.
../../apps/web-worker/src/components/jobs/JobChecklist.tsx(170,25): error TS17004: Cannot use JSX unless the '--jsx' flag is provided.
../../apps/web-worker/src/components/jobs/JobChecklist.tsx(175,21): error TS17004: Cannot use JSX unless the '--jsx' flag is provided.
../../apps/web-worker/src/components/jobs/JobChecklist.tsx(176,23): error TS17004: Cannot use JSX unless the '--jsx' flag is provided.
../../apps/web-worker/src/components/jobs/JobChecklist.tsx(189,23): error TS17004: Cannot use JSX unless the '--jsx' flag is provided.
../../apps/web-worker/src/components/jobs/JobChecklist.tsx(190,25): error TS17004: Cannot use JSX unless the '--jsx' flag is provided.
../../apps/web-worker/src/components/jobs/JobChecklist.tsx(203,9): error TS17004: Cannot use JSX unless the '--jsx' flag is provided.
../../apps/web-worker/src/components/jobs/JobChecklist.tsx(204,11): error TS17004: Cannot use JSX unless the '--jsx' flag is provided.
../../apps/web-worker/src/components/jobs/JobChecklist.tsx(205,13): error TS17004: Cannot use JSX unless the '--jsx' flag is provided.
../../apps/web-worker/src/components/jobs/JobChecklist.tsx(206,13): error TS17004: Cannot use JSX unless the '--jsx' flag is provided.
../../apps/web-worker/src/components/jobs/JobChecklist.tsx(215,9): error TS17004: Cannot use JSX unless the '--jsx' flag is provided.
../../apps/web-worker/src/components/jobs/JobChecklist.tsx(216,11): error TS17004: Cannot use JSX unless the '--jsx' flag is provided.
../../apps/web-worker/src/components/jobs/JobNotesSection.tsx(30,28): error TS2339: Property 'files' does not exist on type 'EventTarget & HTMLInputElement'.
../../apps/web-worker/src/components/jobs/JobNotesSection.tsx(37,21): error TS2304: Cannot find name 'localStorage'.
../../apps/web-worker/src/components/jobs/JobNotesSection.tsx(59,27): error TS18046: 'data' is of type 'unknown'.
../../apps/web-worker/src/components/jobs/JobNotesSection.tsx(59,47): error TS18046: 'data' is of type 'unknown'.
../../apps/web-worker/src/components/jobs/JobNotesSection.tsx(98,21): error TS2304: Cannot find name 'localStorage'.
../../apps/web-worker/src/components/jobs/JobNotesSection.tsx(125,5): error TS17004: Cannot use JSX unless the '--jsx' flag is provided.
../../apps/web-worker/src/components/jobs/JobNotesSection.tsx(126,7): error TS17004: Cannot use JSX unless the '--jsx' flag is provided.
../../apps/web-worker/src/components/jobs/JobNotesSection.tsx(127,9): error TS17004: Cannot use JSX unless the '--jsx' flag is provided.
../../apps/web-worker/src/components/jobs/JobNotesSection.tsx(131,11): error TS17004: Cannot use JSX unless the '--jsx' flag is provided.
../../apps/web-worker/src/components/jobs/JobNotesSection.tsx(132,11): error TS17004: Cannot use JSX unless the '--jsx' flag is provided.
../../apps/web-worker/src/components/jobs/JobNotesSection.tsx(134,13): error TS17004: Cannot use JSX unless the '--jsx' flag is provided.
../../apps/web-worker/src/components/jobs/JobNotesSection.tsx(139,13): error TS17004: Cannot use JSX unless the '--jsx' flag is provided.
../../apps/web-worker/src/components/jobs/JobNotesSection.tsx(144,9): error TS17004: Cannot use JSX unless the '--jsx' flag is provided.
../../apps/web-worker/src/components/jobs/JobNotesSection.tsx(146,13): error TS17004: Cannot use JSX unless the '--jsx' flag is provided.
../../apps/web-worker/src/components/jobs/JobNotesSection.tsx(154,11): error TS17004: Cannot use JSX unless the '--jsx' flag is provided.
../../apps/web-worker/src/components/jobs/JobNotesSection.tsx(159,15): error TS17004: Cannot use JSX unless the '--jsx' flag is provided.
../../apps/web-worker/src/components/jobs/JobNotesSection.tsx(161,15): error TS17004: Cannot use JSX unless the '--jsx' flag is provided.
../../apps/web-worker/src/components/jobs/JobNotesSection.tsx(168,9): error TS17004: Cannot use JSX unless the '--jsx' flag is provided.
../../apps/web-worker/src/components/jobs/JobNotesSection.tsx(171,7): error TS17004: Cannot use JSX unless the '--jsx' flag is provided.
../../apps/web-worker/src/components/jobs/JobNotesSection.tsx(172,9): error TS17004: Cannot use JSX unless the '--jsx' flag is provided.
../../apps/web-worker/src/components/jobs/JobNotesSection.tsx(173,33): error TS17004: Cannot use JSX unless the '--jsx' flag is provided.
../../apps/web-worker/src/components/jobs/JobNotesSection.tsx(175,9): error TS17004: Cannot use JSX unless the '--jsx' flag is provided.
../../apps/web-worker/src/components/jobs/JobNotesSection.tsx(177,55): error TS2339: Property 'value' does not exist on type 'EventTarget & HTMLTextAreaElement'.
../../apps/web-worker/src/components/jobs/JobNotesSection.tsx(184,9): error TS17004: Cannot use JSX unless the '--jsx' flag is provided.
../../apps/web-worker/src/components/jobs/JobNotesSection.tsx(192,7): error TS17004: Cannot use JSX unless the '--jsx' flag is provided.
../../apps/web-worker/src/components/jobs/JobNotesSection.tsx(193,9): error TS17004: Cannot use JSX unless the '--jsx' flag is provided.
../../apps/web-worker/src/components/jobs/JobNotesSection.tsx(194,11): error TS17004: Cannot use JSX unless the '--jsx' flag is provided.
../../apps/web-worker/src/components/jobs/JobNotesSection.tsx(195,54): error TS17004: Cannot use JSX unless the '--jsx' flag is provided.
../../apps/web-worker/src/components/jobs/JobNotesSection.tsx(197,11): error TS17004: Cannot use JSX unless the '--jsx' flag is provided.
../../apps/web-worker/src/components/jobs/JobNotesSection.tsx(198,13): error TS17004: Cannot use JSX unless the '--jsx' flag is provided.
../../apps/web-worker/src/components/jobs/JobNotesSection.tsx(200,13): error TS17004: Cannot use JSX unless the '--jsx' flag is provided.
../../apps/web-worker/src/components/jobs/JobNotesSection.tsx(212,11): error TS17004: Cannot use JSX unless the '--jsx' flag is provided.
../../apps/web-worker/src/components/jobs/JobNotesSection.tsx(216,17): error TS17004: Cannot use JSX unless the '--jsx' flag is provided.
../../apps/web-worker/src/components/jobs/JobNotesSection.tsx(217,19): error TS17004: Cannot use JSX unless the '--jsx' flag is provided.
../../apps/web-worker/src/components/jobs/JobNotesSection.tsx(223,21): error TS17004: Cannot use JSX unless the '--jsx' flag is provided.
../../apps/web-worker/src/components/jobs/JobNotesSection.tsx(227,23): error TS17004: Cannot use JSX unless the '--jsx' flag is provided.
../../apps/web-worker/src/components/jobs/JobNotesSection.tsx(231,21): error TS17004: Cannot use JSX unless the '--jsx' flag is provided.
../../apps/web-worker/src/components/jobs/JobNotesSection.tsx(240,11): error TS17004: Cannot use JSX unless the '--jsx' flag is provided.
../../apps/web-worker/src/components/jobs/JobNotesSection.tsx(241,13): error TS17004: Cannot use JSX unless the '--jsx' flag is provided.
../../apps/web-worker/src/components/jobs/JobNotesSection.tsx(242,13): error TS17004: Cannot use JSX unless the '--jsx' flag is provided.
../../apps/web-worker/src/components/jobs/JobNotesSection.tsx(243,13): error TS17004: Cannot use JSX unless the '--jsx' flag is provided.
../../apps/web-worker/src/components/jobs/JobNotesSection.tsx(250,11): error TS17004: Cannot use JSX unless the '--jsx' flag is provided.
../../apps/web-worker/src/components/jobs/JobNotesSection.tsx(255,9): error TS17004: Cannot use JSX unless the '--jsx' flag is provided.
../../apps/web-worker/src/components/jobs/JobNotesSection.tsx(256,11): error TS17004: Cannot use JSX unless the '--jsx' flag is provided.
../../apps/web-worker/src/components/jobs/PhotoUpload.tsx(2,26): error TS6133: 'X' is declared but its value is never read.
../../apps/web-worker/src/components/jobs/PhotoUpload.tsx(20,3): error TS6133: 'jobId' is declared but its value is never read.
../../apps/web-worker/src/components/jobs/PhotoUpload.tsx(64,32): error TS2339: Property 'files' does not exist on type 'EventTarget & HTMLInputElement'.
../../apps/web-worker/src/components/jobs/PhotoUpload.tsx(73,52): error TS2345: Argument of type 'unknown' is not assignable to parameter of type 'File'.
../../apps/web-worker/src/components/jobs/PhotoUpload.tsx(84,54): error TS2339: Property 'value' does not exist on type 'HTMLInputElement'.
../../apps/web-worker/src/components/jobs/PhotoUpload.tsx(85,58): error TS2339: Property 'value' does not exist on type 'HTMLInputElement'.
../../apps/web-worker/src/components/jobs/PhotoUpload.tsx(90,19): error TS2304: Cannot find name 'localStorage'.
../../apps/web-worker/src/components/jobs/PhotoUpload.tsx(91,31): error TS2304: Cannot find name 'localStorage'.
../../apps/web-worker/src/components/jobs/PhotoUpload.tsx(111,23): error TS18046: 'errorData' is of type 'unknown'.
../../apps/web-worker/src/components/jobs/PhotoUpload.tsx(115,32): error TS18046: 'data' is of type 'unknown'.
../../apps/web-worker/src/components/jobs/PhotoUpload.tsx(119,10): error TS2304: Cannot find name 'confirm'.
../../apps/web-worker/src/components/jobs/PhotoUpload.tsx(122,21): error TS2304: Cannot find name 'localStorage'.
../../apps/web-worker/src/components/jobs/PhotoUpload.tsx(123,13): error TS6133: 'serviceProviderId' is declared but its value is never read.
../../apps/web-worker/src/components/jobs/PhotoUpload.tsx(123,33): error TS2304: Cannot find name 'localStorage'.
../../apps/web-worker/src/components/jobs/PhotoUpload.tsx(142,7): error TS2304: Cannot find name 'alert'.
../../apps/web-worker/src/components/jobs/PhotoUpload.tsx(162,5): error TS17004: Cannot use JSX unless the '--jsx' flag is provided.
../../apps/web-worker/src/components/jobs/PhotoUpload.tsx(163,7): error TS17004: Cannot use JSX unless the '--jsx' flag is provided.
../../apps/web-worker/src/components/jobs/PhotoUpload.tsx(164,9): error TS17004: Cannot use JSX unless the '--jsx' flag is provided.
../../apps/web-worker/src/components/jobs/PhotoUpload.tsx(169,7): error TS17004: Cannot use JSX unless the '--jsx' flag is provided.
../../apps/web-worker/src/components/jobs/PhotoUpload.tsx(170,9): error TS17004: Cannot use JSX unless the '--jsx' flag is provided.
../../apps/web-worker/src/components/jobs/PhotoUpload.tsx(173,9): error TS17004: Cannot use JSX unless the '--jsx' flag is provided.
../../apps/web-worker/src/components/jobs/PhotoUpload.tsx(174,11): error TS17004: Cannot use JSX unless the '--jsx' flag is provided.
../../apps/web-worker/src/components/jobs/PhotoUpload.tsx(184,11): error TS17004: Cannot use JSX unless the '--jsx' flag is provided.
../../apps/web-worker/src/components/jobs/PhotoUpload.tsx(194,11): error TS17004: Cannot use JSX unless the '--jsx' flag is provided.
../../apps/web-worker/src/components/jobs/PhotoUpload.tsx(208,7): error TS17004: Cannot use JSX unless the '--jsx' flag is provided.
../../apps/web-worker/src/components/jobs/PhotoUpload.tsx(209,9): error TS17004: Cannot use JSX unless the '--jsx' flag is provided.
../../apps/web-worker/src/components/jobs/PhotoUpload.tsx(210,50): error TS2339: Property 'click' does not exist on type 'HTMLInputElement'.
../../apps/web-worker/src/components/jobs/PhotoUpload.tsx(214,11): error TS17004: Cannot use JSX unless the '--jsx' flag is provided.
../../apps/web-worker/src/components/jobs/PhotoUpload.tsx(217,9): error TS17004: Cannot use JSX unless the '--jsx' flag is provided.
../../apps/web-worker/src/components/jobs/PhotoUpload.tsx(218,48): error TS2339: Property 'click' does not exist on type 'HTMLInputElement'.
../../apps/web-worker/src/components/jobs/PhotoUpload.tsx(222,11): error TS17004: Cannot use JSX unless the '--jsx' flag is provided.
../../apps/web-worker/src/components/jobs/PhotoUpload.tsx(228,7): error TS17004: Cannot use JSX unless the '--jsx' flag is provided.
../../apps/web-worker/src/components/jobs/PhotoUpload.tsx(237,7): error TS17004: Cannot use JSX unless the '--jsx' flag is provided.
../../apps/web-worker/src/components/jobs/PhotoUpload.tsx(248,9): error TS17004: Cannot use JSX unless the '--jsx' flag is provided.
../../apps/web-worker/src/components/jobs/PhotoUpload.tsx(249,11): error TS17004: Cannot use JSX unless the '--jsx' flag is provided.
../../apps/web-worker/src/components/jobs/PhotoUpload.tsx(250,13): error TS17004: Cannot use JSX unless the '--jsx' flag is provided.
../../apps/web-worker/src/components/jobs/PhotoUpload.tsx(251,13): error TS17004: Cannot use JSX unless the '--jsx' flag is provided.
../../apps/web-worker/src/components/jobs/PhotoUpload.tsx(258,9): error TS17004: Cannot use JSX unless the '--jsx' flag is provided.
../../apps/web-worker/src/components/jobs/PhotoUpload.tsx(259,11): error TS17004: Cannot use JSX unless the '--jsx' flag is provided.
../../apps/web-worker/src/components/jobs/PhotoUpload.tsx(260,13): error TS17004: Cannot use JSX unless the '--jsx' flag is provided.
../../apps/web-worker/src/components/jobs/PhotoUpload.tsx(261,13): error TS17004: Cannot use JSX unless the '--jsx' flag is provided.
../../apps/web-worker/src/components/jobs/PhotoUpload.tsx(268,9): error TS17004: Cannot use JSX unless the '--jsx' flag is provided.
../../apps/web-worker/src/components/jobs/PhotoUpload.tsx(269,11): error TS17004: Cannot use JSX unless the '--jsx' flag is provided.
../../apps/web-worker/src/components/jobs/PhotoUpload.tsx(270,11): error TS17004: Cannot use JSX unless the '--jsx' flag is provided.
../../apps/web-worker/src/components/jobs/PhotoUpload.tsx(271,11): error TS17004: Cannot use JSX unless the '--jsx' flag is provided.
../../apps/web-worker/src/components/jobs/PhotoUpload.tsx(274,9): error TS17004: Cannot use JSX unless the '--jsx' flag is provided.
../../apps/web-worker/src/components/jobs/PhotoUpload.tsx(277,13): error TS17004: Cannot use JSX unless the '--jsx' flag is provided.
../../apps/web-worker/src/components/jobs/PhotoUpload.tsx(278,15): error TS17004: Cannot use JSX unless the '--jsx' flag is provided.
../../apps/web-worker/src/components/jobs/PhotoUpload.tsx(279,17): error TS17004: Cannot use JSX unless the '--jsx' flag is provided.
../../apps/web-worker/src/components/jobs/PhotoUpload.tsx(282,17): error TS17004: Cannot use JSX unless the '--jsx' flag is provided.
../../apps/web-worker/src/components/jobs/PhotoUpload.tsx(284,15): error TS17004: Cannot use JSX unless the '--jsx' flag is provided.
../../apps/web-worker/src/components/jobs/PhotoUpload.tsx(286,19): error TS17004: Cannot use JSX unless the '--jsx' flag is provided.
../../apps/web-worker/src/components/jobs/PhotoUpload.tsx(299,13): error TS17004: Cannot use JSX unless the '--jsx' flag is provided.
../../apps/web-worker/src/components/jobs/PhotoUpload.tsx(300,15): error TS17004: Cannot use JSX unless the '--jsx' flag is provided.
../../apps/web-worker/src/components/jobs/PhotoUpload.tsx(301,17): error TS17004: Cannot use JSX unless the '--jsx' flag is provided.
../../apps/web-worker/src/components/jobs/PhotoUpload.tsx(304,17): error TS17004: Cannot use JSX unless the '--jsx' flag is provided.
../../apps/web-worker/src/components/jobs/PhotoUpload.tsx(306,15): error TS17004: Cannot use JSX unless the '--jsx' flag is provided.
../../apps/web-worker/src/components/jobs/PhotoUpload.tsx(308,19): error TS17004: Cannot use JSX unless the '--jsx' flag is provided.
../../apps/web-worker/src/components/jobs/PhotoUpload.tsx(321,13): error TS17004: Cannot use JSX unless the '--jsx' flag is provided.
../../apps/web-worker/src/components/jobs/PhotoUpload.tsx(322,15): error TS17004: Cannot use JSX unless the '--jsx' flag is provided.
../../apps/web-worker/src/components/jobs/PhotoUpload.tsx(323,17): error TS17004: Cannot use JSX unless the '--jsx' flag is provided.
../../apps/web-worker/src/components/jobs/PhotoUpload.tsx(326,17): error TS17004: Cannot use JSX unless the '--jsx' flag is provided.
../../apps/web-worker/src/components/jobs/PhotoUpload.tsx(328,15): error TS17004: Cannot use JSX unless the '--jsx' flag is provided.
../../apps/web-worker/src/components/jobs/PhotoUpload.tsx(330,19): error TS17004: Cannot use JSX unless the '--jsx' flag is provided.
../../apps/web-worker/src/components/jobs/PhotoUpload.tsx(352,39): error TS6133: 'getCategoryColor' is declared but its value is never read.
../../apps/web-worker/src/components/jobs/PhotoUpload.tsx(354,5): error TS17004: Cannot use JSX unless the '--jsx' flag is provided.
../../apps/web-worker/src/components/jobs/PhotoUpload.tsx(355,7): error TS17004: Cannot use JSX unless the '--jsx' flag is provided.
../../apps/web-worker/src/components/jobs/PhotoUpload.tsx(356,9): error TS17004: Cannot use JSX unless the '--jsx' flag is provided.
../../apps/web-worker/src/components/jobs/PhotoUpload.tsx(362,7): error TS17004: Cannot use JSX unless the '--jsx' flag is provided.
../../apps/web-worker/src/components/jobs/PhotoUpload.tsx(367,9): error TS17004: Cannot use JSX unless the '--jsx' flag is provided.
../../apps/web-worker/src/components/jobs/StartJobModal.tsx(31,21): error TS2304: Cannot find name 'localStorage'.
../../apps/web-worker/src/components/jobs/StartJobModal.tsx(32,33): error TS2304: Cannot find name 'localStorage'.
../../apps/web-worker/src/components/jobs/StartJobModal.tsx(33,24): error TS2304: Cannot find name 'localStorage'.
../../apps/web-worker/src/components/jobs/StartJobModal.tsx(55,25): error TS18046: 'errorData' is of type 'unknown'.
../../apps/web-worker/src/components/jobs/StartJobModal.tsx(69,5): error TS17004: Cannot use JSX unless the '--jsx' flag is provided.
../../apps/web-worker/src/components/jobs/StartJobModal.tsx(70,7): error TS17004: Cannot use JSX unless the '--jsx' flag is provided.
../../apps/web-worker/src/components/jobs/StartJobModal.tsx(72,9): error TS17004: Cannot use JSX unless the '--jsx' flag is provided.
../../apps/web-worker/src/components/jobs/StartJobModal.tsx(73,11): error TS17004: Cannot use JSX unless the '--jsx' flag is provided.
../../apps/web-worker/src/components/jobs/StartJobModal.tsx(74,13): error TS17004: Cannot use JSX unless the '--jsx' flag is provided.
../../apps/web-worker/src/components/jobs/StartJobModal.tsx(75,15): error TS17004: Cannot use JSX unless the '--jsx' flag is provided.
../../apps/web-worker/src/components/jobs/StartJobModal.tsx(77,13): error TS17004: Cannot use JSX unless the '--jsx' flag is provided.
../../apps/web-worker/src/components/jobs/StartJobModal.tsx(79,11): error TS17004: Cannot use JSX unless the '--jsx' flag is provided.
../../apps/web-worker/src/components/jobs/StartJobModal.tsx(84,13): error TS17004: Cannot use JSX unless the '--jsx' flag is provided.
../../apps/web-worker/src/components/jobs/StartJobModal.tsx(89,9): error TS17004: Cannot use JSX unless the '--jsx' flag is provided.
../../apps/web-worker/src/components/jobs/StartJobModal.tsx(90,11): error TS17004: Cannot use JSX unless the '--jsx' flag is provided.
../../apps/web-worker/src/components/jobs/StartJobModal.tsx(91,13): error TS17004: Cannot use JSX unless the '--jsx' flag is provided.
../../apps/web-worker/src/components/jobs/StartJobModal.tsx(94,13): error TS17004: Cannot use JSX unless the '--jsx' flag is provided.
../../apps/web-worker/src/components/jobs/StartJobModal.tsx(95,15): error TS17004: Cannot use JSX unless the '--jsx' flag is provided.
../../apps/web-worker/src/components/jobs/StartJobModal.tsx(96,15): error TS17004: Cannot use JSX unless the '--jsx' flag is provided.
../../apps/web-worker/src/components/jobs/StartJobModal.tsx(97,17): error TS17004: Cannot use JSX unless the '--jsx' flag is provided.
../../apps/web-worker/src/components/jobs/StartJobModal.tsx(98,17): error TS17004: Cannot use JSX unless the '--jsx' flag is provided.
../../apps/web-worker/src/components/jobs/StartJobModal.tsx(105,13): error TS17004: Cannot use JSX unless the '--jsx' flag is provided.
../../apps/web-worker/src/components/jobs/StartJobModal.tsx(106,15): error TS17004: Cannot use JSX unless the '--jsx' flag is provided.
../../apps/web-worker/src/components/jobs/StartJobModal.tsx(110,17): error TS17004: Cannot use JSX unless the '--jsx' flag is provided.
../../apps/web-worker/src/components/jobs/StartJobModal.tsx(111,19): error TS17004: Cannot use JSX unless the '--jsx' flag is provided.
../../apps/web-worker/src/components/jobs/StartJobModal.tsx(112,21): error TS17004: Cannot use JSX unless the '--jsx' flag is provided.
../../apps/web-worker/src/components/jobs/StartJobModal.tsx(113,21): error TS17004: Cannot use JSX unless the '--jsx' flag is provided.
../../apps/web-worker/src/components/jobs/StartJobModal.tsx(115,19): error TS17004: Cannot use JSX unless the '--jsx' flag is provided.
../../apps/web-worker/src/components/jobs/StartJobModal.tsx(123,17): error TS17004: Cannot use JSX unless the '--jsx' flag is provided.
../../apps/web-worker/src/components/jobs/StartJobModal.tsx(124,19): error TS17004: Cannot use JSX unless the '--jsx' flag is provided.
../../apps/web-worker/src/components/jobs/StartJobModal.tsx(125,21): error TS17004: Cannot use JSX unless the '--jsx' flag is provided.
../../apps/web-worker/src/components/jobs/StartJobModal.tsx(126,21): error TS17004: Cannot use JSX unless the '--jsx' flag is provided.
../../apps/web-worker/src/components/jobs/StartJobModal.tsx(130,19): error TS17004: Cannot use JSX unless the '--jsx' flag is provided.
../../apps/web-worker/src/components/jobs/StartJobModal.tsx(132,23): error TS17004: Cannot use JSX unless the '--jsx' flag is provided.
../../apps/web-worker/src/components/jobs/StartJobModal.tsx(140,23): error TS17004: Cannot use JSX unless the '--jsx' flag is provided.
../../apps/web-worker/src/components/jobs/StartJobModal.tsx(141,25): error TS17004: Cannot use JSX unless the '--jsx' flag is provided.
../../apps/web-worker/src/components/jobs/StartJobModal.tsx(152,11): error TS17004: Cannot use JSX unless the '--jsx' flag is provided.
../../apps/web-worker/src/components/jobs/StartJobModal.tsx(153,13): error TS17004: Cannot use JSX unless the '--jsx' flag is provided.
../../apps/web-worker/src/components/jobs/StartJobModal.tsx(154,15): error TS17004: Cannot use JSX unless the '--jsx' flag is provided.
../../apps/web-worker/src/components/jobs/StartJobModal.tsx(155,15): error TS17004: Cannot use JSX unless the '--jsx' flag is provided.
../../apps/web-worker/src/components/jobs/StartJobModal.tsx(156,17): error TS17004: Cannot use JSX unless the '--jsx' flag is provided.
../../apps/web-worker/src/components/jobs/StartJobModal.tsx(157,17): error TS17004: Cannot use JSX unless the '--jsx' flag is provided.
../../apps/web-worker/src/components/jobs/StartJobModal.tsx(158,19): error TS17004: Cannot use JSX unless the '--jsx' flag is provided.
../../apps/web-worker/src/components/jobs/StartJobModal.tsx(159,19): error TS17004: Cannot use JSX unless the '--jsx' flag is provided.
../../apps/web-worker/src/components/jobs/StartJobModal.tsx(160,19): error TS17004: Cannot use JSX unless the '--jsx' flag is provided.
../../apps/web-worker/src/components/jobs/StartJobModal.tsx(161,19): error TS17004: Cannot use JSX unless the '--jsx' flag is provided.
../../apps/web-worker/src/components/jobs/StartJobModal.tsx(169,13): error TS17004: Cannot use JSX unless the '--jsx' flag is provided.
../../apps/web-worker/src/components/jobs/StartJobModal.tsx(170,15): error TS17004: Cannot use JSX unless the '--jsx' flag is provided.
../../apps/web-worker/src/components/jobs/StartJobModal.tsx(176,9): error TS17004: Cannot use JSX unless the '--jsx' flag is provided.
../../apps/web-worker/src/components/jobs/StartJobModal.tsx(177,11): error TS17004: Cannot use JSX unless the '--jsx' flag is provided.
../../apps/web-worker/src/components/jobs/StartJobModal.tsx(184,11): error TS17004: Cannot use JSX unless the '--jsx' flag is provided.
../../apps/web-worker/src/components/jobs/StartJobModal.tsx(190,15): error TS17004: Cannot use JSX unless the '--jsx' flag is provided.
../../apps/web-worker/src/components/jobs/StartJobModal.tsx(191,17): error TS17004: Cannot use JSX unless the '--jsx' flag is provided.
../../apps/web-worker/src/components/jobs/StartJobModal.tsx(195,15): error TS17004: Cannot use JSX unless the '--jsx' flag is provided.
../../apps/web-worker/src/components/jobs/StartJobModal.tsx(196,17): error TS17004: Cannot use JSX unless the '--jsx' flag is provided.
../../apps/web-worker/src/components/layout/BottomNav.tsx(2,47): error TS6133: 'Clock' is declared but its value is never read.
../../apps/web-worker/src/components/layout/BottomNav.tsx(3,25): error TS6142: Module '../../contexts/AuthContext' was resolved to '/home/orrox/projects/rightfit-cleaning-staging/apps/web-worker/src/contexts/AuthContext.tsx', but '--jsx' is not set.
../../apps/web-worker/src/components/layout/BottomNav.tsx(15,9): error TS6133: 'isCleaningWorker' is declared but its value is never read.
../../apps/web-worker/src/components/layout/BottomNav.tsx(16,9): error TS6133: 'isMaintenanceWorker' is declared but its value is never read.
../../apps/web-worker/src/components/layout/BottomNav.tsx(48,5): error TS17004: Cannot use JSX unless the '--jsx' flag is provided.
../../apps/web-worker/src/components/layout/BottomNav.tsx(49,7): error TS17004: Cannot use JSX unless the '--jsx' flag is provided.
../../apps/web-worker/src/components/layout/BottomNav.tsx(56,13): error TS17004: Cannot use JSX unless the '--jsx' flag is provided.
../../apps/web-worker/src/components/layout/BottomNav.tsx(65,15): error TS17004: Cannot use JSX unless the '--jsx' flag is provided.
../../apps/web-worker/src/components/layout/BottomNav.tsx(66,15): error TS17004: Cannot use JSX unless the '--jsx' flag is provided.
../../apps/web-worker/src/components/layout/Header.tsx(1,25): error TS6142: Module '../../contexts/AuthContext' was resolved to '/home/orrox/projects/rightfit-cleaning-staging/apps/web-worker/src/contexts/AuthContext.tsx', but '--jsx' is not set.
../../apps/web-worker/src/components/layout/Header.tsx(2,18): error TS6133: 'User' is declared but its value is never read.
../../apps/web-worker/src/components/layout/Header.tsx(10,9): error TS2304: Cannot find name 'confirm'.
../../apps/web-worker/src/components/layout/Header.tsx(17,5): error TS17004: Cannot use JSX unless the '--jsx' flag is provided.
../../apps/web-worker/src/components/layout/Header.tsx(18,7): error TS17004: Cannot use JSX unless the '--jsx' flag is provided.
../../apps/web-worker/src/components/layout/Header.tsx(19,9): error TS17004: Cannot use JSX unless the '--jsx' flag is provided.
../../apps/web-worker/src/components/layout/Header.tsx(21,11): error TS17004: Cannot use JSX unless the '--jsx' flag is provided.
../../apps/web-worker/src/components/layout/Header.tsx(22,13): error TS17004: Cannot use JSX unless the '--jsx' flag is provided.
../../apps/web-worker/src/components/layout/Header.tsx(23,15): error TS17004: Cannot use JSX unless the '--jsx' flag is provided.
../../apps/web-worker/src/components/layout/Header.tsx(25,13): error TS17004: Cannot use JSX unless the '--jsx' flag is provided.
../../apps/web-worker/src/components/layout/Header.tsx(26,15): error TS17004: Cannot use JSX unless the '--jsx' flag is provided.
../../apps/web-worker/src/components/layout/Header.tsx(27,15): error TS17004: Cannot use JSX unless the '--jsx' flag is provided.
../../apps/web-worker/src/components/layout/Header.tsx(34,11): error TS17004: Cannot use JSX unless the '--jsx' flag is provided.
../../apps/web-worker/src/components/layout/Header.tsx(36,13): error TS17004: Cannot use JSX unless the '--jsx' flag is provided.
../../apps/web-worker/src/components/layout/Header.tsx(38,17): error TS17004: Cannot use JSX unless the '--jsx' flag is provided.
../../apps/web-worker/src/components/layout/Header.tsx(44,17): error TS17004: Cannot use JSX unless the '--jsx' flag is provided.
../../apps/web-worker/src/components/layout/Header.tsx(51,13): error TS17004: Cannot use JSX unless the '--jsx' flag is provided.
../../apps/web-worker/src/components/layout/Header.tsx(55,15): error TS17004: Cannot use JSX unless the '--jsx' flag is provided.
../../apps/web-worker/src/components/layout/Header.tsx(56,15): error TS17004: Cannot use JSX unless the '--jsx' flag is provided.
../../apps/web-worker/src/components/layout/Header.tsx(60,13): error TS17004: Cannot use JSX unless the '--jsx' flag is provided.
../../apps/web-worker/src/components/layout/Header.tsx(65,15): error TS17004: Cannot use JSX unless the '--jsx' flag is provided.
../../apps/web-worker/src/components/layout/WorkerLayout.tsx(2,20): error TS6142: Module './Header' was resolved to '/home/orrox/projects/rightfit-cleaning-staging/apps/web-worker/src/components/layout/Header.tsx', but '--jsx' is not set.
../../apps/web-worker/src/components/layout/WorkerLayout.tsx(3,23): error TS6142: Module './BottomNav' was resolved to '/home/orrox/projects/rightfit-cleaning-staging/apps/web-worker/src/components/layout/BottomNav.tsx', but '--jsx' is not set.
../../apps/web-worker/src/components/layout/WorkerLayout.tsx(11,5): error TS17004: Cannot use JSX unless the '--jsx' flag is provided.
../../apps/web-worker/src/components/layout/WorkerLayout.tsx(13,7): error TS17004: Cannot use JSX unless the '--jsx' flag is provided.
../../apps/web-worker/src/components/layout/WorkerLayout.tsx(16,7): error TS17004: Cannot use JSX unless the '--jsx' flag is provided.
../../apps/web-worker/src/components/layout/WorkerLayout.tsx(21,7): error TS17004: Cannot use JSX unless the '--jsx' flag is provided.
../../apps/web-worker/src/components/navigation/MapboxNavigationView.tsx(1,39): error TS6133: 'useCallback' is declared but its value is never read.
../../apps/web-worker/src/components/navigation/MapboxNavigationView.tsx(2,34): error TS2307: Cannot find module '@rightfit/shared/types/navigation' or its corresponding type declarations.
../../apps/web-worker/src/components/navigation/MapboxNavigationView.tsx(3,32): error TS2307: Cannot find module './MapView' or its corresponding type declarations.
../../apps/web-worker/src/components/navigation/MapboxNavigationView.tsx(135,16): error TS2304: Cannot find name 'window'.
../../apps/web-worker/src/components/navigation/MapboxNavigationView.tsx(135,43): error TS2304: Cannot find name 'window'.
../../apps/web-worker/src/components/navigation/MapboxNavigationView.tsx(141,18): error TS2584: Cannot find name 'document'. Do you need to change your target library? Try changing the 'lib' compiler option to include 'dom'.
../../apps/web-worker/src/components/navigation/MapboxNavigationView.tsx(144,5): error TS2584: Cannot find name 'document'. Do you need to change your target library? Try changing the 'lib' compiler option to include 'dom'.
../../apps/web-worker/src/components/navigation/MapboxNavigationView.tsx(147,20): error TS2584: Cannot find name 'document'. Do you need to change your target library? Try changing the 'lib' compiler option to include 'dom'.
../../apps/web-worker/src/components/navigation/MapboxNavigationView.tsx(153,5): error TS2584: Cannot find name 'document'. Do you need to change your target library? Try changing the 'lib' compiler option to include 'dom'.
../../apps/web-worker/src/components/navigation/MapboxNavigationView.tsx(157,7): error TS2584: Cannot find name 'document'. Do you need to change your target library? Try changing the 'lib' compiler option to include 'dom'.
../../apps/web-worker/src/components/navigation/MapboxNavigationView.tsx(158,7): error TS2584: Cannot find name 'document'. Do you need to change your target library? Try changing the 'lib' compiler option to include 'dom'.
../../apps/web-worker/src/components/navigation/MapboxNavigationView.tsx(171,23): error TS2304: Cannot find name 'window'.
../../apps/web-worker/src/components/navigation/MapboxNavigationView.tsx(179,31): error TS2339: Property 'innerHTML' does not exist on type 'HTMLDivElement'.
../../apps/web-worker/src/components/navigation/MapboxNavigationView.tsx(184,30): error TS1343: The 'import.meta' meta-property is only allowed when the '--module' option is 'es2020', 'es2022', 'esnext', 'system', 'node16', 'node18', 'node20', or 'nodenext'.
../../apps/web-worker/src/components/navigation/MapboxNavigationView.tsx(259,42): error TS7006: Parameter 'coord' implicitly has an 'any' type.
../../apps/web-worker/src/components/navigation/MapboxNavigationView.tsx(324,25): error TS2304: Cannot find name 'window'.
../../apps/web-worker/src/components/navigation/MapboxNavigationView.tsx(362,40): error TS7006: Parameter 'coord' implicitly has an 'any' type.
../../apps/web-worker/src/components/navigation/MapboxNavigationView.tsx(380,23): error TS2304: Cannot find name 'window'.
../../apps/web-worker/src/components/navigation/MapboxNavigationView.tsx(440,38): error TS7006: Parameter 'coord' implicitly has an 'any' type.
../../apps/web-worker/src/components/navigation/MapboxNavigationView.tsx(472,7): error TS17004: Cannot use JSX unless the '--jsx' flag is provided.
../../apps/web-worker/src/components/navigation/MapboxNavigationView.tsx(478,9): error TS17004: Cannot use JSX unless the '--jsx' flag is provided.
../../apps/web-worker/src/components/navigation/MapboxNavigationView.tsx(479,11): error TS17004: Cannot use JSX unless the '--jsx' flag is provided.
../../apps/web-worker/src/components/navigation/MapboxNavigationView.tsx(480,11): error TS17004: Cannot use JSX unless the '--jsx' flag is provided.
../../apps/web-worker/src/components/navigation/MapboxNavigationView.tsx(491,7): error TS17004: Cannot use JSX unless the '--jsx' flag is provided.
../../apps/web-worker/src/components/navigation/MapboxNavigationView.tsx(497,9): error TS17004: Cannot use JSX unless the '--jsx' flag is provided.
../../apps/web-worker/src/components/navigation/MapboxNavigationView.tsx(498,11): error TS17004: Cannot use JSX unless the '--jsx' flag is provided.
../../apps/web-worker/src/components/navigation/MapboxNavigationView.tsx(499,11): error TS17004: Cannot use JSX unless the '--jsx' flag is provided.
../../apps/web-worker/src/components/navigation/MapboxNavigationView.tsx(500,11): error TS17004: Cannot use JSX unless the '--jsx' flag is provided.
../../apps/web-worker/src/components/navigation/MapboxNavigationView.tsx(507,5): error TS17004: Cannot use JSX unless the '--jsx' flag is provided.
../../apps/web-worker/src/components/navigation/MapboxNavigationView.tsx(509,7): error TS17004: Cannot use JSX unless the '--jsx' flag is provided.
../../apps/web-worker/src/components/navigation/MapboxNavigationView.tsx(512,7): error TS17004: Cannot use JSX unless the '--jsx' flag is provided.
../../apps/web-worker/src/components/navigation/MapboxNavigationView.tsx(513,9): error TS17004: Cannot use JSX unless the '--jsx' flag is provided.
../../apps/web-worker/src/components/navigation/NavigationButton.tsx(4,34): error TS2307: Cannot find module '@rightfit/shared/types/navigation' or its corresponding type declarations.
../../apps/web-worker/src/components/navigation/NavigationButton.tsx(117,23): error TS2304: Cannot find name 'navigator'.
../../apps/web-worker/src/components/navigation/NavigationButton.tsx(216,7): error TS2304: Cannot find name 'window'.
../../apps/web-worker/src/components/navigation/NavigationButton.tsx(221,7): error TS2304: Cannot find name 'window'.
../../apps/web-worker/src/components/navigation/NavigationButton.tsx(279,5): error TS17004: Cannot use JSX unless the '--jsx' flag is provided.
../../apps/web-worker/src/components/navigation/NavigationButton.tsx(298,9): error TS17004: Cannot use JSX unless the '--jsx' flag is provided.
../../apps/web-worker/src/components/navigation/NavigationButton.tsx(300,13): error TS17004: Cannot use JSX unless the '--jsx' flag is provided.
../../apps/web-worker/src/components/navigation/NavigationButton.tsx(302,13): error TS17004: Cannot use JSX unless the '--jsx' flag is provided.
../../apps/web-worker/src/components/navigation/NavigationButton.tsx(304,13): error TS17004: Cannot use JSX unless the '--jsx' flag is provided.
../../apps/web-worker/src/components/navigation/NavigationButton.tsx(310,7): error TS17004: Cannot use JSX unless the '--jsx' flag is provided.
../../apps/web-worker/src/components/navigation/NavigationButton.tsx(314,9): error TS17004: Cannot use JSX unless the '--jsx' flag is provided.
../../apps/web-worker/src/components/navigation/NavigationButton.tsx(317,11): error TS2322: Type '{ className: string; "aria-hidden": "true"; title: string; }' is not assignable to type 'IntrinsicAttributes & LucideProps'.
  Property 'title' does not exist on type 'IntrinsicAttributes & LucideProps'.
../../apps/web-worker/src/components/navigation/TrafficAlert.tsx(12,3): error TS6133: 'X' is declared but its value is never read.
../../apps/web-worker/src/components/navigation/TrafficAlert.tsx(15,34): error TS2307: Cannot find module '@rightfit/shared/types/navigation' or its corresponding type declarations.
../../apps/web-worker/src/components/navigation/TrafficAlert.tsx(112,3): error TS6133: 'refreshInterval' is declared but its value is never read.
../../apps/web-worker/src/components/navigation/TrafficAlert.tsx(130,21): error TS2304: Cannot find name 'localStorage'.
../../apps/web-worker/src/components/navigation/TrafficAlert.tsx(147,20): error TS18046: 'responseData' is of type 'unknown'.
../../apps/web-worker/src/components/navigation/TrafficAlert.tsx(204,16): error TS17004: Cannot use JSX unless the '--jsx' flag is provided.
../../apps/web-worker/src/components/navigation/TrafficAlert.tsx(206,16): error TS17004: Cannot use JSX unless the '--jsx' flag is provided.
../../apps/web-worker/src/components/navigation/TrafficAlert.tsx(209,16): error TS17004: Cannot use JSX unless the '--jsx' flag is provided.
../../apps/web-worker/src/components/navigation/TrafficAlert.tsx(211,16): error TS17004: Cannot use JSX unless the '--jsx' flag is provided.
../../apps/web-worker/src/components/navigation/TrafficAlert.tsx(213,16): error TS17004: Cannot use JSX unless the '--jsx' flag is provided.
../../apps/web-worker/src/components/navigation/TrafficAlert.tsx(238,7): error TS17004: Cannot use JSX unless the '--jsx' flag is provided.
../../apps/web-worker/src/components/navigation/TrafficAlert.tsx(243,9): error TS17004: Cannot use JSX unless the '--jsx' flag is provided.
../../apps/web-worker/src/components/navigation/TrafficAlert.tsx(244,9): error TS17004: Cannot use JSX unless the '--jsx' flag is provided.
../../apps/web-worker/src/components/navigation/TrafficAlert.tsx(252,7): error TS17004: Cannot use JSX unless the '--jsx' flag is provided.
../../apps/web-worker/src/components/navigation/TrafficAlert.tsx(256,9): error TS17004: Cannot use JSX unless the '--jsx' flag is provided.
../../apps/web-worker/src/components/navigation/TrafficAlert.tsx(257,11): error TS17004: Cannot use JSX unless the '--jsx' flag is provided.
../../apps/web-worker/src/components/navigation/TrafficAlert.tsx(258,11): error TS17004: Cannot use JSX unless the '--jsx' flag is provided.
../../apps/web-worker/src/components/navigation/TrafficAlert.tsx(259,13): error TS17004: Cannot use JSX unless the '--jsx' flag is provided.
../../apps/web-worker/src/components/navigation/TrafficAlert.tsx(260,13): error TS17004: Cannot use JSX unless the '--jsx' flag is provided.
../../apps/web-worker/src/components/navigation/TrafficAlert.tsx(261,13): error TS17004: Cannot use JSX unless the '--jsx' flag is provided.
../../apps/web-worker/src/components/navigation/TrafficAlert.tsx(280,7): error TS17004: Cannot use JSX unless the '--jsx' flag is provided.
../../apps/web-worker/src/components/navigation/TrafficAlert.tsx(281,9): error TS17004: Cannot use JSX unless the '--jsx' flag is provided.
../../apps/web-worker/src/components/navigation/TrafficAlert.tsx(282,11): error TS17004: Cannot use JSX unless the '--jsx' flag is provided.
../../apps/web-worker/src/components/navigation/TrafficAlert.tsx(283,11): error TS17004: Cannot use JSX unless the '--jsx' flag is provided.
../../apps/web-worker/src/components/navigation/TrafficAlert.tsx(284,13): error TS17004: Cannot use JSX unless the '--jsx' flag is provided.
../../apps/web-worker/src/components/navigation/TrafficAlert.tsx(285,13): error TS17004: Cannot use JSX unless the '--jsx' flag is provided.
../../apps/web-worker/src/components/navigation/TrafficAlert.tsx(299,7): error TS17004: Cannot use JSX unless the '--jsx' flag is provided.
../../apps/web-worker/src/components/navigation/TrafficAlert.tsx(300,9): error TS17004: Cannot use JSX unless the '--jsx' flag is provided.
../../apps/web-worker/src/components/navigation/TrafficAlert.tsx(301,11): error TS17004: Cannot use JSX unless the '--jsx' flag is provided.
../../apps/web-worker/src/components/navigation/TrafficAlert.tsx(303,9): error TS17004: Cannot use JSX unless the '--jsx' flag is provided.
../../apps/web-worker/src/components/navigation/TrafficAlert.tsx(304,11): error TS17004: Cannot use JSX unless the '--jsx' flag is provided.
../../apps/web-worker/src/components/navigation/TrafficAlert.tsx(307,11): error TS17004: Cannot use JSX unless the '--jsx' flag is provided.
../../apps/web-worker/src/components/navigation/TrafficAlert.tsx(312,9): error TS17004: Cannot use JSX unless the '--jsx' flag is provided.
../../apps/web-worker/src/components/navigation/TrafficAlert.tsx(319,11): error TS17004: Cannot use JSX unless the '--jsx' flag is provided.
../../apps/web-worker/src/components/navigation/TrafficAlert.tsx(322,11): error TS17004: Cannot use JSX unless the '--jsx' flag is provided.
../../apps/web-worker/src/components/navigation/TrafficAlert.tsx(322,62): error TS2322: Type '{ className: string; title: string; }' is not assignable to type 'IntrinsicAttributes & LucideProps'.
  Property 'title' does not exist on type 'IntrinsicAttributes & LucideProps'.
../../apps/web-worker/src/components/navigation/TrafficAlert.tsx(330,5): error TS17004: Cannot use JSX unless the '--jsx' flag is provided.
../../apps/web-worker/src/components/navigation/TrafficAlert.tsx(332,7): error TS17004: Cannot use JSX unless the '--jsx' flag is provided.
../../apps/web-worker/src/components/navigation/TrafficAlert.tsx(335,9): error TS17004: Cannot use JSX unless the '--jsx' flag is provided.
../../apps/web-worker/src/components/navigation/TrafficAlert.tsx(336,11): error TS17004: Cannot use JSX unless the '--jsx' flag is provided.
../../apps/web-worker/src/components/navigation/TrafficAlert.tsx(338,13): error TS17004: Cannot use JSX unless the '--jsx' flag is provided.
../../apps/web-worker/src/components/navigation/TrafficAlert.tsx(339,15): error TS17004: Cannot use JSX unless the '--jsx' flag is provided.
../../apps/web-worker/src/components/navigation/TrafficAlert.tsx(343,17): error TS17004: Cannot use JSX unless the '--jsx' flag is provided.
../../apps/web-worker/src/components/navigation/TrafficAlert.tsx(344,19): error TS17004: Cannot use JSX unless the '--jsx' flag is provided.
../../apps/web-worker/src/components/navigation/TrafficAlert.tsx(350,11): error TS17004: Cannot use JSX unless the '--jsx' flag is provided.
../../apps/web-worker/src/components/navigation/TrafficAlert.tsx(351,13): error TS17004: Cannot use JSX unless the '--jsx' flag is provided.
../../apps/web-worker/src/components/navigation/TrafficAlert.tsx(353,15): error TS17004: Cannot use JSX unless the '--jsx' flag is provided.
../../apps/web-worker/src/components/navigation/TrafficAlert.tsx(354,17): error TS17004: Cannot use JSX unless the '--jsx' flag is provided.
../../apps/web-worker/src/components/navigation/TrafficAlert.tsx(364,9): error TS17004: Cannot use JSX unless the '--jsx' flag is provided.
../../apps/web-worker/src/components/navigation/TrafficAlert.tsx(366,72): error TS6133: 'index' is declared but its value is never read.
../../apps/web-worker/src/components/navigation/TrafficAlert.tsx(367,13): error TS17004: Cannot use JSX unless the '--jsx' flag is provided.
../../apps/web-worker/src/components/navigation/TrafficAlert.tsx(368,15): error TS17004: Cannot use JSX unless the '--jsx' flag is provided.
../../apps/web-worker/src/components/navigation/TrafficAlert.tsx(369,17): error TS17004: Cannot use JSX unless the '--jsx' flag is provided.
../../apps/web-worker/src/components/navigation/TrafficAlert.tsx(370,17): error TS17004: Cannot use JSX unless the '--jsx' flag is provided.
../../apps/web-worker/src/components/navigation/TrafficAlert.tsx(371,19): error TS17004: Cannot use JSX unless the '--jsx' flag is provided.
../../apps/web-worker/src/components/navigation/TrafficAlert.tsx(373,21): error TS17004: Cannot use JSX unless the '--jsx' flag is provided.
../../apps/web-worker/src/components/navigation/TrafficAlert.tsx(374,23): error TS17004: Cannot use JSX unless the '--jsx' flag is provided.
../../apps/web-worker/src/components/navigation/TrafficAlert.tsx(379,21): error TS17004: Cannot use JSX unless the '--jsx' flag is provided.
../../apps/web-worker/src/components/navigation/TrafficAlert.tsx(384,17): error TS17004: Cannot use JSX unless the '--jsx' flag is provided.
../../apps/web-worker/src/components/navigation/TrafficAlert.tsx(398,13): error TS17004: Cannot use JSX unless the '--jsx' flag is provided.
../../apps/web-worker/src/components/navigation/TrafficAlert.tsx(399,15): error TS17004: Cannot use JSX unless the '--jsx' flag is provided.
../../apps/web-worker/src/components/navigation/TrafficAlert.tsx(412,9): error TS17004: Cannot use JSX unless the '--jsx' flag is provided.
../../apps/web-worker/src/components/navigation/TrafficAlert.tsx(413,11): error TS17004: Cannot use JSX unless the '--jsx' flag is provided.
../../apps/web-worker/src/components/navigation/TrafficAlert.tsx(414,11): error TS17004: Cannot use JSX unless the '--jsx' flag is provided.
../../apps/web-worker/src/components/navigation/TrafficAlert.tsx(415,11): error TS17004: Cannot use JSX unless the '--jsx' flag is provided.
../../apps/web-worker/src/components/navigation/TrafficAlert.tsx(420,7): error TS17004: Cannot use JSX unless the '--jsx' flag is provided.
../../apps/web-worker/src/components/navigation/TrafficAlert.tsx(421,9): error TS17004: Cannot use JSX unless the '--jsx' flag is provided.
../../apps/web-worker/src/components/navigation/TrafficAlert.tsx(424,9): error TS17004: Cannot use JSX unless the '--jsx' flag is provided.
../../apps/web-worker/src/components/navigation/TrafficAlert.tsx(431,11): error TS17004: Cannot use JSX unless the '--jsx' flag is provided.
../../apps/web-worker/src/components/navigation/WeatherAlert.tsx(19,3): error TS6133: 'Navigation' is declared but its value is never read.
../../apps/web-worker/src/components/navigation/WeatherAlert.tsx(21,34): error TS2307: Cannot find module '@rightfit/shared/types/navigation' or its corresponding type declarations.
../../apps/web-worker/src/components/navigation/WeatherAlert.tsx(168,21): error TS2304: Cannot find name 'localStorage'.
../../apps/web-worker/src/components/navigation/WeatherAlert.tsx(183,20): error TS18046: 'responseData' is of type 'unknown'.
../../apps/web-worker/src/components/navigation/WeatherAlert.tsx(229,31): error TS17004: Cannot use JSX unless the '--jsx' flag is provided.
../../apps/web-worker/src/components/navigation/WeatherAlert.tsx(230,51): error TS17004: Cannot use JSX unless the '--jsx' flag is provided.
../../apps/web-worker/src/components/navigation/WeatherAlert.tsx(231,51): error TS17004: Cannot use JSX unless the '--jsx' flag is provided.
../../apps/web-worker/src/components/navigation/WeatherAlert.tsx(233,14): error TS17004: Cannot use JSX unless the '--jsx' flag is provided.
../../apps/web-worker/src/components/navigation/WeatherAlert.tsx(235,57): error TS17004: Cannot use JSX unless the '--jsx' flag is provided.
../../apps/web-worker/src/components/navigation/WeatherAlert.tsx(237,14): error TS17004: Cannot use JSX unless the '--jsx' flag is provided.
../../apps/web-worker/src/components/navigation/WeatherAlert.tsx(240,14): error TS17004: Cannot use JSX unless the '--jsx' flag is provided.
../../apps/web-worker/src/components/navigation/WeatherAlert.tsx(243,14): error TS17004: Cannot use JSX unless the '--jsx' flag is provided.
../../apps/web-worker/src/components/navigation/WeatherAlert.tsx(246,12): error TS17004: Cannot use JSX unless the '--jsx' flag is provided.
../../apps/web-worker/src/components/navigation/WeatherAlert.tsx(274,16): error TS17004: Cannot use JSX unless the '--jsx' flag is provided.
../../apps/web-worker/src/components/navigation/WeatherAlert.tsx(276,16): error TS17004: Cannot use JSX unless the '--jsx' flag is provided.
../../apps/web-worker/src/components/navigation/WeatherAlert.tsx(278,16): error TS17004: Cannot use JSX unless the '--jsx' flag is provided.
../../apps/web-worker/src/components/navigation/WeatherAlert.tsx(280,16): error TS17004: Cannot use JSX unless the '--jsx' flag is provided.
../../apps/web-worker/src/components/navigation/WeatherAlert.tsx(282,16): error TS17004: Cannot use JSX unless the '--jsx' flag is provided.
../../apps/web-worker/src/components/navigation/WeatherAlert.tsx(289,9): error TS6133: 'formatWindDirection' is declared but its value is never read.
../../apps/web-worker/src/components/navigation/WeatherAlert.tsx(296,7): error TS17004: Cannot use JSX unless the '--jsx' flag is provided.
../../apps/web-worker/src/components/navigation/WeatherAlert.tsx(301,9): error TS17004: Cannot use JSX unless the '--jsx' flag is provided.
../../apps/web-worker/src/components/navigation/WeatherAlert.tsx(302,9): error TS17004: Cannot use JSX unless the '--jsx' flag is provided.
../../apps/web-worker/src/components/navigation/WeatherAlert.tsx(310,7): error TS17004: Cannot use JSX unless the '--jsx' flag is provided.
../../apps/web-worker/src/components/navigation/WeatherAlert.tsx(314,9): error TS17004: Cannot use JSX unless the '--jsx' flag is provided.
../../apps/web-worker/src/components/navigation/WeatherAlert.tsx(315,11): error TS17004: Cannot use JSX unless the '--jsx' flag is provided.
../../apps/web-worker/src/components/navigation/WeatherAlert.tsx(316,11): error TS17004: Cannot use JSX unless the '--jsx' flag is provided.
../../apps/web-worker/src/components/navigation/WeatherAlert.tsx(317,13): error TS17004: Cannot use JSX unless the '--jsx' flag is provided.
../../apps/web-worker/src/components/navigation/WeatherAlert.tsx(318,13): error TS17004: Cannot use JSX unless the '--jsx' flag is provided.
../../apps/web-worker/src/components/navigation/WeatherAlert.tsx(319,13): error TS17004: Cannot use JSX unless the '--jsx' flag is provided.
../../apps/web-worker/src/components/navigation/WeatherAlert.tsx(338,7): error TS17004: Cannot use JSX unless the '--jsx' flag is provided.
../../apps/web-worker/src/components/navigation/WeatherAlert.tsx(339,9): error TS17004: Cannot use JSX unless the '--jsx' flag is provided.
../../apps/web-worker/src/components/navigation/WeatherAlert.tsx(342,9): error TS17004: Cannot use JSX unless the '--jsx' flag is provided.
../../apps/web-worker/src/components/navigation/WeatherAlert.tsx(343,11): error TS17004: Cannot use JSX unless the '--jsx' flag is provided.
../../apps/web-worker/src/components/navigation/WeatherAlert.tsx(346,11): error TS17004: Cannot use JSX unless the '--jsx' flag is provided.
../../apps/web-worker/src/components/navigation/WeatherAlert.tsx(349,11): error TS17004: Cannot use JSX unless the '--jsx' flag is provided.
../../apps/web-worker/src/components/navigation/WeatherAlert.tsx(349,62): error TS2322: Type '{ className: string; title: string; }' is not assignable to type 'IntrinsicAttributes & LucideProps'.
  Property 'title' does not exist on type 'IntrinsicAttributes & LucideProps'.
../../apps/web-worker/src/components/navigation/WeatherAlert.tsx(357,5): error TS17004: Cannot use JSX unless the '--jsx' flag is provided.
../../apps/web-worker/src/components/navigation/WeatherAlert.tsx(359,7): error TS17004: Cannot use JSX unless the '--jsx' flag is provided.
../../apps/web-worker/src/components/navigation/WeatherAlert.tsx(362,9): error TS17004: Cannot use JSX unless the '--jsx' flag is provided.
../../apps/web-worker/src/components/navigation/WeatherAlert.tsx(363,11): error TS17004: Cannot use JSX unless the '--jsx' flag is provided.
../../apps/web-worker/src/components/navigation/WeatherAlert.tsx(365,13): error TS17004: Cannot use JSX unless the '--jsx' flag is provided.
../../apps/web-worker/src/components/navigation/WeatherAlert.tsx(366,15): error TS17004: Cannot use JSX unless the '--jsx' flag is provided.
../../apps/web-worker/src/components/navigation/WeatherAlert.tsx(369,15): error TS17004: Cannot use JSX unless the '--jsx' flag is provided.
../../apps/web-worker/src/components/navigation/WeatherAlert.tsx(374,11): error TS17004: Cannot use JSX unless the '--jsx' flag is provided.
../../apps/web-worker/src/components/navigation/WeatherAlert.tsx(375,13): error TS17004: Cannot use JSX unless the '--jsx' flag is provided.
../../apps/web-worker/src/components/navigation/WeatherAlert.tsx(376,13): error TS17004: Cannot use JSX unless the '--jsx' flag is provided.
../../apps/web-worker/src/components/navigation/WeatherAlert.tsx(384,7): error TS17004: Cannot use JSX unless the '--jsx' flag is provided.
../../apps/web-worker/src/components/navigation/WeatherAlert.tsx(385,9): error TS17004: Cannot use JSX unless the '--jsx' flag is provided.
../../apps/web-worker/src/components/navigation/WeatherAlert.tsx(386,11): error TS17004: Cannot use JSX unless the '--jsx' flag is provided.
../../apps/web-worker/src/components/navigation/WeatherAlert.tsx(389,11): error TS17004: Cannot use JSX unless the '--jsx' flag is provided.
../../apps/web-worker/src/components/navigation/WeatherAlert.tsx(390,13): error TS17004: Cannot use JSX unless the '--jsx' flag is provided.
../../apps/web-worker/src/components/navigation/WeatherAlert.tsx(391,13): error TS17004: Cannot use JSX unless the '--jsx' flag is provided.
../../apps/web-worker/src/components/navigation/WeatherAlert.tsx(397,11): error TS17004: Cannot use JSX unless the '--jsx' flag is provided.
../../apps/web-worker/src/components/navigation/WeatherAlert.tsx(398,13): error TS17004: Cannot use JSX unless the '--jsx' flag is provided.
../../apps/web-worker/src/components/navigation/WeatherAlert.tsx(399,15): error TS17004: Cannot use JSX unless the '--jsx' flag is provided.
../../apps/web-worker/src/components/navigation/WeatherAlert.tsx(400,15): error TS17004: Cannot use JSX unless the '--jsx' flag is provided.
../../apps/web-worker/src/components/navigation/WeatherAlert.tsx(401,17): error TS17004: Cannot use JSX unless the '--jsx' flag is provided.
../../apps/web-worker/src/components/navigation/WeatherAlert.tsx(402,17): error TS17004: Cannot use JSX unless the '--jsx' flag is provided.
../../apps/web-worker/src/components/navigation/WeatherAlert.tsx(408,13): error TS17004: Cannot use JSX unless the '--jsx' flag is provided.
../../apps/web-worker/src/components/navigation/WeatherAlert.tsx(409,15): error TS17004: Cannot use JSX unless the '--jsx' flag is provided.
../../apps/web-worker/src/components/navigation/WeatherAlert.tsx(410,15): error TS17004: Cannot use JSX unless the '--jsx' flag is provided.
../../apps/web-worker/src/components/navigation/WeatherAlert.tsx(411,17): error TS17004: Cannot use JSX unless the '--jsx' flag is provided.
../../apps/web-worker/src/components/navigation/WeatherAlert.tsx(412,17): error TS17004: Cannot use JSX unless the '--jsx' flag is provided.
../../apps/web-worker/src/components/navigation/WeatherAlert.tsx(416,13): error TS17004: Cannot use JSX unless the '--jsx' flag is provided.
../../apps/web-worker/src/components/navigation/WeatherAlert.tsx(417,15): error TS17004: Cannot use JSX unless the '--jsx' flag is provided.
../../apps/web-worker/src/components/navigation/WeatherAlert.tsx(418,15): error TS17004: Cannot use JSX unless the '--jsx' flag is provided.
../../apps/web-worker/src/components/navigation/WeatherAlert.tsx(419,17): error TS17004: Cannot use JSX unless the '--jsx' flag is provided.
../../apps/web-worker/src/components/navigation/WeatherAlert.tsx(420,17): error TS17004: Cannot use JSX unless the '--jsx' flag is provided.
../../apps/web-worker/src/components/navigation/WeatherAlert.tsx(424,13): error TS17004: Cannot use JSX unless the '--jsx' flag is provided.
../../apps/web-worker/src/components/navigation/WeatherAlert.tsx(425,15): error TS17004: Cannot use JSX unless the '--jsx' flag is provided.
../../apps/web-worker/src/components/navigation/WeatherAlert.tsx(426,15): error TS17004: Cannot use JSX unless the '--jsx' flag is provided.
../../apps/web-worker/src/components/navigation/WeatherAlert.tsx(427,17): error TS17004: Cannot use JSX unless the '--jsx' flag is provided.
../../apps/web-worker/src/components/navigation/WeatherAlert.tsx(428,17): error TS17004: Cannot use JSX unless the '--jsx' flag is provided.
../../apps/web-worker/src/components/navigation/WeatherAlert.tsx(437,9): error TS17004: Cannot use JSX unless the '--jsx' flag is provided.
../../apps/web-worker/src/components/navigation/WeatherAlert.tsx(438,11): error TS17004: Cannot use JSX unless the '--jsx' flag is provided.
../../apps/web-worker/src/components/navigation/WeatherAlert.tsx(439,13): error TS17004: Cannot use JSX unless the '--jsx' flag is provided.
../../apps/web-worker/src/components/navigation/WeatherAlert.tsx(442,11): error TS17004: Cannot use JSX unless the '--jsx' flag is provided.
../../apps/web-worker/src/components/navigation/WeatherAlert.tsx(444,15): error TS17004: Cannot use JSX unless the '--jsx' flag is provided.
../../apps/web-worker/src/components/navigation/WeatherAlert.tsx(445,17): error TS17004: Cannot use JSX unless the '--jsx' flag is provided.
../../apps/web-worker/src/components/navigation/WeatherAlert.tsx(446,17): error TS17004: Cannot use JSX unless the '--jsx' flag is provided.
../../apps/web-worker/src/components/navigation/WeatherAlert.tsx(455,9): error TS17004: Cannot use JSX unless the '--jsx' flag is provided.
../../apps/web-worker/src/components/navigation/WeatherAlert.tsx(456,11): error TS17004: Cannot use JSX unless the '--jsx' flag is provided.
../../apps/web-worker/src/components/navigation/WeatherAlert.tsx(457,13): error TS17004: Cannot use JSX unless the '--jsx' flag is provided.
../../apps/web-worker/src/components/navigation/WeatherAlert.tsx(460,11): error TS17004: Cannot use JSX unless the '--jsx' flag is provided.
../../apps/web-worker/src/components/navigation/WeatherAlert.tsx(462,15): error TS17004: Cannot use JSX unless the '--jsx' flag is provided.
../../apps/web-worker/src/components/navigation/WeatherAlert.tsx(463,17): error TS17004: Cannot use JSX unless the '--jsx' flag is provided.
../../apps/web-worker/src/components/navigation/WeatherAlert.tsx(464,17): error TS17004: Cannot use JSX unless the '--jsx' flag is provided.
../../apps/web-worker/src/components/navigation/WeatherAlert.tsx(472,7): error TS17004: Cannot use JSX unless the '--jsx' flag is provided.
../../apps/web-worker/src/components/navigation/WeatherAlert.tsx(473,9): error TS17004: Cannot use JSX unless the '--jsx' flag is provided.
../../apps/web-worker/src/components/navigation/index.ts(7,45): error TS6142: Module './NavigationButton' was resolved to '/home/orrox/projects/rightfit-cleaning-staging/apps/web-worker/src/components/navigation/NavigationButton.tsx', but '--jsx' is not set.
../../apps/web-worker/src/components/navigation/index.ts(8,60): error TS6142: Module './NavigationButton' was resolved to '/home/orrox/projects/rightfit-cleaning-staging/apps/web-worker/src/components/navigation/NavigationButton.tsx', but '--jsx' is not set.
../../apps/web-worker/src/components/navigation/index.ts(10,36): error TS2307: Cannot find module './MapView' or its corresponding type declarations.
../../apps/web-worker/src/components/navigation/index.ts(11,46): error TS2307: Cannot find module './MapView' or its corresponding type declarations.
../../apps/web-worker/src/components/navigation/index.ts(13,41): error TS6142: Module './WeatherAlert' was resolved to '/home/orrox/projects/rightfit-cleaning-staging/apps/web-worker/src/components/navigation/WeatherAlert.tsx', but '--jsx' is not set.
../../apps/web-worker/src/components/navigation/index.ts(21,8): error TS6142: Module './WeatherAlert' was resolved to '/home/orrox/projects/rightfit-cleaning-staging/apps/web-worker/src/components/navigation/WeatherAlert.tsx', but '--jsx' is not set.
../../apps/web-worker/src/config/api.ts(4,29): error TS1343: The 'import.meta' meta-property is only allowed when the '--module' option is 'es2020', 'es2022', 'esnext', 'system', 'node16', 'node18', 'node20', or 'nodenext'.
../../apps/web-worker/src/contexts/AuthContext.tsx(22,21): error TS2304: Cannot find name 'localStorage'.
../../apps/web-worker/src/contexts/AuthContext.tsx(23,24): error TS2304: Cannot find name 'localStorage'.
../../apps/web-worker/src/contexts/AuthContext.tsx(24,33): error TS2304: Cannot find name 'localStorage'.
../../apps/web-worker/src/contexts/AuthContext.tsx(36,23): error TS18046: 'data' is of type 'unknown'.
../../apps/web-worker/src/contexts/AuthContext.tsx(39,13): error TS2304: Cannot find name 'localStorage'.
../../apps/web-worker/src/contexts/AuthContext.tsx(40,13): error TS2304: Cannot find name 'localStorage'.
../../apps/web-worker/src/contexts/AuthContext.tsx(41,13): error TS2304: Cannot find name 'localStorage'.
../../apps/web-worker/src/contexts/AuthContext.tsx(45,11): error TS2304: Cannot find name 'localStorage'.
../../apps/web-worker/src/contexts/AuthContext.tsx(46,11): error TS2304: Cannot find name 'localStorage'.
../../apps/web-worker/src/contexts/AuthContext.tsx(47,11): error TS2304: Cannot find name 'localStorage'.
../../apps/web-worker/src/contexts/AuthContext.tsx(73,25): error TS18046: 'error' is of type 'unknown'.
../../apps/web-worker/src/contexts/AuthContext.tsx(73,40): error TS18046: 'error' is of type 'unknown'.
../../apps/web-worker/src/contexts/AuthContext.tsx(77,21): error TS18046: 'authData' is of type 'unknown'.
../../apps/web-worker/src/contexts/AuthContext.tsx(91,28): error TS18046: 'workerData' is of type 'unknown'.
../../apps/web-worker/src/contexts/AuthContext.tsx(94,7): error TS2304: Cannot find name 'localStorage'.
../../apps/web-worker/src/contexts/AuthContext.tsx(95,7): error TS2304: Cannot find name 'localStorage'.
../../apps/web-worker/src/contexts/AuthContext.tsx(96,7): error TS2304: Cannot find name 'localStorage'.
../../apps/web-worker/src/contexts/AuthContext.tsx(107,5): error TS2304: Cannot find name 'localStorage'.
../../apps/web-worker/src/contexts/AuthContext.tsx(108,5): error TS2304: Cannot find name 'localStorage'.
../../apps/web-worker/src/contexts/AuthContext.tsx(109,5): error TS2304: Cannot find name 'localStorage'.
../../apps/web-worker/src/contexts/AuthContext.tsx(121,10): error TS17004: Cannot use JSX unless the '--jsx' flag is provided.
../../apps/web-worker/src/hooks/useArrivalDetection.ts(2,34): error TS2307: Cannot find module '@rightfit/shared/types/navigation' or its corresponding type declarations.
../../apps/web-worker/src/hooks/useGeolocation.ts(2,34): error TS2307: Cannot find module '@rightfit/shared/types/navigation' or its corresponding type declarations.
../../apps/web-worker/src/hooks/useGeolocation.ts(187,40): error TS2304: Cannot find name 'navigator'.
../../apps/web-worker/src/hooks/useGeolocation.ts(192,52): error TS2304: Cannot find name 'GeolocationPositionError'.
../../apps/web-worker/src/hooks/useGeolocation.ts(224,31): error TS2304: Cannot find name 'localStorage'.
../../apps/web-worker/src/hooks/useGeolocation.ts(240,7): error TS2304: Cannot find name 'navigator'.
../../apps/web-worker/src/hooks/useGeolocation.ts(241,10): error TS7006: Parameter 'position' implicitly has an 'any' type.
../../apps/web-worker/src/hooks/useGeolocation.ts(251,10): error TS7006: Parameter 'err' implicitly has an 'any' type.
../../apps/web-worker/src/hooks/useGeolocation.ts(268,10): error TS2304: Cannot find name 'navigator'.
../../apps/web-worker/src/hooks/useGeolocation.ts(273,28): error TS2304: Cannot find name 'navigator'.
../../apps/web-worker/src/hooks/useGeolocation.ts(330,29): error TS2304: Cannot find name 'localStorage'.
../../apps/web-worker/src/hooks/useGeolocation.ts(341,21): error TS2304: Cannot find name 'navigator'.
../../apps/web-worker/src/hooks/useGeolocation.ts(342,8): error TS7006: Parameter 'position' implicitly has an 'any' type.
../../apps/web-worker/src/hooks/useGeolocation.ts(356,8): error TS7006: Parameter 'err' implicitly has an 'any' type.
../../apps/web-worker/src/hooks/useGeolocation.ts(378,7): error TS2304: Cannot find name 'navigator'.
../../apps/web-worker/src/hooks/useGeolocation.ts(411,9): error TS2304: Cannot find name 'navigator'.
../../apps/web-worker/src/hooks/useRouteTracking.ts(2,34): error TS2307: Cannot find module '@rightfit/shared/types/navigation' or its corresponding type declarations.
../../apps/web-worker/src/hooks/useRouteTracking.ts(280,37): error TS2304: Cannot find name 'window'.
../../apps/web-worker/src/main.tsx(3,17): error TS5097: An import path can only end with a '.tsx' extension when 'allowImportingTsExtensions' is enabled.
../../apps/web-worker/src/main.tsx(3,17): error TS6142: Module './App.tsx' was resolved to '/home/orrox/projects/rightfit-cleaning-staging/apps/web-worker/src/App.tsx', but '--jsx' is not set.
../../apps/web-worker/src/main.tsx(7,21): error TS2584: Cannot find name 'document'. Do you need to change your target library? Try changing the 'lib' compiler option to include 'dom'.
../../apps/web-worker/src/main.tsx(8,3): error TS17004: Cannot use JSX unless the '--jsx' flag is provided.
../../apps/web-worker/src/main.tsx(9,5): error TS17004: Cannot use JSX unless the '--jsx' flag is provided.
../../apps/web-worker/src/pages/auth/ForgotPassword.tsx(30,25): error TS18046: 'data' is of type 'unknown'.
../../apps/web-worker/src/pages/auth/ForgotPassword.tsx(42,5): error TS17004: Cannot use JSX unless the '--jsx' flag is provided.
../../apps/web-worker/src/pages/auth/ForgotPassword.tsx(43,7): error TS17004: Cannot use JSX unless the '--jsx' flag is provided.
../../apps/web-worker/src/pages/auth/ForgotPassword.tsx(45,9): error TS17004: Cannot use JSX unless the '--jsx' flag is provided.
../../apps/web-worker/src/pages/auth/ForgotPassword.tsx(46,11): error TS17004: Cannot use JSX unless the '--jsx' flag is provided.
../../apps/web-worker/src/pages/auth/ForgotPassword.tsx(47,13): error TS17004: Cannot use JSX unless the '--jsx' flag is provided.
../../apps/web-worker/src/pages/auth/ForgotPassword.tsx(49,11): error TS17004: Cannot use JSX unless the '--jsx' flag is provided.
../../apps/web-worker/src/pages/auth/ForgotPassword.tsx(52,11): error TS17004: Cannot use JSX unless the '--jsx' flag is provided.
../../apps/web-worker/src/pages/auth/ForgotPassword.tsx(58,9): error TS17004: Cannot use JSX unless the '--jsx' flag is provided.
../../apps/web-worker/src/pages/auth/ForgotPassword.tsx(60,13): error TS17004: Cannot use JSX unless the '--jsx' flag is provided.
../../apps/web-worker/src/pages/auth/ForgotPassword.tsx(61,15): error TS17004: Cannot use JSX unless the '--jsx' flag is provided.
../../apps/web-worker/src/pages/auth/ForgotPassword.tsx(62,17): error TS17004: Cannot use JSX unless the '--jsx' flag is provided.
../../apps/web-worker/src/pages/auth/ForgotPassword.tsx(66,19): error TS17004: Cannot use JSX unless the '--jsx' flag is provided.
../../apps/web-worker/src/pages/auth/ForgotPassword.tsx(72,17): error TS17004: Cannot use JSX unless the '--jsx' flag is provided.
../../apps/web-worker/src/pages/auth/ForgotPassword.tsx(73,19): error TS17004: Cannot use JSX unless the '--jsx' flag is provided.
../../apps/web-worker/src/pages/auth/ForgotPassword.tsx(74,19): error TS17004: Cannot use JSX unless the '--jsx' flag is provided.
../../apps/web-worker/src/pages/auth/ForgotPassword.tsx(75,21): error TS17004: Cannot use JSX unless the '--jsx' flag is provided.
../../apps/web-worker/src/pages/auth/ForgotPassword.tsx(76,21): error TS17004: Cannot use JSX unless the '--jsx' flag is provided.
../../apps/web-worker/src/pages/auth/ForgotPassword.tsx(81,15): error TS17004: Cannot use JSX unless the '--jsx' flag is provided.
../../apps/web-worker/src/pages/auth/ForgotPassword.tsx(83,17): error TS17004: Cannot use JSX unless the '--jsx' flag is provided.
../../apps/web-worker/src/pages/auth/ForgotPassword.tsx(84,19): error TS17004: Cannot use JSX unless the '--jsx' flag is provided.
../../apps/web-worker/src/pages/auth/ForgotPassword.tsx(87,19): error TS17004: Cannot use JSX unless the '--jsx' flag is provided.
../../apps/web-worker/src/pages/auth/ForgotPassword.tsx(88,21): error TS17004: Cannot use JSX unless the '--jsx' flag is provided.
../../apps/web-worker/src/pages/auth/ForgotPassword.tsx(89,21): error TS17004: Cannot use JSX unless the '--jsx' flag is provided.
../../apps/web-worker/src/pages/auth/ForgotPassword.tsx(93,58): error TS2339: Property 'value' does not exist on type 'EventTarget & HTMLInputElement'.
../../apps/web-worker/src/pages/auth/ForgotPassword.tsx(100,19): error TS17004: Cannot use JSX unless the '--jsx' flag is provided.
../../apps/web-worker/src/pages/auth/ForgotPassword.tsx(106,17): error TS17004: Cannot use JSX unless the '--jsx' flag is provided.
../../apps/web-worker/src/pages/auth/ForgotPassword.tsx(112,21): error TS17004: Cannot use JSX unless the '--jsx' flag is provided.
../../apps/web-worker/src/pages/auth/ForgotPassword.tsx(113,23): error TS17004: Cannot use JSX unless the '--jsx' flag is provided.
../../apps/web-worker/src/pages/auth/ForgotPassword.tsx(123,13): error TS17004: Cannot use JSX unless the '--jsx' flag is provided.
../../apps/web-worker/src/pages/auth/ForgotPassword.tsx(124,15): error TS17004: Cannot use JSX unless the '--jsx' flag is provided.
../../apps/web-worker/src/pages/auth/ForgotPassword.tsx(125,17): error TS17004: Cannot use JSX unless the '--jsx' flag is provided.
../../apps/web-worker/src/pages/auth/ForgotPassword.tsx(127,15): error TS17004: Cannot use JSX unless the '--jsx' flag is provided.
../../apps/web-worker/src/pages/auth/ForgotPassword.tsx(130,15): error TS17004: Cannot use JSX unless the '--jsx' flag is provided.
../../apps/web-worker/src/pages/auth/ForgotPassword.tsx(133,15): error TS17004: Cannot use JSX unless the '--jsx' flag is provided.
../../apps/web-worker/src/pages/auth/ForgotPassword.tsx(136,15): error TS17004: Cannot use JSX unless the '--jsx' flag is provided.
../../apps/web-worker/src/pages/auth/ForgotPassword.tsx(140,15): error TS17004: Cannot use JSX unless the '--jsx' flag is provided.
../../apps/web-worker/src/pages/auth/ForgotPassword.tsx(144,17): error TS17004: Cannot use JSX unless the '--jsx' flag is provided.
../../apps/web-worker/src/pages/auth/ForgotPassword.tsx(152,9): error TS17004: Cannot use JSX unless the '--jsx' flag is provided.
../../apps/web-worker/src/pages/auth/Login.tsx(3,25): error TS6142: Module '../../contexts/AuthContext' was resolved to '/home/orrox/projects/rightfit-cleaning-staging/apps/web-worker/src/contexts/AuthContext.tsx', but '--jsx' is not set.
../../apps/web-worker/src/pages/auth/Login.tsx(31,5): error TS17004: Cannot use JSX unless the '--jsx' flag is provided.
../../apps/web-worker/src/pages/auth/Login.tsx(32,7): error TS17004: Cannot use JSX unless the '--jsx' flag is provided.
../../apps/web-worker/src/pages/auth/Login.tsx(34,9): error TS17004: Cannot use JSX unless the '--jsx' flag is provided.
../../apps/web-worker/src/pages/auth/Login.tsx(35,11): error TS17004: Cannot use JSX unless the '--jsx' flag is provided.
../../apps/web-worker/src/pages/auth/Login.tsx(36,13): error TS17004: Cannot use JSX unless the '--jsx' flag is provided.
../../apps/web-worker/src/pages/auth/Login.tsx(38,11): error TS17004: Cannot use JSX unless the '--jsx' flag is provided.
../../apps/web-worker/src/pages/auth/Login.tsx(41,11): error TS17004: Cannot use JSX unless the '--jsx' flag is provided.
../../apps/web-worker/src/pages/auth/Login.tsx(47,9): error TS17004: Cannot use JSX unless the '--jsx' flag is provided.
../../apps/web-worker/src/pages/auth/Login.tsx(48,11): error TS17004: Cannot use JSX unless the '--jsx' flag is provided.
../../apps/web-worker/src/pages/auth/Login.tsx(51,13): error TS17004: Cannot use JSX unless the '--jsx' flag is provided.
../../apps/web-worker/src/pages/auth/Login.tsx(52,15): error TS17004: Cannot use JSX unless the '--jsx' flag is provided.
../../apps/web-worker/src/pages/auth/Login.tsx(53,15): error TS17004: Cannot use JSX unless the '--jsx' flag is provided.
../../apps/web-worker/src/pages/auth/Login.tsx(54,17): error TS17004: Cannot use JSX unless the '--jsx' flag is provided.
../../apps/web-worker/src/pages/auth/Login.tsx(55,17): error TS17004: Cannot use JSX unless the '--jsx' flag is provided.
../../apps/web-worker/src/pages/auth/Login.tsx(60,11): error TS17004: Cannot use JSX unless the '--jsx' flag is provided.
../../apps/web-worker/src/pages/auth/Login.tsx(62,13): error TS17004: Cannot use JSX unless the '--jsx' flag is provided.
../../apps/web-worker/src/pages/auth/Login.tsx(63,15): error TS17004: Cannot use JSX unless the '--jsx' flag is provided.
../../apps/web-worker/src/pages/auth/Login.tsx(66,15): error TS17004: Cannot use JSX unless the '--jsx' flag is provided.
../../apps/web-worker/src/pages/auth/Login.tsx(67,17): error TS17004: Cannot use JSX unless the '--jsx' flag is provided.
../../apps/web-worker/src/pages/auth/Login.tsx(68,17): error TS17004: Cannot use JSX unless the '--jsx' flag is provided.
../../apps/web-worker/src/pages/auth/Login.tsx(72,54): error TS2339: Property 'value' does not exist on type 'EventTarget & HTMLInputElement'.
../../apps/web-worker/src/pages/auth/Login.tsx(82,13): error TS17004: Cannot use JSX unless the '--jsx' flag is provided.
../../apps/web-worker/src/pages/auth/Login.tsx(83,15): error TS17004: Cannot use JSX unless the '--jsx' flag is provided.
../../apps/web-worker/src/pages/auth/Login.tsx(86,15): error TS17004: Cannot use JSX unless the '--jsx' flag is provided.
../../apps/web-worker/src/pages/auth/Login.tsx(87,17): error TS17004: Cannot use JSX unless the '--jsx' flag is provided.
../../apps/web-worker/src/pages/auth/Login.tsx(88,17): error TS17004: Cannot use JSX unless the '--jsx' flag is provided.
../../apps/web-worker/src/pages/auth/Login.tsx(92,57): error TS2339: Property 'value' does not exist on type 'EventTarget & HTMLInputElement'.
../../apps/web-worker/src/pages/auth/Login.tsx(102,13): error TS17004: Cannot use JSX unless the '--jsx' flag is provided.
../../apps/web-worker/src/pages/auth/Login.tsx(103,15): error TS17004: Cannot use JSX unless the '--jsx' flag is provided.
../../apps/web-worker/src/pages/auth/Login.tsx(104,17): error TS17004: Cannot use JSX unless the '--jsx' flag is provided.
../../apps/web-worker/src/pages/auth/Login.tsx(107,59): error TS2339: Property 'checked' does not exist on type 'EventTarget & HTMLInputElement'.
../../apps/web-worker/src/pages/auth/Login.tsx(110,17): error TS17004: Cannot use JSX unless the '--jsx' flag is provided.
../../apps/web-worker/src/pages/auth/Login.tsx(113,15): error TS17004: Cannot use JSX unless the '--jsx' flag is provided.
../../apps/web-worker/src/pages/auth/Login.tsx(122,13): error TS17004: Cannot use JSX unless the '--jsx' flag is provided.
../../apps/web-worker/src/pages/auth/Login.tsx(128,17): error TS17004: Cannot use JSX unless the '--jsx' flag is provided.
../../apps/web-worker/src/pages/auth/Login.tsx(129,19): error TS17004: Cannot use JSX unless the '--jsx' flag is provided.
../../apps/web-worker/src/pages/auth/Login.tsx(139,11): error TS17004: Cannot use JSX unless the '--jsx' flag is provided.
../../apps/web-worker/src/pages/auth/Login.tsx(140,13): error TS17004: Cannot use JSX unless the '--jsx' flag is provided.
../../apps/web-worker/src/pages/auth/Login.tsx(142,15): error TS17004: Cannot use JSX unless the '--jsx' flag is provided.
../../apps/web-worker/src/pages/auth/Login.tsx(150,9): error TS17004: Cannot use JSX unless the '--jsx' flag is provided.
../../apps/web-worker/src/pages/availability/ManageAvailability.tsx(5,18): error TS6133: 'isSameDay' is declared but its value is never read.
../../apps/web-worker/src/pages/availability/ManageAvailability.tsx(6,25): error TS6142: Module '../../contexts/AuthContext' was resolved to '/home/orrox/projects/rightfit-cleaning-staging/apps/web-worker/src/contexts/AuthContext.tsx', but '--jsx' is not set.
../../apps/web-worker/src/pages/availability/ManageAvailability.tsx(29,21): error TS2304: Cannot find name 'localStorage'.
../../apps/web-worker/src/pages/availability/ManageAvailability.tsx(41,25): error TS18046: 'data' is of type 'unknown'.
../../apps/web-worker/src/pages/availability/ManageAvailability.tsx(66,10): error TS2304: Cannot find name 'confirm'.
../../apps/web-worker/src/pages/availability/ManageAvailability.tsx(69,21): error TS2304: Cannot find name 'localStorage'.
../../apps/web-worker/src/pages/availability/ManageAvailability.tsx(83,9): error TS2304: Cannot find name 'alert'.
../../apps/web-worker/src/pages/availability/ManageAvailability.tsx(87,7): error TS2304: Cannot find name 'alert'.
../../apps/web-worker/src/pages/availability/ManageAvailability.tsx(92,5): error TS17004: Cannot use JSX unless the '--jsx' flag is provided.
../../apps/web-worker/src/pages/availability/ManageAvailability.tsx(94,7): error TS17004: Cannot use JSX unless the '--jsx' flag is provided.
../../apps/web-worker/src/pages/availability/ManageAvailability.tsx(98,9): error TS17004: Cannot use JSX unless the '--jsx' flag is provided.
../../apps/web-worker/src/pages/availability/ManageAvailability.tsx(99,9): error TS17004: Cannot use JSX unless the '--jsx' flag is provided.
../../apps/web-worker/src/pages/availability/ManageAvailability.tsx(103,7): error TS17004: Cannot use JSX unless the '--jsx' flag is provided.
../../apps/web-worker/src/pages/availability/ManageAvailability.tsx(104,9): error TS17004: Cannot use JSX unless the '--jsx' flag is provided.
../../apps/web-worker/src/pages/availability/ManageAvailability.tsx(105,11): error TS17004: Cannot use JSX unless the '--jsx' flag is provided.
../../apps/web-worker/src/pages/availability/ManageAvailability.tsx(106,13): error TS17004: Cannot use JSX unless the '--jsx' flag is provided.
../../apps/web-worker/src/pages/availability/ManageAvailability.tsx(109,11): error TS17004: Cannot use JSX unless the '--jsx' flag is provided.
../../apps/web-worker/src/pages/availability/ManageAvailability.tsx(112,9): error TS17004: Cannot use JSX unless the '--jsx' flag is provided.
../../apps/web-worker/src/pages/availability/ManageAvailability.tsx(119,11): error TS17004: Cannot use JSX unless the '--jsx' flag is provided.
../../apps/web-worker/src/pages/availability/ManageAvailability.tsx(125,9): error TS17004: Cannot use JSX unless the '--jsx' flag is provided.
../../apps/web-worker/src/pages/availability/ManageAvailability.tsx(126,11): error TS17004: Cannot use JSX unless the '--jsx' flag is provided.
../../apps/web-worker/src/pages/availability/ManageAvailability.tsx(127,13): error TS17004: Cannot use JSX unless the '--jsx' flag is provided.
../../apps/web-worker/src/pages/availability/ManageAvailability.tsx(128,13): error TS17004: Cannot use JSX unless the '--jsx' flag is provided.
../../apps/web-worker/src/pages/availability/ManageAvailability.tsx(132,9): error TS17004: Cannot use JSX unless the '--jsx' flag is provided.
../../apps/web-worker/src/pages/availability/ManageAvailability.tsx(134,11): error TS17004: Cannot use JSX unless the '--jsx' flag is provided.
../../apps/web-worker/src/pages/availability/ManageAvailability.tsx(135,13): error TS17004: Cannot use JSX unless the '--jsx' flag is provided.
../../apps/web-worker/src/pages/availability/ManageAvailability.tsx(136,15): error TS17004: Cannot use JSX unless the '--jsx' flag is provided.
../../apps/web-worker/src/pages/availability/ManageAvailability.tsx(148,15): error TS17004: Cannot use JSX unless the '--jsx' flag is provided.
../../apps/web-worker/src/pages/availability/ManageAvailability.tsx(149,17): error TS17004: Cannot use JSX unless the '--jsx' flag is provided.
../../apps/web-worker/src/pages/availability/ManageAvailability.tsx(150,17): error TS17004: Cannot use JSX unless the '--jsx' flag is provided.
../../apps/web-worker/src/pages/availability/ManageAvailability.tsx(151,19): error TS17004: Cannot use JSX unless the '--jsx' flag is provided.
../../apps/web-worker/src/pages/availability/ManageAvailability.tsx(152,21): error TS17004: Cannot use JSX unless the '--jsx' flag is provided.
../../apps/web-worker/src/pages/availability/ManageAvailability.tsx(153,21): error TS17004: Cannot use JSX unless the '--jsx' flag is provided.
../../apps/web-worker/src/pages/availability/ManageAvailability.tsx(155,19): error TS17004: Cannot use JSX unless the '--jsx' flag is provided.
../../apps/web-worker/src/pages/availability/ManageAvailability.tsx(156,21): error TS17004: Cannot use JSX unless the '--jsx' flag is provided.
../../apps/web-worker/src/pages/availability/ManageAvailability.tsx(157,21): error TS17004: Cannot use JSX unless the '--jsx' flag is provided.
../../apps/web-worker/src/pages/availability/ManageAvailability.tsx(165,11): error TS17004: Cannot use JSX unless the '--jsx' flag is provided.
../../apps/web-worker/src/pages/availability/ManageAvailability.tsx(166,13): error TS17004: Cannot use JSX unless the '--jsx' flag is provided.
../../apps/web-worker/src/pages/availability/ManageAvailability.tsx(167,15): error TS17004: Cannot use JSX unless the '--jsx' flag is provided.
../../apps/web-worker/src/pages/availability/ManageAvailability.tsx(172,17): error TS17004: Cannot use JSX unless the '--jsx' flag is provided.
../../apps/web-worker/src/pages/availability/ManageAvailability.tsx(173,19): error TS17004: Cannot use JSX unless the '--jsx' flag is provided.
../../apps/web-worker/src/pages/availability/ManageAvailability.tsx(174,19): error TS17004: Cannot use JSX unless the '--jsx' flag is provided.
../../apps/web-worker/src/pages/availability/ManageAvailability.tsx(175,19): error TS17004: Cannot use JSX unless the '--jsx' flag is provided.
../../apps/web-worker/src/pages/availability/ManageAvailability.tsx(180,17): error TS17004: Cannot use JSX unless the '--jsx' flag is provided.
../../apps/web-worker/src/pages/availability/ManageAvailability.tsx(186,23): error TS17004: Cannot use JSX unless the '--jsx' flag is provided.
../../apps/web-worker/src/pages/availability/ManageAvailability.tsx(190,25): error TS17004: Cannot use JSX unless the '--jsx' flag is provided.
../../apps/web-worker/src/pages/availability/ManageAvailability.tsx(191,27): error TS17004: Cannot use JSX unless the '--jsx' flag is provided.
../../apps/web-worker/src/pages/availability/ManageAvailability.tsx(192,29): error TS17004: Cannot use JSX unless the '--jsx' flag is provided.
../../apps/web-worker/src/pages/availability/ManageAvailability.tsx(198,31): error TS17004: Cannot use JSX unless the '--jsx' flag is provided.
../../apps/web-worker/src/pages/availability/ManageAvailability.tsx(201,27): error TS17004: Cannot use JSX unless the '--jsx' flag is provided.
../../apps/web-worker/src/pages/availability/ManageAvailability.tsx(202,29): error TS17004: Cannot use JSX unless the '--jsx' flag is provided.
../../apps/web-worker/src/pages/availability/ManageAvailability.tsx(210,31): error TS17004: Cannot use JSX unless the '--jsx' flag is provided.
../../apps/web-worker/src/pages/availability/ManageAvailability.tsx(212,29): error TS17004: Cannot use JSX unless the '--jsx' flag is provided.
../../apps/web-worker/src/pages/availability/ManageAvailability.tsx(217,31): error TS17004: Cannot use JSX unless the '--jsx' flag is provided.
../../apps/web-worker/src/pages/availability/ManageAvailability.tsx(232,9): error TS17004: Cannot use JSX unless the '--jsx' flag is provided.
../../apps/web-worker/src/pages/availability/ManageAvailability.tsx(285,21): error TS2304: Cannot find name 'localStorage'.
../../apps/web-worker/src/pages/availability/ManageAvailability.tsx(307,25): error TS18046: 'errorData' is of type 'unknown'.
../../apps/web-worker/src/pages/availability/ManageAvailability.tsx(320,5): error TS17004: Cannot use JSX unless the '--jsx' flag is provided.
../../apps/web-worker/src/pages/availability/ManageAvailability.tsx(321,7): error TS17004: Cannot use JSX unless the '--jsx' flag is provided.
../../apps/web-worker/src/pages/availability/ManageAvailability.tsx(323,9): error TS17004: Cannot use JSX unless the '--jsx' flag is provided.
../../apps/web-worker/src/pages/availability/ManageAvailability.tsx(324,11): error TS17004: Cannot use JSX unless the '--jsx' flag is provided.
../../apps/web-worker/src/pages/availability/ManageAvailability.tsx(327,11): error TS17004: Cannot use JSX unless the '--jsx' flag is provided.
../../apps/web-worker/src/pages/availability/ManageAvailability.tsx(332,13): error TS17004: Cannot use JSX unless the '--jsx' flag is provided.
../../apps/web-worker/src/pages/availability/ManageAvailability.tsx(337,9): error TS17004: Cannot use JSX unless the '--jsx' flag is provided.
../../apps/web-worker/src/pages/availability/ManageAvailability.tsx(338,11): error TS17004: Cannot use JSX unless the '--jsx' flag is provided.
../../apps/web-worker/src/pages/availability/ManageAvailability.tsx(339,13): error TS17004: Cannot use JSX unless the '--jsx' flag is provided.
../../apps/web-worker/src/pages/availability/ManageAvailability.tsx(340,15): error TS17004: Cannot use JSX unless the '--jsx' flag is provided.
../../apps/web-worker/src/pages/availability/ManageAvailability.tsx(341,28): error TS17004: Cannot use JSX unless the '--jsx' flag is provided.
../../apps/web-worker/src/pages/availability/ManageAvailability.tsx(343,15): error TS17004: Cannot use JSX unless the '--jsx' flag is provided.
../../apps/web-worker/src/pages/availability/ManageAvailability.tsx(346,56): error TS2339: Property 'value' does not exist on type 'EventTarget & HTMLInputElement'.
../../apps/web-worker/src/pages/availability/ManageAvailability.tsx(353,13): error TS17004: Cannot use JSX unless the '--jsx' flag is provided.
../../apps/web-worker/src/pages/availability/ManageAvailability.tsx(354,15): error TS17004: Cannot use JSX unless the '--jsx' flag is provided.
../../apps/web-worker/src/pages/availability/ManageAvailability.tsx(355,26): error TS17004: Cannot use JSX unless the '--jsx' flag is provided.
../../apps/web-worker/src/pages/availability/ManageAvailability.tsx(357,15): error TS17004: Cannot use JSX unless the '--jsx' flag is provided.
../../apps/web-worker/src/pages/availability/ManageAvailability.tsx(360,54): error TS2339: Property 'value' does not exist on type 'EventTarget & HTMLInputElement'.
../../apps/web-worker/src/pages/availability/ManageAvailability.tsx(367,13): error TS17004: Cannot use JSX unless the '--jsx' flag is provided.
../../apps/web-worker/src/pages/availability/ManageAvailability.tsx(368,15): error TS17004: Cannot use JSX unless the '--jsx' flag is provided.
../../apps/web-worker/src/pages/availability/ManageAvailability.tsx(371,15): error TS17004: Cannot use JSX unless the '--jsx' flag is provided.
../../apps/web-worker/src/pages/availability/ManageAvailability.tsx(373,53): error TS2339: Property 'value' does not exist on type 'EventTarget & HTMLTextAreaElement'.
../../apps/web-worker/src/pages/availability/ManageAvailability.tsx(383,13): error TS17004: Cannot use JSX unless the '--jsx' flag is provided.
../../apps/web-worker/src/pages/availability/ManageAvailability.tsx(384,15): error TS17004: Cannot use JSX unless the '--jsx' flag is provided.
../../apps/web-worker/src/pages/availability/ManageAvailability.tsx(388,11): error TS17004: Cannot use JSX unless the '--jsx' flag is provided.
../../apps/web-worker/src/pages/availability/ManageAvailability.tsx(389,13): error TS17004: Cannot use JSX unless the '--jsx' flag is provided.
../../apps/web-worker/src/pages/availability/ManageAvailability.tsx(397,13): error TS17004: Cannot use JSX unless the '--jsx' flag is provided.
../../apps/web-worker/src/pages/availability/ManageAvailability.tsx(403,17): error TS17004: Cannot use JSX unless the '--jsx' flag is provided.
../../apps/web-worker/src/pages/availability/ManageAvailability.tsx(404,19): error TS17004: Cannot use JSX unless the '--jsx' flag is provided.
../../apps/web-worker/src/pages/checklists/MyChecklists.tsx(35,21): error TS2304: Cannot find name 'localStorage'.
../../apps/web-worker/src/pages/checklists/MyChecklists.tsx(36,33): error TS2304: Cannot find name 'localStorage'.
../../apps/web-worker/src/pages/checklists/MyChecklists.tsx(37,24): error TS2304: Cannot find name 'localStorage'.
../../apps/web-worker/src/pages/checklists/MyChecklists.tsx(55,20): error TS18046: 'jobsData' is of type 'unknown'.
../../apps/web-worker/src/pages/checklists/MyChecklists.tsx(81,30): error TS18046: 'data' is of type 'unknown'.
../../apps/web-worker/src/pages/checklists/MyChecklists.tsx(90,41): error TS7006: Parameter 't' implicitly has an 'any' type.
../../apps/web-worker/src/pages/checklists/MyChecklists.tsx(94,59): error TS2345: Argument of type '(template: ChecklistTemplate) => { items: ChecklistItem[]; id: string; template_name: string; property_type: string; sections: any; estimated_duration_minutes: number; }' is not assignable to parameter of type '(value: unknown, index: number, array: unknown[]) => { items: ChecklistItem[]; id: string; template_name: string; property_type: string; sections: any; estimated_duration_minutes: number; }'.
  Types of parameters 'template' and 'value' are incompatible.
    Type 'unknown' is not assignable to type 'ChecklistTemplate'.
../../apps/web-worker/src/pages/checklists/MyChecklists.tsx(146,7): error TS17004: Cannot use JSX unless the '--jsx' flag is provided.
../../apps/web-worker/src/pages/checklists/MyChecklists.tsx(147,9): error TS17004: Cannot use JSX unless the '--jsx' flag is provided.
../../apps/web-worker/src/pages/checklists/MyChecklists.tsx(148,11): error TS17004: Cannot use JSX unless the '--jsx' flag is provided.
../../apps/web-worker/src/pages/checklists/MyChecklists.tsx(149,11): error TS17004: Cannot use JSX unless the '--jsx' flag is provided.
../../apps/web-worker/src/pages/checklists/MyChecklists.tsx(156,5): error TS17004: Cannot use JSX unless the '--jsx' flag is provided.
../../apps/web-worker/src/pages/checklists/MyChecklists.tsx(158,7): error TS17004: Cannot use JSX unless the '--jsx' flag is provided.
../../apps/web-worker/src/pages/checklists/MyChecklists.tsx(159,9): error TS17004: Cannot use JSX unless the '--jsx' flag is provided.
../../apps/web-worker/src/pages/checklists/MyChecklists.tsx(163,11): error TS17004: Cannot use JSX unless the '--jsx' flag is provided.
../../apps/web-worker/src/pages/checklists/MyChecklists.tsx(164,11): error TS17004: Cannot use JSX unless the '--jsx' flag is provided.
../../apps/web-worker/src/pages/checklists/MyChecklists.tsx(166,9): error TS17004: Cannot use JSX unless the '--jsx' flag is provided.
../../apps/web-worker/src/pages/checklists/MyChecklists.tsx(167,11): error TS17004: Cannot use JSX unless the '--jsx' flag is provided.
../../apps/web-worker/src/pages/checklists/MyChecklists.tsx(168,13): error TS17004: Cannot use JSX unless the '--jsx' flag is provided.
../../apps/web-worker/src/pages/checklists/MyChecklists.tsx(170,11): error TS17004: Cannot use JSX unless the '--jsx' flag is provided.
../../apps/web-worker/src/pages/checklists/MyChecklists.tsx(171,13): error TS17004: Cannot use JSX unless the '--jsx' flag is provided.
../../apps/web-worker/src/pages/checklists/MyChecklists.tsx(172,13): error TS17004: Cannot use JSX unless the '--jsx' flag is provided.
../../apps/web-worker/src/pages/checklists/MyChecklists.tsx(178,7): error TS17004: Cannot use JSX unless the '--jsx' flag is provided.
../../apps/web-worker/src/pages/checklists/MyChecklists.tsx(179,9): error TS17004: Cannot use JSX unless the '--jsx' flag is provided.
../../apps/web-worker/src/pages/checklists/MyChecklists.tsx(180,11): error TS17004: Cannot use JSX unless the '--jsx' flag is provided.
../../apps/web-worker/src/pages/checklists/MyChecklists.tsx(181,11): error TS17004: Cannot use JSX unless the '--jsx' flag is provided.
../../apps/web-worker/src/pages/checklists/MyChecklists.tsx(185,54): error TS2339: Property 'value' does not exist on type 'EventTarget & HTMLInputElement'.
../../apps/web-worker/src/pages/checklists/MyChecklists.tsx(193,9): error TS17004: Cannot use JSX unless the '--jsx' flag is provided.
../../apps/web-worker/src/pages/checklists/MyChecklists.tsx(194,11): error TS17004: Cannot use JSX unless the '--jsx' flag is provided.
../../apps/web-worker/src/pages/checklists/MyChecklists.tsx(195,13): error TS17004: Cannot use JSX unless the '--jsx' flag is provided.
../../apps/web-worker/src/pages/checklists/MyChecklists.tsx(197,11): error TS17004: Cannot use JSX unless the '--jsx' flag is provided.
../../apps/web-worker/src/pages/checklists/MyChecklists.tsx(200,11): error TS17004: Cannot use JSX unless the '--jsx' flag is provided.
../../apps/web-worker/src/pages/checklists/MyChecklists.tsx(207,9): error TS17004: Cannot use JSX unless the '--jsx' flag is provided.
../../apps/web-worker/src/pages/checklists/MyChecklists.tsx(209,13): error TS17004: Cannot use JSX unless the '--jsx' flag is provided.
../../apps/web-worker/src/pages/checklists/MyChecklists.tsx(214,15): error TS17004: Cannot use JSX unless the '--jsx' flag is provided.
../../apps/web-worker/src/pages/checklists/MyChecklists.tsx(218,17): error TS17004: Cannot use JSX unless the '--jsx' flag is provided.
../../apps/web-worker/src/pages/checklists/MyChecklists.tsx(219,19): error TS17004: Cannot use JSX unless the '--jsx' flag is provided.
../../apps/web-worker/src/pages/checklists/MyChecklists.tsx(220,21): error TS17004: Cannot use JSX unless the '--jsx' flag is provided.
../../apps/web-worker/src/pages/checklists/MyChecklists.tsx(221,23): error TS17004: Cannot use JSX unless the '--jsx' flag is provided.
../../apps/web-worker/src/pages/checklists/MyChecklists.tsx(222,23): error TS17004: Cannot use JSX unless the '--jsx' flag is provided.
../../apps/web-worker/src/pages/checklists/MyChecklists.tsx(227,23): error TS17004: Cannot use JSX unless the '--jsx' flag is provided.
../../apps/web-worker/src/pages/checklists/MyChecklists.tsx(231,21): error TS17004: Cannot use JSX unless the '--jsx' flag is provided.
../../apps/web-worker/src/pages/checklists/MyChecklists.tsx(235,19): error TS17004: Cannot use JSX unless the '--jsx' flag is provided.
../../apps/web-worker/src/pages/checklists/MyChecklists.tsx(237,23): error TS17004: Cannot use JSX unless the '--jsx' flag is provided.
../../apps/web-worker/src/pages/checklists/MyChecklists.tsx(239,23): error TS17004: Cannot use JSX unless the '--jsx' flag is provided.
../../apps/web-worker/src/pages/checklists/MyChecklists.tsx(247,17): error TS17004: Cannot use JSX unless the '--jsx' flag is provided.
../../apps/web-worker/src/pages/checklists/MyChecklists.tsx(249,21): error TS17004: Cannot use JSX unless the '--jsx' flag is provided.
../../apps/web-worker/src/pages/checklists/MyChecklists.tsx(250,23): error TS17004: Cannot use JSX unless the '--jsx' flag is provided.
../../apps/web-worker/src/pages/checklists/MyChecklists.tsx(265,29): error TS17004: Cannot use JSX unless the '--jsx' flag is provided.
../../apps/web-worker/src/pages/checklists/MyChecklists.tsx(267,31): error TS17004: Cannot use JSX unless the '--jsx' flag is provided.
../../apps/web-worker/src/pages/checklists/MyChecklists.tsx(272,31): error TS17004: Cannot use JSX unless the '--jsx' flag is provided.
../../apps/web-worker/src/pages/checklists/MyChecklists.tsx(274,35): error TS17004: Cannot use JSX unless the '--jsx' flag is provided.
../../apps/web-worker/src/pages/checklists/MyChecklists.tsx(278,37): error TS17004: Cannot use JSX unless the '--jsx' flag is provided.
../../apps/web-worker/src/pages/checklists/MyChecklists.tsx(279,39): error TS17004: Cannot use JSX unless the '--jsx' flag is provided.
../../apps/web-worker/src/pages/checklists/MyChecklists.tsx(281,37): error TS17004: Cannot use JSX unless the '--jsx' flag is provided.
../../apps/web-worker/src/pages/checklists/MyChecklists.tsx(290,23): error TS17004: Cannot use JSX unless the '--jsx' flag is provided.
../../apps/web-worker/src/pages/checklists/MyChecklists.tsx(291,25): error TS17004: Cannot use JSX unless the '--jsx' flag is provided.
../../apps/web-worker/src/pages/checklists/MyChecklists.tsx(292,27): error TS17004: Cannot use JSX unless the '--jsx' flag is provided.
../../apps/web-worker/src/pages/checklists/MyChecklists.tsx(298,21): error TS17004: Cannot use JSX unless the '--jsx' flag is provided.
../../apps/web-worker/src/pages/dashboard/WorkerDashboard.tsx(2,25): error TS6142: Module '../../contexts/AuthContext' was resolved to '/home/orrox/projects/rightfit-cleaning-staging/apps/web-worker/src/contexts/AuthContext.tsx', but '--jsx' is not set.
../../apps/web-worker/src/pages/dashboard/WorkerDashboard.tsx(6,27): error TS6142: Module '../../components/dashboard/WeatherWidget' was resolved to '/home/orrox/projects/rightfit-cleaning-staging/apps/web-worker/src/components/dashboard/WeatherWidget.tsx', but '--jsx' is not set.
../../apps/web-worker/src/pages/dashboard/WorkerDashboard.tsx(7,27): error TS6142: Module '../../components/dashboard/NextJobWidget' was resolved to '/home/orrox/projects/rightfit-cleaning-staging/apps/web-worker/src/components/dashboard/NextJobWidget.tsx', but '--jsx' is not set.
../../apps/web-worker/src/pages/dashboard/WorkerDashboard.tsx(31,21): error TS2304: Cannot find name 'localStorage'.
../../apps/web-worker/src/pages/dashboard/WorkerDashboard.tsx(32,33): error TS2304: Cannot find name 'localStorage'.
../../apps/web-worker/src/pages/dashboard/WorkerDashboard.tsx(44,22): error TS18046: 'statsData' is of type 'unknown'.
../../apps/web-worker/src/pages/dashboard/WorkerDashboard.tsx(45,26): error TS18046: 'statsData' is of type 'unknown'.
../../apps/web-worker/src/pages/dashboard/WorkerDashboard.tsx(46,31): error TS18046: 'statsData' is of type 'unknown'.
../../apps/web-worker/src/pages/dashboard/WorkerDashboard.tsx(62,25): error TS18046: 'jobsData' is of type 'unknown'.
../../apps/web-worker/src/pages/dashboard/WorkerDashboard.tsx(75,36): error TS18046: 'maintenanceData' is of type 'unknown'.
../../apps/web-worker/src/pages/dashboard/WorkerDashboard.tsx(103,7): error TS17004: Cannot use JSX unless the '--jsx' flag is provided.
../../apps/web-worker/src/pages/dashboard/WorkerDashboard.tsx(104,9): error TS17004: Cannot use JSX unless the '--jsx' flag is provided.
../../apps/web-worker/src/pages/dashboard/WorkerDashboard.tsx(105,11): error TS17004: Cannot use JSX unless the '--jsx' flag is provided.
../../apps/web-worker/src/pages/dashboard/WorkerDashboard.tsx(106,11): error TS17004: Cannot use JSX unless the '--jsx' flag is provided.
../../apps/web-worker/src/pages/dashboard/WorkerDashboard.tsx(113,5): error TS17004: Cannot use JSX unless the '--jsx' flag is provided.
../../apps/web-worker/src/pages/dashboard/WorkerDashboard.tsx(115,7): error TS17004: Cannot use JSX unless the '--jsx' flag is provided.
../../apps/web-worker/src/pages/dashboard/WorkerDashboard.tsx(116,9): error TS17004: Cannot use JSX unless the '--jsx' flag is provided.
../../apps/web-worker/src/pages/dashboard/WorkerDashboard.tsx(119,9): error TS17004: Cannot use JSX unless the '--jsx' flag is provided.
../../apps/web-worker/src/pages/dashboard/WorkerDashboard.tsx(120,11): error TS17004: Cannot use JSX unless the '--jsx' flag is provided.
../../apps/web-worker/src/pages/dashboard/WorkerDashboard.tsx(126,7): error TS17004: Cannot use JSX unless the '--jsx' flag is provided.
../../apps/web-worker/src/pages/dashboard/WorkerDashboard.tsx(128,9): error TS17004: Cannot use JSX unless the '--jsx' flag is provided.
../../apps/web-worker/src/pages/dashboard/WorkerDashboard.tsx(129,11): error TS17004: Cannot use JSX unless the '--jsx' flag is provided.
../../apps/web-worker/src/pages/dashboard/WorkerDashboard.tsx(130,13): error TS17004: Cannot use JSX unless the '--jsx' flag is provided.
../../apps/web-worker/src/pages/dashboard/WorkerDashboard.tsx(131,15): error TS17004: Cannot use JSX unless the '--jsx' flag is provided.
../../apps/web-worker/src/pages/dashboard/WorkerDashboard.tsx(132,15): error TS17004: Cannot use JSX unless the '--jsx' flag is provided.
../../apps/web-worker/src/pages/dashboard/WorkerDashboard.tsx(134,13): error TS17004: Cannot use JSX unless the '--jsx' flag is provided.
../../apps/web-worker/src/pages/dashboard/WorkerDashboard.tsx(135,15): error TS17004: Cannot use JSX unless the '--jsx' flag is provided.
../../apps/web-worker/src/pages/dashboard/WorkerDashboard.tsx(141,9): error TS17004: Cannot use JSX unless the '--jsx' flag is provided.
../../apps/web-worker/src/pages/dashboard/WorkerDashboard.tsx(142,11): error TS17004: Cannot use JSX unless the '--jsx' flag is provided.
../../apps/web-worker/src/pages/dashboard/WorkerDashboard.tsx(143,13): error TS17004: Cannot use JSX unless the '--jsx' flag is provided.
../../apps/web-worker/src/pages/dashboard/WorkerDashboard.tsx(144,15): error TS17004: Cannot use JSX unless the '--jsx' flag is provided.
../../apps/web-worker/src/pages/dashboard/WorkerDashboard.tsx(145,15): error TS17004: Cannot use JSX unless the '--jsx' flag is provided.
../../apps/web-worker/src/pages/dashboard/WorkerDashboard.tsx(147,13): error TS17004: Cannot use JSX unless the '--jsx' flag is provided.
../../apps/web-worker/src/pages/dashboard/WorkerDashboard.tsx(148,15): error TS17004: Cannot use JSX unless the '--jsx' flag is provided.
../../apps/web-worker/src/pages/dashboard/WorkerDashboard.tsx(154,9): error TS17004: Cannot use JSX unless the '--jsx' flag is provided.
../../apps/web-worker/src/pages/dashboard/WorkerDashboard.tsx(155,11): error TS17004: Cannot use JSX unless the '--jsx' flag is provided.
../../apps/web-worker/src/pages/dashboard/WorkerDashboard.tsx(156,13): error TS17004: Cannot use JSX unless the '--jsx' flag is provided.
../../apps/web-worker/src/pages/dashboard/WorkerDashboard.tsx(157,15): error TS17004: Cannot use JSX unless the '--jsx' flag is provided.
../../apps/web-worker/src/pages/dashboard/WorkerDashboard.tsx(158,15): error TS17004: Cannot use JSX unless the '--jsx' flag is provided.
../../apps/web-worker/src/pages/dashboard/WorkerDashboard.tsx(160,13): error TS17004: Cannot use JSX unless the '--jsx' flag is provided.
../../apps/web-worker/src/pages/dashboard/WorkerDashboard.tsx(161,15): error TS17004: Cannot use JSX unless the '--jsx' flag is provided.
../../apps/web-worker/src/pages/dashboard/WorkerDashboard.tsx(169,9): error TS17004: Cannot use JSX unless the '--jsx' flag is provided.
../../apps/web-worker/src/pages/dashboard/WorkerDashboard.tsx(170,11): error TS17004: Cannot use JSX unless the '--jsx' flag is provided.
../../apps/web-worker/src/pages/dashboard/WorkerDashboard.tsx(171,13): error TS17004: Cannot use JSX unless the '--jsx' flag is provided.
../../apps/web-worker/src/pages/dashboard/WorkerDashboard.tsx(175,15): error TS17004: Cannot use JSX unless the '--jsx' flag is provided.
../../apps/web-worker/src/pages/dashboard/WorkerDashboard.tsx(182,13): error TS17004: Cannot use JSX unless the '--jsx' flag is provided.
../../apps/web-worker/src/pages/dashboard/WorkerDashboard.tsx(183,15): error TS17004: Cannot use JSX unless the '--jsx' flag is provided.
../../apps/web-worker/src/pages/dashboard/WorkerDashboard.tsx(184,17): error TS17004: Cannot use JSX unless the '--jsx' flag is provided.
../../apps/web-worker/src/pages/dashboard/WorkerDashboard.tsx(186,15): error TS17004: Cannot use JSX unless the '--jsx' flag is provided.
../../apps/web-worker/src/pages/dashboard/WorkerDashboard.tsx(187,15): error TS17004: Cannot use JSX unless the '--jsx' flag is provided.
../../apps/web-worker/src/pages/dashboard/WorkerDashboard.tsx(192,13): error TS17004: Cannot use JSX unless the '--jsx' flag is provided.
../../apps/web-worker/src/pages/dashboard/WorkerDashboard.tsx(194,17): error TS17004: Cannot use JSX unless the '--jsx' flag is provided.
../../apps/web-worker/src/pages/dashboard/WorkerDashboard.tsx(197,34): error TS2304: Cannot find name 'window'.
../../apps/web-worker/src/pages/dashboard/WorkerDashboard.tsx(199,19): error TS17004: Cannot use JSX unless the '--jsx' flag is provided.
../../apps/web-worker/src/pages/dashboard/WorkerDashboard.tsx(200,21): error TS17004: Cannot use JSX unless the '--jsx' flag is provided.
../../apps/web-worker/src/pages/dashboard/WorkerDashboard.tsx(202,23): error TS17004: Cannot use JSX unless the '--jsx' flag is provided.
../../apps/web-worker/src/pages/dashboard/WorkerDashboard.tsx(203,25): error TS17004: Cannot use JSX unless the '--jsx' flag is provided.
../../apps/web-worker/src/pages/dashboard/WorkerDashboard.tsx(204,25): error TS17004: Cannot use JSX unless the '--jsx' flag is provided.
../../apps/web-worker/src/pages/dashboard/WorkerDashboard.tsx(207,25): error TS17004: Cannot use JSX unless the '--jsx' flag is provided.
../../apps/web-worker/src/pages/dashboard/WorkerDashboard.tsx(213,23): error TS17004: Cannot use JSX unless the '--jsx' flag is provided.
../../apps/web-worker/src/pages/dashboard/WorkerDashboard.tsx(216,23): error TS17004: Cannot use JSX unless the '--jsx' flag is provided.
../../apps/web-worker/src/pages/dashboard/WorkerDashboard.tsx(217,25): error TS17004: Cannot use JSX unless the '--jsx' flag is provided.
../../apps/web-worker/src/pages/dashboard/WorkerDashboard.tsx(218,25): error TS17004: Cannot use JSX unless the '--jsx' flag is provided.
../../apps/web-worker/src/pages/dashboard/WorkerDashboard.tsx(223,25): error TS17004: Cannot use JSX unless the '--jsx' flag is provided.
../../apps/web-worker/src/pages/dashboard/WorkerDashboard.tsx(229,21): error TS17004: Cannot use JSX unless the '--jsx' flag is provided.
../../apps/web-worker/src/pages/dashboard/WorkerDashboard.tsx(240,9): error TS17004: Cannot use JSX unless the '--jsx' flag is provided.
../../apps/web-worker/src/pages/dashboard/WorkerDashboard.tsx(241,11): error TS17004: Cannot use JSX unless the '--jsx' flag is provided.
../../apps/web-worker/src/pages/dashboard/WorkerDashboard.tsx(245,13): error TS17004: Cannot use JSX unless the '--jsx' flag is provided.
../../apps/web-worker/src/pages/dashboard/WorkerDashboard.tsx(246,15): error TS17004: Cannot use JSX unless the '--jsx' flag is provided.
../../apps/web-worker/src/pages/dashboard/WorkerDashboard.tsx(250,17): error TS17004: Cannot use JSX unless the '--jsx' flag is provided.
../../apps/web-worker/src/pages/dashboard/WorkerDashboard.tsx(256,15): error TS17004: Cannot use JSX unless the '--jsx' flag is provided.
../../apps/web-worker/src/pages/dashboard/WorkerDashboard.tsx(258,15): error TS17004: Cannot use JSX unless the '--jsx' flag is provided.
../../apps/web-worker/src/pages/dashboard/WorkerDashboard.tsx(263,13): error TS17004: Cannot use JSX unless the '--jsx' flag is provided.
../../apps/web-worker/src/pages/dashboard/WorkerDashboard.tsx(265,17): error TS17004: Cannot use JSX unless the '--jsx' flag is provided.
../../apps/web-worker/src/pages/dashboard/WorkerDashboard.tsx(266,19): error TS17004: Cannot use JSX unless the '--jsx' flag is provided.
../../apps/web-worker/src/pages/dashboard/WorkerDashboard.tsx(267,21): error TS17004: Cannot use JSX unless the '--jsx' flag is provided.
../../apps/web-worker/src/pages/dashboard/WorkerDashboard.tsx(269,19): error TS17004: Cannot use JSX unless the '--jsx' flag is provided.
../../apps/web-worker/src/pages/dashboard/WorkerDashboard.tsx(270,19): error TS17004: Cannot use JSX unless the '--jsx' flag is provided.
../../apps/web-worker/src/pages/dashboard/WorkerDashboard.tsx(275,17): error TS17004: Cannot use JSX unless the '--jsx' flag is provided.
../../apps/web-worker/src/pages/dashboard/WorkerDashboard.tsx(277,21): error TS17004: Cannot use JSX unless the '--jsx' flag is provided.
../../apps/web-worker/src/pages/dashboard/WorkerDashboard.tsx(280,38): error TS2304: Cannot find name 'window'.
../../apps/web-worker/src/pages/dashboard/WorkerDashboard.tsx(282,23): error TS17004: Cannot use JSX unless the '--jsx' flag is provided.
../../apps/web-worker/src/pages/dashboard/WorkerDashboard.tsx(283,25): error TS17004: Cannot use JSX unless the '--jsx' flag is provided.
../../apps/web-worker/src/pages/dashboard/WorkerDashboard.tsx(284,27): error TS17004: Cannot use JSX unless the '--jsx' flag is provided.
../../apps/web-worker/src/pages/dashboard/WorkerDashboard.tsx(285,29): error TS17004: Cannot use JSX unless the '--jsx' flag is provided.
../../apps/web-worker/src/pages/dashboard/WorkerDashboard.tsx(286,29): error TS17004: Cannot use JSX unless the '--jsx' flag is provided.
../../apps/web-worker/src/pages/dashboard/WorkerDashboard.tsx(289,29): error TS17004: Cannot use JSX unless the '--jsx' flag is provided.
../../apps/web-worker/src/pages/dashboard/WorkerDashboard.tsx(294,27): error TS17004: Cannot use JSX unless the '--jsx' flag is provided.
../../apps/web-worker/src/pages/dashboard/WorkerDashboard.tsx(296,27): error TS17004: Cannot use JSX unless the '--jsx' flag is provided.
../../apps/web-worker/src/pages/dashboard/WorkerDashboard.tsx(297,29): error TS17004: Cannot use JSX unless the '--jsx' flag is provided.
../../apps/web-worker/src/pages/dashboard/WorkerDashboard.tsx(298,29): error TS17004: Cannot use JSX unless the '--jsx' flag is provided.
../../apps/web-worker/src/pages/dashboard/WorkerDashboard.tsx(302,25): error TS17004: Cannot use JSX unless the '--jsx' flag is provided.
../../apps/web-worker/src/pages/dashboard/WorkerDashboard.tsx(314,7): error TS17004: Cannot use JSX unless the '--jsx' flag is provided.
../../apps/web-worker/src/pages/dashboard/WorkerDashboard.tsx(316,9): error TS17004: Cannot use JSX unless the '--jsx' flag is provided.
../../apps/web-worker/src/pages/dashboard/WorkerDashboard.tsx(319,9): error TS17004: Cannot use JSX unless the '--jsx' flag is provided.
../../apps/web-worker/src/pages/dashboard/WorkerDashboard.tsx(323,7): error TS17004: Cannot use JSX unless the '--jsx' flag is provided.
../../apps/web-worker/src/pages/dashboard/WorkerDashboard.tsx(325,11): error TS17004: Cannot use JSX unless the '--jsx' flag is provided.
../../apps/web-worker/src/pages/dashboard/WorkerDashboard.tsx(326,28): error TS2304: Cannot find name 'window'.
../../apps/web-worker/src/pages/dashboard/WorkerDashboard.tsx(329,13): error TS17004: Cannot use JSX unless the '--jsx' flag is provided.
../../apps/web-worker/src/pages/dashboard/WorkerDashboard.tsx(330,13): error TS17004: Cannot use JSX unless the '--jsx' flag is provided.
../../apps/web-worker/src/pages/dashboard/WorkerDashboard.tsx(331,13): error TS17004: Cannot use JSX unless the '--jsx' flag is provided.
../../apps/web-worker/src/pages/dashboard/WorkerDashboard.tsx(336,11): error TS17004: Cannot use JSX unless the '--jsx' flag is provided.
../../apps/web-worker/src/pages/dashboard/WorkerDashboard.tsx(337,28): error TS2304: Cannot find name 'window'.
../../apps/web-worker/src/pages/dashboard/WorkerDashboard.tsx(340,13): error TS17004: Cannot use JSX unless the '--jsx' flag is provided.
../../apps/web-worker/src/pages/dashboard/WorkerDashboard.tsx(341,13): error TS17004: Cannot use JSX unless the '--jsx' flag is provided.
../../apps/web-worker/src/pages/dashboard/WorkerDashboard.tsx(342,13): error TS17004: Cannot use JSX unless the '--jsx' flag is provided.
../../apps/web-worker/src/pages/dashboard/WorkerDashboard.tsx(346,9): error TS17004: Cannot use JSX unless the '--jsx' flag is provided.
../../apps/web-worker/src/pages/dashboard/WorkerDashboard.tsx(347,26): error TS2304: Cannot find name 'window'.
../../apps/web-worker/src/pages/dashboard/WorkerDashboard.tsx(350,11): error TS17004: Cannot use JSX unless the '--jsx' flag is provided.
../../apps/web-worker/src/pages/dashboard/WorkerDashboard.tsx(351,11): error TS17004: Cannot use JSX unless the '--jsx' flag is provided.
../../apps/web-worker/src/pages/dashboard/WorkerDashboard.tsx(352,11): error TS17004: Cannot use JSX unless the '--jsx' flag is provided.
../../apps/web-worker/src/pages/dashboard/WorkerDashboard.tsx(355,9): error TS17004: Cannot use JSX unless the '--jsx' flag is provided.
../../apps/web-worker/src/pages/dashboard/WorkerDashboard.tsx(356,26): error TS2304: Cannot find name 'window'.
../../apps/web-worker/src/pages/dashboard/WorkerDashboard.tsx(359,11): error TS17004: Cannot use JSX unless the '--jsx' flag is provided.
../../apps/web-worker/src/pages/dashboard/WorkerDashboard.tsx(360,11): error TS17004: Cannot use JSX unless the '--jsx' flag is provided.
../../apps/web-worker/src/pages/dashboard/WorkerDashboard.tsx(361,11): error TS17004: Cannot use JSX unless the '--jsx' flag is provided.
../../apps/web-worker/src/pages/dashboard/WorkerDashboard.tsx(364,9): error TS17004: Cannot use JSX unless the '--jsx' flag is provided.
../../apps/web-worker/src/pages/dashboard/WorkerDashboard.tsx(365,26): error TS2304: Cannot find name 'window'.
../../apps/web-worker/src/pages/dashboard/WorkerDashboard.tsx(368,11): error TS17004: Cannot use JSX unless the '--jsx' flag is provided.
../../apps/web-worker/src/pages/dashboard/WorkerDashboard.tsx(369,11): error TS17004: Cannot use JSX unless the '--jsx' flag is provided.
../../apps/web-worker/src/pages/dashboard/WorkerDashboard.tsx(370,11): error TS17004: Cannot use JSX unless the '--jsx' flag is provided.
../../apps/web-worker/src/pages/dashboard/WorkerDashboard.tsx(373,9): error TS17004: Cannot use JSX unless the '--jsx' flag is provided.
../../apps/web-worker/src/pages/dashboard/WorkerDashboard.tsx(374,26): error TS2304: Cannot find name 'window'.
../../apps/web-worker/src/pages/dashboard/WorkerDashboard.tsx(377,11): error TS17004: Cannot use JSX unless the '--jsx' flag is provided.
../../apps/web-worker/src/pages/dashboard/WorkerDashboard.tsx(378,11): error TS17004: Cannot use JSX unless the '--jsx' flag is provided.
../../apps/web-worker/src/pages/dashboard/WorkerDashboard.tsx(379,11): error TS17004: Cannot use JSX unless the '--jsx' flag is provided.
../../apps/web-worker/src/pages/dashboard/WorkerDashboard.tsx(382,9): error TS17004: Cannot use JSX unless the '--jsx' flag is provided.
../../apps/web-worker/src/pages/dashboard/WorkerDashboard.tsx(383,26): error TS2304: Cannot find name 'window'.
../../apps/web-worker/src/pages/dashboard/WorkerDashboard.tsx(386,11): error TS17004: Cannot use JSX unless the '--jsx' flag is provided.
../../apps/web-worker/src/pages/dashboard/WorkerDashboard.tsx(387,11): error TS17004: Cannot use JSX unless the '--jsx' flag is provided.
../../apps/web-worker/src/pages/dashboard/WorkerDashboard.tsx(388,11): error TS17004: Cannot use JSX unless the '--jsx' flag is provided.
../../apps/web-worker/src/pages/history/WorkHistory.tsx(5,25): error TS6142: Module '../../contexts/AuthContext' was resolved to '/home/orrox/projects/rightfit-cleaning-staging/apps/web-worker/src/contexts/AuthContext.tsx', but '--jsx' is not set.
../../apps/web-worker/src/pages/history/WorkHistory.tsx(39,21): error TS2304: Cannot find name 'localStorage'.
../../apps/web-worker/src/pages/history/WorkHistory.tsx(40,33): error TS2304: Cannot find name 'localStorage'.
../../apps/web-worker/src/pages/history/WorkHistory.tsx(78,17): error TS18046: 'data' is of type 'unknown'.
../../apps/web-worker/src/pages/history/WorkHistory.tsx(96,5): error TS17004: Cannot use JSX unless the '--jsx' flag is provided.
../../apps/web-worker/src/pages/history/WorkHistory.tsx(98,7): error TS17004: Cannot use JSX unless the '--jsx' flag is provided.
../../apps/web-worker/src/pages/history/WorkHistory.tsx(99,9): error TS17004: Cannot use JSX unless the '--jsx' flag is provided.
../../apps/web-worker/src/pages/history/WorkHistory.tsx(100,11): error TS17004: Cannot use JSX unless the '--jsx' flag is provided.
../../apps/web-worker/src/pages/history/WorkHistory.tsx(103,9): error TS17004: Cannot use JSX unless the '--jsx' flag is provided.
../../apps/web-worker/src/pages/history/WorkHistory.tsx(107,7): error TS17004: Cannot use JSX unless the '--jsx' flag is provided.
../../apps/web-worker/src/pages/history/WorkHistory.tsx(108,9): error TS17004: Cannot use JSX unless the '--jsx' flag is provided.
../../apps/web-worker/src/pages/history/WorkHistory.tsx(109,11): error TS17004: Cannot use JSX unless the '--jsx' flag is provided.
../../apps/web-worker/src/pages/history/WorkHistory.tsx(110,13): error TS17004: Cannot use JSX unless the '--jsx' flag is provided.
../../apps/web-worker/src/pages/history/WorkHistory.tsx(111,15): error TS17004: Cannot use JSX unless the '--jsx' flag is provided.
../../apps/web-worker/src/pages/history/WorkHistory.tsx(112,15): error TS17004: Cannot use JSX unless the '--jsx' flag is provided.
../../apps/web-worker/src/pages/history/WorkHistory.tsx(114,13): error TS17004: Cannot use JSX unless the '--jsx' flag is provided.
../../apps/web-worker/src/pages/history/WorkHistory.tsx(115,15): error TS17004: Cannot use JSX unless the '--jsx' flag is provided.
../../apps/web-worker/src/pages/history/WorkHistory.tsx(120,9): error TS17004: Cannot use JSX unless the '--jsx' flag is provided.
../../apps/web-worker/src/pages/history/WorkHistory.tsx(121,11): error TS17004: Cannot use JSX unless the '--jsx' flag is provided.
../../apps/web-worker/src/pages/history/WorkHistory.tsx(122,13): error TS17004: Cannot use JSX unless the '--jsx' flag is provided.
../../apps/web-worker/src/pages/history/WorkHistory.tsx(123,15): error TS17004: Cannot use JSX unless the '--jsx' flag is provided.
../../apps/web-worker/src/pages/history/WorkHistory.tsx(124,15): error TS17004: Cannot use JSX unless the '--jsx' flag is provided.
../../apps/web-worker/src/pages/history/WorkHistory.tsx(126,13): error TS17004: Cannot use JSX unless the '--jsx' flag is provided.
../../apps/web-worker/src/pages/history/WorkHistory.tsx(127,15): error TS17004: Cannot use JSX unless the '--jsx' flag is provided.
../../apps/web-worker/src/pages/history/WorkHistory.tsx(132,9): error TS17004: Cannot use JSX unless the '--jsx' flag is provided.
../../apps/web-worker/src/pages/history/WorkHistory.tsx(133,11): error TS17004: Cannot use JSX unless the '--jsx' flag is provided.
../../apps/web-worker/src/pages/history/WorkHistory.tsx(134,13): error TS17004: Cannot use JSX unless the '--jsx' flag is provided.
../../apps/web-worker/src/pages/history/WorkHistory.tsx(135,15): error TS17004: Cannot use JSX unless the '--jsx' flag is provided.
../../apps/web-worker/src/pages/history/WorkHistory.tsx(136,15): error TS17004: Cannot use JSX unless the '--jsx' flag is provided.
../../apps/web-worker/src/pages/history/WorkHistory.tsx(138,13): error TS17004: Cannot use JSX unless the '--jsx' flag is provided.
../../apps/web-worker/src/pages/history/WorkHistory.tsx(139,15): error TS17004: Cannot use JSX unless the '--jsx' flag is provided.
../../apps/web-worker/src/pages/history/WorkHistory.tsx(146,7): error TS17004: Cannot use JSX unless the '--jsx' flag is provided.
../../apps/web-worker/src/pages/history/WorkHistory.tsx(147,9): error TS17004: Cannot use JSX unless the '--jsx' flag is provided.
../../apps/web-worker/src/pages/history/WorkHistory.tsx(149,11): error TS17004: Cannot use JSX unless the '--jsx' flag is provided.
../../apps/web-worker/src/pages/history/WorkHistory.tsx(150,13): error TS17004: Cannot use JSX unless the '--jsx' flag is provided.
../../apps/web-worker/src/pages/history/WorkHistory.tsx(151,13): error TS17004: Cannot use JSX unless the '--jsx' flag is provided.
../../apps/web-worker/src/pages/history/WorkHistory.tsx(153,17): error TS17004: Cannot use JSX unless the '--jsx' flag is provided.
../../apps/web-worker/src/pages/history/WorkHistory.tsx(169,11): error TS17004: Cannot use JSX unless the '--jsx' flag is provided.
../../apps/web-worker/src/pages/history/WorkHistory.tsx(170,13): error TS17004: Cannot use JSX unless the '--jsx' flag is provided.
../../apps/web-worker/src/pages/history/WorkHistory.tsx(174,56): error TS2339: Property 'value' does not exist on type 'EventTarget & HTMLInputElement'.
../../apps/web-worker/src/pages/history/WorkHistory.tsx(183,9): error TS17004: Cannot use JSX unless the '--jsx' flag is provided.
../../apps/web-worker/src/pages/history/WorkHistory.tsx(184,11): error TS17004: Cannot use JSX unless the '--jsx' flag is provided.
../../apps/web-worker/src/pages/history/WorkHistory.tsx(185,13): error TS17004: Cannot use JSX unless the '--jsx' flag is provided.
../../apps/web-worker/src/pages/history/WorkHistory.tsx(186,13): error TS17004: Cannot use JSX unless the '--jsx' flag is provided.
../../apps/web-worker/src/pages/history/WorkHistory.tsx(190,9): error TS17004: Cannot use JSX unless the '--jsx' flag is provided.
../../apps/web-worker/src/pages/history/WorkHistory.tsx(191,11): error TS17004: Cannot use JSX unless the '--jsx' flag is provided.
../../apps/web-worker/src/pages/history/WorkHistory.tsx(192,11): error TS17004: Cannot use JSX unless the '--jsx' flag is provided.
../../apps/web-worker/src/pages/history/WorkHistory.tsx(193,11): error TS17004: Cannot use JSX unless the '--jsx' flag is provided.
../../apps/web-worker/src/pages/history/WorkHistory.tsx(200,9): error TS17004: Cannot use JSX unless the '--jsx' flag is provided.
../../apps/web-worker/src/pages/history/WorkHistory.tsx(206,15): error TS17004: Cannot use JSX unless the '--jsx' flag is provided.
../../apps/web-worker/src/pages/history/WorkHistory.tsx(211,17): error TS17004: Cannot use JSX unless the '--jsx' flag is provided.
../../apps/web-worker/src/pages/history/WorkHistory.tsx(212,19): error TS17004: Cannot use JSX unless the '--jsx' flag is provided.
../../apps/web-worker/src/pages/history/WorkHistory.tsx(214,21): error TS17004: Cannot use JSX unless the '--jsx' flag is provided.
../../apps/web-worker/src/pages/history/WorkHistory.tsx(215,23): error TS17004: Cannot use JSX unless the '--jsx' flag is provided.
../../apps/web-worker/src/pages/history/WorkHistory.tsx(216,23): error TS17004: Cannot use JSX unless the '--jsx' flag is provided.
../../apps/web-worker/src/pages/history/WorkHistory.tsx(217,23): error TS17004: Cannot use JSX unless the '--jsx' flag is provided.
../../apps/web-worker/src/pages/history/WorkHistory.tsx(218,23): error TS17004: Cannot use JSX unless the '--jsx' flag is provided.
../../apps/web-worker/src/pages/history/WorkHistory.tsx(219,23): error TS17004: Cannot use JSX unless the '--jsx' flag is provided.
../../apps/web-worker/src/pages/history/WorkHistory.tsx(225,21): error TS17004: Cannot use JSX unless the '--jsx' flag is provided.
../../apps/web-worker/src/pages/history/WorkHistory.tsx(228,21): error TS17004: Cannot use JSX unless the '--jsx' flag is provided.
../../apps/web-worker/src/pages/history/WorkHistory.tsx(229,23): error TS17004: Cannot use JSX unless the '--jsx' flag is provided.
../../apps/web-worker/src/pages/history/WorkHistory.tsx(230,23): error TS17004: Cannot use JSX unless the '--jsx' flag is provided.
../../apps/web-worker/src/pages/history/WorkHistory.tsx(235,23): error TS17004: Cannot use JSX unless the '--jsx' flag is provided.
../../apps/web-worker/src/pages/history/WorkHistory.tsx(236,25): error TS17004: Cannot use JSX unless the '--jsx' flag is provided.
../../apps/web-worker/src/pages/history/WorkHistory.tsx(241,21): error TS17004: Cannot use JSX unless the '--jsx' flag is provided.
../../apps/web-worker/src/pages/history/WorkHistory.tsx(243,25): error TS17004: Cannot use JSX unless the '--jsx' flag is provided.
../../apps/web-worker/src/pages/history/WorkHistory.tsx(244,27): error TS17004: Cannot use JSX unless the '--jsx' flag is provided.
../../apps/web-worker/src/pages/history/WorkHistory.tsx(245,27): error TS17004: Cannot use JSX unless the '--jsx' flag is provided.
../../apps/web-worker/src/pages/history/WorkHistory.tsx(249,25): error TS17004: Cannot use JSX unless the '--jsx' flag is provided.
../../apps/web-worker/src/pages/history/WorkHistory.tsx(250,27): error TS17004: Cannot use JSX unless the '--jsx' flag is provided.
../../apps/web-worker/src/pages/history/WorkHistory.tsx(251,27): error TS17004: Cannot use JSX unless the '--jsx' flag is provided.
../../apps/web-worker/src/pages/history/WorkHistory.tsx(258,19): error TS17004: Cannot use JSX unless the '--jsx' flag is provided.
../../apps/web-worker/src/pages/history/WorkHistory.tsx(259,21): error TS17004: Cannot use JSX unless the '--jsx' flag is provided.
../../apps/web-worker/src/pages/info/UsefulInfo.tsx(35,13): error TS17004: Cannot use JSX unless the '--jsx' flag is provided.
../../apps/web-worker/src/pages/info/UsefulInfo.tsx(79,13): error TS17004: Cannot use JSX unless the '--jsx' flag is provided.
../../apps/web-worker/src/pages/info/UsefulInfo.tsx(121,13): error TS17004: Cannot use JSX unless the '--jsx' flag is provided.
../../apps/web-worker/src/pages/info/UsefulInfo.tsx(179,13): error TS17004: Cannot use JSX unless the '--jsx' flag is provided.
../../apps/web-worker/src/pages/info/UsefulInfo.tsx(218,13): error TS17004: Cannot use JSX unless the '--jsx' flag is provided.
../../apps/web-worker/src/pages/info/UsefulInfo.tsx(264,5): error TS17004: Cannot use JSX unless the '--jsx' flag is provided.
../../apps/web-worker/src/pages/info/UsefulInfo.tsx(266,7): error TS17004: Cannot use JSX unless the '--jsx' flag is provided.
../../apps/web-worker/src/pages/info/UsefulInfo.tsx(267,9): error TS17004: Cannot use JSX unless the '--jsx' flag is provided.
../../apps/web-worker/src/pages/info/UsefulInfo.tsx(271,11): error TS17004: Cannot use JSX unless the '--jsx' flag is provided.
../../apps/web-worker/src/pages/info/UsefulInfo.tsx(272,11): error TS17004: Cannot use JSX unless the '--jsx' flag is provided.
../../apps/web-worker/src/pages/info/UsefulInfo.tsx(274,9): error TS17004: Cannot use JSX unless the '--jsx' flag is provided.
../../apps/web-worker/src/pages/info/UsefulInfo.tsx(275,11): error TS17004: Cannot use JSX unless the '--jsx' flag is provided.
../../apps/web-worker/src/pages/info/UsefulInfo.tsx(276,13): error TS17004: Cannot use JSX unless the '--jsx' flag is provided.
../../apps/web-worker/src/pages/info/UsefulInfo.tsx(278,11): error TS17004: Cannot use JSX unless the '--jsx' flag is provided.
../../apps/web-worker/src/pages/info/UsefulInfo.tsx(279,13): error TS17004: Cannot use JSX unless the '--jsx' flag is provided.
../../apps/web-worker/src/pages/info/UsefulInfo.tsx(280,13): error TS17004: Cannot use JSX unless the '--jsx' flag is provided.
../../apps/web-worker/src/pages/info/UsefulInfo.tsx(286,7): error TS17004: Cannot use JSX unless the '--jsx' flag is provided.
../../apps/web-worker/src/pages/info/UsefulInfo.tsx(287,9): error TS17004: Cannot use JSX unless the '--jsx' flag is provided.
../../apps/web-worker/src/pages/info/UsefulInfo.tsx(288,11): error TS17004: Cannot use JSX unless the '--jsx' flag is provided.
../../apps/web-worker/src/pages/info/UsefulInfo.tsx(289,11): error TS17004: Cannot use JSX unless the '--jsx' flag is provided.
../../apps/web-worker/src/pages/info/UsefulInfo.tsx(290,13): error TS17004: Cannot use JSX unless the '--jsx' flag is provided.
../../apps/web-worker/src/pages/info/UsefulInfo.tsx(291,13): error TS17004: Cannot use JSX unless the '--jsx' flag is provided.
../../apps/web-worker/src/pages/info/UsefulInfo.tsx(300,7): error TS17004: Cannot use JSX unless the '--jsx' flag is provided.
../../apps/web-worker/src/pages/info/UsefulInfo.tsx(302,11): error TS17004: Cannot use JSX unless the '--jsx' flag is provided.
../../apps/web-worker/src/pages/info/UsefulInfo.tsx(307,13): error TS17004: Cannot use JSX unless the '--jsx' flag is provided.
../../apps/web-worker/src/pages/info/UsefulInfo.tsx(311,15): error TS17004: Cannot use JSX unless the '--jsx' flag is provided.
../../apps/web-worker/src/pages/info/UsefulInfo.tsx(312,17): error TS17004: Cannot use JSX unless the '--jsx' flag is provided.
../../apps/web-worker/src/pages/info/UsefulInfo.tsx(313,19): error TS17004: Cannot use JSX unless the '--jsx' flag is provided.
../../apps/web-worker/src/pages/info/UsefulInfo.tsx(316,19): error TS17004: Cannot use JSX unless the '--jsx' flag is provided.
../../apps/web-worker/src/pages/info/UsefulInfo.tsx(318,17): error TS17004: Cannot use JSX unless the '--jsx' flag is provided.
../../apps/web-worker/src/pages/info/UsefulInfo.tsx(320,21): error TS17004: Cannot use JSX unless the '--jsx' flag is provided.
../../apps/web-worker/src/pages/info/UsefulInfo.tsx(322,21): error TS17004: Cannot use JSX unless the '--jsx' flag is provided.
../../apps/web-worker/src/pages/info/UsefulInfo.tsx(330,15): error TS17004: Cannot use JSX unless the '--jsx' flag is provided.
../../apps/web-worker/src/pages/info/UsefulInfo.tsx(332,19): error TS17004: Cannot use JSX unless the '--jsx' flag is provided.
../../apps/web-worker/src/pages/info/UsefulInfo.tsx(333,21): error TS17004: Cannot use JSX unless the '--jsx' flag is provided.
../../apps/web-worker/src/pages/info/UsefulInfo.tsx(334,21): error TS17004: Cannot use JSX unless the '--jsx' flag is provided.
../../apps/web-worker/src/pages/info/UsefulInfo.tsx(338,23): error TS17004: Cannot use JSX unless the '--jsx' flag is provided.
../../apps/web-worker/src/pages/info/UsefulInfo.tsx(340,27): error TS17004: Cannot use JSX unless the '--jsx' flag is provided.
../../apps/web-worker/src/pages/info/UsefulInfo.tsx(341,29): error TS17004: Cannot use JSX unless the '--jsx' flag is provided.
../../apps/web-worker/src/pages/info/UsefulInfo.tsx(342,29): error TS17004: Cannot use JSX unless the '--jsx' flag is provided.
../../apps/web-worker/src/pages/info/UsefulInfo.tsx(350,23): error TS17004: Cannot use JSX unless the '--jsx' flag is provided.
../../apps/web-worker/src/pages/info/UsefulInfo.tsx(352,27): error TS17004: Cannot use JSX unless the '--jsx' flag is provided.
../../apps/web-worker/src/pages/info/UsefulInfo.tsx(359,29): error TS17004: Cannot use JSX unless the '--jsx' flag is provided.
../../apps/web-worker/src/pages/info/UsefulInfo.tsx(360,29): error TS17004: Cannot use JSX unless the '--jsx' flag is provided.
../../apps/web-worker/src/pages/info/UsefulInfo.tsx(374,7): error TS17004: Cannot use JSX unless the '--jsx' flag is provided.
../../apps/web-worker/src/pages/info/UsefulInfo.tsx(375,9): error TS17004: Cannot use JSX unless the '--jsx' flag is provided.
../../apps/web-worker/src/pages/info/UsefulInfo.tsx(376,11): error TS17004: Cannot use JSX unless the '--jsx' flag is provided.
../../apps/web-worker/src/pages/info/UsefulInfo.tsx(377,11): error TS17004: Cannot use JSX unless the '--jsx' flag is provided.
../../apps/web-worker/src/pages/info/UsefulInfo.tsx(378,13): error TS17004: Cannot use JSX unless the '--jsx' flag is provided.
../../apps/web-worker/src/pages/info/UsefulInfo.tsx(379,13): error TS17004: Cannot use JSX unless the '--jsx' flag is provided.
../../apps/web-worker/src/pages/issues/MyReportedIssues.tsx(7,25): error TS6142: Module '../../contexts/AuthContext' was resolved to '/home/orrox/projects/rightfit-cleaning-staging/apps/web-worker/src/contexts/AuthContext.tsx', but '--jsx' is not set.
../../apps/web-worker/src/pages/issues/MyReportedIssues.tsx(59,21): error TS2304: Cannot find name 'localStorage'.
../../apps/web-worker/src/pages/issues/MyReportedIssues.tsx(60,24): error TS2304: Cannot find name 'localStorage'.
../../apps/web-worker/src/pages/issues/MyReportedIssues.tsx(81,17): error TS18046: 'data' is of type 'unknown'.
../../apps/web-worker/src/pages/issues/MyReportedIssues.tsx(164,7): error TS17004: Cannot use JSX unless the '--jsx' flag is provided.
../../apps/web-worker/src/pages/issues/MyReportedIssues.tsx(165,9): error TS17004: Cannot use JSX unless the '--jsx' flag is provided.
../../apps/web-worker/src/pages/issues/MyReportedIssues.tsx(166,11): error TS17004: Cannot use JSX unless the '--jsx' flag is provided.
../../apps/web-worker/src/pages/issues/MyReportedIssues.tsx(167,11): error TS17004: Cannot use JSX unless the '--jsx' flag is provided.
../../apps/web-worker/src/pages/issues/MyReportedIssues.tsx(174,5): error TS17004: Cannot use JSX unless the '--jsx' flag is provided.
../../apps/web-worker/src/pages/issues/MyReportedIssues.tsx(176,7): error TS17004: Cannot use JSX unless the '--jsx' flag is provided.
../../apps/web-worker/src/pages/issues/MyReportedIssues.tsx(177,9): error TS17004: Cannot use JSX unless the '--jsx' flag is provided.
../../apps/web-worker/src/pages/issues/MyReportedIssues.tsx(178,11): error TS17004: Cannot use JSX unless the '--jsx' flag is provided.
../../apps/web-worker/src/pages/issues/MyReportedIssues.tsx(179,13): error TS17004: Cannot use JSX unless the '--jsx' flag is provided.
../../apps/web-worker/src/pages/issues/MyReportedIssues.tsx(183,15): error TS17004: Cannot use JSX unless the '--jsx' flag is provided.
../../apps/web-worker/src/pages/issues/MyReportedIssues.tsx(185,13): error TS17004: Cannot use JSX unless the '--jsx' flag is provided.
../../apps/web-worker/src/pages/issues/MyReportedIssues.tsx(186,15): error TS17004: Cannot use JSX unless the '--jsx' flag is provided.
../../apps/web-worker/src/pages/issues/MyReportedIssues.tsx(187,17): error TS17004: Cannot use JSX unless the '--jsx' flag is provided.
../../apps/web-worker/src/pages/issues/MyReportedIssues.tsx(189,15): error TS17004: Cannot use JSX unless the '--jsx' flag is provided.
../../apps/web-worker/src/pages/issues/MyReportedIssues.tsx(190,17): error TS17004: Cannot use JSX unless the '--jsx' flag is provided.
../../apps/web-worker/src/pages/issues/MyReportedIssues.tsx(191,17): error TS17004: Cannot use JSX unless the '--jsx' flag is provided.
../../apps/web-worker/src/pages/issues/MyReportedIssues.tsx(201,7): error TS17004: Cannot use JSX unless the '--jsx' flag is provided.
../../apps/web-worker/src/pages/issues/MyReportedIssues.tsx(203,11): error TS17004: Cannot use JSX unless the '--jsx' flag is provided.
../../apps/web-worker/src/pages/issues/MyReportedIssues.tsx(204,13): error TS17004: Cannot use JSX unless the '--jsx' flag is provided.
../../apps/web-worker/src/pages/issues/MyReportedIssues.tsx(205,13): error TS17004: Cannot use JSX unless the '--jsx' flag is provided.
../../apps/web-worker/src/pages/issues/MyReportedIssues.tsx(206,15): error TS17004: Cannot use JSX unless the '--jsx' flag is provided.
../../apps/web-worker/src/pages/issues/MyReportedIssues.tsx(207,15): error TS17004: Cannot use JSX unless the '--jsx' flag is provided.
../../apps/web-worker/src/pages/issues/MyReportedIssues.tsx(213,11): error TS17004: Cannot use JSX unless the '--jsx' flag is provided.
../../apps/web-worker/src/pages/issues/MyReportedIssues.tsx(214,13): error TS17004: Cannot use JSX unless the '--jsx' flag is provided.
../../apps/web-worker/src/pages/issues/MyReportedIssues.tsx(215,13): error TS17004: Cannot use JSX unless the '--jsx' flag is provided.
../../apps/web-worker/src/pages/issues/MyReportedIssues.tsx(218,13): error TS17004: Cannot use JSX unless the '--jsx' flag is provided.
../../apps/web-worker/src/pages/issues/MyReportedIssues.tsx(221,13): error TS17004: Cannot use JSX unless the '--jsx' flag is provided.
../../apps/web-worker/src/pages/issues/MyReportedIssues.tsx(229,11): error TS17004: Cannot use JSX unless the '--jsx' flag is provided.
../../apps/web-worker/src/pages/issues/MyReportedIssues.tsx(236,17): error TS17004: Cannot use JSX unless the '--jsx' flag is provided.
../../apps/web-worker/src/pages/issues/MyReportedIssues.tsx(240,19): error TS17004: Cannot use JSX unless the '--jsx' flag is provided.
../../apps/web-worker/src/pages/issues/MyReportedIssues.tsx(242,21): error TS17004: Cannot use JSX unless the '--jsx' flag is provided.
../../apps/web-worker/src/pages/issues/MyReportedIssues.tsx(246,23): error TS17004: Cannot use JSX unless the '--jsx' flag is provided.
../../apps/web-worker/src/pages/issues/MyReportedIssues.tsx(247,25): error TS17004: Cannot use JSX unless the '--jsx' flag is provided.
../../apps/web-worker/src/pages/issues/MyReportedIssues.tsx(251,27): error TS17004: Cannot use JSX unless the '--jsx' flag is provided.
../../apps/web-worker/src/pages/issues/MyReportedIssues.tsx(252,29): error TS17004: Cannot use JSX unless the '--jsx' flag is provided.
../../apps/web-worker/src/pages/issues/MyReportedIssues.tsx(253,29): error TS17004: Cannot use JSX unless the '--jsx' flag is provided.
../../apps/web-worker/src/pages/issues/MyReportedIssues.tsx(257,23): error TS17004: Cannot use JSX unless the '--jsx' flag is provided.
../../apps/web-worker/src/pages/issues/MyReportedIssues.tsx(258,25): error TS17004: Cannot use JSX unless the '--jsx' flag is provided.
../../apps/web-worker/src/pages/issues/MyReportedIssues.tsx(262,27): error TS17004: Cannot use JSX unless the '--jsx' flag is provided.
../../apps/web-worker/src/pages/issues/MyReportedIssues.tsx(264,27): error TS17004: Cannot use JSX unless the '--jsx' flag is provided.
../../apps/web-worker/src/pages/issues/MyReportedIssues.tsx(270,21): error TS17004: Cannot use JSX unless the '--jsx' flag is provided.
../../apps/web-worker/src/pages/issues/MyReportedIssues.tsx(271,23): error TS17004: Cannot use JSX unless the '--jsx' flag is provided.
../../apps/web-worker/src/pages/issues/MyReportedIssues.tsx(272,23): error TS17004: Cannot use JSX unless the '--jsx' flag is provided.
../../apps/web-worker/src/pages/issues/MyReportedIssues.tsx(274,25): error TS17004: Cannot use JSX unless the '--jsx' flag is provided.
../../apps/web-worker/src/pages/issues/MyReportedIssues.tsx(282,23): error TS17004: Cannot use JSX unless the '--jsx' flag is provided.
../../apps/web-worker/src/pages/issues/MyReportedIssues.tsx(284,25): error TS17004: Cannot use JSX unless the '--jsx' flag is provided.
../../apps/web-worker/src/pages/issues/MyReportedIssues.tsx(289,25): error TS17004: Cannot use JSX unless the '--jsx' flag is provided.
../../apps/web-worker/src/pages/issues/MyReportedIssues.tsx(290,27): error TS17004: Cannot use JSX unless the '--jsx' flag is provided.
../../apps/web-worker/src/pages/issues/MyReportedIssues.tsx(291,27): error TS17004: Cannot use JSX unless the '--jsx' flag is provided.
../../apps/web-worker/src/pages/issues/MyReportedIssues.tsx(296,27): error TS17004: Cannot use JSX unless the '--jsx' flag is provided.
../../apps/web-worker/src/pages/issues/MyReportedIssues.tsx(297,29): error TS17004: Cannot use JSX unless the '--jsx' flag is provided.
../../apps/web-worker/src/pages/issues/MyReportedIssues.tsx(300,29): error TS17004: Cannot use JSX unless the '--jsx' flag is provided.
../../apps/web-worker/src/pages/issues/MyReportedIssues.tsx(302,33): error TS17004: Cannot use JSX unless the '--jsx' flag is provided.
../../apps/web-worker/src/pages/issues/MyReportedIssues.tsx(316,27): error TS17004: Cannot use JSX unless the '--jsx' flag is provided.
../../apps/web-worker/src/pages/issues/MyReportedIssues.tsx(318,31): error TS17004: Cannot use JSX unless the '--jsx' flag is provided.
../../apps/web-worker/src/pages/issues/MyReportedIssues.tsx(323,31): error TS17004: Cannot use JSX unless the '--jsx' flag is provided.
../../apps/web-worker/src/pages/issues/MyReportedIssues.tsx(332,27): error TS17004: Cannot use JSX unless the '--jsx' flag is provided.
../../apps/web-worker/src/pages/issues/MyReportedIssues.tsx(333,29): error TS17004: Cannot use JSX unless the '--jsx' flag is provided.
../../apps/web-worker/src/pages/issues/MyReportedIssues.tsx(334,29): error TS17004: Cannot use JSX unless the '--jsx' flag is provided.
../../apps/web-worker/src/pages/issues/MyReportedIssues.tsx(340,27): error TS17004: Cannot use JSX unless the '--jsx' flag is provided.
../../apps/web-worker/src/pages/issues/MyReportedIssues.tsx(341,29): error TS17004: Cannot use JSX unless the '--jsx' flag is provided.
../../apps/web-worker/src/pages/issues/MyReportedIssues.tsx(342,31): error TS17004: Cannot use JSX unless the '--jsx' flag is provided.
../../apps/web-worker/src/pages/issues/MyReportedIssues.tsx(343,31): error TS17004: Cannot use JSX unless the '--jsx' flag is provided.
../../apps/web-worker/src/pages/issues/MyReportedIssues.tsx(344,33): error TS17004: Cannot use JSX unless the '--jsx' flag is provided.
../../apps/web-worker/src/pages/issues/MyReportedIssues.tsx(347,33): error TS17004: Cannot use JSX unless the '--jsx' flag is provided.
../../apps/web-worker/src/pages/issues/MyReportedIssues.tsx(350,33): error TS17004: Cannot use JSX unless the '--jsx' flag is provided.
../../apps/web-worker/src/pages/jobs/JobDetails.tsx(8,25): error TS6142: Module '../../contexts/AuthContext' was resolved to '/home/orrox/projects/rightfit-cleaning-staging/apps/web-worker/src/contexts/AuthContext.tsx', but '--jsx' is not set.
../../apps/web-worker/src/pages/jobs/JobDetails.tsx(9,45): error TS6142: Module '../../components/jobs/JobChecklist' was resolved to '/home/orrox/projects/rightfit-cleaning-staging/apps/web-worker/src/components/jobs/JobChecklist.tsx', but '--jsx' is not set.
../../apps/web-worker/src/pages/jobs/JobDetails.tsx(10,27): error TS6142: Module '../../components/jobs/StartJobModal' was resolved to '/home/orrox/projects/rightfit-cleaning-staging/apps/web-worker/src/components/jobs/StartJobModal.tsx', but '--jsx' is not set.
../../apps/web-worker/src/pages/jobs/JobDetails.tsx(11,30): error TS6142: Module '../../components/jobs/CompleteJobModal' was resolved to '/home/orrox/projects/rightfit-cleaning-staging/apps/web-worker/src/components/jobs/CompleteJobModal.tsx', but '--jsx' is not set.
../../apps/web-worker/src/pages/jobs/JobDetails.tsx(12,41): error TS6142: Module '../../components/jobs/CreateMaintenanceIssueModal' was resolved to '/home/orrox/projects/rightfit-cleaning-staging/apps/web-worker/src/components/jobs/CreateMaintenanceIssueModal.tsx', but '--jsx' is not set.
../../apps/web-worker/src/pages/jobs/JobDetails.tsx(13,31): error TS6142: Module '../../components/jobs/IssueDetailsModal' was resolved to '/home/orrox/projects/rightfit-cleaning-staging/apps/web-worker/src/components/jobs/IssueDetailsModal.tsx', but '--jsx' is not set.
../../apps/web-worker/src/pages/jobs/JobDetails.tsx(14,29): error TS6142: Module '../../components/jobs/JobNotesSection' was resolved to '/home/orrox/projects/rightfit-cleaning-staging/apps/web-worker/src/components/jobs/JobNotesSection.tsx', but '--jsx' is not set.
../../apps/web-worker/src/pages/jobs/JobDetails.tsx(16,34): error TS2307: Cannot find module '@rightfit/shared/types/navigation' or its corresponding type declarations.
../../apps/web-worker/src/pages/jobs/JobDetails.tsx(144,23): error TS2304: Cannot find name 'localStorage'.
../../apps/web-worker/src/pages/jobs/JobDetails.tsx(159,16): error TS18046: 'data' is of type 'unknown'.
../../apps/web-worker/src/pages/jobs/JobDetails.tsx(162,13): error TS18046: 'data' is of type 'unknown'.
../../apps/web-worker/src/pages/jobs/JobDetails.tsx(163,31): error TS18046: 'data' is of type 'unknown'.
../../apps/web-worker/src/pages/jobs/JobDetails.tsx(189,27): error TS18046: 'data' is of type 'unknown'.
../../apps/web-worker/src/pages/jobs/JobDetails.tsx(203,21): error TS2304: Cannot find name 'localStorage'.
../../apps/web-worker/src/pages/jobs/JobDetails.tsx(215,16): error TS18046: 'data' is of type 'unknown'.
../../apps/web-worker/src/pages/jobs/JobDetails.tsx(218,13): error TS18046: 'data' is of type 'unknown'.
../../apps/web-worker/src/pages/jobs/JobDetails.tsx(219,31): error TS18046: 'data' is of type 'unknown'.
../../apps/web-worker/src/pages/jobs/JobDetails.tsx(295,7): error TS17004: Cannot use JSX unless the '--jsx' flag is provided.
../../apps/web-worker/src/pages/jobs/JobDetails.tsx(296,9): error TS17004: Cannot use JSX unless the '--jsx' flag is provided.
../../apps/web-worker/src/pages/jobs/JobDetails.tsx(297,11): error TS17004: Cannot use JSX unless the '--jsx' flag is provided.
../../apps/web-worker/src/pages/jobs/JobDetails.tsx(298,11): error TS17004: Cannot use JSX unless the '--jsx' flag is provided.
../../apps/web-worker/src/pages/jobs/JobDetails.tsx(306,7): error TS17004: Cannot use JSX unless the '--jsx' flag is provided.
../../apps/web-worker/src/pages/jobs/JobDetails.tsx(307,9): error TS17004: Cannot use JSX unless the '--jsx' flag is provided.
../../apps/web-worker/src/pages/jobs/JobDetails.tsx(308,11): error TS17004: Cannot use JSX unless the '--jsx' flag is provided.
../../apps/web-worker/src/pages/jobs/JobDetails.tsx(309,11): error TS17004: Cannot use JSX unless the '--jsx' flag is provided.
../../apps/web-worker/src/pages/jobs/JobDetails.tsx(324,5): error TS17004: Cannot use JSX unless the '--jsx' flag is provided.
../../apps/web-worker/src/pages/jobs/JobDetails.tsx(327,9): error TS17004: Cannot use JSX unless the '--jsx' flag is provided.
../../apps/web-worker/src/pages/jobs/JobDetails.tsx(328,11): error TS17004: Cannot use JSX unless the '--jsx' flag is provided.
../../apps/web-worker/src/pages/jobs/JobDetails.tsx(329,11): error TS17004: Cannot use JSX unless the '--jsx' flag is provided.
../../apps/web-worker/src/pages/jobs/JobDetails.tsx(330,13): error TS17004: Cannot use JSX unless the '--jsx' flag is provided.
../../apps/web-worker/src/pages/jobs/JobDetails.tsx(331,13): error TS17004: Cannot use JSX unless the '--jsx' flag is provided.
../../apps/web-worker/src/pages/jobs/JobDetails.tsx(337,7): error TS17004: Cannot use JSX unless the '--jsx' flag is provided.
../../apps/web-worker/src/pages/jobs/JobDetails.tsx(338,9): error TS17004: Cannot use JSX unless the '--jsx' flag is provided.
../../apps/web-worker/src/pages/jobs/JobDetails.tsx(342,11): error TS17004: Cannot use JSX unless the '--jsx' flag is provided.
../../apps/web-worker/src/pages/jobs/JobDetails.tsx(343,11): error TS17004: Cannot use JSX unless the '--jsx' flag is provided.
../../apps/web-worker/src/pages/jobs/JobDetails.tsx(346,9): error TS17004: Cannot use JSX unless the '--jsx' flag is provided.
../../apps/web-worker/src/pages/jobs/JobDetails.tsx(347,11): error TS17004: Cannot use JSX unless the '--jsx' flag is provided.
../../apps/web-worker/src/pages/jobs/JobDetails.tsx(348,13): error TS17004: Cannot use JSX unless the '--jsx' flag is provided.
../../apps/web-worker/src/pages/jobs/JobDetails.tsx(349,13): error TS17004: Cannot use JSX unless the '--jsx' flag is provided.
../../apps/web-worker/src/pages/jobs/JobDetails.tsx(351,11): error TS17004: Cannot use JSX unless the '--jsx' flag is provided.
../../apps/web-worker/src/pages/jobs/JobDetails.tsx(359,9): error TS17004: Cannot use JSX unless the '--jsx' flag is provided.
../../apps/web-worker/src/pages/jobs/JobDetails.tsx(360,11): error TS17004: Cannot use JSX unless the '--jsx' flag is provided.
../../apps/web-worker/src/pages/jobs/JobDetails.tsx(361,13): error TS17004: Cannot use JSX unless the '--jsx' flag is provided.
../../apps/web-worker/src/pages/jobs/JobDetails.tsx(362,13): error TS17004: Cannot use JSX unless the '--jsx' flag is provided.
../../apps/web-worker/src/pages/jobs/JobDetails.tsx(363,15): error TS17004: Cannot use JSX unless the '--jsx' flag is provided.
../../apps/web-worker/src/pages/jobs/JobDetails.tsx(364,15): error TS17004: Cannot use JSX unless the '--jsx' flag is provided.
../../apps/web-worker/src/pages/jobs/JobDetails.tsx(371,7): error TS17004: Cannot use JSX unless the '--jsx' flag is provided.
../../apps/web-worker/src/pages/jobs/JobDetails.tsx(372,9): error TS17004: Cannot use JSX unless the '--jsx' flag is provided.
../../apps/web-worker/src/pages/jobs/JobDetails.tsx(376,11): error TS17004: Cannot use JSX unless the '--jsx' flag is provided.
../../apps/web-worker/src/pages/jobs/JobDetails.tsx(377,13): error TS17004: Cannot use JSX unless the '--jsx' flag is provided.
../../apps/web-worker/src/pages/jobs/JobDetails.tsx(378,13): error TS17004: Cannot use JSX unless the '--jsx' flag is provided.
../../apps/web-worker/src/pages/jobs/JobDetails.tsx(381,13): error TS17004: Cannot use JSX unless the '--jsx' flag is provided.
../../apps/web-worker/src/pages/jobs/JobDetails.tsx(383,13): error TS17004: Cannot use JSX unless the '--jsx' flag is provided.
../../apps/web-worker/src/pages/jobs/JobDetails.tsx(388,11): error TS17004: Cannot use JSX unless the '--jsx' flag is provided.
../../apps/web-worker/src/pages/jobs/JobDetails.tsx(389,13): error TS17004: Cannot use JSX unless the '--jsx' flag is provided.
../../apps/web-worker/src/pages/jobs/JobDetails.tsx(390,15): error TS17004: Cannot use JSX unless the '--jsx' flag is provided.
../../apps/web-worker/src/pages/jobs/JobDetails.tsx(391,15): error TS17004: Cannot use JSX unless the '--jsx' flag is provided.
../../apps/web-worker/src/pages/jobs/JobDetails.tsx(393,13): error TS17004: Cannot use JSX unless the '--jsx' flag is provided.
../../apps/web-worker/src/pages/jobs/JobDetails.tsx(394,15): error TS17004: Cannot use JSX unless the '--jsx' flag is provided.
../../apps/web-worker/src/pages/jobs/JobDetails.tsx(395,15): error TS17004: Cannot use JSX unless the '--jsx' flag is provided.
../../apps/web-worker/src/pages/jobs/JobDetails.tsx(401,13): error TS17004: Cannot use JSX unless the '--jsx' flag is provided.
../../apps/web-worker/src/pages/jobs/JobDetails.tsx(402,15): error TS17004: Cannot use JSX unless the '--jsx' flag is provided.
../../apps/web-worker/src/pages/jobs/JobDetails.tsx(403,15): error TS17004: Cannot use JSX unless the '--jsx' flag is provided.
../../apps/web-worker/src/pages/jobs/JobDetails.tsx(412,7): error TS17004: Cannot use JSX unless the '--jsx' flag is provided.
../../apps/web-worker/src/pages/jobs/JobDetails.tsx(413,9): error TS17004: Cannot use JSX unless the '--jsx' flag is provided.
../../apps/web-worker/src/pages/jobs/JobDetails.tsx(417,11): error TS17004: Cannot use JSX unless the '--jsx' flag is provided.
../../apps/web-worker/src/pages/jobs/JobDetails.tsx(418,13): error TS17004: Cannot use JSX unless the '--jsx' flag is provided.
../../apps/web-worker/src/pages/jobs/JobDetails.tsx(419,13): error TS17004: Cannot use JSX unless the '--jsx' flag is provided.
../../apps/web-worker/src/pages/jobs/JobDetails.tsx(422,13): error TS17004: Cannot use JSX unless the '--jsx' flag is provided.
../../apps/web-worker/src/pages/jobs/JobDetails.tsx(424,13): error TS17004: Cannot use JSX unless the '--jsx' flag is provided.
../../apps/web-worker/src/pages/jobs/JobDetails.tsx(429,11): error TS17004: Cannot use JSX unless the '--jsx' flag is provided.
../../apps/web-worker/src/pages/jobs/JobDetails.tsx(430,13): error TS17004: Cannot use JSX unless the '--jsx' flag is provided.
../../apps/web-worker/src/pages/jobs/JobDetails.tsx(431,15): error TS17004: Cannot use JSX unless the '--jsx' flag is provided.
../../apps/web-worker/src/pages/jobs/JobDetails.tsx(432,15): error TS17004: Cannot use JSX unless the '--jsx' flag is provided.
../../apps/web-worker/src/pages/jobs/JobDetails.tsx(433,17): error TS17004: Cannot use JSX unless the '--jsx' flag is provided.
../../apps/web-worker/src/pages/jobs/JobDetails.tsx(435,19): error TS17004: Cannot use JSX unless the '--jsx' flag is provided.
../../apps/web-worker/src/pages/jobs/JobDetails.tsx(442,15): error TS17004: Cannot use JSX unless the '--jsx' flag is provided.
../../apps/web-worker/src/pages/jobs/JobDetails.tsx(443,17): error TS17004: Cannot use JSX unless the '--jsx' flag is provided.
../../apps/web-worker/src/pages/jobs/JobDetails.tsx(444,19): error TS17004: Cannot use JSX unless the '--jsx' flag is provided.
../../apps/web-worker/src/pages/jobs/JobDetails.tsx(445,19): error TS17004: Cannot use JSX unless the '--jsx' flag is provided.
../../apps/web-worker/src/pages/jobs/JobDetails.tsx(446,21): error TS17004: Cannot use JSX unless the '--jsx' flag is provided.
../../apps/web-worker/src/pages/jobs/JobDetails.tsx(447,21): error TS17004: Cannot use JSX unless the '--jsx' flag is provided.
../../apps/web-worker/src/pages/jobs/JobDetails.tsx(457,15): error TS17004: Cannot use JSX unless the '--jsx' flag is provided.
../../apps/web-worker/src/pages/jobs/JobDetails.tsx(458,17): error TS17004: Cannot use JSX unless the '--jsx' flag is provided.
../../apps/web-worker/src/pages/jobs/JobDetails.tsx(459,19): error TS17004: Cannot use JSX unless the '--jsx' flag is provided.
../../apps/web-worker/src/pages/jobs/JobDetails.tsx(460,21): error TS17004: Cannot use JSX unless the '--jsx' flag is provided.
../../apps/web-worker/src/pages/jobs/JobDetails.tsx(461,21): error TS17004: Cannot use JSX unless the '--jsx' flag is provided.
../../apps/web-worker/src/pages/jobs/JobDetails.tsx(463,19): error TS17004: Cannot use JSX unless the '--jsx' flag is provided.
../../apps/web-worker/src/pages/jobs/JobDetails.tsx(466,19): error TS17004: Cannot use JSX unless the '--jsx' flag is provided.
../../apps/web-worker/src/pages/jobs/JobDetails.tsx(473,15): error TS17004: Cannot use JSX unless the '--jsx' flag is provided.
../../apps/web-worker/src/pages/jobs/JobDetails.tsx(477,17): error TS17004: Cannot use JSX unless the '--jsx' flag is provided.
../../apps/web-worker/src/pages/jobs/JobDetails.tsx(482,13): error TS17004: Cannot use JSX unless the '--jsx' flag is provided.
../../apps/web-worker/src/pages/jobs/JobDetails.tsx(483,15): error TS17004: Cannot use JSX unless the '--jsx' flag is provided.
../../apps/web-worker/src/pages/jobs/JobDetails.tsx(484,17): error TS17004: Cannot use JSX unless the '--jsx' flag is provided.
../../apps/web-worker/src/pages/jobs/JobDetails.tsx(485,17): error TS17004: Cannot use JSX unless the '--jsx' flag is provided.
../../apps/web-worker/src/pages/jobs/JobDetails.tsx(488,17): error TS17004: Cannot use JSX unless the '--jsx' flag is provided.
../../apps/web-worker/src/pages/jobs/JobDetails.tsx(489,19): error TS17004: Cannot use JSX unless the '--jsx' flag is provided.
../../apps/web-worker/src/pages/jobs/JobDetails.tsx(490,19): error TS17004: Cannot use JSX unless the '--jsx' flag is provided.
../../apps/web-worker/src/pages/jobs/JobDetails.tsx(494,17): error TS17004: Cannot use JSX unless the '--jsx' flag is provided.
../../apps/web-worker/src/pages/jobs/JobDetails.tsx(495,19): error TS17004: Cannot use JSX unless the '--jsx' flag is provided.
../../apps/web-worker/src/pages/jobs/JobDetails.tsx(496,19): error TS17004: Cannot use JSX unless the '--jsx' flag is provided.
../../apps/web-worker/src/pages/jobs/JobDetails.tsx(502,15): error TS17004: Cannot use JSX unless the '--jsx' flag is provided.
../../apps/web-worker/src/pages/jobs/JobDetails.tsx(503,17): error TS17004: Cannot use JSX unless the '--jsx' flag is provided.
../../apps/web-worker/src/pages/jobs/JobDetails.tsx(504,17): error TS17004: Cannot use JSX unless the '--jsx' flag is provided.
../../apps/web-worker/src/pages/jobs/JobDetails.tsx(509,15): error TS17004: Cannot use JSX unless the '--jsx' flag is provided.
../../apps/web-worker/src/pages/jobs/JobDetails.tsx(510,17): error TS17004: Cannot use JSX unless the '--jsx' flag is provided.
../../apps/web-worker/src/pages/jobs/JobDetails.tsx(511,17): error TS17004: Cannot use JSX unless the '--jsx' flag is provided.
../../apps/web-worker/src/pages/jobs/JobDetails.tsx(516,15): error TS17004: Cannot use JSX unless the '--jsx' flag is provided.
../../apps/web-worker/src/pages/jobs/JobDetails.tsx(517,17): error TS17004: Cannot use JSX unless the '--jsx' flag is provided.
../../apps/web-worker/src/pages/jobs/JobDetails.tsx(518,17): error TS17004: Cannot use JSX unless the '--jsx' flag is provided.
../../apps/web-worker/src/pages/jobs/JobDetails.tsx(520,21): error TS17004: Cannot use JSX unless the '--jsx' flag is provided.
../../apps/web-worker/src/pages/jobs/JobDetails.tsx(521,23): error TS17004: Cannot use JSX unless the '--jsx' flag is provided.
../../apps/web-worker/src/pages/jobs/JobDetails.tsx(522,23): error TS17004: Cannot use JSX unless the '--jsx' flag is provided.
../../apps/web-worker/src/pages/jobs/JobDetails.tsx(530,15): error TS17004: Cannot use JSX unless the '--jsx' flag is provided.
../../apps/web-worker/src/pages/jobs/JobDetails.tsx(531,17): error TS17004: Cannot use JSX unless the '--jsx' flag is provided.
../../apps/web-worker/src/pages/jobs/JobDetails.tsx(532,17): error TS17004: Cannot use JSX unless the '--jsx' flag is provided.
../../apps/web-worker/src/pages/jobs/JobDetails.tsx(534,21): error TS17004: Cannot use JSX unless the '--jsx' flag is provided.
../../apps/web-worker/src/pages/jobs/JobDetails.tsx(535,23): error TS17004: Cannot use JSX unless the '--jsx' flag is provided.
../../apps/web-worker/src/pages/jobs/JobDetails.tsx(536,23): error TS17004: Cannot use JSX unless the '--jsx' flag is provided.
../../apps/web-worker/src/pages/jobs/JobDetails.tsx(544,15): error TS17004: Cannot use JSX unless the '--jsx' flag is provided.
../../apps/web-worker/src/pages/jobs/JobDetails.tsx(545,17): error TS17004: Cannot use JSX unless the '--jsx' flag is provided.
../../apps/web-worker/src/pages/jobs/JobDetails.tsx(546,17): error TS17004: Cannot use JSX unless the '--jsx' flag is provided.
../../apps/web-worker/src/pages/jobs/JobDetails.tsx(548,21): error TS17004: Cannot use JSX unless the '--jsx' flag is provided.
../../apps/web-worker/src/pages/jobs/JobDetails.tsx(549,23): error TS17004: Cannot use JSX unless the '--jsx' flag is provided.
../../apps/web-worker/src/pages/jobs/JobDetails.tsx(555,25): error TS17004: Cannot use JSX unless the '--jsx' flag is provided.
../../apps/web-worker/src/pages/jobs/JobDetails.tsx(567,7): error TS17004: Cannot use JSX unless the '--jsx' flag is provided.
../../apps/web-worker/src/pages/jobs/JobDetails.tsx(568,9): error TS17004: Cannot use JSX unless the '--jsx' flag is provided.
../../apps/web-worker/src/pages/jobs/JobDetails.tsx(572,11): error TS17004: Cannot use JSX unless the '--jsx' flag is provided.
../../apps/web-worker/src/pages/jobs/JobDetails.tsx(573,13): error TS17004: Cannot use JSX unless the '--jsx' flag is provided.
../../apps/web-worker/src/pages/jobs/JobDetails.tsx(574,13): error TS17004: Cannot use JSX unless the '--jsx' flag is provided.
../../apps/web-worker/src/pages/jobs/JobDetails.tsx(577,13): error TS17004: Cannot use JSX unless the '--jsx' flag is provided.
../../apps/web-worker/src/pages/jobs/JobDetails.tsx(579,13): error TS17004: Cannot use JSX unless the '--jsx' flag is provided.
../../apps/web-worker/src/pages/jobs/JobDetails.tsx(584,11): error TS17004: Cannot use JSX unless the '--jsx' flag is provided.
../../apps/web-worker/src/pages/jobs/JobDetails.tsx(586,13): error TS17004: Cannot use JSX unless the '--jsx' flag is provided.
../../apps/web-worker/src/pages/jobs/JobDetails.tsx(587,15): error TS17004: Cannot use JSX unless the '--jsx' flag is provided.
../../apps/web-worker/src/pages/jobs/JobDetails.tsx(588,15): error TS17004: Cannot use JSX unless the '--jsx' flag is provided.
../../apps/web-worker/src/pages/jobs/JobDetails.tsx(592,13): error TS17004: Cannot use JSX unless the '--jsx' flag is provided.
../../apps/web-worker/src/pages/jobs/JobDetails.tsx(593,15): error TS17004: Cannot use JSX unless the '--jsx' flag is provided.
../../apps/web-worker/src/pages/jobs/JobDetails.tsx(594,15): error TS17004: Cannot use JSX unless the '--jsx' flag is provided.
../../apps/web-worker/src/pages/jobs/JobDetails.tsx(598,13): error TS17004: Cannot use JSX unless the '--jsx' flag is provided.
../../apps/web-worker/src/pages/jobs/JobDetails.tsx(599,15): error TS17004: Cannot use JSX unless the '--jsx' flag is provided.
../../apps/web-worker/src/pages/jobs/JobDetails.tsx(600,17): error TS17004: Cannot use JSX unless the '--jsx' flag is provided.
../../apps/web-worker/src/pages/jobs/JobDetails.tsx(601,17): error TS17004: Cannot use JSX unless the '--jsx' flag is provided.
../../apps/web-worker/src/pages/jobs/JobDetails.tsx(603,15): error TS17004: Cannot use JSX unless the '--jsx' flag is provided.
../../apps/web-worker/src/pages/jobs/JobDetails.tsx(604,17): error TS17004: Cannot use JSX unless the '--jsx' flag is provided.
../../apps/web-worker/src/pages/jobs/JobDetails.tsx(605,19): error TS17004: Cannot use JSX unless the '--jsx' flag is provided.
../../apps/web-worker/src/pages/jobs/JobDetails.tsx(606,19): error TS17004: Cannot use JSX unless the '--jsx' flag is provided.
../../apps/web-worker/src/pages/jobs/JobDetails.tsx(609,19): error TS17004: Cannot use JSX unless the '--jsx' flag is provided.
../../apps/web-worker/src/pages/jobs/JobDetails.tsx(610,21): error TS17004: Cannot use JSX unless the '--jsx' flag is provided.
../../apps/web-worker/src/pages/jobs/JobDetails.tsx(611,21): error TS17004: Cannot use JSX unless the '--jsx' flag is provided.
../../apps/web-worker/src/pages/jobs/JobDetails.tsx(618,13): error TS17004: Cannot use JSX unless the '--jsx' flag is provided.
../../apps/web-worker/src/pages/jobs/JobDetails.tsx(619,15): error TS17004: Cannot use JSX unless the '--jsx' flag is provided.
../../apps/web-worker/src/pages/jobs/JobDetails.tsx(620,17): error TS17004: Cannot use JSX unless the '--jsx' flag is provided.
../../apps/web-worker/src/pages/jobs/JobDetails.tsx(621,17): error TS17004: Cannot use JSX unless the '--jsx' flag is provided.
../../apps/web-worker/src/pages/jobs/JobDetails.tsx(623,15): error TS17004: Cannot use JSX unless the '--jsx' flag is provided.
../../apps/web-worker/src/pages/jobs/JobDetails.tsx(627,13): error TS17004: Cannot use JSX unless the '--jsx' flag is provided.
../../apps/web-worker/src/pages/jobs/JobDetails.tsx(628,15): error TS17004: Cannot use JSX unless the '--jsx' flag is provided.
../../apps/web-worker/src/pages/jobs/JobDetails.tsx(629,17): error TS17004: Cannot use JSX unless the '--jsx' flag is provided.
../../apps/web-worker/src/pages/jobs/JobDetails.tsx(630,17): error TS17004: Cannot use JSX unless the '--jsx' flag is provided.
../../apps/web-worker/src/pages/jobs/JobDetails.tsx(632,15): error TS17004: Cannot use JSX unless the '--jsx' flag is provided.
../../apps/web-worker/src/pages/jobs/JobDetails.tsx(640,13): error TS17004: Cannot use JSX unless the '--jsx' flag is provided.
../../apps/web-worker/src/pages/jobs/JobDetails.tsx(648,9): error TS17004: Cannot use JSX unless the '--jsx' flag is provided.
../../apps/web-worker/src/pages/jobs/JobDetails.tsx(649,11): error TS17004: Cannot use JSX unless the '--jsx' flag is provided.
../../apps/web-worker/src/pages/jobs/JobDetails.tsx(653,13): error TS17004: Cannot use JSX unless the '--jsx' flag is provided.
../../apps/web-worker/src/pages/jobs/JobDetails.tsx(654,15): error TS17004: Cannot use JSX unless the '--jsx' flag is provided.
../../apps/web-worker/src/pages/jobs/JobDetails.tsx(655,15): error TS17004: Cannot use JSX unless the '--jsx' flag is provided.
../../apps/web-worker/src/pages/jobs/JobDetails.tsx(658,15): error TS17004: Cannot use JSX unless the '--jsx' flag is provided.
../../apps/web-worker/src/pages/jobs/JobDetails.tsx(660,15): error TS17004: Cannot use JSX unless the '--jsx' flag is provided.
../../apps/web-worker/src/pages/jobs/JobDetails.tsx(665,13): error TS17004: Cannot use JSX unless the '--jsx' flag is provided.
../../apps/web-worker/src/pages/jobs/JobDetails.tsx(667,15): error TS17004: Cannot use JSX unless the '--jsx' flag is provided.
../../apps/web-worker/src/pages/jobs/JobDetails.tsx(668,17): error TS17004: Cannot use JSX unless the '--jsx' flag is provided.
../../apps/web-worker/src/pages/jobs/JobDetails.tsx(669,17): error TS17004: Cannot use JSX unless the '--jsx' flag is provided.
../../apps/web-worker/src/pages/jobs/JobDetails.tsx(675,15): error TS17004: Cannot use JSX unless the '--jsx' flag is provided.
../../apps/web-worker/src/pages/jobs/JobDetails.tsx(676,17): error TS17004: Cannot use JSX unless the '--jsx' flag is provided.
../../apps/web-worker/src/pages/jobs/JobDetails.tsx(677,17): error TS17004: Cannot use JSX unless the '--jsx' flag is provided.
../../apps/web-worker/src/pages/jobs/JobDetails.tsx(686,15): error TS17004: Cannot use JSX unless the '--jsx' flag is provided.
../../apps/web-worker/src/pages/jobs/JobDetails.tsx(687,17): error TS17004: Cannot use JSX unless the '--jsx' flag is provided.
../../apps/web-worker/src/pages/jobs/JobDetails.tsx(688,17): error TS17004: Cannot use JSX unless the '--jsx' flag is provided.
../../apps/web-worker/src/pages/jobs/JobDetails.tsx(702,7): error TS17004: Cannot use JSX unless the '--jsx' flag is provided.
../../apps/web-worker/src/pages/jobs/JobDetails.tsx(703,9): error TS17004: Cannot use JSX unless the '--jsx' flag is provided.
../../apps/web-worker/src/pages/jobs/JobDetails.tsx(707,11): error TS17004: Cannot use JSX unless the '--jsx' flag is provided.
../../apps/web-worker/src/pages/jobs/JobDetails.tsx(708,13): error TS17004: Cannot use JSX unless the '--jsx' flag is provided.
../../apps/web-worker/src/pages/jobs/JobDetails.tsx(709,13): error TS17004: Cannot use JSX unless the '--jsx' flag is provided.
../../apps/web-worker/src/pages/jobs/JobDetails.tsx(711,15): error TS17004: Cannot use JSX unless the '--jsx' flag is provided.
../../apps/web-worker/src/pages/jobs/JobDetails.tsx(717,13): error TS17004: Cannot use JSX unless the '--jsx' flag is provided.
../../apps/web-worker/src/pages/jobs/JobDetails.tsx(719,13): error TS17004: Cannot use JSX unless the '--jsx' flag is provided.
../../apps/web-worker/src/pages/jobs/JobDetails.tsx(724,11): error TS17004: Cannot use JSX unless the '--jsx' flag is provided.
../../apps/web-worker/src/pages/jobs/JobDetails.tsx(726,15): error TS17004: Cannot use JSX unless the '--jsx' flag is provided.
../../apps/web-worker/src/pages/jobs/JobDetails.tsx(727,17): error TS17004: Cannot use JSX unless the '--jsx' flag is provided.
../../apps/web-worker/src/pages/jobs/JobDetails.tsx(728,17): error TS17004: Cannot use JSX unless the '--jsx' flag is provided.
../../apps/web-worker/src/pages/jobs/JobDetails.tsx(731,15): error TS17004: Cannot use JSX unless the '--jsx' flag is provided.
../../apps/web-worker/src/pages/jobs/JobDetails.tsx(732,17): error TS17004: Cannot use JSX unless the '--jsx' flag is provided.
../../apps/web-worker/src/pages/jobs/JobDetails.tsx(733,17): error TS17004: Cannot use JSX unless the '--jsx' flag is provided.
../../apps/web-worker/src/pages/jobs/JobDetails.tsx(736,15): error TS17004: Cannot use JSX unless the '--jsx' flag is provided.
../../apps/web-worker/src/pages/jobs/JobDetails.tsx(738,19): error TS17004: Cannot use JSX unless the '--jsx' flag is provided.
../../apps/web-worker/src/pages/jobs/JobDetails.tsx(743,21): error TS17004: Cannot use JSX unless the '--jsx' flag is provided.
../../apps/web-worker/src/pages/jobs/JobDetails.tsx(744,23): error TS17004: Cannot use JSX unless the '--jsx' flag is provided.
../../apps/web-worker/src/pages/jobs/JobDetails.tsx(745,23): error TS17004: Cannot use JSX unless the '--jsx' flag is provided.
../../apps/web-worker/src/pages/jobs/JobDetails.tsx(746,25): error TS17004: Cannot use JSX unless the '--jsx' flag is provided.
../../apps/web-worker/src/pages/jobs/JobDetails.tsx(749,25): error TS17004: Cannot use JSX unless the '--jsx' flag is provided.
../../apps/web-worker/src/pages/jobs/JobDetails.tsx(754,21): error TS17004: Cannot use JSX unless the '--jsx' flag is provided.
../../apps/web-worker/src/pages/jobs/JobDetails.tsx(755,21): error TS17004: Cannot use JSX unless the '--jsx' flag is provided.
../../apps/web-worker/src/pages/jobs/JobDetails.tsx(756,23): error TS17004: Cannot use JSX unless the '--jsx' flag is provided.
../../apps/web-worker/src/pages/jobs/JobDetails.tsx(757,23): error TS17004: Cannot use JSX unless the '--jsx' flag is provided.
../../apps/web-worker/src/pages/jobs/JobDetails.tsx(766,23): error TS17004: Cannot use JSX unless the '--jsx' flag is provided.
../../apps/web-worker/src/pages/jobs/JobDetails.tsx(775,23): error TS17004: Cannot use JSX unless the '--jsx' flag is provided.
../../apps/web-worker/src/pages/jobs/JobDetails.tsx(780,23): error TS17004: Cannot use JSX unless the '--jsx' flag is provided.
../../apps/web-worker/src/pages/jobs/JobDetails.tsx(794,9): error TS17004: Cannot use JSX unless the '--jsx' flag is provided.
../../apps/web-worker/src/pages/jobs/JobDetails.tsx(795,11): error TS17004: Cannot use JSX unless the '--jsx' flag is provided.
../../apps/web-worker/src/pages/jobs/JobDetails.tsx(799,13): error TS17004: Cannot use JSX unless the '--jsx' flag is provided.
../../apps/web-worker/src/pages/jobs/JobDetails.tsx(800,15): error TS17004: Cannot use JSX unless the '--jsx' flag is provided.
../../apps/web-worker/src/pages/jobs/JobDetails.tsx(801,15): error TS17004: Cannot use JSX unless the '--jsx' flag is provided.
../../apps/web-worker/src/pages/jobs/JobDetails.tsx(802,15): error TS17004: Cannot use JSX unless the '--jsx' flag is provided.
../../apps/web-worker/src/pages/jobs/JobDetails.tsx(807,15): error TS17004: Cannot use JSX unless the '--jsx' flag is provided.
../../apps/web-worker/src/pages/jobs/JobDetails.tsx(809,15): error TS17004: Cannot use JSX unless the '--jsx' flag is provided.
../../apps/web-worker/src/pages/jobs/JobDetails.tsx(814,13): error TS17004: Cannot use JSX unless the '--jsx' flag is provided.
../../apps/web-worker/src/pages/jobs/JobDetails.tsx(827,7): error TS17004: Cannot use JSX unless the '--jsx' flag is provided.
../../apps/web-worker/src/pages/jobs/JobDetails.tsx(836,7): error TS17004: Cannot use JSX unless the '--jsx' flag is provided.
../../apps/web-worker/src/pages/jobs/JobDetails.tsx(837,9): error TS17004: Cannot use JSX unless the '--jsx' flag is provided.
../../apps/web-worker/src/pages/jobs/JobDetails.tsx(841,11): error TS17004: Cannot use JSX unless the '--jsx' flag is provided.
../../apps/web-worker/src/pages/jobs/JobDetails.tsx(844,9): error TS17004: Cannot use JSX unless the '--jsx' flag is provided.
../../apps/web-worker/src/pages/jobs/JobDetails.tsx(850,7): error TS17004: Cannot use JSX unless the '--jsx' flag is provided.
../../apps/web-worker/src/pages/jobs/JobDetails.tsx(851,9): error TS17004: Cannot use JSX unless the '--jsx' flag is provided.
../../apps/web-worker/src/pages/jobs/JobDetails.tsx(853,13): error TS17004: Cannot use JSX unless the '--jsx' flag is provided.
../../apps/web-worker/src/pages/jobs/JobDetails.tsx(857,15): error TS17004: Cannot use JSX unless the '--jsx' flag is provided.
../../apps/web-worker/src/pages/jobs/JobDetails.tsx(862,13): error TS17004: Cannot use JSX unless the '--jsx' flag is provided.
../../apps/web-worker/src/pages/jobs/JobDetails.tsx(866,15): error TS17004: Cannot use JSX unless the '--jsx' flag is provided.
../../apps/web-worker/src/pages/jobs/JobDetails.tsx(871,13): error TS17004: Cannot use JSX unless the '--jsx' flag is provided.
../../apps/web-worker/src/pages/jobs/JobDetails.tsx(880,9): error TS17004: Cannot use JSX unless the '--jsx' flag is provided.
../../apps/web-worker/src/pages/jobs/JobDetails.tsx(892,9): error TS17004: Cannot use JSX unless the '--jsx' flag is provided.
../../apps/web-worker/src/pages/jobs/JobDetails.tsx(903,9): error TS17004: Cannot use JSX unless the '--jsx' flag is provided.
../../apps/web-worker/src/pages/jobs/JobDetails.tsx(915,9): error TS17004: Cannot use JSX unless the '--jsx' flag is provided.
../../apps/web-worker/src/pages/jobs/MyJobs.tsx(3,62): error TS6133: 'Filter' is declared but its value is never read.
../../apps/web-worker/src/pages/jobs/MyJobs.tsx(4,25): error TS6142: Module '../../contexts/AuthContext' was resolved to '/home/orrox/projects/rightfit-cleaning-staging/apps/web-worker/src/contexts/AuthContext.tsx', but '--jsx' is not set.
../../apps/web-worker/src/pages/jobs/MyJobs.tsx(35,21): error TS2304: Cannot find name 'localStorage'.
../../apps/web-worker/src/pages/jobs/MyJobs.tsx(36,33): error TS2304: Cannot find name 'localStorage'.
../../apps/web-worker/src/pages/jobs/MyJobs.tsx(63,15): error TS18046: 'data' is of type 'unknown'.
../../apps/web-worker/src/pages/jobs/MyJobs.tsx(104,7): error TS17004: Cannot use JSX unless the '--jsx' flag is provided.
../../apps/web-worker/src/pages/jobs/MyJobs.tsx(105,9): error TS17004: Cannot use JSX unless the '--jsx' flag is provided.
../../apps/web-worker/src/pages/jobs/MyJobs.tsx(106,11): error TS17004: Cannot use JSX unless the '--jsx' flag is provided.
../../apps/web-worker/src/pages/jobs/MyJobs.tsx(107,11): error TS17004: Cannot use JSX unless the '--jsx' flag is provided.
../../apps/web-worker/src/pages/jobs/MyJobs.tsx(117,5): error TS17004: Cannot use JSX unless the '--jsx' flag is provided.
../../apps/web-worker/src/pages/jobs/MyJobs.tsx(119,7): error TS17004: Cannot use JSX unless the '--jsx' flag is provided.
../../apps/web-worker/src/pages/jobs/MyJobs.tsx(120,9): error TS17004: Cannot use JSX unless the '--jsx' flag is provided.
../../apps/web-worker/src/pages/jobs/MyJobs.tsx(121,11): error TS17004: Cannot use JSX unless the '--jsx' flag is provided.
../../apps/web-worker/src/pages/jobs/MyJobs.tsx(122,13): error TS17004: Cannot use JSX unless the '--jsx' flag is provided.
../../apps/web-worker/src/pages/jobs/MyJobs.tsx(126,15): error TS17004: Cannot use JSX unless the '--jsx' flag is provided.
../../apps/web-worker/src/pages/jobs/MyJobs.tsx(128,13): error TS17004: Cannot use JSX unless the '--jsx' flag is provided.
../../apps/web-worker/src/pages/jobs/MyJobs.tsx(130,11): error TS17004: Cannot use JSX unless the '--jsx' flag is provided.
../../apps/web-worker/src/pages/jobs/MyJobs.tsx(137,7): error TS17004: Cannot use JSX unless the '--jsx' flag is provided.
../../apps/web-worker/src/pages/jobs/MyJobs.tsx(138,9): error TS17004: Cannot use JSX unless the '--jsx' flag is provided.
../../apps/web-worker/src/pages/jobs/MyJobs.tsx(139,11): error TS17004: Cannot use JSX unless the '--jsx' flag is provided.
../../apps/web-worker/src/pages/jobs/MyJobs.tsx(140,13): error TS17004: Cannot use JSX unless the '--jsx' flag is provided.
../../apps/web-worker/src/pages/jobs/MyJobs.tsx(150,13): error TS17004: Cannot use JSX unless the '--jsx' flag is provided.
../../apps/web-worker/src/pages/jobs/MyJobs.tsx(160,13): error TS17004: Cannot use JSX unless the '--jsx' flag is provided.
../../apps/web-worker/src/pages/jobs/MyJobs.tsx(175,7): error TS17004: Cannot use JSX unless the '--jsx' flag is provided.
../../apps/web-worker/src/pages/jobs/MyJobs.tsx(177,11): error TS17004: Cannot use JSX unless the '--jsx' flag is provided.
../../apps/web-worker/src/pages/jobs/MyJobs.tsx(178,13): error TS17004: Cannot use JSX unless the '--jsx' flag is provided.
../../apps/web-worker/src/pages/jobs/MyJobs.tsx(179,13): error TS17004: Cannot use JSX unless the '--jsx' flag is provided.
../../apps/web-worker/src/pages/jobs/MyJobs.tsx(180,15): error TS17004: Cannot use JSX unless the '--jsx' flag is provided.
../../apps/web-worker/src/pages/jobs/MyJobs.tsx(181,15): error TS17004: Cannot use JSX unless the '--jsx' flag is provided.
../../apps/web-worker/src/pages/jobs/MyJobs.tsx(187,11): error TS17004: Cannot use JSX unless the '--jsx' flag is provided.
../../apps/web-worker/src/pages/jobs/MyJobs.tsx(188,13): error TS17004: Cannot use JSX unless the '--jsx' flag is provided.
../../apps/web-worker/src/pages/jobs/MyJobs.tsx(189,13): error TS17004: Cannot use JSX unless the '--jsx' flag is provided.
../../apps/web-worker/src/pages/jobs/MyJobs.tsx(192,13): error TS17004: Cannot use JSX unless the '--jsx' flag is provided.
../../apps/web-worker/src/pages/jobs/MyJobs.tsx(197,13): error TS17004: Cannot use JSX unless the '--jsx' flag is provided.
../../apps/web-worker/src/pages/jobs/MyJobs.tsx(205,11): error TS17004: Cannot use JSX unless the '--jsx' flag is provided.
../../apps/web-worker/src/pages/jobs/MyJobs.tsx(207,15): error TS17004: Cannot use JSX unless the '--jsx' flag is provided.
../../apps/web-worker/src/pages/jobs/MyJobs.tsx(209,17): error TS17004: Cannot use JSX unless the '--jsx' flag is provided.
../../apps/web-worker/src/pages/jobs/MyJobs.tsx(210,19): error TS17004: Cannot use JSX unless the '--jsx' flag is provided.
../../apps/web-worker/src/pages/jobs/MyJobs.tsx(211,19): error TS17004: Cannot use JSX unless the '--jsx' flag is provided.
../../apps/web-worker/src/pages/jobs/MyJobs.tsx(214,19): error TS17004: Cannot use JSX unless the '--jsx' flag is provided.
../../apps/web-worker/src/pages/jobs/MyJobs.tsx(220,17): error TS17004: Cannot use JSX unless the '--jsx' flag is provided.
../../apps/web-worker/src/pages/jobs/MyJobs.tsx(222,21): error TS17004: Cannot use JSX unless the '--jsx' flag is provided.
../../apps/web-worker/src/pages/jobs/MyJobs.tsx(227,23): error TS17004: Cannot use JSX unless the '--jsx' flag is provided.
../../apps/web-worker/src/pages/jobs/MyJobs.tsx(228,25): error TS17004: Cannot use JSX unless the '--jsx' flag is provided.
../../apps/web-worker/src/pages/jobs/MyJobs.tsx(230,27): error TS17004: Cannot use JSX unless the '--jsx' flag is provided.
../../apps/web-worker/src/pages/jobs/MyJobs.tsx(231,29): error TS17004: Cannot use JSX unless the '--jsx' flag is provided.
../../apps/web-worker/src/pages/jobs/MyJobs.tsx(232,29): error TS17004: Cannot use JSX unless the '--jsx' flag is provided.
../../apps/web-worker/src/pages/jobs/MyJobs.tsx(237,29): error TS17004: Cannot use JSX unless the '--jsx' flag is provided.
../../apps/web-worker/src/pages/jobs/MyJobs.tsx(243,27): error TS17004: Cannot use JSX unless the '--jsx' flag is provided.
../../apps/web-worker/src/pages/jobs/MyJobs.tsx(246,27): error TS17004: Cannot use JSX unless the '--jsx' flag is provided.
../../apps/web-worker/src/pages/jobs/MyJobs.tsx(247,29): error TS17004: Cannot use JSX unless the '--jsx' flag is provided.
../../apps/web-worker/src/pages/jobs/MyJobs.tsx(248,29): error TS17004: Cannot use JSX unless the '--jsx' flag is provided.
../../apps/web-worker/src/pages/jobs/MyJobs.tsx(253,29): error TS17004: Cannot use JSX unless the '--jsx' flag is provided.
../../apps/web-worker/src/pages/jobs/MyJobs.tsx(259,25): error TS17004: Cannot use JSX unless the '--jsx' flag is provided.
../../apps/web-worker/src/pages/navigation/MyLocations.tsx(14,25): error TS6142: Module '../../contexts/AuthContext' was resolved to '/home/orrox/projects/rightfit-cleaning-staging/apps/web-worker/src/contexts/AuthContext.tsx', but '--jsx' is not set.
../../apps/web-worker/src/pages/navigation/MyLocations.tsx(16,1): error TS6133: 'Coordinates' is declared but its value is never read.
../../apps/web-worker/src/pages/navigation/MyLocations.tsx(16,34): error TS2307: Cannot find module '@rightfit/shared/types/navigation' or its corresponding type declarations.
../../apps/web-worker/src/pages/navigation/MyLocations.tsx(85,21): error TS2304: Cannot find name 'localStorage'.
../../apps/web-worker/src/pages/navigation/MyLocations.tsx(104,20): error TS18046: 'data' is of type 'unknown'.
../../apps/web-worker/src/pages/navigation/MyLocations.tsx(105,28): error TS18046: 'data' is of type 'unknown'.
../../apps/web-worker/src/pages/navigation/MyLocations.tsx(216,7): error TS17004: Cannot use JSX unless the '--jsx' flag is provided.
../../apps/web-worker/src/pages/navigation/MyLocations.tsx(218,9): error TS17004: Cannot use JSX unless the '--jsx' flag is provided.
../../apps/web-worker/src/pages/navigation/MyLocations.tsx(219,11): error TS17004: Cannot use JSX unless the '--jsx' flag is provided.
../../apps/web-worker/src/pages/navigation/MyLocations.tsx(220,13): error TS17004: Cannot use JSX unless the '--jsx' flag is provided.
../../apps/web-worker/src/pages/navigation/MyLocations.tsx(221,15): error TS17004: Cannot use JSX unless the '--jsx' flag is provided.
../../apps/web-worker/src/pages/navigation/MyLocations.tsx(226,17): error TS17004: Cannot use JSX unless the '--jsx' flag is provided.
../../apps/web-worker/src/pages/navigation/MyLocations.tsx(228,15): error TS17004: Cannot use JSX unless the '--jsx' flag is provided.
../../apps/web-worker/src/pages/navigation/MyLocations.tsx(234,9): error TS17004: Cannot use JSX unless the '--jsx' flag is provided.
../../apps/web-worker/src/pages/navigation/MyLocations.tsx(235,11): error TS17004: Cannot use JSX unless the '--jsx' flag is provided.
../../apps/web-worker/src/pages/navigation/MyLocations.tsx(236,13): error TS17004: Cannot use JSX unless the '--jsx' flag is provided.
../../apps/web-worker/src/pages/navigation/MyLocations.tsx(237,13): error TS17004: Cannot use JSX unless the '--jsx' flag is provided.
../../apps/web-worker/src/pages/navigation/MyLocations.tsx(247,7): error TS17004: Cannot use JSX unless the '--jsx' flag is provided.
../../apps/web-worker/src/pages/navigation/MyLocations.tsx(249,9): error TS17004: Cannot use JSX unless the '--jsx' flag is provided.
../../apps/web-worker/src/pages/navigation/MyLocations.tsx(250,11): error TS17004: Cannot use JSX unless the '--jsx' flag is provided.
../../apps/web-worker/src/pages/navigation/MyLocations.tsx(251,13): error TS17004: Cannot use JSX unless the '--jsx' flag is provided.
../../apps/web-worker/src/pages/navigation/MyLocations.tsx(252,15): error TS17004: Cannot use JSX unless the '--jsx' flag is provided.
../../apps/web-worker/src/pages/navigation/MyLocations.tsx(257,17): error TS17004: Cannot use JSX unless the '--jsx' flag is provided.
../../apps/web-worker/src/pages/navigation/MyLocations.tsx(259,15): error TS17004: Cannot use JSX unless the '--jsx' flag is provided.
../../apps/web-worker/src/pages/navigation/MyLocations.tsx(265,9): error TS17004: Cannot use JSX unless the '--jsx' flag is provided.
../../apps/web-worker/src/pages/navigation/MyLocations.tsx(266,11): error TS17004: Cannot use JSX unless the '--jsx' flag is provided.
../../apps/web-worker/src/pages/navigation/MyLocations.tsx(267,13): error TS17004: Cannot use JSX unless the '--jsx' flag is provided.
../../apps/web-worker/src/pages/navigation/MyLocations.tsx(268,15): error TS17004: Cannot use JSX unless the '--jsx' flag is provided.
../../apps/web-worker/src/pages/navigation/MyLocations.tsx(269,15): error TS17004: Cannot use JSX unless the '--jsx' flag is provided.
../../apps/web-worker/src/pages/navigation/MyLocations.tsx(270,17): error TS17004: Cannot use JSX unless the '--jsx' flag is provided.
../../apps/web-worker/src/pages/navigation/MyLocations.tsx(271,17): error TS17004: Cannot use JSX unless the '--jsx' flag is provided.
../../apps/web-worker/src/pages/navigation/MyLocations.tsx(272,17): error TS17004: Cannot use JSX unless the '--jsx' flag is provided.
../../apps/web-worker/src/pages/navigation/MyLocations.tsx(287,5): error TS17004: Cannot use JSX unless the '--jsx' flag is provided.
../../apps/web-worker/src/pages/navigation/MyLocations.tsx(289,7): error TS17004: Cannot use JSX unless the '--jsx' flag is provided.
../../apps/web-worker/src/pages/navigation/MyLocations.tsx(290,9): error TS17004: Cannot use JSX unless the '--jsx' flag is provided.
../../apps/web-worker/src/pages/navigation/MyLocations.tsx(291,11): error TS17004: Cannot use JSX unless the '--jsx' flag is provided.
../../apps/web-worker/src/pages/navigation/MyLocations.tsx(292,13): error TS17004: Cannot use JSX unless the '--jsx' flag is provided.
../../apps/web-worker/src/pages/navigation/MyLocations.tsx(293,15): error TS17004: Cannot use JSX unless the '--jsx' flag is provided.
../../apps/web-worker/src/pages/navigation/MyLocations.tsx(298,17): error TS17004: Cannot use JSX unless the '--jsx' flag is provided.
../../apps/web-worker/src/pages/navigation/MyLocations.tsx(300,15): error TS17004: Cannot use JSX unless the '--jsx' flag is provided.
../../apps/web-worker/src/pages/navigation/MyLocations.tsx(302,13): error TS17004: Cannot use JSX unless the '--jsx' flag is provided.
../../apps/web-worker/src/pages/navigation/MyLocations.tsx(307,15): error TS17004: Cannot use JSX unless the '--jsx' flag is provided.
../../apps/web-worker/src/pages/navigation/MyLocations.tsx(312,11): error TS17004: Cannot use JSX unless the '--jsx' flag is provided.
../../apps/web-worker/src/pages/navigation/MyLocations.tsx(313,13): error TS17004: Cannot use JSX unless the '--jsx' flag is provided.
../../apps/web-worker/src/pages/navigation/MyLocations.tsx(314,13): error TS17004: Cannot use JSX unless the '--jsx' flag is provided.
../../apps/web-worker/src/pages/navigation/MyLocations.tsx(318,56): error TS2339: Property 'value' does not exist on type 'EventTarget & HTMLInputElement'.
../../apps/web-worker/src/pages/navigation/MyLocations.tsx(325,13): error TS17004: Cannot use JSX unless the '--jsx' flag is provided.
../../apps/web-worker/src/pages/navigation/MyLocations.tsx(326,15): error TS17004: Cannot use JSX unless the '--jsx' flag is provided.
../../apps/web-worker/src/pages/navigation/MyLocations.tsx(327,15): error TS17004: Cannot use JSX unless the '--jsx' flag is provided.
../../apps/web-worker/src/pages/navigation/MyLocations.tsx(328,17): error TS17004: Cannot use JSX unless the '--jsx' flag is provided.
../../apps/web-worker/src/pages/navigation/MyLocations.tsx(338,17): error TS17004: Cannot use JSX unless the '--jsx' flag is provided.
../../apps/web-worker/src/pages/navigation/MyLocations.tsx(348,17): error TS17004: Cannot use JSX unless the '--jsx' flag is provided.
../../apps/web-worker/src/pages/navigation/MyLocations.tsx(366,9): error TS17004: Cannot use JSX unless the '--jsx' flag is provided.
../../apps/web-worker/src/pages/navigation/MyLocations.tsx(367,11): error TS17004: Cannot use JSX unless the '--jsx' flag is provided.
../../apps/web-worker/src/pages/navigation/MyLocations.tsx(368,13): error TS17004: Cannot use JSX unless the '--jsx' flag is provided.
../../apps/web-worker/src/pages/navigation/MyLocations.tsx(369,15): error TS17004: Cannot use JSX unless the '--jsx' flag is provided.
../../apps/web-worker/src/pages/navigation/MyLocations.tsx(370,15): error TS17004: Cannot use JSX unless the '--jsx' flag is provided.
../../apps/web-worker/src/pages/navigation/MyLocations.tsx(371,17): error TS17004: Cannot use JSX unless the '--jsx' flag is provided.
../../apps/web-worker/src/pages/navigation/MyLocations.tsx(372,17): error TS17004: Cannot use JSX unless the '--jsx' flag is provided.
../../apps/web-worker/src/pages/navigation/MyLocations.tsx(375,17): error TS17004: Cannot use JSX unless the '--jsx' flag is provided.
../../apps/web-worker/src/pages/navigation/MyLocations.tsx(388,7): error TS17004: Cannot use JSX unless the '--jsx' flag is provided.
../../apps/web-worker/src/pages/navigation/MyLocations.tsx(389,9): error TS17004: Cannot use JSX unless the '--jsx' flag is provided.
../../apps/web-worker/src/pages/navigation/MyLocations.tsx(396,7): error TS17004: Cannot use JSX unless the '--jsx' flag is provided.
../../apps/web-worker/src/pages/navigation/MyLocations.tsx(398,11): error TS17004: Cannot use JSX unless the '--jsx' flag is provided.
../../apps/web-worker/src/pages/navigation/MyLocations.tsx(399,13): error TS17004: Cannot use JSX unless the '--jsx' flag is provided.
../../apps/web-worker/src/pages/navigation/MyLocations.tsx(400,13): error TS17004: Cannot use JSX unless the '--jsx' flag is provided.
../../apps/web-worker/src/pages/navigation/MyLocations.tsx(401,13): error TS17004: Cannot use JSX unless the '--jsx' flag is provided.
../../apps/web-worker/src/pages/navigation/MyLocations.tsx(410,15): error TS17004: Cannot use JSX unless the '--jsx' flag is provided.
../../apps/web-worker/src/pages/navigation/MyLocations.tsx(414,17): error TS17004: Cannot use JSX unless the '--jsx' flag is provided.
../../apps/web-worker/src/pages/navigation/MyLocations.tsx(415,19): error TS17004: Cannot use JSX unless the '--jsx' flag is provided.
../../apps/web-worker/src/pages/navigation/MyLocations.tsx(416,21): error TS17004: Cannot use JSX unless the '--jsx' flag is provided.
../../apps/web-worker/src/pages/navigation/MyLocations.tsx(417,23): error TS17004: Cannot use JSX unless the '--jsx' flag is provided.
../../apps/web-worker/src/pages/navigation/MyLocations.tsx(418,23): error TS17004: Cannot use JSX unless the '--jsx' flag is provided.
../../apps/web-worker/src/pages/navigation/MyLocations.tsx(424,21): error TS17004: Cannot use JSX unless the '--jsx' flag is provided.
../../apps/web-worker/src/pages/navigation/MyLocations.tsx(425,23): error TS17004: Cannot use JSX unless the '--jsx' flag is provided.
../../apps/web-worker/src/pages/navigation/MyLocations.tsx(426,23): error TS17004: Cannot use JSX unless the '--jsx' flag is provided.
../../apps/web-worker/src/pages/navigation/MyLocations.tsx(432,17): error TS17004: Cannot use JSX unless the '--jsx' flag is provided.
../../apps/web-worker/src/pages/navigation/MyLocations.tsx(434,21): error TS17004: Cannot use JSX unless the '--jsx' flag is provided.
../../apps/web-worker/src/pages/navigation/MyLocations.tsx(435,23): error TS17004: Cannot use JSX unless the '--jsx' flag is provided.
../../apps/web-worker/src/pages/navigation/MyLocations.tsx(436,23): error TS17004: Cannot use JSX unless the '--jsx' flag is provided.
../../apps/web-worker/src/pages/navigation/MyLocations.tsx(438,25): error TS17004: Cannot use JSX unless the '--jsx' flag is provided.
../../apps/web-worker/src/pages/navigation/MyLocations.tsx(444,19): error TS17004: Cannot use JSX unless the '--jsx' flag is provided.
../../apps/web-worker/src/pages/navigation/MyLocations.tsx(445,21): error TS17004: Cannot use JSX unless the '--jsx' flag is provided.
../../apps/web-worker/src/pages/navigation/MyLocations.tsx(446,21): error TS17004: Cannot use JSX unless the '--jsx' flag is provided.
../../apps/web-worker/src/pages/navigation/MyLocations.tsx(454,19): error TS17004: Cannot use JSX unless the '--jsx' flag is provided.
../../apps/web-worker/src/pages/navigation/MyLocations.tsx(456,23): error TS17004: Cannot use JSX unless the '--jsx' flag is provided.
../../apps/web-worker/src/pages/navigation/MyLocations.tsx(456,37): error TS17004: Cannot use JSX unless the '--jsx' flag is provided.
../../apps/web-worker/src/pages/navigation/MyLocations.tsx(459,23): error TS17004: Cannot use JSX unless the '--jsx' flag is provided.
../../apps/web-worker/src/pages/navigation/MyLocations.tsx(459,38): error TS17004: Cannot use JSX unless the '--jsx' flag is provided.
../../apps/web-worker/src/pages/navigation/MyLocations.tsx(465,17): error TS17004: Cannot use JSX unless the '--jsx' flag is provided.
../../apps/web-worker/src/pages/navigation/MyLocations.tsx(466,19): error TS17004: Cannot use JSX unless the '--jsx' flag is provided.
../../apps/web-worker/src/pages/navigation/MyLocations.tsx(470,21): error TS17004: Cannot use JSX unless the '--jsx' flag is provided.
../../apps/web-worker/src/pages/navigation/NavigationView.tsx(18,25): error TS6142: Module '../../contexts/AuthContext' was resolved to '/home/orrox/projects/rightfit-cleaning-staging/apps/web-worker/src/contexts/AuthContext.tsx', but '--jsx' is not set.
../../apps/web-worker/src/pages/navigation/NavigationView.tsx(20,34): error TS6142: Module '../../components/navigation/MapboxNavigationView' was resolved to '/home/orrox/projects/rightfit-cleaning-staging/apps/web-worker/src/components/navigation/MapboxNavigationView.tsx', but '--jsx' is not set.
../../apps/web-worker/src/pages/navigation/NavigationView.tsx(21,26): error TS6142: Module '../../components/navigation/WeatherAlert' was resolved to '/home/orrox/projects/rightfit-cleaning-staging/apps/web-worker/src/components/navigation/WeatherAlert.tsx', but '--jsx' is not set.
../../apps/web-worker/src/pages/navigation/NavigationView.tsx(22,26): error TS6142: Module '../../components/navigation/TrafficAlert' was resolved to '/home/orrox/projects/rightfit-cleaning-staging/apps/web-worker/src/components/navigation/TrafficAlert.tsx', but '--jsx' is not set.
../../apps/web-worker/src/pages/navigation/NavigationView.tsx(23,34): error TS2307: Cannot find module '@rightfit/shared/types/navigation' or its corresponding type declarations.
../../apps/web-worker/src/pages/navigation/NavigationView.tsx(78,11): error TS6196: 'RouteStep' is declared but never used.
../../apps/web-worker/src/pages/navigation/NavigationView.tsx(117,10): error TS6133: 'mapZoomTarget' is declared but its value is never read.
../../apps/web-worker/src/pages/navigation/NavigationView.tsx(154,21): error TS2304: Cannot find name 'localStorage'.
../../apps/web-worker/src/pages/navigation/NavigationView.tsx(170,18): error TS18046: 'responseData' is of type 'unknown'.
../../apps/web-worker/src/pages/navigation/NavigationView.tsx(264,27): error TS17004: Cannot use JSX unless the '--jsx' flag is provided.
../../apps/web-worker/src/pages/navigation/NavigationView.tsx(269,43): error TS17004: Cannot use JSX unless the '--jsx' flag is provided.
../../apps/web-worker/src/pages/navigation/NavigationView.tsx(270,44): error TS17004: Cannot use JSX unless the '--jsx' flag is provided.
../../apps/web-worker/src/pages/navigation/NavigationView.tsx(271,47): error TS17004: Cannot use JSX unless the '--jsx' flag is provided.
../../apps/web-worker/src/pages/navigation/NavigationView.tsx(272,45): error TS17004: Cannot use JSX unless the '--jsx' flag is provided.
../../apps/web-worker/src/pages/navigation/NavigationView.tsx(274,12): error TS17004: Cannot use JSX unless the '--jsx' flag is provided.
../../apps/web-worker/src/pages/navigation/NavigationView.tsx(323,7): error TS17004: Cannot use JSX unless the '--jsx' flag is provided.
../../apps/web-worker/src/pages/navigation/NavigationView.tsx(324,9): error TS17004: Cannot use JSX unless the '--jsx' flag is provided.
../../apps/web-worker/src/pages/navigation/NavigationView.tsx(325,11): error TS17004: Cannot use JSX unless the '--jsx' flag is provided.
../../apps/web-worker/src/pages/navigation/NavigationView.tsx(326,13): error TS17004: Cannot use JSX unless the '--jsx' flag is provided.
../../apps/web-worker/src/pages/navigation/NavigationView.tsx(327,15): error TS17004: Cannot use JSX unless the '--jsx' flag is provided.
../../apps/web-worker/src/pages/navigation/NavigationView.tsx(332,17): error TS17004: Cannot use JSX unless the '--jsx' flag is provided.
../../apps/web-worker/src/pages/navigation/NavigationView.tsx(334,15): error TS17004: Cannot use JSX unless the '--jsx' flag is provided.
../../apps/web-worker/src/pages/navigation/NavigationView.tsx(339,9): error TS17004: Cannot use JSX unless the '--jsx' flag is provided.
../../apps/web-worker/src/pages/navigation/NavigationView.tsx(340,11): error TS17004: Cannot use JSX unless the '--jsx' flag is provided.
../../apps/web-worker/src/pages/navigation/NavigationView.tsx(341,13): error TS17004: Cannot use JSX unless the '--jsx' flag is provided.
../../apps/web-worker/src/pages/navigation/NavigationView.tsx(342,13): error TS17004: Cannot use JSX unless the '--jsx' flag is provided.
../../apps/web-worker/src/pages/navigation/NavigationView.tsx(352,7): error TS17004: Cannot use JSX unless the '--jsx' flag is provided.
../../apps/web-worker/src/pages/navigation/NavigationView.tsx(353,9): error TS17004: Cannot use JSX unless the '--jsx' flag is provided.
../../apps/web-worker/src/pages/navigation/NavigationView.tsx(354,11): error TS17004: Cannot use JSX unless the '--jsx' flag is provided.
../../apps/web-worker/src/pages/navigation/NavigationView.tsx(355,13): error TS17004: Cannot use JSX unless the '--jsx' flag is provided.
../../apps/web-worker/src/pages/navigation/NavigationView.tsx(356,15): error TS17004: Cannot use JSX unless the '--jsx' flag is provided.
../../apps/web-worker/src/pages/navigation/NavigationView.tsx(361,17): error TS17004: Cannot use JSX unless the '--jsx' flag is provided.
../../apps/web-worker/src/pages/navigation/NavigationView.tsx(363,15): error TS17004: Cannot use JSX unless the '--jsx' flag is provided.
../../apps/web-worker/src/pages/navigation/NavigationView.tsx(368,9): error TS17004: Cannot use JSX unless the '--jsx' flag is provided.
../../apps/web-worker/src/pages/navigation/NavigationView.tsx(369,11): error TS17004: Cannot use JSX unless the '--jsx' flag is provided.
../../apps/web-worker/src/pages/navigation/NavigationView.tsx(370,13): error TS17004: Cannot use JSX unless the '--jsx' flag is provided.
../../apps/web-worker/src/pages/navigation/NavigationView.tsx(371,15): error TS17004: Cannot use JSX unless the '--jsx' flag is provided.
../../apps/web-worker/src/pages/navigation/NavigationView.tsx(372,15): error TS17004: Cannot use JSX unless the '--jsx' flag is provided.
../../apps/web-worker/src/pages/navigation/NavigationView.tsx(373,17): error TS17004: Cannot use JSX unless the '--jsx' flag is provided.
../../apps/web-worker/src/pages/navigation/NavigationView.tsx(374,17): error TS17004: Cannot use JSX unless the '--jsx' flag is provided.
../../apps/web-worker/src/pages/navigation/NavigationView.tsx(375,17): error TS17004: Cannot use JSX unless the '--jsx' flag is provided.
../../apps/web-worker/src/pages/navigation/NavigationView.tsx(396,5): error TS17004: Cannot use JSX unless the '--jsx' flag is provided.
../../apps/web-worker/src/pages/navigation/NavigationView.tsx(398,7): error TS17004: Cannot use JSX unless the '--jsx' flag is provided.
../../apps/web-worker/src/pages/navigation/NavigationView.tsx(399,9): error TS17004: Cannot use JSX unless the '--jsx' flag is provided.
../../apps/web-worker/src/pages/navigation/NavigationView.tsx(400,11): error TS17004: Cannot use JSX unless the '--jsx' flag is provided.
../../apps/web-worker/src/pages/navigation/NavigationView.tsx(401,13): error TS17004: Cannot use JSX unless the '--jsx' flag is provided.
../../apps/web-worker/src/pages/navigation/NavigationView.tsx(402,15): error TS17004: Cannot use JSX unless the '--jsx' flag is provided.
../../apps/web-worker/src/pages/navigation/NavigationView.tsx(407,17): error TS17004: Cannot use JSX unless the '--jsx' flag is provided.
../../apps/web-worker/src/pages/navigation/NavigationView.tsx(409,15): error TS17004: Cannot use JSX unless the '--jsx' flag is provided.
../../apps/web-worker/src/pages/navigation/NavigationView.tsx(411,13): error TS17004: Cannot use JSX unless the '--jsx' flag is provided.
../../apps/web-worker/src/pages/navigation/NavigationView.tsx(412,15): error TS17004: Cannot use JSX unless the '--jsx' flag is provided.
../../apps/web-worker/src/pages/navigation/NavigationView.tsx(422,17): error TS17004: Cannot use JSX unless the '--jsx' flag is provided.
../../apps/web-worker/src/pages/navigation/NavigationView.tsx(424,15): error TS17004: Cannot use JSX unless the '--jsx' flag is provided.
../../apps/web-worker/src/pages/navigation/NavigationView.tsx(430,17): error TS17004: Cannot use JSX unless the '--jsx' flag is provided.
../../apps/web-worker/src/pages/navigation/NavigationView.tsx(438,7): error TS17004: Cannot use JSX unless the '--jsx' flag is provided.
../../apps/web-worker/src/pages/navigation/NavigationView.tsx(440,9): error TS17004: Cannot use JSX unless the '--jsx' flag is provided.
../../apps/web-worker/src/pages/navigation/NavigationView.tsx(446,13): error TS17004: Cannot use JSX unless the '--jsx' flag is provided.
../../apps/web-worker/src/pages/navigation/NavigationView.tsx(448,13): error TS17004: Cannot use JSX unless the '--jsx' flag is provided.
../../apps/web-worker/src/pages/navigation/NavigationView.tsx(450,11): error TS17004: Cannot use JSX unless the '--jsx' flag is provided.
../../apps/web-worker/src/pages/navigation/NavigationView.tsx(456,9): error TS17004: Cannot use JSX unless the '--jsx' flag is provided.
../../apps/web-worker/src/pages/navigation/NavigationView.tsx(470,7): error TS17004: Cannot use JSX unless the '--jsx' flag is provided.
../../apps/web-worker/src/pages/navigation/NavigationView.tsx(471,9): error TS17004: Cannot use JSX unless the '--jsx' flag is provided.
../../apps/web-worker/src/pages/navigation/NavigationView.tsx(472,11): error TS17004: Cannot use JSX unless the '--jsx' flag is provided.
../../apps/web-worker/src/pages/navigation/NavigationView.tsx(473,13): error TS17004: Cannot use JSX unless the '--jsx' flag is provided.
../../apps/web-worker/src/pages/navigation/NavigationView.tsx(474,15): error TS17004: Cannot use JSX unless the '--jsx' flag is provided.
../../apps/web-worker/src/pages/navigation/NavigationView.tsx(481,17): error TS17004: Cannot use JSX unless the '--jsx' flag is provided.
../../apps/web-worker/src/pages/navigation/NavigationView.tsx(483,15): error TS17004: Cannot use JSX unless the '--jsx' flag is provided.
../../apps/web-worker/src/pages/navigation/NavigationView.tsx(489,17): error TS17004: Cannot use JSX unless the '--jsx' flag is provided.
../../apps/web-worker/src/pages/navigation/NavigationView.tsx(492,13): error TS17004: Cannot use JSX unless the '--jsx' flag is provided.
../../apps/web-worker/src/pages/navigation/NavigationView.tsx(493,15): error TS17004: Cannot use JSX unless the '--jsx' flag is provided.
../../apps/web-worker/src/pages/navigation/NavigationView.tsx(494,15): error TS17004: Cannot use JSX unless the '--jsx' flag is provided.
../../apps/web-worker/src/pages/navigation/NavigationView.tsx(500,13): error TS17004: Cannot use JSX unless the '--jsx' flag is provided.
../../apps/web-worker/src/pages/navigation/NavigationView.tsx(501,15): error TS17004: Cannot use JSX unless the '--jsx' flag is provided.
../../apps/web-worker/src/pages/navigation/NavigationView.tsx(502,17): error TS17004: Cannot use JSX unless the '--jsx' flag is provided.
../../apps/web-worker/src/pages/navigation/NavigationView.tsx(503,17): error TS17004: Cannot use JSX unless the '--jsx' flag is provided.
../../apps/web-worker/src/pages/navigation/NavigationView.tsx(504,19): error TS17004: Cannot use JSX unless the '--jsx' flag is provided.
../../apps/web-worker/src/pages/navigation/NavigationView.tsx(505,19): error TS17004: Cannot use JSX unless the '--jsx' flag is provided.
../../apps/web-worker/src/pages/navigation/NavigationView.tsx(510,15): error TS17004: Cannot use JSX unless the '--jsx' flag is provided.
../../apps/web-worker/src/pages/navigation/NavigationView.tsx(511,17): error TS17004: Cannot use JSX unless the '--jsx' flag is provided.
../../apps/web-worker/src/pages/navigation/NavigationView.tsx(512,17): error TS17004: Cannot use JSX unless the '--jsx' flag is provided.
../../apps/web-worker/src/pages/navigation/NavigationView.tsx(513,19): error TS17004: Cannot use JSX unless the '--jsx' flag is provided.
../../apps/web-worker/src/pages/navigation/NavigationView.tsx(514,19): error TS17004: Cannot use JSX unless the '--jsx' flag is provided.
../../apps/web-worker/src/pages/navigation/NavigationView.tsx(524,13): error TS17004: Cannot use JSX unless the '--jsx' flag is provided.
../../apps/web-worker/src/pages/navigation/NavigationView.tsx(526,17): error TS17004: Cannot use JSX unless the '--jsx' flag is provided.
../../apps/web-worker/src/pages/navigation/NavigationView.tsx(527,19): error TS17004: Cannot use JSX unless the '--jsx' flag is provided.
../../apps/web-worker/src/pages/navigation/NavigationView.tsx(528,19): error TS17004: Cannot use JSX unless the '--jsx' flag is provided.
../../apps/web-worker/src/pages/navigation/NavigationView.tsx(532,17): error TS17004: Cannot use JSX unless the '--jsx' flag is provided.
../../apps/web-worker/src/pages/navigation/NavigationView.tsx(533,19): error TS17004: Cannot use JSX unless the '--jsx' flag is provided.
../../apps/web-worker/src/pages/navigation/NavigationView.tsx(534,19): error TS17004: Cannot use JSX unless the '--jsx' flag is provided.
../../apps/web-worker/src/pages/navigation/NavigationView.tsx(544,9): error TS17004: Cannot use JSX unless the '--jsx' flag is provided.
../../apps/web-worker/src/pages/navigation/NavigationView.tsx(545,11): error TS17004: Cannot use JSX unless the '--jsx' flag is provided.
../../apps/web-worker/src/pages/navigation/NavigationView.tsx(546,13): error TS17004: Cannot use JSX unless the '--jsx' flag is provided.
../../apps/web-worker/src/pages/navigation/NavigationView.tsx(550,15): error TS17004: Cannot use JSX unless the '--jsx' flag is provided.
../../apps/web-worker/src/pages/navigation/NavigationView.tsx(551,17): error TS17004: Cannot use JSX unless the '--jsx' flag is provided.
../../apps/web-worker/src/pages/navigation/NavigationView.tsx(552,17): error TS17004: Cannot use JSX unless the '--jsx' flag is provided.
../../apps/web-worker/src/pages/navigation/NavigationView.tsx(556,15): error TS17004: Cannot use JSX unless the '--jsx' flag is provided.
../../apps/web-worker/src/pages/navigation/NavigationView.tsx(564,15): error TS17004: Cannot use JSX unless the '--jsx' flag is provided.
../../apps/web-worker/src/pages/navigation/NavigationView.tsx(565,17): error TS17004: Cannot use JSX unless the '--jsx' flag is provided.
../../apps/web-worker/src/pages/navigation/NavigationView.tsx(570,15): error TS17004: Cannot use JSX unless the '--jsx' flag is provided.
../../apps/web-worker/src/pages/navigation/NavigationView.tsx(571,17): error TS17004: Cannot use JSX unless the '--jsx' flag is provided.
../../apps/web-worker/src/pages/navigation/NavigationView.tsx(580,9): error TS17004: Cannot use JSX unless the '--jsx' flag is provided.
../../apps/web-worker/src/pages/navigation/NavigationView.tsx(581,11): error TS17004: Cannot use JSX unless the '--jsx' flag is provided.
../../apps/web-worker/src/pages/navigation/NavigationView.tsx(582,13): error TS17004: Cannot use JSX unless the '--jsx' flag is provided.
../../apps/web-worker/src/pages/navigation/NavigationView.tsx(586,15): error TS17004: Cannot use JSX unless the '--jsx' flag is provided.
../../apps/web-worker/src/pages/navigation/NavigationView.tsx(587,17): error TS17004: Cannot use JSX unless the '--jsx' flag is provided.
../../apps/web-worker/src/pages/navigation/NavigationView.tsx(588,17): error TS17004: Cannot use JSX unless the '--jsx' flag is provided.
../../apps/web-worker/src/pages/navigation/NavigationView.tsx(592,15): error TS17004: Cannot use JSX unless the '--jsx' flag is provided.
../../apps/web-worker/src/pages/navigation/NavigationView.tsx(600,15): error TS17004: Cannot use JSX unless the '--jsx' flag is provided.
../../apps/web-worker/src/pages/navigation/NavigationView.tsx(601,17): error TS17004: Cannot use JSX unless the '--jsx' flag is provided.
../../apps/web-worker/src/pages/navigation/NavigationView.tsx(610,15): error TS17004: Cannot use JSX unless the '--jsx' flag is provided.
../../apps/web-worker/src/pages/navigation/NavigationView.tsx(611,17): error TS17004: Cannot use JSX unless the '--jsx' flag is provided.
../../apps/web-worker/src/pages/navigation/NavigationView.tsx(623,9): error TS17004: Cannot use JSX unless the '--jsx' flag is provided.
../../apps/web-worker/src/pages/navigation/NavigationView.tsx(624,11): error TS17004: Cannot use JSX unless the '--jsx' flag is provided.
../../apps/web-worker/src/pages/navigation/NavigationView.tsx(625,13): error TS17004: Cannot use JSX unless the '--jsx' flag is provided.
../../apps/web-worker/src/pages/navigation/NavigationView.tsx(626,15): error TS17004: Cannot use JSX unless the '--jsx' flag is provided.
../../apps/web-worker/src/pages/navigation/NavigationView.tsx(627,15): error TS17004: Cannot use JSX unless the '--jsx' flag is provided.
../../apps/web-worker/src/pages/navigation/NavigationView.tsx(628,17): error TS17004: Cannot use JSX unless the '--jsx' flag is provided.
../../apps/web-worker/src/pages/navigation/NavigationView.tsx(629,17): error TS17004: Cannot use JSX unless the '--jsx' flag is provided.
../../apps/web-worker/src/pages/navigation/NavigationView.tsx(632,17): error TS17004: Cannot use JSX unless the '--jsx' flag is provided.
../../apps/web-worker/src/pages/navigation/NavigationView.tsx(646,9): error TS17004: Cannot use JSX unless the '--jsx' flag is provided.
../../apps/web-worker/src/pages/navigation/NavigationView.tsx(647,11): error TS17004: Cannot use JSX unless the '--jsx' flag is provided.
../../apps/web-worker/src/pages/navigation/NavigationView.tsx(648,13): error TS17004: Cannot use JSX unless the '--jsx' flag is provided.
../../apps/web-worker/src/pages/navigation/NavigationView.tsx(652,15): error TS17004: Cannot use JSX unless the '--jsx' flag is provided.
../../apps/web-worker/src/pages/navigation/NavigationView.tsx(653,17): error TS17004: Cannot use JSX unless the '--jsx' flag is provided.
../../apps/web-worker/src/pages/navigation/NavigationView.tsx(654,17): error TS17004: Cannot use JSX unless the '--jsx' flag is provided.
../../apps/web-worker/src/pages/navigation/NavigationView.tsx(657,17): error TS17004: Cannot use JSX unless the '--jsx' flag is provided.
../../apps/web-worker/src/pages/navigation/NavigationView.tsx(661,15): error TS17004: Cannot use JSX unless the '--jsx' flag is provided.
../../apps/web-worker/src/pages/navigation/NavigationView.tsx(669,15): error TS17004: Cannot use JSX unless the '--jsx' flag is provided.
../../apps/web-worker/src/pages/navigation/NavigationView.tsx(671,19): error TS17004: Cannot use JSX unless the '--jsx' flag is provided.
../../apps/web-worker/src/pages/navigation/NavigationView.tsx(672,21): error TS17004: Cannot use JSX unless the '--jsx' flag is provided.
../../apps/web-worker/src/pages/navigation/NavigationView.tsx(675,21): error TS17004: Cannot use JSX unless the '--jsx' flag is provided.
../../apps/web-worker/src/pages/navigation/NavigationView.tsx(676,23): error TS17004: Cannot use JSX unless the '--jsx' flag is provided.
../../apps/web-worker/src/pages/navigation/NavigationView.tsx(678,25): error TS17004: Cannot use JSX unless the '--jsx' flag is provided.
../../apps/web-worker/src/pages/navigation/NavigationView.tsx(680,23): error TS17004: Cannot use JSX unless the '--jsx' flag is provided.
../../apps/web-worker/src/pages/profile/WorkerProfile.tsx(2,10): error TS6133: 'User' is declared but its value is never read.
../../apps/web-worker/src/pages/profile/WorkerProfile.tsx(3,25): error TS6142: Module '../../contexts/AuthContext' was resolved to '/home/orrox/projects/rightfit-cleaning-staging/apps/web-worker/src/contexts/AuthContext.tsx', but '--jsx' is not set.
../../apps/web-worker/src/pages/profile/WorkerProfile.tsx(4,1): error TS6133: 'Worker' is declared but its value is never read.
../../apps/web-worker/src/pages/profile/WorkerProfile.tsx(27,21): error TS2304: Cannot find name 'localStorage'.
../../apps/web-worker/src/pages/profile/WorkerProfile.tsx(28,33): error TS2304: Cannot find name 'localStorage'.
../../apps/web-worker/src/pages/profile/WorkerProfile.tsx(42,22): error TS18046: 'data' is of type 'unknown'.
../../apps/web-worker/src/pages/profile/WorkerProfile.tsx(43,26): error TS18046: 'data' is of type 'unknown'.
../../apps/web-worker/src/pages/profile/WorkerProfile.tsx(44,27): error TS18046: 'data' is of type 'unknown'.
../../apps/web-worker/src/pages/profile/WorkerProfile.tsx(45,23): error TS18046: 'data' is of type 'unknown'.
../../apps/web-worker/src/pages/profile/WorkerProfile.tsx(57,7): error TS17004: Cannot use JSX unless the '--jsx' flag is provided.
../../apps/web-worker/src/pages/profile/WorkerProfile.tsx(58,9): error TS17004: Cannot use JSX unless the '--jsx' flag is provided.
../../apps/web-worker/src/pages/profile/WorkerProfile.tsx(68,5): error TS17004: Cannot use JSX unless the '--jsx' flag is provided.
../../apps/web-worker/src/pages/profile/WorkerProfile.tsx(70,7): error TS17004: Cannot use JSX unless the '--jsx' flag is provided.
../../apps/web-worker/src/pages/profile/WorkerProfile.tsx(71,9): error TS17004: Cannot use JSX unless the '--jsx' flag is provided.
../../apps/web-worker/src/pages/profile/WorkerProfile.tsx(72,9): error TS17004: Cannot use JSX unless the '--jsx' flag is provided.
../../apps/web-worker/src/pages/profile/WorkerProfile.tsx(76,7): error TS17004: Cannot use JSX unless the '--jsx' flag is provided.
../../apps/web-worker/src/pages/profile/WorkerProfile.tsx(78,9): error TS17004: Cannot use JSX unless the '--jsx' flag is provided.
../../apps/web-worker/src/pages/profile/WorkerProfile.tsx(80,9): error TS17004: Cannot use JSX unless the '--jsx' flag is provided.
../../apps/web-worker/src/pages/profile/WorkerProfile.tsx(82,11): error TS17004: Cannot use JSX unless the '--jsx' flag is provided.
../../apps/web-worker/src/pages/profile/WorkerProfile.tsx(83,13): error TS17004: Cannot use JSX unless the '--jsx' flag is provided.
../../apps/web-worker/src/pages/profile/WorkerProfile.tsx(85,17): error TS17004: Cannot use JSX unless the '--jsx' flag is provided.
../../apps/web-worker/src/pages/profile/WorkerProfile.tsx(91,17): error TS17004: Cannot use JSX unless the '--jsx' flag is provided.
../../apps/web-worker/src/pages/profile/WorkerProfile.tsx(92,19): error TS17004: Cannot use JSX unless the '--jsx' flag is provided.
../../apps/web-worker/src/pages/profile/WorkerProfile.tsx(96,13): error TS17004: Cannot use JSX unless the '--jsx' flag is provided.
../../apps/web-worker/src/pages/profile/WorkerProfile.tsx(100,15): error TS17004: Cannot use JSX unless the '--jsx' flag is provided.
../../apps/web-worker/src/pages/profile/WorkerProfile.tsx(105,11): error TS17004: Cannot use JSX unless the '--jsx' flag is provided.
../../apps/web-worker/src/pages/profile/WorkerProfile.tsx(106,13): error TS17004: Cannot use JSX unless the '--jsx' flag is provided.
../../apps/web-worker/src/pages/profile/WorkerProfile.tsx(109,13): error TS17004: Cannot use JSX unless the '--jsx' flag is provided.
../../apps/web-worker/src/pages/profile/WorkerProfile.tsx(118,9): error TS17004: Cannot use JSX unless the '--jsx' flag is provided.
../../apps/web-worker/src/pages/profile/WorkerProfile.tsx(119,11): error TS17004: Cannot use JSX unless the '--jsx' flag is provided.
../../apps/web-worker/src/pages/profile/WorkerProfile.tsx(122,9): error TS17004: Cannot use JSX unless the '--jsx' flag is provided.
../../apps/web-worker/src/pages/profile/WorkerProfile.tsx(123,11): error TS17004: Cannot use JSX unless the '--jsx' flag is provided.
../../apps/web-worker/src/pages/profile/WorkerProfile.tsx(124,13): error TS17004: Cannot use JSX unless the '--jsx' flag is provided.
../../apps/web-worker/src/pages/profile/WorkerProfile.tsx(125,15): error TS17004: Cannot use JSX unless the '--jsx' flag is provided.
../../apps/web-worker/src/pages/profile/WorkerProfile.tsx(126,15): error TS17004: Cannot use JSX unless the '--jsx' flag is provided.
../../apps/web-worker/src/pages/profile/WorkerProfile.tsx(128,13): error TS17004: Cannot use JSX unless the '--jsx' flag is provided.
../../apps/web-worker/src/pages/profile/WorkerProfile.tsx(131,11): error TS17004: Cannot use JSX unless the '--jsx' flag is provided.
../../apps/web-worker/src/pages/profile/WorkerProfile.tsx(132,13): error TS17004: Cannot use JSX unless the '--jsx' flag is provided.
../../apps/web-worker/src/pages/profile/WorkerProfile.tsx(133,15): error TS17004: Cannot use JSX unless the '--jsx' flag is provided.
../../apps/web-worker/src/pages/profile/WorkerProfile.tsx(134,15): error TS17004: Cannot use JSX unless the '--jsx' flag is provided.
../../apps/web-worker/src/pages/profile/WorkerProfile.tsx(136,13): error TS17004: Cannot use JSX unless the '--jsx' flag is provided.
../../apps/web-worker/src/pages/profile/WorkerProfile.tsx(139,11): error TS17004: Cannot use JSX unless the '--jsx' flag is provided.
../../apps/web-worker/src/pages/profile/WorkerProfile.tsx(140,13): error TS17004: Cannot use JSX unless the '--jsx' flag is provided.
../../apps/web-worker/src/pages/profile/WorkerProfile.tsx(141,15): error TS17004: Cannot use JSX unless the '--jsx' flag is provided.
../../apps/web-worker/src/pages/profile/WorkerProfile.tsx(142,15): error TS17004: Cannot use JSX unless the '--jsx' flag is provided.
../../apps/web-worker/src/pages/profile/WorkerProfile.tsx(144,13): error TS17004: Cannot use JSX unless the '--jsx' flag is provided.
../../apps/web-worker/src/pages/profile/WorkerProfile.tsx(147,11): error TS17004: Cannot use JSX unless the '--jsx' flag is provided.
../../apps/web-worker/src/pages/profile/WorkerProfile.tsx(148,13): error TS17004: Cannot use JSX unless the '--jsx' flag is provided.
../../apps/web-worker/src/pages/profile/WorkerProfile.tsx(149,15): error TS17004: Cannot use JSX unless the '--jsx' flag is provided.
../../apps/web-worker/src/pages/profile/WorkerProfile.tsx(150,15): error TS17004: Cannot use JSX unless the '--jsx' flag is provided.
../../apps/web-worker/src/pages/profile/WorkerProfile.tsx(152,13): error TS17004: Cannot use JSX unless the '--jsx' flag is provided.
../../apps/web-worker/src/pages/profile/WorkerProfile.tsx(158,7): error TS17004: Cannot use JSX unless the '--jsx' flag is provided.
../../apps/web-worker/src/pages/profile/WorkerProfile.tsx(159,9): error TS17004: Cannot use JSX unless the '--jsx' flag is provided.
../../apps/web-worker/src/pages/profile/WorkerProfile.tsx(160,9): error TS17004: Cannot use JSX unless the '--jsx' flag is provided.
../../apps/web-worker/src/pages/profile/WorkerProfile.tsx(161,11): error TS17004: Cannot use JSX unless the '--jsx' flag is provided.
../../apps/web-worker/src/pages/profile/WorkerProfile.tsx(162,13): error TS17004: Cannot use JSX unless the '--jsx' flag is provided.
../../apps/web-worker/src/pages/profile/WorkerProfile.tsx(163,13): error TS17004: Cannot use JSX unless the '--jsx' flag is provided.
../../apps/web-worker/src/pages/profile/WorkerProfile.tsx(164,15): error TS17004: Cannot use JSX unless the '--jsx' flag is provided.
../../apps/web-worker/src/pages/profile/WorkerProfile.tsx(165,15): error TS17004: Cannot use JSX unless the '--jsx' flag is provided.
../../apps/web-worker/src/pages/profile/WorkerProfile.tsx(170,13): error TS17004: Cannot use JSX unless the '--jsx' flag is provided.
../../apps/web-worker/src/pages/profile/WorkerProfile.tsx(171,15): error TS17004: Cannot use JSX unless the '--jsx' flag is provided.
../../apps/web-worker/src/pages/profile/WorkerProfile.tsx(172,15): error TS17004: Cannot use JSX unless the '--jsx' flag is provided.
../../apps/web-worker/src/pages/profile/WorkerProfile.tsx(173,17): error TS17004: Cannot use JSX unless the '--jsx' flag is provided.
../../apps/web-worker/src/pages/profile/WorkerProfile.tsx(174,17): error TS17004: Cannot use JSX unless the '--jsx' flag is provided.
../../apps/web-worker/src/pages/profile/WorkerProfile.tsx(180,13): error TS17004: Cannot use JSX unless the '--jsx' flag is provided.
../../apps/web-worker/src/pages/profile/WorkerProfile.tsx(181,15): error TS17004: Cannot use JSX unless the '--jsx' flag is provided.
../../apps/web-worker/src/pages/profile/WorkerProfile.tsx(182,15): error TS17004: Cannot use JSX unless the '--jsx' flag is provided.
../../apps/web-worker/src/pages/profile/WorkerProfile.tsx(183,17): error TS17004: Cannot use JSX unless the '--jsx' flag is provided.
../../apps/web-worker/src/pages/profile/WorkerProfile.tsx(184,17): error TS17004: Cannot use JSX unless the '--jsx' flag is provided.
../../apps/web-worker/src/pages/profile/WorkerProfile.tsx(192,7): error TS17004: Cannot use JSX unless the '--jsx' flag is provided.
../../apps/web-worker/src/pages/profile/WorkerProfile.tsx(193,9): error TS17004: Cannot use JSX unless the '--jsx' flag is provided.
../../apps/web-worker/src/pages/profile/WorkerProfile.tsx(194,9): error TS17004: Cannot use JSX unless the '--jsx' flag is provided.
../../apps/web-worker/src/pages/profile/WorkerProfile.tsx(195,11): error TS17004: Cannot use JSX unless the '--jsx' flag is provided.
../../apps/web-worker/src/pages/profile/WorkerProfile.tsx(196,13): error TS17004: Cannot use JSX unless the '--jsx' flag is provided.
../../apps/web-worker/src/pages/profile/WorkerProfile.tsx(197,13): error TS17004: Cannot use JSX unless the '--jsx' flag is provided.
../../apps/web-worker/src/pages/profile/WorkerProfile.tsx(200,11): error TS17004: Cannot use JSX unless the '--jsx' flag is provided.
../../apps/web-worker/src/pages/profile/WorkerProfile.tsx(201,13): error TS17004: Cannot use JSX unless the '--jsx' flag is provided.
../../apps/web-worker/src/pages/profile/WorkerProfile.tsx(202,13): error TS17004: Cannot use JSX unless the '--jsx' flag is provided.
../../apps/web-worker/src/pages/profile/WorkerProfile.tsx(205,11): error TS17004: Cannot use JSX unless the '--jsx' flag is provided.
../../apps/web-worker/src/pages/profile/WorkerProfile.tsx(206,13): error TS17004: Cannot use JSX unless the '--jsx' flag is provided.
../../apps/web-worker/src/pages/profile/WorkerProfile.tsx(207,13): error TS17004: Cannot use JSX unless the '--jsx' flag is provided.
../../apps/web-worker/src/pages/profile/WorkerProfile.tsx(210,11): error TS17004: Cannot use JSX unless the '--jsx' flag is provided.
../../apps/web-worker/src/pages/profile/WorkerProfile.tsx(211,13): error TS17004: Cannot use JSX unless the '--jsx' flag is provided.
../../apps/web-worker/src/pages/profile/WorkerProfile.tsx(212,13): error TS17004: Cannot use JSX unless the '--jsx' flag is provided.
../../apps/web-worker/src/pages/profile/WorkerProfile.tsx(224,7): error TS17004: Cannot use JSX unless the '--jsx' flag is provided.
../../apps/web-worker/src/pages/profile/WorkerProfile.tsx(225,9): error TS17004: Cannot use JSX unless the '--jsx' flag is provided.
../../apps/web-worker/src/pages/profile/WorkerProfile.tsx(228,13): error TS2304: Cannot find name 'alert'.
../../apps/web-worker/src/pages/profile/WorkerProfile.tsx(235,9): error TS17004: Cannot use JSX unless the '--jsx' flag is provided.
../../apps/web-worker/src/pages/profile/WorkerProfile.tsx(237,17): error TS2304: Cannot find name 'confirm'.
../../apps/web-worker/src/pages/schedule/MySchedule.tsx(6,25): error TS6142: Module '../../contexts/AuthContext' was resolved to '/home/orrox/projects/rightfit-cleaning-staging/apps/web-worker/src/contexts/AuthContext.tsx', but '--jsx' is not set.
../../apps/web-worker/src/pages/schedule/MySchedule.tsx(42,21): error TS2304: Cannot find name 'localStorage'.
../../apps/web-worker/src/pages/schedule/MySchedule.tsx(43,33): error TS2304: Cannot find name 'localStorage'.
../../apps/web-worker/src/pages/schedule/MySchedule.tsx(62,40): error TS18046: 'data' is of type 'unknown'.
../../apps/web-worker/src/pages/schedule/MySchedule.tsx(63,13): error TS18046: 'data' is of type 'unknown'.
../../apps/web-worker/src/pages/schedule/MySchedule.tsx(64,52): error TS18046: 'data' is of type 'unknown'.
../../apps/web-worker/src/pages/schedule/MySchedule.tsx(66,17): error TS18046: 'data' is of type 'unknown'.
../../apps/web-worker/src/pages/schedule/MySchedule.tsx(79,21): error TS2304: Cannot find name 'localStorage'.
../../apps/web-worker/src/pages/schedule/MySchedule.tsx(80,33): error TS2304: Cannot find name 'localStorage'.
../../apps/web-worker/src/pages/schedule/MySchedule.tsx(93,25): error TS18046: 'data' is of type 'unknown'.
../../apps/web-worker/src/pages/schedule/MySchedule.tsx(147,7): error TS17004: Cannot use JSX unless the '--jsx' flag is provided.
../../apps/web-worker/src/pages/schedule/MySchedule.tsx(148,9): error TS17004: Cannot use JSX unless the '--jsx' flag is provided.
../../apps/web-worker/src/pages/schedule/MySchedule.tsx(150,13): error TS17004: Cannot use JSX unless the '--jsx' flag is provided.
../../apps/web-worker/src/pages/schedule/MySchedule.tsx(163,11): error TS17004: Cannot use JSX unless the '--jsx' flag is provided.
../../apps/web-worker/src/pages/schedule/MySchedule.tsx(173,5): error TS17004: Cannot use JSX unless the '--jsx' flag is provided.
../../apps/web-worker/src/pages/schedule/MySchedule.tsx(175,7): error TS17004: Cannot use JSX unless the '--jsx' flag is provided.
../../apps/web-worker/src/pages/schedule/MySchedule.tsx(179,9): error TS17004: Cannot use JSX unless the '--jsx' flag is provided.
../../apps/web-worker/src/pages/schedule/MySchedule.tsx(180,9): error TS17004: Cannot use JSX unless the '--jsx' flag is provided.
../../apps/web-worker/src/pages/schedule/MySchedule.tsx(184,7): error TS17004: Cannot use JSX unless the '--jsx' flag is provided.
../../apps/web-worker/src/pages/schedule/MySchedule.tsx(185,9): error TS17004: Cannot use JSX unless the '--jsx' flag is provided.
../../apps/web-worker/src/pages/schedule/MySchedule.tsx(186,11): error TS17004: Cannot use JSX unless the '--jsx' flag is provided.
../../apps/web-worker/src/pages/schedule/MySchedule.tsx(187,13): error TS17004: Cannot use JSX unless the '--jsx' flag is provided.
../../apps/web-worker/src/pages/schedule/MySchedule.tsx(190,11): error TS17004: Cannot use JSX unless the '--jsx' flag is provided.
../../apps/web-worker/src/pages/schedule/MySchedule.tsx(196,9): error TS17004: Cannot use JSX unless the '--jsx' flag is provided.
../../apps/web-worker/src/pages/schedule/MySchedule.tsx(197,11): error TS17004: Cannot use JSX unless the '--jsx' flag is provided.
../../apps/web-worker/src/pages/schedule/MySchedule.tsx(207,11): error TS17004: Cannot use JSX unless the '--jsx' flag is provided.
../../apps/web-worker/src/pages/schedule/MySchedule.tsx(221,9): error TS17004: Cannot use JSX unless the '--jsx' flag is provided.
../../apps/web-worker/src/pages/schedule/MySchedule.tsx(222,11): error TS17004: Cannot use JSX unless the '--jsx' flag is provided.
../../apps/web-worker/src/pages/schedule/MySchedule.tsx(223,13): error TS17004: Cannot use JSX unless the '--jsx' flag is provided.
../../apps/web-worker/src/pages/schedule/MySchedule.tsx(224,13): error TS17004: Cannot use JSX unless the '--jsx' flag is provided.
../../apps/web-worker/src/pages/schedule/MySchedule.tsx(228,9): error TS17004: Cannot use JSX unless the '--jsx' flag is provided.
../../apps/web-worker/src/pages/schedule/MySchedule.tsx(230,11): error TS17004: Cannot use JSX unless the '--jsx' flag is provided.
../../apps/web-worker/src/pages/schedule/MySchedule.tsx(232,15): error TS17004: Cannot use JSX unless the '--jsx' flag is provided.
../../apps/web-worker/src/pages/schedule/MySchedule.tsx(233,17): error TS17004: Cannot use JSX unless the '--jsx' flag is provided.
../../apps/web-worker/src/pages/schedule/MySchedule.tsx(252,17): error TS17004: Cannot use JSX unless the '--jsx' flag is provided.
../../apps/web-worker/src/pages/schedule/MySchedule.tsx(253,19): error TS17004: Cannot use JSX unless the '--jsx' flag is provided.
../../apps/web-worker/src/pages/schedule/MySchedule.tsx(254,19): error TS17004: Cannot use JSX unless the '--jsx' flag is provided.
../../apps/web-worker/src/pages/schedule/MySchedule.tsx(255,21): error TS17004: Cannot use JSX unless the '--jsx' flag is provided.
../../apps/web-worker/src/pages/schedule/MySchedule.tsx(256,23): error TS17004: Cannot use JSX unless the '--jsx' flag is provided.
../../apps/web-worker/src/pages/schedule/MySchedule.tsx(257,23): error TS17004: Cannot use JSX unless the '--jsx' flag is provided.
../../apps/web-worker/src/pages/schedule/MySchedule.tsx(259,21): error TS17004: Cannot use JSX unless the '--jsx' flag is provided.
../../apps/web-worker/src/pages/schedule/MySchedule.tsx(260,23): error TS17004: Cannot use JSX unless the '--jsx' flag is provided.
../../apps/web-worker/src/pages/schedule/MySchedule.tsx(261,23): error TS17004: Cannot use JSX unless the '--jsx' flag is provided.
../../apps/web-worker/src/pages/schedule/MySchedule.tsx(263,21): error TS17004: Cannot use JSX unless the '--jsx' flag is provided.
../../apps/web-worker/src/pages/schedule/MySchedule.tsx(264,23): error TS17004: Cannot use JSX unless the '--jsx' flag is provided.
../../apps/web-worker/src/pages/schedule/MySchedule.tsx(265,23): error TS17004: Cannot use JSX unless the '--jsx' flag is provided.
../../apps/web-worker/src/pages/schedule/MySchedule.tsx(267,21): error TS17004: Cannot use JSX unless the '--jsx' flag is provided.
../../apps/web-worker/src/pages/schedule/MySchedule.tsx(268,23): error TS17004: Cannot use JSX unless the '--jsx' flag is provided.
../../apps/web-worker/src/pages/schedule/MySchedule.tsx(269,23): error TS17004: Cannot use JSX unless the '--jsx' flag is provided.
../../apps/web-worker/src/pages/schedule/MySchedule.tsx(275,15): error TS17004: Cannot use JSX unless the '--jsx' flag is provided.
../../apps/web-worker/src/pages/schedule/MySchedule.tsx(287,11): error TS17004: Cannot use JSX unless the '--jsx' flag is provided.
../../apps/web-worker/src/pages/schedule/MySchedule.tsx(288,13): error TS17004: Cannot use JSX unless the '--jsx' flag is provided.
../../apps/web-worker/src/pages/schedule/MySchedule.tsx(289,15): error TS17004: Cannot use JSX unless the '--jsx' flag is provided.
../../apps/web-worker/src/pages/schedule/MySchedule.tsx(290,17): error TS17004: Cannot use JSX unless the '--jsx' flag is provided.
../../apps/web-worker/src/pages/schedule/MySchedule.tsx(293,17): error TS17004: Cannot use JSX unless the '--jsx' flag is provided.
../../apps/web-worker/src/pages/schedule/MySchedule.tsx(301,17): error TS17004: Cannot use JSX unless the '--jsx' flag is provided.
../../apps/web-worker/src/pages/schedule/MySchedule.tsx(302,19): error TS17004: Cannot use JSX unless the '--jsx' flag is provided.
../../apps/web-worker/src/pages/schedule/MySchedule.tsx(303,19): error TS17004: Cannot use JSX unless the '--jsx' flag is provided.
../../apps/web-worker/src/pages/schedule/MySchedule.tsx(306,17): error TS17004: Cannot use JSX unless the '--jsx' flag is provided.
../../apps/web-worker/src/pages/schedule/MySchedule.tsx(315,23): error TS17004: Cannot use JSX unless the '--jsx' flag is provided.
../../apps/web-worker/src/pages/schedule/MySchedule.tsx(321,25): error TS17004: Cannot use JSX unless the '--jsx' flag is provided.
../../apps/web-worker/src/pages/schedule/MySchedule.tsx(322,27): error TS17004: Cannot use JSX unless the '--jsx' flag is provided.
../../apps/web-worker/src/pages/schedule/MySchedule.tsx(323,27): error TS17004: Cannot use JSX unless the '--jsx' flag is provided.
../../apps/web-worker/src/pages/schedule/MySchedule.tsx(329,25): error TS17004: Cannot use JSX unless the '--jsx' flag is provided.
../../apps/web-worker/src/pages/schedule/MySchedule.tsx(330,27): error TS17004: Cannot use JSX unless the '--jsx' flag is provided.
../../apps/web-worker/src/pages/schedule/MySchedule.tsx(336,25): error TS17004: Cannot use JSX unless the '--jsx' flag is provided.
../../apps/web-worker/src/pages/schedule/MySchedule.tsx(341,25): error TS17004: Cannot use JSX unless the '--jsx' flag is provided.
../../apps/web-worker/src/pages/schedule/MySchedule.tsx(342,27): error TS17004: Cannot use JSX unless the '--jsx' flag is provided.
../../apps/web-worker/src/pages/schedule/MySchedule.tsx(343,27): error TS17004: Cannot use JSX unless the '--jsx' flag is provided.
../../apps/web-worker/src/pages/schedule/MySchedule.tsx(348,27): error TS17004: Cannot use JSX unless the '--jsx' flag is provided.
../../apps/web-worker/src/pages/schedule/MySchedule.tsx(360,15): error TS17004: Cannot use JSX unless the '--jsx' flag is provided.
../../apps/web-worker/src/pages/schedule/MySchedule.tsx(361,17): error TS17004: Cannot use JSX unless the '--jsx' flag is provided.
../../apps/web-worker/src/pages/schedule/MySchedule.tsx(362,19): error TS17004: Cannot use JSX unless the '--jsx' flag is provided.
../../apps/web-worker/src/pages/schedule/MySchedule.tsx(363,19): error TS17004: Cannot use JSX unless the '--jsx' flag is provided.
../../apps/web-worker/src/pages/schedule/MySchedule.tsx(366,19): error TS17004: Cannot use JSX unless the '--jsx' flag is provided.
../../apps/web-worker/src/pages/schedule/MySchedule.tsx(371,17): error TS17004: Cannot use JSX unless the '--jsx' flag is provided.
../../apps/web-worker/src/pages/schedule/MySchedule.tsx(378,23): error TS17004: Cannot use JSX unless the '--jsx' flag is provided.
../../apps/web-worker/src/pages/schedule/MySchedule.tsx(382,25): error TS17004: Cannot use JSX unless the '--jsx' flag is provided.
../../apps/web-worker/src/pages/schedule/MySchedule.tsx(383,27): error TS17004: Cannot use JSX unless the '--jsx' flag is provided.
../../apps/web-worker/src/pages/schedule/MySchedule.tsx(384,29): error TS17004: Cannot use JSX unless the '--jsx' flag is provided.
../../apps/web-worker/src/pages/schedule/MySchedule.tsx(390,31): error TS17004: Cannot use JSX unless the '--jsx' flag is provided.
../../apps/web-worker/src/pages/schedule/MySchedule.tsx(407,7): error TS17004: Cannot use JSX unless the '--jsx' flag is provided.
../../apps/web-worker/src/pages/schedule/MySchedule.tsx(408,9): error TS17004: Cannot use JSX unless the '--jsx' flag is provided.
../../apps/web-worker/src/pages/schedule/MySchedule.tsx(416,11): error TS17004: Cannot use JSX unless the '--jsx' flag is provided.
../../apps/web-worker/src/pages/schedule/MySchedule.tsx(419,9): error TS17004: Cannot use JSX unless the '--jsx' flag is provided.
../../apps/web-worker/src/pages/schedule/MySchedule.tsx(425,9): error TS17004: Cannot use JSX unless the '--jsx' flag is provided.
../../apps/web-worker/src/pages/schedule/MySchedule.tsx(434,11): error TS17004: Cannot use JSX unless the '--jsx' flag is provided.
../../apps/web-worker/src/pages/schedule/MySchedule.tsx(486,5): error TS17004: Cannot use JSX unless the '--jsx' flag is provided.
../../apps/web-worker/src/pages/schedule/MySchedule.tsx(494,11): error TS17004: Cannot use JSX unless the '--jsx' flag is provided.
../../apps/web-worker/src/pages/schedule/MySchedule.tsx(501,13): error TS17004: Cannot use JSX unless the '--jsx' flag is provided.
../../apps/web-worker/src/pages/schedule/MySchedule.tsx(507,15): error TS17004: Cannot use JSX unless the '--jsx' flag is provided.
../../apps/web-worker/src/pages/schedule/MySchedule.tsx(508,17): error TS17004: Cannot use JSX unless the '--jsx' flag is provided.
../../apps/web-worker/src/pages/schedule/MySchedule.tsx(509,19): error TS17004: Cannot use JSX unless the '--jsx' flag is provided.
../../apps/web-worker/src/pages/schedule/MySchedule.tsx(510,21): error TS17004: Cannot use JSX unless the '--jsx' flag is provided.
../../apps/web-worker/src/pages/schedule/MySchedule.tsx(514,23): error TS17004: Cannot use JSX unless the '--jsx' flag is provided.
../../apps/web-worker/src/pages/schedule/MySchedule.tsx(519,19): error TS17004: Cannot use JSX unless the '--jsx' flag is provided.
../../apps/web-worker/src/pages/schedule/MySchedule.tsx(523,17): error TS17004: Cannot use JSX unless the '--jsx' flag is provided.
../../apps/web-worker/src/pages/schedule/MySchedule.tsx(524,19): error TS17004: Cannot use JSX unless the '--jsx' flag is provided.
../../apps/web-worker/src/pages/schedule/MySchedule.tsx(527,19): error TS17004: Cannot use JSX unless the '--jsx' flag is provided.
../../apps/web-worker/src/pages/schedule/MySchedule.tsx(534,15): error TS17004: Cannot use JSX unless the '--jsx' flag is provided.
../../apps/web-worker/src/pages/schedule/MySchedule.tsx(536,19): error TS17004: Cannot use JSX unless the '--jsx' flag is provided.
../../apps/web-worker/src/pages/schedule/MySchedule.tsx(541,21): error TS17004: Cannot use JSX unless the '--jsx' flag is provided.
../../apps/web-worker/src/pages/schedule/MySchedule.tsx(542,23): error TS17004: Cannot use JSX unless the '--jsx' flag is provided.
../../apps/web-worker/src/pages/schedule/MySchedule.tsx(543,23): error TS17004: Cannot use JSX unless the '--jsx' flag is provided.
../../apps/web-worker/src/pages/schedule/MySchedule.tsx(546,23): error TS17004: Cannot use JSX unless the '--jsx' flag is provided.
../../apps/web-worker/src/pages/schedule/MySchedule.tsx(550,21): error TS17004: Cannot use JSX unless the '--jsx' flag is provided.
../../apps/web-worker/src/pages/schedule/MySchedule.tsx(553,21): error TS17004: Cannot use JSX unless the '--jsx' flag is provided.
../../apps/web-worker/src/pages/schedule/MySchedule.tsx(554,23): error TS17004: Cannot use JSX unless the '--jsx' flag is provided.
../../apps/web-worker/src/pages/schedule/MySchedule.tsx(555,23): error TS17004: Cannot use JSX unless the '--jsx' flag is provided.
../../apps/web-worker/src/utils/geofencing.ts(1,34): error TS2307: Cannot find module '@rightfit/shared/types/navigation' or its corresponding type declarations.
../../apps/web-worker/src/utils/polyline.ts(7,34): error TS2307: Cannot find module '@rightfit/shared/types/navigation' or its corresponding type declarations.
../../apps/web-worker/src/utils/routeHistory.ts(1,34): error TS2307: Cannot find module '@rightfit/shared/types/navigation' or its corresponding type declarations.
../../apps/web-worker/src/utils/routeHistory.ts(72,22): error TS2304: Cannot find name 'localStorage'.
../../apps/web-worker/src/utils/routeHistory.ts(101,7): error TS2304: Cannot find name 'localStorage'.
../../apps/web-worker/src/utils/routeHistory.ts(143,7): error TS2304: Cannot find name 'localStorage'.
../../apps/web-worker/src/utils/routeHistory.ts(156,22): error TS2304: Cannot find name 'localStorage'.
../../apps/web-worker/src/utils/routeHistory.ts(200,7): error TS2304: Cannot find name 'localStorage'.
../../apps/web-worker/src/utils/routeHistory.ts(256,7): error TS2304: Cannot find name 'localStorage'.
../../apps/web-worker/src/utils/routeHistory.ts(269,7): error TS2304: Cannot find name 'localStorage'.
../../apps/web-worker/src/utils/routeHistory.ts(341,7): error TS2304: Cannot find name 'localStorage'.
../../apps/web-worker/src/utils/routeHistory.ts(342,7): error TS2304: Cannot find name 'localStorage'.
../../apps/web-worker/vite.config.ts(7,13): error TS2769: No overload matches this call.
  The last overload gave the following error.
    Type 'Plugin_2[]' is not assignable to type 'PluginOption'.
      Type 'Plugin_2[]' is not assignable to type 'PluginOption[]'.
        Type 'Plugin_2' is not assignable to type 'PluginOption'.
          Type 'Plugin_2' is not assignable to type 'Plugin<any>'.
            Types of property 'apply' are incompatible.
              Type '"serve" | "build" | ((this: void, config: import("/home/orrox/projects/rightfit-cleaning-staging/node_modules/vite/dist/node/index").UserConfig, env: import("/home/orrox/projects/rightfit-cleaning-staging/node_modules/vite/dist/node/index").ConfigEnv) => boolean) | undefined' is not assignable to type '"serve" | "build" | ((this: void, config: import("/home/orrox/projects/rightfit-cleaning-staging/apps/web-cleaning/node_modules/vite/dist/node/index").UserConfig, env: import("/home/orrox/projects/rightfit-cleaning-staging/apps/web-cleaning/node_modules/vite/dist/node/index").ConfigEnv) => boolean) | undefined'.
                Type '(this: void, config: UserConfig, env: ConfigEnv) => boolean' is not assignable to type '"serve" | "build" | ((this: void, config: UserConfig, env: ConfigEnv) => boolean) | undefined'.
                  Type '(this: void, config: import("/home/orrox/projects/rightfit-cleaning-staging/node_modules/vite/dist/node/index").UserConfig, env: import("/home/orrox/projects/rightfit-cleaning-staging/node_modules/vite/dist/node/index").ConfigEnv) => boolean' is not assignable to type '(this: void, config: import("/home/orrox/projects/rightfit-cleaning-staging/apps/web-cleaning/node_modules/vite/dist/node/index").UserConfig, env: import("/home/orrox/projects/rightfit-cleaning-staging/apps/web-cleaning/node_modules/vite/dist/node/index").ConfigEnv) => boolean'.
                    Types of parameters 'config' and 'config' are incompatible.
                      Type 'import("/home/orrox/projects/rightfit-cleaning-staging/apps/web-cleaning/node_modules/vite/dist/node/index").UserConfig' is not assignable to type 'import("/home/orrox/projects/rightfit-cleaning-staging/node_modules/vite/dist/node/index").UserConfig'.
                        Types of property 'plugins' are incompatible.
                          Type 'import("/home/orrox/projects/rightfit-cleaning-staging/apps/web-cleaning/node_modules/vite/dist/node/index").PluginOption[] | undefined' is not assignable to type 'import("/home/orrox/projects/rightfit-cleaning-staging/node_modules/vite/dist/node/index").PluginOption[] | undefined'.
                            Type 'import("/home/orrox/projects/rightfit-cleaning-staging/apps/web-cleaning/node_modules/vite/dist/node/index").PluginOption[]' is not assignable to type 'import("/home/orrox/projects/rightfit-cleaning-staging/node_modules/vite/dist/node/index").PluginOption[]'.
                              Type 'import("/home/orrox/projects/rightfit-cleaning-staging/apps/web-cleaning/node_modules/vite/dist/node/index").PluginOption' is not assignable to type 'import("/home/orrox/projects/rightfit-cleaning-staging/node_modules/vite/dist/node/index").PluginOption'.
                                Type 'Plugin<any>' is not assignable to type 'PluginOption'.
                                  Type 'Plugin<any>' is not assignable to type 'Plugin_2'.
                                    Types of property 'apply' are incompatible.
                                      Type '"serve" | "build" | ((this: void, config: import("/home/orrox/projects/rightfit-cleaning-staging/apps/web-cleaning/node_modules/vite/dist/node/index").UserConfig, env: import("/home/orrox/projects/rightfit-cleaning-staging/apps/web-cleaning/node_modules/vite/dist/node/index").ConfigEnv) => boolean) | undefined' is not assignable to type '"serve" | "build" | ((this: void, config: import("/home/orrox/projects/rightfit-cleaning-staging/node_modules/vite/dist/node/index").UserConfig, env: import("/home/orrox/projects/rightfit-cleaning-staging/node_modules/vite/dist/node/index").ConfigEnv) => boolean) | undefined'.
                                        Type '(this: void, config: UserConfig, env: ConfigEnv) => boolean' is not assignable to type '"serve" | "build" | ((this: void, config: UserConfig, env: ConfigEnv) => boolean) | undefined'.
                                          Type '(this: void, config: import("/home/orrox/projects/rightfit-cleaning-staging/apps/web-cleaning/node_modules/vite/dist/node/index").UserConfig, env: import("/home/orrox/projects/rightfit-cleaning-staging/apps/web-cleaning/node_modules/vite/dist/node/index").ConfigEnv) => boolean' is not assignable to type '(this: void, config: import("/home/orrox/projects/rightfit-cleaning-staging/node_modules/vite/dist/node/index").UserConfig, env: import("/home/orrox/projects/rightfit-cleaning-staging/node_modules/vite/dist/node/index").ConfigEnv) => boolean'.
                                            Types of parameters 'config' and 'config' are incompatible.
                                              Type 'import("/home/orrox/projects/rightfit-cleaning-staging/node_modules/vite/dist/node/index").UserConfig' is not assignable to type 'import("/home/orrox/projects/rightfit-cleaning-staging/apps/web-cleaning/node_modules/vite/dist/node/index").UserConfig'.
                                                Types of property 'plugins' are incompatible.
                                                  Type 'import("/home/orrox/projects/rightfit-cleaning-staging/node_modules/vite/dist/node/index").PluginOption[] | undefined' is not assignable to type 'import("/home/orrox/projects/rightfit-cleaning-staging/apps/web-cleaning/node_modules/vite/dist/node/index").PluginOption[] | undefined'.
                                                    Type 'import("/home/orrox/projects/rightfit-cleaning-staging/node_modules/vite/dist/node/index").PluginOption[]' is not assignable to type 'import("/home/orrox/projects/rightfit-cleaning-staging/apps/web-cleaning/node_modules/vite/dist/node/index").PluginOption[]'.
                                                      Type 'import("/home/orrox/projects/rightfit-cleaning-staging/node_modules/vite/dist/node/index").PluginOption' is not assignable to type 'import("/home/orrox/projects/rightfit-cleaning-staging/apps/web-cleaning/node_modules/vite/dist/node/index").PluginOption'.
                                                        Type 'Promise<false | Plugin_2 | PluginOption[] | null | undefined>' is not assignable to type 'PluginOption'.
                                                          Type 'Promise<false | Plugin_2 | PluginOption[] | null | undefined>' is not assignable to type 'Promise<false | Plugin<any> | PluginOption[] | null | undefined>'.
                                                            Type 'false | Plugin_2 | PluginOption[] | null | undefined' is not assignable to type 'false | Plugin<any> | PluginOption[] | null | undefined'.
                                                              Type 'Plugin_2' is not assignable to type 'false | Plugin<any> | PluginOption[] | null | undefined'.
../ui-cleaning/src/components/CleaningChecklist/CleaningChecklist.tsx(54,5): error TS17004: Cannot use JSX unless the '--jsx' flag is provided.
../ui-cleaning/src/components/CleaningChecklist/CleaningChecklist.tsx(55,7): error TS17004: Cannot use JSX unless the '--jsx' flag is provided.
../ui-cleaning/src/components/CleaningChecklist/CleaningChecklist.tsx(56,9): error TS17004: Cannot use JSX unless the '--jsx' flag is provided.
../ui-cleaning/src/components/CleaningChecklist/CleaningChecklist.tsx(57,9): error TS17004: Cannot use JSX unless the '--jsx' flag is provided.
../ui-cleaning/src/components/CleaningChecklist/CleaningChecklist.tsx(58,11): error TS17004: Cannot use JSX unless the '--jsx' flag is provided.
../ui-cleaning/src/components/CleaningChecklist/CleaningChecklist.tsx(61,11): error TS17004: Cannot use JSX unless the '--jsx' flag is provided.
../ui-cleaning/src/components/CleaningChecklist/CleaningChecklist.tsx(62,13): error TS17004: Cannot use JSX unless the '--jsx' flag is provided.
../ui-cleaning/src/components/CleaningChecklist/CleaningChecklist.tsx(74,7): error TS17004: Cannot use JSX unless the '--jsx' flag is provided.
../ui-cleaning/src/components/CleaningChecklist/CleaningChecklist.tsx(77,13): error TS17004: Cannot use JSX unless the '--jsx' flag is provided.
../ui-cleaning/src/components/CleaningChecklist/CleaningChecklist.tsx(78,15): error TS17004: Cannot use JSX unless the '--jsx' flag is provided.
../ui-cleaning/src/components/CleaningChecklist/CleaningChecklist.tsx(79,15): error TS17004: Cannot use JSX unless the '--jsx' flag is provided.
../ui-cleaning/src/components/CleaningChecklist/CleaningChecklist.tsx(81,19): error TS17004: Cannot use JSX unless the '--jsx' flag is provided.
../ui-cleaning/src/components/CleaningChecklist/CleaningChecklist.tsx(82,21): error TS17004: Cannot use JSX unless the '--jsx' flag is provided.
../ui-cleaning/src/components/CleaningChecklist/CleaningChecklist.tsx(84,71): error TS2339: Property 'checked' does not exist on type 'EventTarget & HTMLInputElement'.
../ui-cleaning/src/components/CleaningChecklist/CleaningChecklist.tsx(94,13): error TS17004: Cannot use JSX unless the '--jsx' flag is provided.
../ui-cleaning/src/components/CleaningChecklist/CleaningChecklist.tsx(95,15): error TS17004: Cannot use JSX unless the '--jsx' flag is provided.
../ui-cleaning/src/components/CleaningChecklist/CleaningChecklist.tsx(97,65): error TS2339: Property 'checked' does not exist on type 'EventTarget & HTMLInputElement'.
../ui-cleaning/src/components/CleaningChecklist/index.ts(1,35): error TS6142: Module './CleaningChecklist' was resolved to '/home/orrox/projects/rightfit-cleaning-staging/packages/ui-cleaning/src/components/CleaningChecklist/CleaningChecklist.tsx', but '--jsx' is not set.
../ui-cleaning/src/components/CleaningChecklist/index.ts(2,60): error TS6142: Module './CleaningChecklist' was resolved to '/home/orrox/projects/rightfit-cleaning-staging/packages/ui-cleaning/src/components/CleaningChecklist/CleaningChecklist.tsx', but '--jsx' is not set.
../ui-cleaning/src/components/CleaningJobCard/CleaningJobCard.tsx(53,7): error TS17004: Cannot use JSX unless the '--jsx' flag is provided.
../ui-cleaning/src/components/CleaningJobCard/CleaningJobCard.tsx(61,9): error TS17004: Cannot use JSX unless the '--jsx' flag is provided.
../ui-cleaning/src/components/CleaningJobCard/CleaningJobCard.tsx(62,11): error TS17004: Cannot use JSX unless the '--jsx' flag is provided.
../ui-cleaning/src/components/CleaningJobCard/CleaningJobCard.tsx(63,13): error TS17004: Cannot use JSX unless the '--jsx' flag is provided.
../ui-cleaning/src/components/CleaningJobCard/CleaningJobCard.tsx(66,13): error TS17004: Cannot use JSX unless the '--jsx' flag is provided.
../ui-cleaning/src/components/CleaningJobCard/CleaningJobCard.tsx(70,11): error TS17004: Cannot use JSX unless the '--jsx' flag is provided.
../ui-cleaning/src/components/CleaningJobCard/CleaningJobCard.tsx(80,9): error TS17004: Cannot use JSX unless the '--jsx' flag is provided.
../ui-cleaning/src/components/CleaningJobCard/CleaningJobCard.tsx(82,13): error TS17004: Cannot use JSX unless the '--jsx' flag is provided.
../ui-cleaning/src/components/CleaningJobCard/CleaningJobCard.tsx(83,15): error TS17004: Cannot use JSX unless the '--jsx' flag is provided.
../ui-cleaning/src/components/CleaningJobCard/CleaningJobCard.tsx(84,15): error TS17004: Cannot use JSX unless the '--jsx' flag is provided.
../ui-cleaning/src/components/CleaningJobCard/CleaningJobCard.tsx(91,13): error TS17004: Cannot use JSX unless the '--jsx' flag is provided.
../ui-cleaning/src/components/CleaningJobCard/CleaningJobCard.tsx(92,15): error TS17004: Cannot use JSX unless the '--jsx' flag is provided.
../ui-cleaning/src/components/CleaningJobCard/CleaningJobCard.tsx(93,15): error TS17004: Cannot use JSX unless the '--jsx' flag is provided.
../ui-cleaning/src/components/CleaningJobCard/CleaningJobCard.tsx(100,13): error TS17004: Cannot use JSX unless the '--jsx' flag is provided.
../ui-cleaning/src/components/CleaningJobCard/CleaningJobCard.tsx(101,15): error TS17004: Cannot use JSX unless the '--jsx' flag is provided.
../ui-cleaning/src/components/CleaningJobCard/CleaningJobCard.tsx(102,15): error TS17004: Cannot use JSX unless the '--jsx' flag is provided.
../ui-cleaning/src/components/CleaningJobCard/CleaningJobCard.tsx(110,11): error TS17004: Cannot use JSX unless the '--jsx' flag is provided.
../ui-cleaning/src/components/CleaningJobCard/CleaningJobCard.tsx(112,15): error TS17004: Cannot use JSX unless the '--jsx' flag is provided.
../ui-cleaning/src/components/CleaningJobCard/CleaningJobCard.tsx(122,15): error TS17004: Cannot use JSX unless the '--jsx' flag is provided.
../ui-cleaning/src/components/CleaningJobCard/index.ts(1,33): error TS6142: Module './CleaningJobCard' was resolved to '/home/orrox/projects/rightfit-cleaning-staging/packages/ui-cleaning/src/components/CleaningJobCard/CleaningJobCard.tsx', but '--jsx' is not set.
../ui-cleaning/src/components/CleaningJobCard/index.ts(2,43): error TS6142: Module './CleaningJobCard' was resolved to '/home/orrox/projects/rightfit-cleaning-staging/packages/ui-cleaning/src/components/CleaningJobCard/CleaningJobCard.tsx', but '--jsx' is not set.
../ui-cleaning/src/components/PropertyCard/PropertyCard.tsx(37,7): error TS17004: Cannot use JSX unless the '--jsx' flag is provided.
../ui-cleaning/src/components/PropertyCard/PropertyCard.tsx(46,9): error TS17004: Cannot use JSX unless the '--jsx' flag is provided.
../ui-cleaning/src/components/PropertyCard/PropertyCard.tsx(47,11): error TS17004: Cannot use JSX unless the '--jsx' flag is provided.
../ui-cleaning/src/components/PropertyCard/PropertyCard.tsx(48,11): error TS17004: Cannot use JSX unless the '--jsx' flag is provided.
../ui-cleaning/src/components/PropertyCard/PropertyCard.tsx(53,9): error TS17004: Cannot use JSX unless the '--jsx' flag is provided.
../ui-cleaning/src/components/PropertyCard/PropertyCard.tsx(54,11): error TS17004: Cannot use JSX unless the '--jsx' flag is provided.
../ui-cleaning/src/components/PropertyCard/PropertyCard.tsx(55,13): error TS17004: Cannot use JSX unless the '--jsx' flag is provided.
../ui-cleaning/src/components/PropertyCard/PropertyCard.tsx(56,13): error TS17004: Cannot use JSX unless the '--jsx' flag is provided.
../ui-cleaning/src/components/PropertyCard/PropertyCard.tsx(60,13): error TS17004: Cannot use JSX unless the '--jsx' flag is provided.
../ui-cleaning/src/components/PropertyCard/PropertyCard.tsx(61,15): error TS17004: Cannot use JSX unless the '--jsx' flag is provided.
../ui-cleaning/src/components/PropertyCard/PropertyCard.tsx(62,15): error TS17004: Cannot use JSX unless the '--jsx' flag is provided.
../ui-cleaning/src/components/PropertyCard/PropertyCard.tsx(67,13): error TS17004: Cannot use JSX unless the '--jsx' flag is provided.
../ui-cleaning/src/components/PropertyCard/PropertyCard.tsx(68,15): error TS17004: Cannot use JSX unless the '--jsx' flag is provided.
../ui-cleaning/src/components/PropertyCard/PropertyCard.tsx(69,15): error TS17004: Cannot use JSX unless the '--jsx' flag is provided.
../ui-cleaning/src/components/PropertyCard/PropertyCard.tsx(74,13): error TS17004: Cannot use JSX unless the '--jsx' flag is provided.
../ui-cleaning/src/components/PropertyCard/PropertyCard.tsx(75,15): error TS17004: Cannot use JSX unless the '--jsx' flag is provided.
../ui-cleaning/src/components/PropertyCard/PropertyCard.tsx(76,15): error TS17004: Cannot use JSX unless the '--jsx' flag is provided.
../ui-cleaning/src/components/PropertyCard/PropertyCard.tsx(84,11): error TS17004: Cannot use JSX unless the '--jsx' flag is provided.
../ui-cleaning/src/components/PropertyCard/PropertyCard.tsx(85,13): error TS17004: Cannot use JSX unless the '--jsx' flag is provided.
../ui-cleaning/src/components/PropertyCard/PropertyCard.tsx(86,13): error TS17004: Cannot use JSX unless the '--jsx' flag is provided.
../ui-cleaning/src/components/PropertyCard/index.ts(1,30): error TS6142: Module './PropertyCard' was resolved to '/home/orrox/projects/rightfit-cleaning-staging/packages/ui-cleaning/src/components/PropertyCard/PropertyCard.tsx', but '--jsx' is not set.
../ui-cleaning/src/components/PropertyCard/index.ts(2,40): error TS6142: Module './PropertyCard' was resolved to '/home/orrox/projects/rightfit-cleaning-staging/packages/ui-cleaning/src/components/PropertyCard/PropertyCard.tsx', but '--jsx' is not set.
../ui-cleaning/src/components/TimesheetCard/TimesheetCard.tsx(61,7): error TS17004: Cannot use JSX unless the '--jsx' flag is provided.
../ui-cleaning/src/components/TimesheetCard/TimesheetCard.tsx(68,9): error TS17004: Cannot use JSX unless the '--jsx' flag is provided.
../ui-cleaning/src/components/TimesheetCard/TimesheetCard.tsx(69,11): error TS17004: Cannot use JSX unless the '--jsx' flag is provided.
../ui-cleaning/src/components/TimesheetCard/TimesheetCard.tsx(70,13): error TS17004: Cannot use JSX unless the '--jsx' flag is provided.
../ui-cleaning/src/components/TimesheetCard/TimesheetCard.tsx(73,13): error TS17004: Cannot use JSX unless the '--jsx' flag is provided.
../ui-cleaning/src/components/TimesheetCard/TimesheetCard.tsx(78,13): error TS17004: Cannot use JSX unless the '--jsx' flag is provided.
../ui-cleaning/src/components/TimesheetCard/TimesheetCard.tsx(84,9): error TS17004: Cannot use JSX unless the '--jsx' flag is provided.
../ui-cleaning/src/components/TimesheetCard/TimesheetCard.tsx(85,11): error TS17004: Cannot use JSX unless the '--jsx' flag is provided.
../ui-cleaning/src/components/TimesheetCard/TimesheetCard.tsx(86,13): error TS17004: Cannot use JSX unless the '--jsx' flag is provided.
../ui-cleaning/src/components/TimesheetCard/TimesheetCard.tsx(87,13): error TS17004: Cannot use JSX unless the '--jsx' flag is provided.
../ui-cleaning/src/components/TimesheetCard/TimesheetCard.tsx(90,13): error TS17004: Cannot use JSX unless the '--jsx' flag is provided.
../ui-cleaning/src/components/TimesheetCard/TimesheetCard.tsx(96,13): error TS17004: Cannot use JSX unless the '--jsx' flag is provided.
../ui-cleaning/src/components/TimesheetCard/TimesheetCard.tsx(97,15): error TS17004: Cannot use JSX unless the '--jsx' flag is provided.
../ui-cleaning/src/components/TimesheetCard/TimesheetCard.tsx(98,15): error TS17004: Cannot use JSX unless the '--jsx' flag is provided.
../ui-cleaning/src/components/TimesheetCard/TimesheetCard.tsx(101,15): error TS17004: Cannot use JSX unless the '--jsx' flag is provided.
../ui-cleaning/src/components/TimesheetCard/TimesheetCard.tsx(108,13): error TS17004: Cannot use JSX unless the '--jsx' flag is provided.
../ui-cleaning/src/components/TimesheetCard/TimesheetCard.tsx(109,15): error TS17004: Cannot use JSX unless the '--jsx' flag is provided.
../ui-cleaning/src/components/TimesheetCard/TimesheetCard.tsx(110,15): error TS17004: Cannot use JSX unless the '--jsx' flag is provided.
../ui-cleaning/src/components/TimesheetCard/TimesheetCard.tsx(118,11): error TS17004: Cannot use JSX unless the '--jsx' flag is provided.
../ui-cleaning/src/components/TimesheetCard/TimesheetCard.tsx(119,13): error TS17004: Cannot use JSX unless the '--jsx' flag is provided.
../ui-cleaning/src/components/TimesheetCard/TimesheetCard.tsx(120,13): error TS17004: Cannot use JSX unless the '--jsx' flag is provided.
../ui-cleaning/src/components/TimesheetCard/index.ts(1,31): error TS6142: Module './TimesheetCard' was resolved to '/home/orrox/projects/rightfit-cleaning-staging/packages/ui-cleaning/src/components/TimesheetCard/TimesheetCard.tsx', but '--jsx' is not set.
../ui-cleaning/src/components/TimesheetCard/index.ts(2,57): error TS6142: Module './TimesheetCard' was resolved to '/home/orrox/projects/rightfit-cleaning-staging/packages/ui-cleaning/src/components/TimesheetCard/TimesheetCard.tsx', but '--jsx' is not set.
../ui-cleaning/vite.config.ts(6,13): error TS2769: No overload matches this call.
  The last overload gave the following error.
    Type 'Plugin_2[]' is not assignable to type 'PluginOption'.
      Type 'Plugin_2[]' is not assignable to type 'PluginOption[]'.
        Type 'Plugin_2' is not assignable to type 'PluginOption'.
          Type 'Plugin_2' is not assignable to type 'Plugin<any>'.
            Types of property 'apply' are incompatible.
              Type '"serve" | "build" | ((this: void, config: import("/home/orrox/projects/rightfit-cleaning-staging/node_modules/vite/dist/node/index").UserConfig, env: import("/home/orrox/projects/rightfit-cleaning-staging/node_modules/vite/dist/node/index").ConfigEnv) => boolean) | undefined' is not assignable to type '"serve" | "build" | ((this: void, config: import("/home/orrox/projects/rightfit-cleaning-staging/apps/web-cleaning/node_modules/vite/dist/node/index").UserConfig, env: import("/home/orrox/projects/rightfit-cleaning-staging/apps/web-cleaning/node_modules/vite/dist/node/index").ConfigEnv) => boolean) | undefined'.
                Type '(this: void, config: UserConfig, env: ConfigEnv) => boolean' is not assignable to type '"serve" | "build" | ((this: void, config: UserConfig, env: ConfigEnv) => boolean) | undefined'.
                  Type '(this: void, config: import("/home/orrox/projects/rightfit-cleaning-staging/node_modules/vite/dist/node/index").UserConfig, env: import("/home/orrox/projects/rightfit-cleaning-staging/node_modules/vite/dist/node/index").ConfigEnv) => boolean' is not assignable to type '(this: void, config: import("/home/orrox/projects/rightfit-cleaning-staging/apps/web-cleaning/node_modules/vite/dist/node/index").UserConfig, env: import("/home/orrox/projects/rightfit-cleaning-staging/apps/web-cleaning/node_modules/vite/dist/node/index").ConfigEnv) => boolean'.
                    Types of parameters 'config' and 'config' are incompatible.
                      Type 'import("/home/orrox/projects/rightfit-cleaning-staging/apps/web-cleaning/node_modules/vite/dist/node/index").UserConfig' is not assignable to type 'import("/home/orrox/projects/rightfit-cleaning-staging/node_modules/vite/dist/node/index").UserConfig'.
                        Types of property 'plugins' are incompatible.
                          Type 'import("/home/orrox/projects/rightfit-cleaning-staging/apps/web-cleaning/node_modules/vite/dist/node/index").PluginOption[] | undefined' is not assignable to type 'import("/home/orrox/projects/rightfit-cleaning-staging/node_modules/vite/dist/node/index").PluginOption[] | undefined'.
                            Type 'import("/home/orrox/projects/rightfit-cleaning-staging/apps/web-cleaning/node_modules/vite/dist/node/index").PluginOption[]' is not assignable to type 'import("/home/orrox/projects/rightfit-cleaning-staging/node_modules/vite/dist/node/index").PluginOption[]'.
                              Type 'import("/home/orrox/projects/rightfit-cleaning-staging/apps/web-cleaning/node_modules/vite/dist/node/index").PluginOption' is not assignable to type 'import("/home/orrox/projects/rightfit-cleaning-staging/node_modules/vite/dist/node/index").PluginOption'.
                                Type 'Plugin<any>' is not assignable to type 'PluginOption'.
                                  Type 'Plugin<any>' is not assignable to type 'Plugin_2'.
                                    Types of property 'apply' are incompatible.
                                      Type '"serve" | "build" | ((this: void, config: import("/home/orrox/projects/rightfit-cleaning-staging/apps/web-cleaning/node_modules/vite/dist/node/index").UserConfig, env: import("/home/orrox/projects/rightfit-cleaning-staging/apps/web-cleaning/node_modules/vite/dist/node/index").ConfigEnv) => boolean) | undefined' is not assignable to type '"serve" | "build" | ((this: void, config: import("/home/orrox/projects/rightfit-cleaning-staging/node_modules/vite/dist/node/index").UserConfig, env: import("/home/orrox/projects/rightfit-cleaning-staging/node_modules/vite/dist/node/index").ConfigEnv) => boolean) | undefined'.
                                        Type '(this: void, config: UserConfig, env: ConfigEnv) => boolean' is not assignable to type '"serve" | "build" | ((this: void, config: UserConfig, env: ConfigEnv) => boolean) | undefined'.
                                          Type '(this: void, config: import("/home/orrox/projects/rightfit-cleaning-staging/apps/web-cleaning/node_modules/vite/dist/node/index").UserConfig, env: import("/home/orrox/projects/rightfit-cleaning-staging/apps/web-cleaning/node_modules/vite/dist/node/index").ConfigEnv) => boolean' is not assignable to type '(this: void, config: import("/home/orrox/projects/rightfit-cleaning-staging/node_modules/vite/dist/node/index").UserConfig, env: import("/home/orrox/projects/rightfit-cleaning-staging/node_modules/vite/dist/node/index").ConfigEnv) => boolean'.
                                            Types of parameters 'config' and 'config' are incompatible.
                                              Type 'import("/home/orrox/projects/rightfit-cleaning-staging/node_modules/vite/dist/node/index").UserConfig' is not assignable to type 'import("/home/orrox/projects/rightfit-cleaning-staging/apps/web-cleaning/node_modules/vite/dist/node/index").UserConfig'.
                                                Types of property 'plugins' are incompatible.
                                                  Type 'import("/home/orrox/projects/rightfit-cleaning-staging/node_modules/vite/dist/node/index").PluginOption[] | undefined' is not assignable to type 'import("/home/orrox/projects/rightfit-cleaning-staging/apps/web-cleaning/node_modules/vite/dist/node/index").PluginOption[] | undefined'.
                                                    Type 'import("/home/orrox/projects/rightfit-cleaning-staging/node_modules/vite/dist/node/index").PluginOption[]' is not assignable to type 'import("/home/orrox/projects/rightfit-cleaning-staging/apps/web-cleaning/node_modules/vite/dist/node/index").PluginOption[]'.
                                                      Type 'import("/home/orrox/projects/rightfit-cleaning-staging/node_modules/vite/dist/node/index").PluginOption' is not assignable to type 'import("/home/orrox/projects/rightfit-cleaning-staging/apps/web-cleaning/node_modules/vite/dist/node/index").PluginOption'.
                                                        Type 'Promise<false | Plugin_2 | PluginOption[] | null | undefined>' is not assignable to type 'PluginOption'.
                                                          Type 'Promise<false | Plugin_2 | PluginOption[] | null | undefined>' is not assignable to type 'Promise<false | Plugin<any> | PluginOption[] | null | undefined>'.
                                                            Type 'false | Plugin_2 | PluginOption[] | null | undefined' is not assignable to type 'false | Plugin<any> | PluginOption[] | null | undefined'.
                                                              Type 'Plugin_2' is not assignable to type 'false | Plugin<any> | PluginOption[] | null | undefined'.
../ui-cleaning/vitest.config.ts(5,13): error TS2769: No overload matches this call.
  The last overload gave the following error.
    Type 'Plugin_2[]' is not assignable to type 'PluginOption'.
      Type 'Plugin_2[]' is not assignable to type 'PluginOption[]'.
        Type 'Plugin_2' is not assignable to type 'PluginOption'.
          Type 'Plugin_2' is not assignable to type 'Plugin<any>'.
            Types of property 'apply' are incompatible.
              Type '"serve" | "build" | ((this: void, config: import("/home/orrox/projects/rightfit-cleaning-staging/node_modules/vite/dist/node/index").UserConfig, env: import("/home/orrox/projects/rightfit-cleaning-staging/node_modules/vite/dist/node/index").ConfigEnv) => boolean) | undefined' is not assignable to type '"serve" | "build" | ((this: void, config: import("/home/orrox/projects/rightfit-cleaning-staging/apps/web-cleaning/node_modules/vite/dist/node/index").UserConfig, env: import("/home/orrox/projects/rightfit-cleaning-staging/apps/web-cleaning/node_modules/vite/dist/node/index").ConfigEnv) => boolean) | undefined'.
                Type '(this: void, config: UserConfig, env: ConfigEnv) => boolean' is not assignable to type '"serve" | "build" | ((this: void, config: UserConfig, env: ConfigEnv) => boolean) | undefined'.
                  Type '(this: void, config: import("/home/orrox/projects/rightfit-cleaning-staging/node_modules/vite/dist/node/index").UserConfig, env: import("/home/orrox/projects/rightfit-cleaning-staging/node_modules/vite/dist/node/index").ConfigEnv) => boolean' is not assignable to type '(this: void, config: import("/home/orrox/projects/rightfit-cleaning-staging/apps/web-cleaning/node_modules/vite/dist/node/index").UserConfig, env: import("/home/orrox/projects/rightfit-cleaning-staging/apps/web-cleaning/node_modules/vite/dist/node/index").ConfigEnv) => boolean'.
                    Types of parameters 'config' and 'config' are incompatible.
                      Type 'import("/home/orrox/projects/rightfit-cleaning-staging/apps/web-cleaning/node_modules/vite/dist/node/index").UserConfig' is not assignable to type 'import("/home/orrox/projects/rightfit-cleaning-staging/node_modules/vite/dist/node/index").UserConfig'.
                        Types of property 'plugins' are incompatible.
                          Type 'import("/home/orrox/projects/rightfit-cleaning-staging/apps/web-cleaning/node_modules/vite/dist/node/index").PluginOption[] | undefined' is not assignable to type 'import("/home/orrox/projects/rightfit-cleaning-staging/node_modules/vite/dist/node/index").PluginOption[] | undefined'.
                            Type 'import("/home/orrox/projects/rightfit-cleaning-staging/apps/web-cleaning/node_modules/vite/dist/node/index").PluginOption[]' is not assignable to type 'import("/home/orrox/projects/rightfit-cleaning-staging/node_modules/vite/dist/node/index").PluginOption[]'.
                              Type 'import("/home/orrox/projects/rightfit-cleaning-staging/apps/web-cleaning/node_modules/vite/dist/node/index").PluginOption' is not assignable to type 'import("/home/orrox/projects/rightfit-cleaning-staging/node_modules/vite/dist/node/index").PluginOption'.
                                Type 'Plugin<any>' is not assignable to type 'PluginOption'.
                                  Type 'Plugin<any>' is not assignable to type 'Plugin_2'.
                                    Types of property 'apply' are incompatible.
                                      Type '"serve" | "build" | ((this: void, config: import("/home/orrox/projects/rightfit-cleaning-staging/apps/web-cleaning/node_modules/vite/dist/node/index").UserConfig, env: import("/home/orrox/projects/rightfit-cleaning-staging/apps/web-cleaning/node_modules/vite/dist/node/index").ConfigEnv) => boolean) | undefined' is not assignable to type '"serve" | "build" | ((this: void, config: import("/home/orrox/projects/rightfit-cleaning-staging/node_modules/vite/dist/node/index").UserConfig, env: import("/home/orrox/projects/rightfit-cleaning-staging/node_modules/vite/dist/node/index").ConfigEnv) => boolean) | undefined'.
                                        Type '(this: void, config: UserConfig, env: ConfigEnv) => boolean' is not assignable to type '"serve" | "build" | ((this: void, config: UserConfig, env: ConfigEnv) => boolean) | undefined'.
                                          Type '(this: void, config: import("/home/orrox/projects/rightfit-cleaning-staging/apps/web-cleaning/node_modules/vite/dist/node/index").UserConfig, env: import("/home/orrox/projects/rightfit-cleaning-staging/apps/web-cleaning/node_modules/vite/dist/node/index").ConfigEnv) => boolean' is not assignable to type '(this: void, config: import("/home/orrox/projects/rightfit-cleaning-staging/node_modules/vite/dist/node/index").UserConfig, env: import("/home/orrox/projects/rightfit-cleaning-staging/node_modules/vite/dist/node/index").ConfigEnv) => boolean'.
                                            Types of parameters 'config' and 'config' are incompatible.
                                              Type 'import("/home/orrox/projects/rightfit-cleaning-staging/node_modules/vite/dist/node/index").UserConfig' is not assignable to type 'import("/home/orrox/projects/rightfit-cleaning-staging/apps/web-cleaning/node_modules/vite/dist/node/index").UserConfig'.
                                                Types of property 'plugins' are incompatible.
                                                  Type 'import("/home/orrox/projects/rightfit-cleaning-staging/node_modules/vite/dist/node/index").PluginOption[] | undefined' is not assignable to type 'import("/home/orrox/projects/rightfit-cleaning-staging/apps/web-cleaning/node_modules/vite/dist/node/index").PluginOption[] | undefined'.
                                                    Type 'import("/home/orrox/projects/rightfit-cleaning-staging/node_modules/vite/dist/node/index").PluginOption[]' is not assignable to type 'import("/home/orrox/projects/rightfit-cleaning-staging/apps/web-cleaning/node_modules/vite/dist/node/index").PluginOption[]'.
                                                      Type 'import("/home/orrox/projects/rightfit-cleaning-staging/node_modules/vite/dist/node/index").PluginOption' is not assignable to type 'import("/home/orrox/projects/rightfit-cleaning-staging/apps/web-cleaning/node_modules/vite/dist/node/index").PluginOption'.
                                                        Type 'Promise<false | Plugin_2 | PluginOption[] | null | undefined>' is not assignable to type 'PluginOption'.
                                                          Type 'Promise<false | Plugin_2 | PluginOption[] | null | undefined>' is not assignable to type 'Promise<false | Plugin<any> | PluginOption[] | null | undefined>'.
                                                            Type 'false | Plugin_2 | PluginOption[] | null | undefined' is not assignable to type 'false | Plugin<any> | PluginOption[] | null | undefined'.
                                                              Type 'Plugin_2' is not assignable to type 'false | Plugin<any> | PluginOption[] | null | undefined'.
../ui-core/src/components/Badge/Badge.tsx(18,5): error TS17004: Cannot use JSX unless the '--jsx' flag is provided.
../ui-core/src/components/Badge/index.ts(1,23): error TS6142: Module './Badge' was resolved to '/home/orrox/projects/rightfit-cleaning-staging/packages/ui-core/src/components/Badge/Badge.tsx', but '--jsx' is not set.
../ui-core/src/components/Badge/index.ts(2,47): error TS6142: Module './Badge' was resolved to '/home/orrox/projects/rightfit-cleaning-staging/packages/ui-core/src/components/Badge/Badge.tsx', but '--jsx' is not set.
../ui-core/src/components/Button/Button.stories.tsx(2,24): error TS6142: Module './Button' was resolved to '/home/orrox/projects/rightfit-cleaning-staging/packages/ui-core/src/components/Button/Button.tsx', but '--jsx' is not set.
../ui-core/src/components/Button/Button.stories.tsx(154,7): error TS17004: Cannot use JSX unless the '--jsx' flag is provided.
../ui-core/src/components/Button/Button.stories.tsx(160,9): error TS17004: Cannot use JSX unless the '--jsx' flag is provided.
../ui-core/src/components/Button/Button.stories.tsx(178,7): error TS17004: Cannot use JSX unless the '--jsx' flag is provided.
../ui-core/src/components/Button/Button.stories.tsx(184,9): error TS17004: Cannot use JSX unless the '--jsx' flag is provided.
../ui-core/src/components/Button/Button.stories.tsx(200,5): error TS17004: Cannot use JSX unless the '--jsx' flag is provided.
../ui-core/src/components/Button/Button.stories.tsx(201,7): error TS17004: Cannot use JSX unless the '--jsx' flag is provided.
../ui-core/src/components/Button/Button.stories.tsx(202,7): error TS17004: Cannot use JSX unless the '--jsx' flag is provided.
../ui-core/src/components/Button/Button.stories.tsx(203,7): error TS17004: Cannot use JSX unless the '--jsx' flag is provided.
../ui-core/src/components/Button/Button.stories.tsx(204,7): error TS17004: Cannot use JSX unless the '--jsx' flag is provided.
../ui-core/src/components/Button/Button.stories.tsx(205,7): error TS17004: Cannot use JSX unless the '--jsx' flag is provided.
../ui-core/src/components/Button/Button.stories.tsx(215,5): error TS17004: Cannot use JSX unless the '--jsx' flag is provided.
../ui-core/src/components/Button/Button.stories.tsx(216,7): error TS17004: Cannot use JSX unless the '--jsx' flag is provided.
../ui-core/src/components/Button/Button.stories.tsx(217,7): error TS17004: Cannot use JSX unless the '--jsx' flag is provided.
../ui-core/src/components/Button/Button.stories.tsx(218,7): error TS17004: Cannot use JSX unless the '--jsx' flag is provided.
../ui-core/src/components/Button/Button.test.tsx(4,24): error TS6142: Module './Button' was resolved to '/home/orrox/projects/rightfit-cleaning-staging/packages/ui-core/src/components/Button/Button.tsx', but '--jsx' is not set.
../ui-core/src/components/Button/Button.test.tsx(8,12): error TS17004: Cannot use JSX unless the '--jsx' flag is provided.
../ui-core/src/components/Button/Button.test.tsx(13,12): error TS17004: Cannot use JSX unless the '--jsx' flag is provided.
../ui-core/src/components/Button/Button.test.tsx(18,33): error TS17004: Cannot use JSX unless the '--jsx' flag is provided.
../ui-core/src/components/Button/Button.test.tsx(21,14): error TS17004: Cannot use JSX unless the '--jsx' flag is provided.
../ui-core/src/components/Button/Button.test.tsx(24,14): error TS17004: Cannot use JSX unless the '--jsx' flag is provided.
../ui-core/src/components/Button/Button.test.tsx(29,33): error TS17004: Cannot use JSX unless the '--jsx' flag is provided.
../ui-core/src/components/Button/Button.test.tsx(32,14): error TS17004: Cannot use JSX unless the '--jsx' flag is provided.
../ui-core/src/components/Button/Button.test.tsx(35,14): error TS17004: Cannot use JSX unless the '--jsx' flag is provided.
../ui-core/src/components/Button/Button.test.tsx(43,12): error TS17004: Cannot use JSX unless the '--jsx' flag is provided.
../ui-core/src/components/Button/Button.test.tsx(53,12): error TS17004: Cannot use JSX unless the '--jsx' flag is provided.
../ui-core/src/components/Button/Button.test.tsx(63,12): error TS17004: Cannot use JSX unless the '--jsx' flag is provided.
../ui-core/src/components/Button/Button.test.tsx(70,12): error TS17004: Cannot use JSX unless the '--jsx' flag is provided.
../ui-core/src/components/Button/Button.test.tsx(79,12): error TS17004: Cannot use JSX unless the '--jsx' flag is provided.
../ui-core/src/components/Button/Button.test.tsx(87,12): error TS17004: Cannot use JSX unless the '--jsx' flag is provided.
../ui-core/src/components/Button/Button.test.tsx(93,7): error TS17004: Cannot use JSX unless the '--jsx' flag is provided.
../ui-core/src/components/Button/Button.test.tsx(93,25): error TS17004: Cannot use JSX unless the '--jsx' flag is provided.
../ui-core/src/components/Button/Button.test.tsx(102,7): error TS17004: Cannot use JSX unless the '--jsx' flag is provided.
../ui-core/src/components/Button/Button.test.tsx(102,26): error TS17004: Cannot use JSX unless the '--jsx' flag is provided.
../ui-core/src/components/Button/Button.test.tsx(111,7): error TS17004: Cannot use JSX unless the '--jsx' flag is provided.
../ui-core/src/components/Button/Button.test.tsx(113,19): error TS17004: Cannot use JSX unless the '--jsx' flag is provided.
../ui-core/src/components/Button/Button.test.tsx(114,20): error TS17004: Cannot use JSX unless the '--jsx' flag is provided.
../ui-core/src/components/Button/Button.test.tsx(124,12): error TS17004: Cannot use JSX unless the '--jsx' flag is provided.
../ui-core/src/components/Button/Button.test.tsx(130,12): error TS17004: Cannot use JSX unless the '--jsx' flag is provided.
../ui-core/src/components/Button/Button.test.tsx(136,7): error TS17004: Cannot use JSX unless the '--jsx' flag is provided.
../ui-core/src/components/Button/Button.test.tsx(148,12): error TS17004: Cannot use JSX unless the '--jsx' flag is provided.
../ui-core/src/components/Button/Button.test.tsx(155,12): error TS17004: Cannot use JSX unless the '--jsx' flag is provided.
../ui-core/src/components/Button/Button.tsx(86,7): error TS17004: Cannot use JSX unless the '--jsx' flag is provided.
../ui-core/src/components/Button/Button.tsx(95,11): error TS17004: Cannot use JSX unless the '--jsx' flag is provided.
../ui-core/src/components/Button/Button.tsx(96,13): error TS17004: Cannot use JSX unless the '--jsx' flag is provided.
../ui-core/src/components/Button/Button.tsx(97,15): error TS17004: Cannot use JSX unless the '--jsx' flag is provided.
../ui-core/src/components/Button/Button.tsx(109,11): error TS17004: Cannot use JSX unless the '--jsx' flag is provided.
../ui-core/src/components/Button/Button.tsx(113,9): error TS17004: Cannot use JSX unless the '--jsx' flag is provided.
../ui-core/src/components/Button/Button.tsx(115,11): error TS17004: Cannot use JSX unless the '--jsx' flag is provided.
../ui-core/src/components/Button/index.ts(6,24): error TS6142: Module './Button' was resolved to '/home/orrox/projects/rightfit-cleaning-staging/packages/ui-core/src/components/Button/Button.tsx', but '--jsx' is not set.
../ui-core/src/components/Button/index.ts(7,61): error TS6142: Module './Button' was resolved to '/home/orrox/projects/rightfit-cleaning-staging/packages/ui-core/src/components/Button/Button.tsx', but '--jsx' is not set.
../ui-core/src/components/Card/Card.stories.tsx(2,47): error TS6142: Module './Card' was resolved to '/home/orrox/projects/rightfit-cleaning-staging/packages/ui-core/src/components/Card/Card.tsx', but '--jsx' is not set.
../ui-core/src/components/Card/Card.stories.tsx(65,13): error TS17004: Cannot use JSX unless the '--jsx' flag is provided.
../ui-core/src/components/Card/Card.stories.tsx(72,13): error TS17004: Cannot use JSX unless the '--jsx' flag is provided.
../ui-core/src/components/Card/Card.stories.tsx(80,7): error TS17004: Cannot use JSX unless the '--jsx' flag is provided.
../ui-core/src/components/Card/Card.stories.tsx(82,18): error TS17004: Cannot use JSX unless the '--jsx' flag is provided.
../ui-core/src/components/Card/Card.stories.tsx(91,13): error TS17004: Cannot use JSX unless the '--jsx' flag is provided.
../ui-core/src/components/Card/Card.stories.tsx(93,7): error TS17004: Cannot use JSX unless the '--jsx' flag is provided.
../ui-core/src/components/Card/Card.stories.tsx(94,9): error TS17004: Cannot use JSX unless the '--jsx' flag is provided.
../ui-core/src/components/Card/Card.stories.tsx(97,9): error TS17004: Cannot use JSX unless the '--jsx' flag is provided.
../ui-core/src/components/Card/Card.stories.tsx(100,9): error TS17004: Cannot use JSX unless the '--jsx' flag is provided.
../ui-core/src/components/Card/Card.stories.tsx(111,13): error TS17004: Cannot use JSX unless the '--jsx' flag is provided.
../ui-core/src/components/Card/Card.stories.tsx(117,5): error TS17004: Cannot use JSX unless the '--jsx' flag is provided.
../ui-core/src/components/Card/Card.stories.tsx(118,7): error TS17004: Cannot use JSX unless the '--jsx' flag is provided.
../ui-core/src/components/Card/Card.stories.tsx(119,7): error TS17004: Cannot use JSX unless the '--jsx' flag is provided.
../ui-core/src/components/Card/Card.stories.tsx(120,7): error TS17004: Cannot use JSX unless the '--jsx' flag is provided.
../ui-core/src/components/Card/Card.stories.tsx(121,7): error TS17004: Cannot use JSX unless the '--jsx' flag is provided.
../ui-core/src/components/Card/Card.test.tsx(3,47): error TS6142: Module './Card' was resolved to '/home/orrox/projects/rightfit-cleaning-staging/packages/ui-core/src/components/Card/Card.tsx', but '--jsx' is not set.
../ui-core/src/components/Card/Card.test.tsx(7,12): error TS17004: Cannot use JSX unless the '--jsx' flag is provided.
../ui-core/src/components/Card/Card.test.tsx(12,33): error TS17004: Cannot use JSX unless the '--jsx' flag is provided.
../ui-core/src/components/Card/Card.test.tsx(13,40): error TS2339: Property 'parentElement' does not exist on type 'HTMLElement'.
../ui-core/src/components/Card/Card.test.tsx(15,14): error TS17004: Cannot use JSX unless the '--jsx' flag is provided.
../ui-core/src/components/Card/Card.test.tsx(16,40): error TS2339: Property 'parentElement' does not exist on type 'HTMLElement'.
../ui-core/src/components/Card/Card.test.tsx(20,33): error TS17004: Cannot use JSX unless the '--jsx' flag is provided.
../ui-core/src/components/Card/Card.test.tsx(21,40): error TS2339: Property 'parentElement' does not exist on type 'HTMLElement'.
../ui-core/src/components/Card/Card.test.tsx(23,14): error TS17004: Cannot use JSX unless the '--jsx' flag is provided.
../ui-core/src/components/Card/Card.test.tsx(24,40): error TS2339: Property 'parentElement' does not exist on type 'HTMLElement'.
../ui-core/src/components/Card/Card.test.tsx(28,12): error TS17004: Cannot use JSX unless the '--jsx' flag is provided.
../ui-core/src/components/Card/Card.test.tsx(29,50): error TS2339: Property 'parentElement' does not exist on type 'HTMLElement'.
../ui-core/src/components/Card/Card.test.tsx(33,12): error TS17004: Cannot use JSX unless the '--jsx' flag is provided.
../ui-core/src/components/Card/Card.test.tsx(34,51): error TS2339: Property 'parentElement' does not exist on type 'HTMLElement'.
../ui-core/src/components/Card/Card.test.tsx(38,12): error TS17004: Cannot use JSX unless the '--jsx' flag is provided.
../ui-core/src/components/Card/Card.test.tsx(38,26): error TS17004: Cannot use JSX unless the '--jsx' flag is provided.
../ui-core/src/components/Card/Card.test.tsx(43,12): error TS17004: Cannot use JSX unless the '--jsx' flag is provided.
../ui-core/src/components/Card/Card.test.tsx(43,26): error TS17004: Cannot use JSX unless the '--jsx' flag is provided.
../ui-core/src/components/Card/Card.test.tsx(50,12): error TS17004: Cannot use JSX unless the '--jsx' flag is provided.
../ui-core/src/components/Card/Card.test.tsx(55,12): error TS17004: Cannot use JSX unless the '--jsx' flag is provided.
../ui-core/src/components/Card/Card.test.tsx(60,12): error TS17004: Cannot use JSX unless the '--jsx' flag is provided.
../ui-core/src/components/Card/Card.test.tsx(60,47): error TS17004: Cannot use JSX unless the '--jsx' flag is provided.
../ui-core/src/components/Card/Card.test.tsx(67,12): error TS17004: Cannot use JSX unless the '--jsx' flag is provided.
../ui-core/src/components/Card/Card.test.tsx(72,12): error TS17004: Cannot use JSX unless the '--jsx' flag is provided.
../ui-core/src/components/Card/Card.test.tsx(77,12): error TS17004: Cannot use JSX unless the '--jsx' flag is provided.
../ui-core/src/components/Card/Card.test.tsx(78,40): error TS2339: Property 'parentElement' does not exist on type 'HTMLElement'.
../ui-core/src/components/Card/Card.tsx(77,7): error TS17004: Cannot use JSX unless the '--jsx' flag is provided.
../ui-core/src/components/Card/Card.tsx(78,20): error TS17004: Cannot use JSX unless the '--jsx' flag is provided.
../ui-core/src/components/Card/Card.tsx(79,9): error TS17004: Cannot use JSX unless the '--jsx' flag is provided.
../ui-core/src/components/Card/Card.tsx(80,20): error TS17004: Cannot use JSX unless the '--jsx' flag is provided.
../ui-core/src/components/Card/Card.tsx(122,5): error TS17004: Cannot use JSX unless the '--jsx' flag is provided.
../ui-core/src/components/Card/Card.tsx(123,7): error TS17004: Cannot use JSX unless the '--jsx' flag is provided.
../ui-core/src/components/Card/Card.tsx(124,18): error TS17004: Cannot use JSX unless the '--jsx' flag is provided.
../ui-core/src/components/Card/Card.tsx(125,9): error TS17004: Cannot use JSX unless the '--jsx' flag is provided.
../ui-core/src/components/Card/Card.tsx(126,11): error TS17004: Cannot use JSX unless the '--jsx' flag is provided.
../ui-core/src/components/Card/Card.tsx(127,24): error TS17004: Cannot use JSX unless the '--jsx' flag is provided.
../ui-core/src/components/Card/Card.tsx(130,19): error TS17004: Cannot use JSX unless the '--jsx' flag is provided.
../ui-core/src/components/Card/Card.tsx(179,5): error TS17004: Cannot use JSX unless the '--jsx' flag is provided.
../ui-core/src/components/Card/Card.tsx(180,17): error TS17004: Cannot use JSX unless the '--jsx' flag is provided.
../ui-core/src/components/Card/Card.tsx(181,7): error TS17004: Cannot use JSX unless the '--jsx' flag is provided.
../ui-core/src/components/Card/index.ts(6,47): error TS6142: Module './Card' was resolved to '/home/orrox/projects/rightfit-cleaning-staging/packages/ui-core/src/components/Card/Card.tsx', but '--jsx' is not set.
../ui-core/src/components/Card/index.ts(7,93): error TS6142: Module './Card' was resolved to '/home/orrox/projects/rightfit-cleaning-staging/packages/ui-core/src/components/Card/Card.tsx', but '--jsx' is not set.
../ui-core/src/components/Checkbox/Checkbox.tsx(38,29): error TS2339: Property 'indeterminate' does not exist on type 'HTMLInputElement'.
../ui-core/src/components/Checkbox/Checkbox.tsx(55,7): error TS17004: Cannot use JSX unless the '--jsx' flag is provided.
../ui-core/src/components/Checkbox/Checkbox.tsx(56,9): error TS17004: Cannot use JSX unless the '--jsx' flag is provided.
../ui-core/src/components/Checkbox/Checkbox.tsx(57,11): error TS17004: Cannot use JSX unless the '--jsx' flag is provided.
../ui-core/src/components/Checkbox/Checkbox.tsx(67,13): error TS17004: Cannot use JSX unless the '--jsx' flag is provided.
../ui-core/src/components/Checkbox/Checkbox.tsx(73,11): error TS17004: Cannot use JSX unless the '--jsx' flag is provided.
../ui-core/src/components/Checkbox/Checkbox.tsx(78,11): error TS17004: Cannot use JSX unless the '--jsx' flag is provided.
../ui-core/src/components/Checkbox/index.ts(1,26): error TS6142: Module './Checkbox' was resolved to '/home/orrox/projects/rightfit-cleaning-staging/packages/ui-core/src/components/Checkbox/Checkbox.tsx', but '--jsx' is not set.
../ui-core/src/components/Checkbox/index.ts(2,50): error TS6142: Module './Checkbox' was resolved to '/home/orrox/projects/rightfit-cleaning-staging/packages/ui-core/src/components/Checkbox/Checkbox.tsx', but '--jsx' is not set.
../ui-core/src/components/EmptyState/EmptyState.tsx(20,5): error TS17004: Cannot use JSX unless the '--jsx' flag is provided.
../ui-core/src/components/EmptyState/EmptyState.tsx(21,16): error TS17004: Cannot use JSX unless the '--jsx' flag is provided.
../ui-core/src/components/EmptyState/EmptyState.tsx(22,7): error TS17004: Cannot use JSX unless the '--jsx' flag is provided.
../ui-core/src/components/EmptyState/EmptyState.tsx(23,23): error TS17004: Cannot use JSX unless the '--jsx' flag is provided.
../ui-core/src/components/EmptyState/EmptyState.tsx(24,18): error TS17004: Cannot use JSX unless the '--jsx' flag is provided.
../ui-core/src/components/EmptyState/index.ts(1,28): error TS6142: Module './EmptyState' was resolved to '/home/orrox/projects/rightfit-cleaning-staging/packages/ui-core/src/components/EmptyState/EmptyState.tsx', but '--jsx' is not set.
../ui-core/src/components/EmptyState/index.ts(2,38): error TS6142: Module './EmptyState' was resolved to '/home/orrox/projects/rightfit-cleaning-staging/packages/ui-core/src/components/EmptyState/EmptyState.tsx', but '--jsx' is not set.
../ui-core/src/components/Input/Input.stories.tsx(2,23): error TS6142: Module './Input' was resolved to '/home/orrox/projects/rightfit-cleaning-staging/packages/ui-core/src/components/Input/Input.tsx', but '--jsx' is not set.
../ui-core/src/components/Input/Input.stories.tsx(80,5): error TS17004: Cannot use JSX unless the '--jsx' flag is provided.
../ui-core/src/components/Input/Input.stories.tsx(81,7): error TS17004: Cannot use JSX unless the '--jsx' flag is provided.
../ui-core/src/components/Input/Input.stories.tsx(82,7): error TS17004: Cannot use JSX unless the '--jsx' flag is provided.
../ui-core/src/components/Input/Input.stories.tsx(83,7): error TS17004: Cannot use JSX unless the '--jsx' flag is provided.
../ui-core/src/components/Input/Input.test.tsx(3,23): error TS6142: Module './Input' was resolved to '/home/orrox/projects/rightfit-cleaning-staging/packages/ui-core/src/components/Input/Input.tsx', but '--jsx' is not set.
../ui-core/src/components/Input/Input.test.tsx(7,12): error TS17004: Cannot use JSX unless the '--jsx' flag is provided.
../ui-core/src/components/Input/Input.test.tsx(12,12): error TS17004: Cannot use JSX unless the '--jsx' flag is provided.
../ui-core/src/components/Input/Input.test.tsx(17,12): error TS17004: Cannot use JSX unless the '--jsx' flag is provided.
../ui-core/src/components/Input/Input.test.tsx(22,12): error TS17004: Cannot use JSX unless the '--jsx' flag is provided.
../ui-core/src/components/Input/Input.test.tsx(27,12): error TS17004: Cannot use JSX unless the '--jsx' flag is provided.
../ui-core/src/components/Input/Input.tsx(112,7): error TS17004: Cannot use JSX unless the '--jsx' flag is provided.
../ui-core/src/components/Input/Input.tsx(114,11): error TS17004: Cannot use JSX unless the '--jsx' flag is provided.
../ui-core/src/components/Input/Input.tsx(117,15): error TS17004: Cannot use JSX unless the '--jsx' flag is provided.
../ui-core/src/components/Input/Input.tsx(124,9): error TS17004: Cannot use JSX unless the '--jsx' flag is provided.
../ui-core/src/components/Input/Input.tsx(125,24): error TS17004: Cannot use JSX unless the '--jsx' flag is provided.
../ui-core/src/components/Input/Input.tsx(126,22): error TS17004: Cannot use JSX unless the '--jsx' flag is provided.
../ui-core/src/components/Input/Input.tsx(128,11): error TS17004: Cannot use JSX unless the '--jsx' flag is provided.
../ui-core/src/components/Input/Input.tsx(141,22): error TS17004: Cannot use JSX unless the '--jsx' flag is provided.
../ui-core/src/components/Input/Input.tsx(142,25): error TS17004: Cannot use JSX unless the '--jsx' flag is provided.
../ui-core/src/components/Input/Input.tsx(146,11): error TS17004: Cannot use JSX unless the '--jsx' flag is provided.
../ui-core/src/components/Input/Input.tsx(152,11): error TS17004: Cannot use JSX unless the '--jsx' flag is provided.
../ui-core/src/components/Input/index.ts(1,23): error TS6142: Module './Input' was resolved to '/home/orrox/projects/rightfit-cleaning-staging/packages/ui-core/src/components/Input/Input.tsx', but '--jsx' is not set.
../ui-core/src/components/Input/index.ts(2,58): error TS6142: Module './Input' was resolved to '/home/orrox/projects/rightfit-cleaning-staging/packages/ui-core/src/components/Input/Input.tsx', but '--jsx' is not set.
../ui-core/src/components/Modal/Modal.tsx(38,13): error TS2339: Property 'key' does not exist on type 'KeyboardEvent'.
../ui-core/src/components/Modal/Modal.tsx(43,5): error TS2584: Cannot find name 'document'. Do you need to change your target library? Try changing the 'lib' compiler option to include 'dom'.
../ui-core/src/components/Modal/Modal.tsx(44,18): error TS2584: Cannot find name 'document'. Do you need to change your target library? Try changing the 'lib' compiler option to include 'dom'.
../ui-core/src/components/Modal/Modal.tsx(50,7): error TS2584: Cannot find name 'document'. Do you need to change your target library? Try changing the 'lib' compiler option to include 'dom'.
../ui-core/src/components/Modal/Modal.tsx(52,7): error TS2584: Cannot find name 'document'. Do you need to change your target library? Try changing the 'lib' compiler option to include 'dom'.
../ui-core/src/components/Modal/Modal.tsx(55,7): error TS2584: Cannot find name 'document'. Do you need to change your target library? Try changing the 'lib' compiler option to include 'dom'.
../ui-core/src/components/Modal/Modal.tsx(66,37): error TS2339: Property 'querySelectorAll' does not exist on type 'HTMLDivElement'.
../ui-core/src/components/Modal/Modal.tsx(73,13): error TS2339: Property 'key' does not exist on type 'KeyboardEvent'.
../ui-core/src/components/Modal/Modal.tsx(75,13): error TS2339: Property 'shiftKey' does not exist on type 'KeyboardEvent'.
../ui-core/src/components/Modal/Modal.tsx(76,13): error TS2584: Cannot find name 'document'. Do you need to change your target library? Try changing the 'lib' compiler option to include 'dom'.
../ui-core/src/components/Modal/Modal.tsx(81,13): error TS2584: Cannot find name 'document'. Do you need to change your target library? Try changing the 'lib' compiler option to include 'dom'.
../ui-core/src/components/Modal/Modal.tsx(88,11): error TS2339: Property 'addEventListener' does not exist on type 'HTMLDivElement'.
../ui-core/src/components/Modal/Modal.tsx(88,52): error TS2304: Cannot find name 'EventListener'.
../ui-core/src/components/Modal/Modal.tsx(92,13): error TS2339: Property 'removeEventListener' does not exist on type 'HTMLDivElement'.
../ui-core/src/components/Modal/Modal.tsx(92,57): error TS2304: Cannot find name 'EventListener'.
../ui-core/src/components/Modal/Modal.tsx(111,5): error TS17004: Cannot use JSX unless the '--jsx' flag is provided.
../ui-core/src/components/Modal/Modal.tsx(112,7): error TS17004: Cannot use JSX unless the '--jsx' flag is provided.
../ui-core/src/components/Modal/Modal.tsx(114,11): error TS17004: Cannot use JSX unless the '--jsx' flag is provided.
../ui-core/src/components/Modal/Modal.tsx(115,23): error TS17004: Cannot use JSX unless the '--jsx' flag is provided.
../ui-core/src/components/Modal/Modal.tsx(117,15): error TS17004: Cannot use JSX unless the '--jsx' flag is provided.
../ui-core/src/components/Modal/Modal.tsx(128,9): error TS17004: Cannot use JSX unless the '--jsx' flag is provided.
../ui-core/src/components/Modal/Modal.tsx(129,20): error TS17004: Cannot use JSX unless the '--jsx' flag is provided.
../ui-core/src/components/Modal/index.ts(1,23): error TS6142: Module './Modal' was resolved to '/home/orrox/projects/rightfit-cleaning-staging/packages/ui-core/src/components/Modal/Modal.tsx', but '--jsx' is not set.
../ui-core/src/components/Modal/index.ts(2,44): error TS6142: Module './Modal' was resolved to '/home/orrox/projects/rightfit-cleaning-staging/packages/ui-core/src/components/Modal/Modal.tsx', but '--jsx' is not set.
../ui-core/src/components/Radio/Radio.tsx(42,7): error TS17004: Cannot use JSX unless the '--jsx' flag is provided.
../ui-core/src/components/Radio/Radio.tsx(43,9): error TS17004: Cannot use JSX unless the '--jsx' flag is provided.
../ui-core/src/components/Radio/Radio.tsx(44,11): error TS17004: Cannot use JSX unless the '--jsx' flag is provided.
../ui-core/src/components/Radio/Radio.tsx(54,13): error TS17004: Cannot use JSX unless the '--jsx' flag is provided.
../ui-core/src/components/Radio/Radio.tsx(60,11): error TS17004: Cannot use JSX unless the '--jsx' flag is provided.
../ui-core/src/components/Radio/Radio.tsx(65,11): error TS17004: Cannot use JSX unless the '--jsx' flag is provided.
../ui-core/src/components/Radio/index.ts(1,23): error TS6142: Module './Radio' was resolved to '/home/orrox/projects/rightfit-cleaning-staging/packages/ui-core/src/components/Radio/Radio.tsx', but '--jsx' is not set.
../ui-core/src/components/Radio/index.ts(2,44): error TS6142: Module './Radio' was resolved to '/home/orrox/projects/rightfit-cleaning-staging/packages/ui-core/src/components/Radio/Radio.tsx', but '--jsx' is not set.
../ui-core/src/components/Select/Select.tsx(53,7): error TS17004: Cannot use JSX unless the '--jsx' flag is provided.
../ui-core/src/components/Select/Select.tsx(55,11): error TS17004: Cannot use JSX unless the '--jsx' flag is provided.
../ui-core/src/components/Select/Select.tsx(59,9): error TS17004: Cannot use JSX unless the '--jsx' flag is provided.
../ui-core/src/components/Select/Select.tsx(60,11): error TS17004: Cannot use JSX unless the '--jsx' flag is provided.
../ui-core/src/components/Select/Select.tsx(69,15): error TS17004: Cannot use JSX unless the '--jsx' flag is provided.
../ui-core/src/components/Select/Select.tsx(74,11): error TS17004: Cannot use JSX unless the '--jsx' flag is provided.
../ui-core/src/components/Select/Select.tsx(79,11): error TS17004: Cannot use JSX unless the '--jsx' flag is provided.
../ui-core/src/components/Select/Select.tsx(84,11): error TS17004: Cannot use JSX unless the '--jsx' flag is provided.
../ui-core/src/components/Select/index.ts(1,24): error TS6142: Module './Select' was resolved to '/home/orrox/projects/rightfit-cleaning-staging/packages/ui-core/src/components/Select/Select.tsx', but '--jsx' is not set.
../ui-core/src/components/Select/index.ts(2,60): error TS6142: Module './Select' was resolved to '/home/orrox/projects/rightfit-cleaning-staging/packages/ui-core/src/components/Select/Select.tsx', but '--jsx' is not set.
../ui-core/src/components/Spinner/Spinner.tsx(27,5): error TS17004: Cannot use JSX unless the '--jsx' flag is provided.
../ui-core/src/components/Spinner/Spinner.tsx(28,7): error TS17004: Cannot use JSX unless the '--jsx' flag is provided.
../ui-core/src/components/Spinner/index.ts(1,25): error TS6142: Module './Spinner' was resolved to '/home/orrox/projects/rightfit-cleaning-staging/packages/ui-core/src/components/Spinner/Spinner.tsx', but '--jsx' is not set.
../ui-core/src/components/Spinner/index.ts(2,48): error TS6142: Module './Spinner' was resolved to '/home/orrox/projects/rightfit-cleaning-staging/packages/ui-core/src/components/Spinner/Spinner.tsx', but '--jsx' is not set.
../ui-core/src/components/Textarea/Textarea.tsx(47,7): error TS17004: Cannot use JSX unless the '--jsx' flag is provided.
../ui-core/src/components/Textarea/Textarea.tsx(49,11): error TS17004: Cannot use JSX unless the '--jsx' flag is provided.
../ui-core/src/components/Textarea/Textarea.tsx(53,9): error TS17004: Cannot use JSX unless the '--jsx' flag is provided.
../ui-core/src/components/Textarea/Textarea.tsx(62,11): error TS17004: Cannot use JSX unless the '--jsx' flag is provided.
../ui-core/src/components/Textarea/Textarea.tsx(67,11): error TS17004: Cannot use JSX unless the '--jsx' flag is provided.
../ui-core/src/components/Textarea/index.ts(1,26): error TS6142: Module './Textarea' was resolved to '/home/orrox/projects/rightfit-cleaning-staging/packages/ui-core/src/components/Textarea/Textarea.tsx', but '--jsx' is not set.
../ui-core/src/components/Textarea/index.ts(2,50): error TS6142: Module './Textarea' was resolved to '/home/orrox/projects/rightfit-cleaning-staging/packages/ui-core/src/components/Textarea/Textarea.tsx', but '--jsx' is not set.
../ui-core/src/components/Toast/Toast.tsx(59,5): error TS17004: Cannot use JSX unless the '--jsx' flag is provided.
../ui-core/src/components/Toast/Toast.tsx(60,7): error TS17004: Cannot use JSX unless the '--jsx' flag is provided.
../ui-core/src/components/Toast/Toast.tsx(61,7): error TS17004: Cannot use JSX unless the '--jsx' flag is provided.
../ui-core/src/components/Toast/Toast.tsx(62,19): error TS17004: Cannot use JSX unless the '--jsx' flag is provided.
../ui-core/src/components/Toast/Toast.tsx(63,9): error TS17004: Cannot use JSX unless the '--jsx' flag is provided.
../ui-core/src/components/Toast/Toast.tsx(66,9): error TS17004: Cannot use JSX unless the '--jsx' flag is provided.
../ui-core/src/components/Toast/Toast.tsx(84,5): error TS17004: Cannot use JSX unless the '--jsx' flag is provided.
../ui-core/src/components/Toast/index.ts(1,39): error TS6142: Module './Toast' was resolved to '/home/orrox/projects/rightfit-cleaning-staging/packages/ui-core/src/components/Toast/Toast.tsx', but '--jsx' is not set.
../ui-core/src/components/Toast/index.ts(2,83): error TS6142: Module './Toast' was resolved to '/home/orrox/projects/rightfit-cleaning-staging/packages/ui-core/src/components/Toast/Toast.tsx', but '--jsx' is not set.
../ui-core/vite.config.ts(6,13): error TS2769: No overload matches this call.
  The last overload gave the following error.
    Type 'Plugin_2[]' is not assignable to type 'PluginOption'.
      Type 'Plugin_2[]' is not assignable to type 'PluginOption[]'.
        Type 'Plugin_2' is not assignable to type 'PluginOption'.
          Type 'Plugin_2' is not assignable to type 'Plugin<any>'.
            Types of property 'apply' are incompatible.
              Type '"serve" | "build" | ((this: void, config: import("/home/orrox/projects/rightfit-cleaning-staging/node_modules/vite/dist/node/index").UserConfig, env: import("/home/orrox/projects/rightfit-cleaning-staging/node_modules/vite/dist/node/index").ConfigEnv) => boolean) | undefined' is not assignable to type '"serve" | "build" | ((this: void, config: import("/home/orrox/projects/rightfit-cleaning-staging/apps/web-cleaning/node_modules/vite/dist/node/index").UserConfig, env: import("/home/orrox/projects/rightfit-cleaning-staging/apps/web-cleaning/node_modules/vite/dist/node/index").ConfigEnv) => boolean) | undefined'.
                Type '(this: void, config: UserConfig, env: ConfigEnv) => boolean' is not assignable to type '"serve" | "build" | ((this: void, config: UserConfig, env: ConfigEnv) => boolean) | undefined'.
                  Type '(this: void, config: import("/home/orrox/projects/rightfit-cleaning-staging/node_modules/vite/dist/node/index").UserConfig, env: import("/home/orrox/projects/rightfit-cleaning-staging/node_modules/vite/dist/node/index").ConfigEnv) => boolean' is not assignable to type '(this: void, config: import("/home/orrox/projects/rightfit-cleaning-staging/apps/web-cleaning/node_modules/vite/dist/node/index").UserConfig, env: import("/home/orrox/projects/rightfit-cleaning-staging/apps/web-cleaning/node_modules/vite/dist/node/index").ConfigEnv) => boolean'.
                    Types of parameters 'config' and 'config' are incompatible.
                      Type 'import("/home/orrox/projects/rightfit-cleaning-staging/apps/web-cleaning/node_modules/vite/dist/node/index").UserConfig' is not assignable to type 'import("/home/orrox/projects/rightfit-cleaning-staging/node_modules/vite/dist/node/index").UserConfig'.
                        Types of property 'plugins' are incompatible.
                          Type 'import("/home/orrox/projects/rightfit-cleaning-staging/apps/web-cleaning/node_modules/vite/dist/node/index").PluginOption[] | undefined' is not assignable to type 'import("/home/orrox/projects/rightfit-cleaning-staging/node_modules/vite/dist/node/index").PluginOption[] | undefined'.
                            Type 'import("/home/orrox/projects/rightfit-cleaning-staging/apps/web-cleaning/node_modules/vite/dist/node/index").PluginOption[]' is not assignable to type 'import("/home/orrox/projects/rightfit-cleaning-staging/node_modules/vite/dist/node/index").PluginOption[]'.
                              Type 'import("/home/orrox/projects/rightfit-cleaning-staging/apps/web-cleaning/node_modules/vite/dist/node/index").PluginOption' is not assignable to type 'import("/home/orrox/projects/rightfit-cleaning-staging/node_modules/vite/dist/node/index").PluginOption'.
                                Type 'Plugin<any>' is not assignable to type 'PluginOption'.
                                  Type 'Plugin<any>' is not assignable to type 'Plugin_2'.
                                    Types of property 'apply' are incompatible.
                                      Type '"serve" | "build" | ((this: void, config: import("/home/orrox/projects/rightfit-cleaning-staging/apps/web-cleaning/node_modules/vite/dist/node/index").UserConfig, env: import("/home/orrox/projects/rightfit-cleaning-staging/apps/web-cleaning/node_modules/vite/dist/node/index").ConfigEnv) => boolean) | undefined' is not assignable to type '"serve" | "build" | ((this: void, config: import("/home/orrox/projects/rightfit-cleaning-staging/node_modules/vite/dist/node/index").UserConfig, env: import("/home/orrox/projects/rightfit-cleaning-staging/node_modules/vite/dist/node/index").ConfigEnv) => boolean) | undefined'.
                                        Type '(this: void, config: UserConfig, env: ConfigEnv) => boolean' is not assignable to type '"serve" | "build" | ((this: void, config: UserConfig, env: ConfigEnv) => boolean) | undefined'.
                                          Type '(this: void, config: import("/home/orrox/projects/rightfit-cleaning-staging/apps/web-cleaning/node_modules/vite/dist/node/index").UserConfig, env: import("/home/orrox/projects/rightfit-cleaning-staging/apps/web-cleaning/node_modules/vite/dist/node/index").ConfigEnv) => boolean' is not assignable to type '(this: void, config: import("/home/orrox/projects/rightfit-cleaning-staging/node_modules/vite/dist/node/index").UserConfig, env: import("/home/orrox/projects/rightfit-cleaning-staging/node_modules/vite/dist/node/index").ConfigEnv) => boolean'.
                                            Types of parameters 'config' and 'config' are incompatible.
                                              Type 'import("/home/orrox/projects/rightfit-cleaning-staging/node_modules/vite/dist/node/index").UserConfig' is not assignable to type 'import("/home/orrox/projects/rightfit-cleaning-staging/apps/web-cleaning/node_modules/vite/dist/node/index").UserConfig'.
                                                Types of property 'plugins' are incompatible.
                                                  Type 'import("/home/orrox/projects/rightfit-cleaning-staging/node_modules/vite/dist/node/index").PluginOption[] | undefined' is not assignable to type 'import("/home/orrox/projects/rightfit-cleaning-staging/apps/web-cleaning/node_modules/vite/dist/node/index").PluginOption[] | undefined'.
                                                    Type 'import("/home/orrox/projects/rightfit-cleaning-staging/node_modules/vite/dist/node/index").PluginOption[]' is not assignable to type 'import("/home/orrox/projects/rightfit-cleaning-staging/apps/web-cleaning/node_modules/vite/dist/node/index").PluginOption[]'.
                                                      Type 'import("/home/orrox/projects/rightfit-cleaning-staging/node_modules/vite/dist/node/index").PluginOption' is not assignable to type 'import("/home/orrox/projects/rightfit-cleaning-staging/apps/web-cleaning/node_modules/vite/dist/node/index").PluginOption'.
                                                        Type 'Promise<false | Plugin_2 | PluginOption[] | null | undefined>' is not assignable to type 'PluginOption'.
                                                          Type 'Promise<false | Plugin_2 | PluginOption[] | null | undefined>' is not assignable to type 'Promise<false | Plugin<any> | PluginOption[] | null | undefined>'.
                                                            Type 'false | Plugin_2 | PluginOption[] | null | undefined' is not assignable to type 'false | Plugin<any> | PluginOption[] | null | undefined'.
                                                              Type 'Plugin_2' is not assignable to type 'false | Plugin<any> | PluginOption[] | null | undefined'.
../ui-core/vitest.config.ts(6,13): error TS2769: No overload matches this call.
  The last overload gave the following error.
    Type 'Plugin_2[]' is not assignable to type 'PluginOption'.
      Type 'Plugin_2[]' is not assignable to type 'PluginOption[]'.
        Type 'Plugin_2' is not assignable to type 'PluginOption'.
          Type 'Plugin_2' is not assignable to type 'Plugin<any>'.
            Types of property 'apply' are incompatible.
              Type '"serve" | "build" | ((this: void, config: import("/home/orrox/projects/rightfit-cleaning-staging/node_modules/vite/dist/node/index").UserConfig, env: import("/home/orrox/projects/rightfit-cleaning-staging/node_modules/vite/dist/node/index").ConfigEnv) => boolean) | undefined' is not assignable to type '"serve" | "build" | ((this: void, config: import("/home/orrox/projects/rightfit-cleaning-staging/apps/web-cleaning/node_modules/vite/dist/node/index").UserConfig, env: import("/home/orrox/projects/rightfit-cleaning-staging/apps/web-cleaning/node_modules/vite/dist/node/index").ConfigEnv) => boolean) | undefined'.
                Type '(this: void, config: UserConfig, env: ConfigEnv) => boolean' is not assignable to type '"serve" | "build" | ((this: void, config: UserConfig, env: ConfigEnv) => boolean) | undefined'.
                  Type '(this: void, config: import("/home/orrox/projects/rightfit-cleaning-staging/node_modules/vite/dist/node/index").UserConfig, env: import("/home/orrox/projects/rightfit-cleaning-staging/node_modules/vite/dist/node/index").ConfigEnv) => boolean' is not assignable to type '(this: void, config: import("/home/orrox/projects/rightfit-cleaning-staging/apps/web-cleaning/node_modules/vite/dist/node/index").UserConfig, env: import("/home/orrox/projects/rightfit-cleaning-staging/apps/web-cleaning/node_modules/vite/dist/node/index").ConfigEnv) => boolean'.
                    Types of parameters 'config' and 'config' are incompatible.
                      Type 'import("/home/orrox/projects/rightfit-cleaning-staging/apps/web-cleaning/node_modules/vite/dist/node/index").UserConfig' is not assignable to type 'import("/home/orrox/projects/rightfit-cleaning-staging/node_modules/vite/dist/node/index").UserConfig'.
                        Types of property 'plugins' are incompatible.
                          Type 'import("/home/orrox/projects/rightfit-cleaning-staging/apps/web-cleaning/node_modules/vite/dist/node/index").PluginOption[] | undefined' is not assignable to type 'import("/home/orrox/projects/rightfit-cleaning-staging/node_modules/vite/dist/node/index").PluginOption[] | undefined'.
                            Type 'import("/home/orrox/projects/rightfit-cleaning-staging/apps/web-cleaning/node_modules/vite/dist/node/index").PluginOption[]' is not assignable to type 'import("/home/orrox/projects/rightfit-cleaning-staging/node_modules/vite/dist/node/index").PluginOption[]'.
                              Type 'import("/home/orrox/projects/rightfit-cleaning-staging/apps/web-cleaning/node_modules/vite/dist/node/index").PluginOption' is not assignable to type 'import("/home/orrox/projects/rightfit-cleaning-staging/node_modules/vite/dist/node/index").PluginOption'.
                                Type 'Plugin<any>' is not assignable to type 'PluginOption'.
                                  Type 'Plugin<any>' is not assignable to type 'Plugin_2'.
                                    Types of property 'apply' are incompatible.
                                      Type '"serve" | "build" | ((this: void, config: import("/home/orrox/projects/rightfit-cleaning-staging/apps/web-cleaning/node_modules/vite/dist/node/index").UserConfig, env: import("/home/orrox/projects/rightfit-cleaning-staging/apps/web-cleaning/node_modules/vite/dist/node/index").ConfigEnv) => boolean) | undefined' is not assignable to type '"serve" | "build" | ((this: void, config: import("/home/orrox/projects/rightfit-cleaning-staging/node_modules/vite/dist/node/index").UserConfig, env: import("/home/orrox/projects/rightfit-cleaning-staging/node_modules/vite/dist/node/index").ConfigEnv) => boolean) | undefined'.
                                        Type '(this: void, config: UserConfig, env: ConfigEnv) => boolean' is not assignable to type '"serve" | "build" | ((this: void, config: UserConfig, env: ConfigEnv) => boolean) | undefined'.
                                          Type '(this: void, config: import("/home/orrox/projects/rightfit-cleaning-staging/apps/web-cleaning/node_modules/vite/dist/node/index").UserConfig, env: import("/home/orrox/projects/rightfit-cleaning-staging/apps/web-cleaning/node_modules/vite/dist/node/index").ConfigEnv) => boolean' is not assignable to type '(this: void, config: import("/home/orrox/projects/rightfit-cleaning-staging/node_modules/vite/dist/node/index").UserConfig, env: import("/home/orrox/projects/rightfit-cleaning-staging/node_modules/vite/dist/node/index").ConfigEnv) => boolean'.
                                            Types of parameters 'config' and 'config' are incompatible.
                                              Type 'import("/home/orrox/projects/rightfit-cleaning-staging/node_modules/vite/dist/node/index").UserConfig' is not assignable to type 'import("/home/orrox/projects/rightfit-cleaning-staging/apps/web-cleaning/node_modules/vite/dist/node/index").UserConfig'.
                                                Types of property 'plugins' are incompatible.
                                                  Type 'import("/home/orrox/projects/rightfit-cleaning-staging/node_modules/vite/dist/node/index").PluginOption[] | undefined' is not assignable to type 'import("/home/orrox/projects/rightfit-cleaning-staging/apps/web-cleaning/node_modules/vite/dist/node/index").PluginOption[] | undefined'.
                                                    Type 'import("/home/orrox/projects/rightfit-cleaning-staging/node_modules/vite/dist/node/index").PluginOption[]' is not assignable to type 'import("/home/orrox/projects/rightfit-cleaning-staging/apps/web-cleaning/node_modules/vite/dist/node/index").PluginOption[]'.
                                                      Type 'import("/home/orrox/projects/rightfit-cleaning-staging/node_modules/vite/dist/node/index").PluginOption' is not assignable to type 'import("/home/orrox/projects/rightfit-cleaning-staging/apps/web-cleaning/node_modules/vite/dist/node/index").PluginOption'.
                                                        Type 'Promise<false | Plugin_2 | PluginOption[] | null | undefined>' is not assignable to type 'PluginOption'.
                                                          Type 'Promise<false | Plugin_2 | PluginOption[] | null | undefined>' is not assignable to type 'Promise<false | Plugin<any> | PluginOption[] | null | undefined>'.
                                                            Type 'false | Plugin_2 | PluginOption[] | null | undefined' is not assignable to type 'false | Plugin<any> | PluginOption[] | null | undefined'.
                                                              Type 'Plugin_2' is not assignable to type 'false | Plugin<any> | PluginOption[] | null | undefined'.
